[0.449s] Invoking command in '/workspace/A1Z/ros2_ws/src/a1z_d405': PYTHONPATH=/workspace/A1Z/ros2_ws/build/a1z_d405/prefix_override:/usr/lib/python3/dist-packages/colcon_core/task/python/colcon_distutils_commands:/workspace/A1Z/ros2_ws/install/a1z_d405/lib/python3.10/site-packages:${PYTHONPATH} /usr/bin/python3 -W ignore:setup.py install is deprecated -W ignore:easy_install command is deprecated setup.py egg_info --egg-base ../../build/a1z_d405 build --build-base /workspace/A1Z/ros2_ws/build/a1z_d405/build install --record /workspace/A1Z/ros2_ws/build/a1z_d405/install.log --single-version-externally-managed install_data
[0.531s] running egg_info
[0.531s] writing ../../build/a1z_d405/a1z_d405.egg-info/PKG-INFO
[0.532s] writing dependency_links to ../../build/a1z_d405/a1z_d405.egg-info/dependency_links.txt
[0.532s] writing entry points to ../../build/a1z_d405/a1z_d405.egg-info/entry_points.txt
[0.532s] writing requirements to ../../build/a1z_d405/a1z_d405.egg-info/requires.txt
[0.532s] writing top-level names to ../../build/a1z_d405/a1z_d405.egg-info/top_level.txt
[0.533s] reading manifest file '../../build/a1z_d405/a1z_d405.egg-info/SOURCES.txt'
[0.534s] writing manifest file '../../build/a1z_d405/a1z_d405.egg-info/SOURCES.txt'
[0.534s] running build
[0.534s] running build_py
[0.534s] running install
[0.535s] running install_lib
[0.536s] running install_data
[0.536s] running install_egg_info
[0.537s] removing '/workspace/A1Z/ros2_ws/install/a1z_d405/lib/python3.10/site-packages/a1z_d405-0.1.0-py3.10.egg-info' (and everything under it)
[0.537s] Copying ../../build/a1z_d405/a1z_d405.egg-info to /workspace/A1Z/ros2_ws/install/a1z_d405/lib/python3.10/site-packages/a1z_d405-0.1.0-py3.10.egg-info
[0.537s] running install_scripts
[0.562s] Installing d405_bridge script to /workspace/A1Z/ros2_ws/install/a1z_d405/lib/a1z_d405
[0.564s] writing list of installed files to '/workspace/A1Z/ros2_ws/build/a1z_d405/install.log'
[0.611s] Invoked command in '/workspace/A1Z/ros2_ws/src/a1z_d405' returned '0': PYTHONPATH=/workspace/A1Z/ros2_ws/build/a1z_d405/prefix_override:/usr/lib/python3/dist-packages/colcon_core/task/python/colcon_distutils_commands:/workspace/A1Z/ros2_ws/install/a1z_d405/lib/python3.10/site-packages:${PYTHONPATH} /usr/bin/python3 -W ignore:setup.py install is deprecated -W ignore:easy_install command is deprecated setup.py egg_info --egg-base ../../build/a1z_d405 build --build-base /workspace/A1Z/ros2_ws/build/a1z_d405/build install --record /workspace/A1Z/ros2_ws/build/a1z_d405/install.log --single-version-externally-managed install_data
