[0.000000] (-) TimerEvent: {}
[0.000139] (a1z_msgs) JobQueued: {'identifier': 'a1z_msgs', 'dependencies': OrderedDict()}
[0.000163] (a1z_motion) JobQueued: {'identifier': 'a1z_motion', 'dependencies': OrderedDict([('a1z_msgs', '/workspace/A1Z/ros2_ws/install/a1z_msgs')])}
[0.000385] (a1z_msgs) JobStarted: {'identifier': 'a1z_msgs'}
[0.004734] (a1z_msgs) JobProgress: {'identifier': 'a1z_msgs', 'progress': 'cmake'}
[0.005031] (a1z_msgs) JobProgress: {'identifier': 'a1z_msgs', 'progress': 'build'}
[0.005338] (a1z_msgs) Command: {'cmd': ['/usr/bin/cmake', '--build', '/workspace/A1Z/ros2_ws/build/a1z_msgs', '--', '-j24', '-l24'], 'cwd': '/workspace/A1Z/ros2_ws/build/a1z_msgs', 'env': OrderedDict([('A1Z_TCP_PORT', '18080'), ('HOSTNAME', 'th1rt3en-lab'), ('SHLVL', '1'), ('LD_LIBRARY_PATH', '/opt/ros/humble/lib/x86_64-linux-gnu:/opt/ros/humble/lib'), ('HOME', '/root'), ('OLDPWD', '/workspace/A1Z/ros2_ws'), ('ROS_PYTHON_VERSION', '3'), ('A1Z_SDK_DIR', '/workspace/A1Z/vendor/GALAXEA-A1Z'), ('ROS_DISTRO', 'humble'), ('_', '/usr/bin/colcon'), ('ROS_VERSION', '2'), ('ROS_LOCALHOST_ONLY', '0'), ('PATH', '/opt/ros/humble/bin:/usr/local/sbin:/usr/local/bin:/usr/sbin:/usr/bin:/sbin:/bin'), ('A1Z_CONTROL_URDF', '/workspace/A1Z/build/robot_packages/A1Z_G1Z/urdf/A1Z_G1Z_control.urdf'), ('LANG', 'C.UTF-8'), ('AMENT_PREFIX_PATH', '/opt/ros/humble'), ('DEBIAN_FRONTEND', 'noninteractive'), ('PWD', '/workspace/A1Z/ros2_ws/build/a1z_msgs'), ('A1Z_TCP_HOST', '0.0.0.0'), ('LC_ALL', 'C.UTF-8'), ('PYTHONPATH', '/opt/ros/humble/lib/python3.10/site-packages:/opt/ros/humble/local/lib/python3.10/dist-packages'), ('COLCON', '1'), ('CMAKE_PREFIX_PATH', '/opt/ros/humble')]), 'shell': False}
[0.038270] (a1z_msgs) StdoutLine: {'line': b'[  6%] Built target a1z_msgs__cpp\n'}
[0.038410] (a1z_msgs) StdoutLine: {'line': b'[  6%] Built target a1z_msgs__rs\n'}
[0.038817] (a1z_msgs) StdoutLine: {'line': b'[ 15%] Built target a1z_msgs__rosidl_generator_c\n'}
[0.044196] (a1z_msgs) StdoutLine: {'line': b'[ 15%] Built target ament_cmake_python_copy_a1z_msgs\n'}
[0.051335] (a1z_msgs) StdoutLine: {'line': b'[ 25%] Built target a1z_msgs__rosidl_typesupport_introspection_c\n'}
[0.051811] (a1z_msgs) StdoutLine: {'line': b'[ 43%] Built target a1z_msgs__rosidl_typesupport_introspection_cpp\n'}
[0.051882] (a1z_msgs) StdoutLine: {'line': b'[ 43%] Built target a1z_msgs__rosidl_typesupport_cpp\n'}
[0.052281] (a1z_msgs) StdoutLine: {'line': b'[ 68%] Built target a1z_msgs__rosidl_typesupport_c\n'}
[0.052343] (a1z_msgs) StdoutLine: {'line': b'[ 71%] Built target a1z_msgs__rosidl_typesupport_fastrtps_cpp\n'}
[0.052372] (a1z_msgs) StdoutLine: {'line': b'[ 71%] Built target a1z_msgs__rosidl_typesupport_fastrtps_c\n'}
[0.064687] (a1z_msgs) StdoutLine: {'line': b'[ 71%] Built target a1z_msgs\n'}
[0.077355] (a1z_msgs) StdoutLine: {'line': b'[ 75%] Built target a1z_msgs__py\n'}
[0.093190] (a1z_msgs) StdoutLine: {'line': b'[ 81%] Built target a1z_msgs__rosidl_generator_py\n'}
[0.099716] (-) TimerEvent: {}
[0.107509] (a1z_msgs) StdoutLine: {'line': b'[100%] Built target a1z_msgs__rosidl_typesupport_c__pyext\n'}
[0.107652] (a1z_msgs) StdoutLine: {'line': b'[100%] Built target a1z_msgs__rosidl_typesupport_introspection_c__pyext\n'}
[0.107691] (a1z_msgs) StdoutLine: {'line': b'[100%] Built target a1z_msgs__rosidl_typesupport_fastrtps_c__pyext\n'}
[0.136560] (a1z_msgs) StdoutLine: {'line': b'running egg_info\n'}
[0.136751] (a1z_msgs) StdoutLine: {'line': b'writing a1z_msgs.egg-info/PKG-INFO\n'}
[0.136819] (a1z_msgs) StdoutLine: {'line': b'writing dependency_links to a1z_msgs.egg-info/dependency_links.txt\n'}
[0.136874] (a1z_msgs) StdoutLine: {'line': b'writing top-level names to a1z_msgs.egg-info/top_level.txt\n'}
[0.137978] (a1z_msgs) StdoutLine: {'line': b"reading manifest file 'a1z_msgs.egg-info/SOURCES.txt'\n"}
[0.138037] (a1z_msgs) StdoutLine: {'line': b"writing manifest file 'a1z_msgs.egg-info/SOURCES.txt'\n"}
[0.152386] (a1z_msgs) StdoutLine: {'line': b'[100%] Built target ament_cmake_python_build_a1z_msgs_egg\n'}
[0.160519] (a1z_msgs) CommandEnded: {'returncode': 0}
[0.160885] (a1z_msgs) JobProgress: {'identifier': 'a1z_msgs', 'progress': 'install'}
[0.166205] (a1z_msgs) Command: {'cmd': ['/usr/bin/cmake', '--install', '/workspace/A1Z/ros2_ws/build/a1z_msgs'], 'cwd': '/workspace/A1Z/ros2_ws/build/a1z_msgs', 'env': OrderedDict([('A1Z_TCP_PORT', '18080'), ('HOSTNAME', 'th1rt3en-lab'), ('SHLVL', '1'), ('LD_LIBRARY_PATH', '/opt/ros/humble/lib/x86_64-linux-gnu:/opt/ros/humble/lib'), ('HOME', '/root'), ('OLDPWD', '/workspace/A1Z/ros2_ws'), ('ROS_PYTHON_VERSION', '3'), ('A1Z_SDK_DIR', '/workspace/A1Z/vendor/GALAXEA-A1Z'), ('ROS_DISTRO', 'humble'), ('_', '/usr/bin/colcon'), ('ROS_VERSION', '2'), ('ROS_LOCALHOST_ONLY', '0'), ('PATH', '/opt/ros/humble/bin:/usr/local/sbin:/usr/local/bin:/usr/sbin:/usr/bin:/sbin:/bin'), ('A1Z_CONTROL_URDF', '/workspace/A1Z/build/robot_packages/A1Z_G1Z/urdf/A1Z_G1Z_control.urdf'), ('LANG', 'C.UTF-8'), ('AMENT_PREFIX_PATH', '/opt/ros/humble'), ('DEBIAN_FRONTEND', 'noninteractive'), ('PWD', '/workspace/A1Z/ros2_ws/build/a1z_msgs'), ('A1Z_TCP_HOST', '0.0.0.0'), ('LC_ALL', 'C.UTF-8'), ('PYTHONPATH', '/opt/ros/humble/lib/python3.10/site-packages:/opt/ros/humble/local/lib/python3.10/dist-packages'), ('COLCON', '1'), ('CMAKE_PREFIX_PATH', '/opt/ros/humble')]), 'shell': False}
[0.172143] (a1z_msgs) StdoutLine: {'line': b'-- Install configuration: ""\n'}
[0.172381] (a1z_msgs) StdoutLine: {'line': b'-- Up-to-date: /workspace/A1Z/ros2_ws/install/a1z_msgs/share/ament_index/resource_index/rosidl_interfaces/a1z_msgs\n'}
[0.172411] (a1z_msgs) StdoutLine: {'line': b'-- Up-to-date: /workspace/A1Z/ros2_ws/install/a1z_msgs/include/a1z_msgs/a1z_msgs\n'}
[0.172456] (a1z_msgs) StdoutLine: {'line': b'-- Up-to-date: /workspace/A1Z/ros2_ws/install/a1z_msgs/include/a1z_msgs/a1z_msgs/action\n'}
[0.172479] (a1z_msgs) StdoutLine: {'line': b'-- Up-to-date: /workspace/A1Z/ros2_ws/install/a1z_msgs/include/a1z_msgs/a1z_msgs/action/move_end_effector.h\n'}
[0.172502] (a1z_msgs) StdoutLine: {'line': b'-- Up-to-date: /workspace/A1Z/ros2_ws/install/a1z_msgs/include/a1z_msgs/a1z_msgs/action/detail\n'}
[0.172567] (a1z_msgs) StdoutLine: {'line': b'-- Up-to-date: /workspace/A1Z/ros2_ws/install/a1z_msgs/include/a1z_msgs/a1z_msgs/action/detail/move_end_effector__struct.h\n'}
[0.172591] (a1z_msgs) StdoutLine: {'line': b'-- Up-to-date: /workspace/A1Z/ros2_ws/install/a1z_msgs/include/a1z_msgs/a1z_msgs/action/detail/move_end_effector__functions.h\n'}
[0.172638] (a1z_msgs) StdoutLine: {'line': b'-- Up-to-date: /workspace/A1Z/ros2_ws/install/a1z_msgs/include/a1z_msgs/a1z_msgs/action/detail/move_end_effector__type_support.h\n'}
[0.172657] (a1z_msgs) StdoutLine: {'line': b'-- Up-to-date: /workspace/A1Z/ros2_ws/install/a1z_msgs/include/a1z_msgs/a1z_msgs/action/detail/move_end_effector__functions.c\n'}
[0.172677] (a1z_msgs) StdoutLine: {'line': b'-- Up-to-date: /workspace/A1Z/ros2_ws/install/a1z_msgs/include/a1z_msgs/a1z_msgs/msg\n'}
[0.172699] (a1z_msgs) StdoutLine: {'line': b'-- Up-to-date: /workspace/A1Z/ros2_ws/install/a1z_msgs/include/a1z_msgs/a1z_msgs/msg/rosidl_generator_c__visibility_control.h\n'}
[0.172742] (a1z_msgs) StdoutLine: {'line': b'-- Up-to-date: /workspace/A1Z/ros2_ws/install/a1z_msgs/share/a1z_msgs/environment/library_path.sh\n'}
[0.172812] (a1z_msgs) StdoutLine: {'line': b'-- Up-to-date: /workspace/A1Z/ros2_ws/install/a1z_msgs/share/a1z_msgs/environment/library_path.dsv\n'}
[0.172966] (a1z_msgs) StdoutLine: {'line': b'-- Up-to-date: /workspace/A1Z/ros2_ws/install/a1z_msgs/lib/liba1z_msgs__rosidl_generator_c.so\n'}
[0.173087] (a1z_msgs) StdoutLine: {'line': b'-- Up-to-date: /workspace/A1Z/ros2_ws/install/a1z_msgs/include/a1z_msgs/a1z_msgs\n'}
[0.173113] (a1z_msgs) StdoutLine: {'line': b'-- Up-to-date: /workspace/A1Z/ros2_ws/install/a1z_msgs/include/a1z_msgs/a1z_msgs/action\n'}
[0.173162] (a1z_msgs) StdoutLine: {'line': b'-- Up-to-date: /workspace/A1Z/ros2_ws/install/a1z_msgs/include/a1z_msgs/a1z_msgs/action/detail\n'}
[0.173183] (a1z_msgs) StdoutLine: {'line': b'-- Up-to-date: /workspace/A1Z/ros2_ws/install/a1z_msgs/include/a1z_msgs/a1z_msgs/action/detail/move_end_effector__rosidl_typesupport_fastrtps_c.h\n'}
[0.173207] (a1z_msgs) StdoutLine: {'line': b'-- Up-to-date: /workspace/A1Z/ros2_ws/install/a1z_msgs/include/a1z_msgs/a1z_msgs/msg\n'}
[0.173331] (a1z_msgs) StdoutLine: {'line': b'-- Up-to-date: /workspace/A1Z/ros2_ws/install/a1z_msgs/include/a1z_msgs/a1z_msgs/msg/rosidl_typesupport_fastrtps_c__visibility_control.h\n'}
[0.173353] (a1z_msgs) StdoutLine: {'line': b'-- Up-to-date: /workspace/A1Z/ros2_ws/install/a1z_msgs/lib/liba1z_msgs__rosidl_typesupport_fastrtps_c.so\n'}
[0.173375] (a1z_msgs) StdoutLine: {'line': b'-- Up-to-date: /workspace/A1Z/ros2_ws/install/a1z_msgs/include/a1z_msgs/a1z_msgs\n'}
[0.173418] (a1z_msgs) StdoutLine: {'line': b'-- Up-to-date: /workspace/A1Z/ros2_ws/install/a1z_msgs/include/a1z_msgs/a1z_msgs/action\n'}
[0.173436] (a1z_msgs) StdoutLine: {'line': b'-- Up-to-date: /workspace/A1Z/ros2_ws/install/a1z_msgs/include/a1z_msgs/a1z_msgs/action/detail\n'}
[0.173455] (a1z_msgs) StdoutLine: {'line': b'-- Up-to-date: /workspace/A1Z/ros2_ws/install/a1z_msgs/include/a1z_msgs/a1z_msgs/action/detail/move_end_effector__struct.hpp\n'}
[0.173474] (a1z_msgs) StdoutLine: {'line': b'-- Up-to-date: /workspace/A1Z/ros2_ws/install/a1z_msgs/include/a1z_msgs/a1z_msgs/action/detail/move_end_effector__builder.hpp\n'}
[0.173518] (a1z_msgs) StdoutLine: {'line': b'-- Up-to-date: /workspace/A1Z/ros2_ws/install/a1z_msgs/include/a1z_msgs/a1z_msgs/action/detail/move_end_effector__traits.hpp\n'}
[0.173539] (a1z_msgs) StdoutLine: {'line': b'-- Up-to-date: /workspace/A1Z/ros2_ws/install/a1z_msgs/include/a1z_msgs/a1z_msgs/action/detail/move_end_effector__type_support.hpp\n'}
[0.173646] (a1z_msgs) StdoutLine: {'line': b'-- Up-to-date: /workspace/A1Z/ros2_ws/install/a1z_msgs/include/a1z_msgs/a1z_msgs/action/move_end_effector.hpp\n'}
[0.173667] (a1z_msgs) StdoutLine: {'line': b'-- Up-to-date: /workspace/A1Z/ros2_ws/install/a1z_msgs/include/a1z_msgs/a1z_msgs/msg\n'}
[0.173685] (a1z_msgs) StdoutLine: {'line': b'-- Up-to-date: /workspace/A1Z/ros2_ws/install/a1z_msgs/include/a1z_msgs/a1z_msgs/msg/rosidl_generator_cpp__visibility_control.hpp\n'}
[0.173724] (a1z_msgs) StdoutLine: {'line': b'-- Up-to-date: /workspace/A1Z/ros2_ws/install/a1z_msgs/include/a1z_msgs/a1z_msgs\n'}
[0.173743] (a1z_msgs) StdoutLine: {'line': b'-- Up-to-date: /workspace/A1Z/ros2_ws/install/a1z_msgs/include/a1z_msgs/a1z_msgs/action\n'}
[0.173761] (a1z_msgs) StdoutLine: {'line': b'-- Up-to-date: /workspace/A1Z/ros2_ws/install/a1z_msgs/include/a1z_msgs/a1z_msgs/action/detail\n'}
[0.173779] (a1z_msgs) StdoutLine: {'line': b'-- Up-to-date: /workspace/A1Z/ros2_ws/install/a1z_msgs/include/a1z_msgs/a1z_msgs/action/detail/move_end_effector__rosidl_typesupport_fastrtps_cpp.hpp\n'}
[0.173798] (a1z_msgs) StdoutLine: {'line': b'-- Up-to-date: /workspace/A1Z/ros2_ws/install/a1z_msgs/include/a1z_msgs/a1z_msgs/action/detail/dds_fastrtps\n'}
[0.173816] (a1z_msgs) StdoutLine: {'line': b'-- Up-to-date: /workspace/A1Z/ros2_ws/install/a1z_msgs/include/a1z_msgs/a1z_msgs/msg\n'}
[0.173837] (a1z_msgs) StdoutLine: {'line': b'-- Up-to-date: /workspace/A1Z/ros2_ws/install/a1z_msgs/include/a1z_msgs/a1z_msgs/msg/rosidl_typesupport_fastrtps_cpp__visibility_control.h\n'}
[0.173879] (a1z_msgs) StdoutLine: {'line': b'-- Up-to-date: /workspace/A1Z/ros2_ws/install/a1z_msgs/lib/liba1z_msgs__rosidl_typesupport_fastrtps_cpp.so\n'}
[0.173920] (a1z_msgs) StdoutLine: {'line': b'-- Up-to-date: /workspace/A1Z/ros2_ws/install/a1z_msgs/include/a1z_msgs/a1z_msgs\n'}
[0.173971] (a1z_msgs) StdoutLine: {'line': b'-- Up-to-date: /workspace/A1Z/ros2_ws/install/a1z_msgs/include/a1z_msgs/a1z_msgs/action\n'}
[0.174005] (a1z_msgs) StdoutLine: {'line': b'-- Up-to-date: /workspace/A1Z/ros2_ws/install/a1z_msgs/include/a1z_msgs/a1z_msgs/action/detail\n'}
[0.174027] (a1z_msgs) StdoutLine: {'line': b'-- Up-to-date: /workspace/A1Z/ros2_ws/install/a1z_msgs/include/a1z_msgs/a1z_msgs/action/detail/move_end_effector__rosidl_typesupport_introspection_c.h\n'}
[0.174153] (a1z_msgs) StdoutLine: {'line': b'-- Up-to-date: /workspace/A1Z/ros2_ws/install/a1z_msgs/include/a1z_msgs/a1z_msgs/action/detail/move_end_effector__type_support.c\n'}
[0.174177] (a1z_msgs) StdoutLine: {'line': b'-- Up-to-date: /workspace/A1Z/ros2_ws/install/a1z_msgs/include/a1z_msgs/a1z_msgs/msg\n'}
[0.174380] (a1z_msgs) StdoutLine: {'line': b'-- Up-to-date: /workspace/A1Z/ros2_ws/install/a1z_msgs/include/a1z_msgs/a1z_msgs/msg/rosidl_typesupport_introspection_c__visibility_control.h\n'}
[0.174420] (a1z_msgs) StdoutLine: {'line': b'-- Up-to-date: /workspace/A1Z/ros2_ws/install/a1z_msgs/lib/liba1z_msgs__rosidl_typesupport_introspection_c.so\n'}
[0.174608] (a1z_msgs) StdoutLine: {'line': b'-- Up-to-date: /workspace/A1Z/ros2_ws/install/a1z_msgs/lib/liba1z_msgs__rosidl_typesupport_c.so\n'}
[0.174639] (a1z_msgs) StdoutLine: {'line': b'-- Up-to-date: /workspace/A1Z/ros2_ws/install/a1z_msgs/include/a1z_msgs/a1z_msgs\n'}
[0.174669] (a1z_msgs) StdoutLine: {'line': b'-- Up-to-date: /workspace/A1Z/ros2_ws/install/a1z_msgs/include/a1z_msgs/a1z_msgs/action\n'}
[0.174700] (a1z_msgs) StdoutLine: {'line': b'-- Up-to-date: /workspace/A1Z/ros2_ws/install/a1z_msgs/include/a1z_msgs/a1z_msgs/action/detail\n'}
[0.174729] (a1z_msgs) StdoutLine: {'line': b'-- Up-to-date: /workspace/A1Z/ros2_ws/install/a1z_msgs/include/a1z_msgs/a1z_msgs/action/detail/move_end_effector__rosidl_typesupport_introspection_cpp.hpp\n'}
[0.174757] (a1z_msgs) StdoutLine: {'line': b'-- Up-to-date: /workspace/A1Z/ros2_ws/install/a1z_msgs/include/a1z_msgs/a1z_msgs/action/detail/move_end_effector__type_support.cpp\n'}
[0.174786] (a1z_msgs) StdoutLine: {'line': b'-- Up-to-date: /workspace/A1Z/ros2_ws/install/a1z_msgs/lib/liba1z_msgs__rosidl_typesupport_introspection_cpp.so\n'}
[0.174819] (a1z_msgs) StdoutLine: {'line': b'-- Up-to-date: /workspace/A1Z/ros2_ws/install/a1z_msgs/lib/liba1z_msgs__rosidl_typesupport_cpp.so\n'}
[0.174847] (a1z_msgs) StdoutLine: {'line': b'-- Up-to-date: /workspace/A1Z/ros2_ws/install/a1z_msgs/share/a1z_msgs/environment/pythonpath.sh\n'}
[0.174875] (a1z_msgs) StdoutLine: {'line': b'-- Up-to-date: /workspace/A1Z/ros2_ws/install/a1z_msgs/share/a1z_msgs/environment/pythonpath.dsv\n'}
[0.174902] (a1z_msgs) StdoutLine: {'line': b'-- Up-to-date: /workspace/A1Z/ros2_ws/install/a1z_msgs/local/lib/python3.10/dist-packages/a1z_msgs-0.1.0-py3.10.egg-info\n'}
[0.174930] (a1z_msgs) StdoutLine: {'line': b'-- Installing: /workspace/A1Z/ros2_ws/install/a1z_msgs/local/lib/python3.10/dist-packages/a1z_msgs-0.1.0-py3.10.egg-info/PKG-INFO\n'}
[0.174958] (a1z_msgs) StdoutLine: {'line': b'-- Installing: /workspace/A1Z/ros2_ws/install/a1z_msgs/local/lib/python3.10/dist-packages/a1z_msgs-0.1.0-py3.10.egg-info/SOURCES.txt\n'}
[0.174986] (a1z_msgs) StdoutLine: {'line': b'-- Installing: /workspace/A1Z/ros2_ws/install/a1z_msgs/local/lib/python3.10/dist-packages/a1z_msgs-0.1.0-py3.10.egg-info/dependency_links.txt\n'}
[0.175014] (a1z_msgs) StdoutLine: {'line': b'-- Installing: /workspace/A1Z/ros2_ws/install/a1z_msgs/local/lib/python3.10/dist-packages/a1z_msgs-0.1.0-py3.10.egg-info/top_level.txt\n'}
[0.175045] (a1z_msgs) StdoutLine: {'line': b'-- Up-to-date: /workspace/A1Z/ros2_ws/install/a1z_msgs/local/lib/python3.10/dist-packages/a1z_msgs\n'}
[0.175073] (a1z_msgs) StdoutLine: {'line': b'-- Up-to-date: /workspace/A1Z/ros2_ws/install/a1z_msgs/local/lib/python3.10/dist-packages/a1z_msgs/action\n'}
[0.175101] (a1z_msgs) StdoutLine: {'line': b'-- Up-to-date: /workspace/A1Z/ros2_ws/install/a1z_msgs/local/lib/python3.10/dist-packages/a1z_msgs/action/_move_end_effector_s.c\n'}
[0.175134] (a1z_msgs) StdoutLine: {'line': b'-- Up-to-date: /workspace/A1Z/ros2_ws/install/a1z_msgs/local/lib/python3.10/dist-packages/a1z_msgs/action/_move_end_effector.py\n'}
[0.175162] (a1z_msgs) StdoutLine: {'line': b'-- Up-to-date: /workspace/A1Z/ros2_ws/install/a1z_msgs/local/lib/python3.10/dist-packages/a1z_msgs/action/__init__.py\n'}
[0.175190] (a1z_msgs) StdoutLine: {'line': b'-- Up-to-date: /workspace/A1Z/ros2_ws/install/a1z_msgs/local/lib/python3.10/dist-packages/a1z_msgs/liba1z_msgs__rosidl_generator_py.so\n'}
[0.175218] (a1z_msgs) StdoutLine: {'line': b'-- Up-to-date: /workspace/A1Z/ros2_ws/install/a1z_msgs/local/lib/python3.10/dist-packages/a1z_msgs/a1z_msgs_s__rosidl_typesupport_introspection_c.cpython-310-x86_64-linux-gnu.so\n'}
[0.175250] (a1z_msgs) StdoutLine: {'line': b'-- Up-to-date: /workspace/A1Z/ros2_ws/install/a1z_msgs/local/lib/python3.10/dist-packages/a1z_msgs/_a1z_msgs_s.ep.rosidl_typesupport_c.c\n'}
[0.175278] (a1z_msgs) StdoutLine: {'line': b'-- Up-to-date: /workspace/A1Z/ros2_ws/install/a1z_msgs/local/lib/python3.10/dist-packages/a1z_msgs/a1z_msgs_s__rosidl_typesupport_fastrtps_c.cpython-310-x86_64-linux-gnu.so\n'}
[0.175305] (a1z_msgs) StdoutLine: {'line': b'-- Up-to-date: /workspace/A1Z/ros2_ws/install/a1z_msgs/local/lib/python3.10/dist-packages/a1z_msgs/_a1z_msgs_s.ep.rosidl_typesupport_introspection_c.c\n'}
[0.175334] (a1z_msgs) StdoutLine: {'line': b'-- Up-to-date: /workspace/A1Z/ros2_ws/install/a1z_msgs/local/lib/python3.10/dist-packages/a1z_msgs/a1z_msgs_s__rosidl_typesupport_c.cpython-310-x86_64-linux-gnu.so\n'}
[0.175362] (a1z_msgs) StdoutLine: {'line': b'-- Up-to-date: /workspace/A1Z/ros2_ws/install/a1z_msgs/local/lib/python3.10/dist-packages/a1z_msgs/_a1z_msgs_s.ep.rosidl_typesupport_fastrtps_c.c\n'}
[0.175389] (a1z_msgs) StdoutLine: {'line': b'-- Up-to-date: /workspace/A1Z/ros2_ws/install/a1z_msgs/local/lib/python3.10/dist-packages/a1z_msgs/__init__.py\n'}
[0.193586] (a1z_msgs) StdoutLine: {'line': b"Listing '/workspace/A1Z/ros2_ws/install/a1z_msgs/local/lib/python3.10/dist-packages/a1z_msgs'...\n"}
[0.193735] (a1z_msgs) StdoutLine: {'line': b"Listing '/workspace/A1Z/ros2_ws/install/a1z_msgs/local/lib/python3.10/dist-packages/a1z_msgs/action'...\n"}
[0.196805] (a1z_msgs) StdoutLine: {'line': b'-- Up-to-date: /workspace/A1Z/ros2_ws/install/a1z_msgs/local/lib/python3.10/dist-packages/a1z_msgs/a1z_msgs_s__rosidl_typesupport_fastrtps_c.cpython-310-x86_64-linux-gnu.so\n'}
[0.196931] (a1z_msgs) StdoutLine: {'line': b'-- Up-to-date: /workspace/A1Z/ros2_ws/install/a1z_msgs/local/lib/python3.10/dist-packages/a1z_msgs/a1z_msgs_s__rosidl_typesupport_introspection_c.cpython-310-x86_64-linux-gnu.so\n'}
[0.197037] (a1z_msgs) StdoutLine: {'line': b'-- Up-to-date: /workspace/A1Z/ros2_ws/install/a1z_msgs/local/lib/python3.10/dist-packages/a1z_msgs/a1z_msgs_s__rosidl_typesupport_c.cpython-310-x86_64-linux-gnu.so\n'}
[0.197169] (a1z_msgs) StdoutLine: {'line': b'-- Up-to-date: /workspace/A1Z/ros2_ws/install/a1z_msgs/lib/liba1z_msgs__rosidl_generator_py.so\n'}
[0.197344] (a1z_msgs) StdoutLine: {'line': b'-- Up-to-date: /workspace/A1Z/ros2_ws/install/a1z_msgs/share/ament_index/resource_index/rust_packages/a1z_msgs\n'}
[0.197497] (a1z_msgs) StdoutLine: {'line': b'-- Up-to-date: /workspace/A1Z/ros2_ws/install/a1z_msgs/share/a1z_msgs/rust\n'}
[0.197712] (a1z_msgs) StdoutLine: {'line': b'-- Up-to-date: /workspace/A1Z/ros2_ws/install/a1z_msgs/share/a1z_msgs/rust/src\n'}
[0.197777] (a1z_msgs) StdoutLine: {'line': b'-- Up-to-date: /workspace/A1Z/ros2_ws/install/a1z_msgs/share/a1z_msgs/rust/src/action\n'}
[0.197812] (a1z_msgs) StdoutLine: {'line': b'-- Up-to-date: /workspace/A1Z/ros2_ws/install/a1z_msgs/share/a1z_msgs/rust/src/action/rmw.rs\n'}
[0.197851] (a1z_msgs) StdoutLine: {'line': b'-- Up-to-date: /workspace/A1Z/ros2_ws/install/a1z_msgs/share/a1z_msgs/rust/src/lib.rs\n'}
[0.198028] (a1z_msgs) StdoutLine: {'line': b'-- Up-to-date: /workspace/A1Z/ros2_ws/install/a1z_msgs/share/a1z_msgs/rust/src/action.rs\n'}
[0.198069] (a1z_msgs) StdoutLine: {'line': b'-- Up-to-date: /workspace/A1Z/ros2_ws/install/a1z_msgs/share/a1z_msgs/rust/Cargo.toml\n'}
[0.198102] (a1z_msgs) StdoutLine: {'line': b'-- Up-to-date: /workspace/A1Z/ros2_ws/install/a1z_msgs/share/a1z_msgs/rust/build.rs\n'}
[0.198134] (a1z_msgs) StdoutLine: {'line': b'-- Up-to-date: /workspace/A1Z/ros2_ws/install/a1z_msgs/share/a1z_msgs/action/MoveEndEffector.idl\n'}
[0.198164] (a1z_msgs) StdoutLine: {'line': b'-- Up-to-date: /workspace/A1Z/ros2_ws/install/a1z_msgs/share/a1z_msgs/action/MoveEndEffector.action\n'}
[0.198194] (a1z_msgs) StdoutLine: {'line': b'-- Up-to-date: /workspace/A1Z/ros2_ws/install/a1z_msgs/share/ament_index/resource_index/package_run_dependencies/a1z_msgs\n'}
[0.198224] (a1z_msgs) StdoutLine: {'line': b'-- Up-to-date: /workspace/A1Z/ros2_ws/install/a1z_msgs/share/ament_index/resource_index/parent_prefix_path/a1z_msgs\n'}
[0.198260] (a1z_msgs) StdoutLine: {'line': b'-- Up-to-date: /workspace/A1Z/ros2_ws/install/a1z_msgs/share/a1z_msgs/environment/ament_prefix_path.sh\n'}
[0.198289] (a1z_msgs) StdoutLine: {'line': b'-- Up-to-date: /workspace/A1Z/ros2_ws/install/a1z_msgs/share/a1z_msgs/environment/ament_prefix_path.dsv\n'}
[0.198317] (a1z_msgs) StdoutLine: {'line': b'-- Up-to-date: /workspace/A1Z/ros2_ws/install/a1z_msgs/share/a1z_msgs/environment/path.sh\n'}
[0.198345] (a1z_msgs) StdoutLine: {'line': b'-- Up-to-date: /workspace/A1Z/ros2_ws/install/a1z_msgs/share/a1z_msgs/environment/path.dsv\n'}
[0.198373] (a1z_msgs) StdoutLine: {'line': b'-- Up-to-date: /workspace/A1Z/ros2_ws/install/a1z_msgs/share/a1z_msgs/local_setup.bash\n'}
[0.198401] (a1z_msgs) StdoutLine: {'line': b'-- Up-to-date: /workspace/A1Z/ros2_ws/install/a1z_msgs/share/a1z_msgs/local_setup.sh\n'}
[0.198435] (a1z_msgs) StdoutLine: {'line': b'-- Up-to-date: /workspace/A1Z/ros2_ws/install/a1z_msgs/share/a1z_msgs/local_setup.zsh\n'}
[0.198463] (a1z_msgs) StdoutLine: {'line': b'-- Up-to-date: /workspace/A1Z/ros2_ws/install/a1z_msgs/share/a1z_msgs/local_setup.dsv\n'}
[0.198491] (a1z_msgs) StdoutLine: {'line': b'-- Installing: /workspace/A1Z/ros2_ws/install/a1z_msgs/share/a1z_msgs/package.dsv\n'}
[0.198520] (a1z_msgs) StdoutLine: {'line': b'-- Up-to-date: /workspace/A1Z/ros2_ws/install/a1z_msgs/share/ament_index/resource_index/packages/a1z_msgs\n'}
[0.198548] (a1z_msgs) StdoutLine: {'line': b'-- Up-to-date: /workspace/A1Z/ros2_ws/install/a1z_msgs/share/a1z_msgs/cmake/export_a1z_msgs__rosidl_generator_cExport.cmake\n'}
[0.198576] (a1z_msgs) StdoutLine: {'line': b'-- Up-to-date: /workspace/A1Z/ros2_ws/install/a1z_msgs/share/a1z_msgs/cmake/export_a1z_msgs__rosidl_generator_cExport-noconfig.cmake\n'}
[0.198717] (a1z_msgs) StdoutLine: {'line': b'-- Up-to-date: /workspace/A1Z/ros2_ws/install/a1z_msgs/share/a1z_msgs/cmake/export_a1z_msgs__rosidl_typesupport_fastrtps_cExport.cmake\n'}
[0.198753] (a1z_msgs) StdoutLine: {'line': b'-- Up-to-date: /workspace/A1Z/ros2_ws/install/a1z_msgs/share/a1z_msgs/cmake/export_a1z_msgs__rosidl_typesupport_fastrtps_cExport-noconfig.cmake\n'}
[0.198783] (a1z_msgs) StdoutLine: {'line': b'-- Up-to-date: /workspace/A1Z/ros2_ws/install/a1z_msgs/share/a1z_msgs/cmake/export_a1z_msgs__rosidl_generator_cppExport.cmake\n'}
[0.198812] (a1z_msgs) StdoutLine: {'line': b'-- Up-to-date: /workspace/A1Z/ros2_ws/install/a1z_msgs/share/a1z_msgs/cmake/export_a1z_msgs__rosidl_typesupport_fastrtps_cppExport.cmake\n'}
[0.198841] (a1z_msgs) StdoutLine: {'line': b'-- Up-to-date: /workspace/A1Z/ros2_ws/install/a1z_msgs/share/a1z_msgs/cmake/export_a1z_msgs__rosidl_typesupport_fastrtps_cppExport-noconfig.cmake\n'}
[0.198869] (a1z_msgs) StdoutLine: {'line': b'-- Up-to-date: /workspace/A1Z/ros2_ws/install/a1z_msgs/share/a1z_msgs/cmake/a1z_msgs__rosidl_typesupport_introspection_cExport.cmake\n'}
[0.198899] (a1z_msgs) StdoutLine: {'line': b'-- Up-to-date: /workspace/A1Z/ros2_ws/install/a1z_msgs/share/a1z_msgs/cmake/a1z_msgs__rosidl_typesupport_introspection_cExport-noconfig.cmake\n'}
[0.198926] (a1z_msgs) StdoutLine: {'line': b'-- Up-to-date: /workspace/A1Z/ros2_ws/install/a1z_msgs/share/a1z_msgs/cmake/a1z_msgs__rosidl_typesupport_cExport.cmake\n'}
[0.198955] (a1z_msgs) StdoutLine: {'line': b'-- Up-to-date: /workspace/A1Z/ros2_ws/install/a1z_msgs/share/a1z_msgs/cmake/a1z_msgs__rosidl_typesupport_cExport-noconfig.cmake\n'}
[0.198984] (a1z_msgs) StdoutLine: {'line': b'-- Up-to-date: /workspace/A1Z/ros2_ws/install/a1z_msgs/share/a1z_msgs/cmake/a1z_msgs__rosidl_typesupport_introspection_cppExport.cmake\n'}
[0.199013] (a1z_msgs) StdoutLine: {'line': b'-- Up-to-date: /workspace/A1Z/ros2_ws/install/a1z_msgs/share/a1z_msgs/cmake/a1z_msgs__rosidl_typesupport_introspection_cppExport-noconfig.cmake\n'}
[0.199044] (a1z_msgs) StdoutLine: {'line': b'-- Up-to-date: /workspace/A1Z/ros2_ws/install/a1z_msgs/share/a1z_msgs/cmake/a1z_msgs__rosidl_typesupport_cppExport.cmake\n'}
[0.199075] (a1z_msgs) StdoutLine: {'line': b'-- Up-to-date: /workspace/A1Z/ros2_ws/install/a1z_msgs/share/a1z_msgs/cmake/a1z_msgs__rosidl_typesupport_cppExport-noconfig.cmake\n'}
[0.199108] (a1z_msgs) StdoutLine: {'line': b'-- Up-to-date: /workspace/A1Z/ros2_ws/install/a1z_msgs/share/a1z_msgs/cmake/export_a1z_msgs__rosidl_generator_pyExport.cmake\n'}
[0.199136] (a1z_msgs) StdoutLine: {'line': b'-- Up-to-date: /workspace/A1Z/ros2_ws/install/a1z_msgs/share/a1z_msgs/cmake/export_a1z_msgs__rosidl_generator_pyExport-noconfig.cmake\n'}
[0.199164] (a1z_msgs) StdoutLine: {'line': b'-- Up-to-date: /workspace/A1Z/ros2_ws/install/a1z_msgs/share/a1z_msgs/cmake/rosidl_cmake-extras.cmake\n'}
[0.199192] (a1z_msgs) StdoutLine: {'line': b'-- Up-to-date: /workspace/A1Z/ros2_ws/install/a1z_msgs/share/a1z_msgs/cmake/ament_cmake_export_dependencies-extras.cmake\n'}
[0.199221] (a1z_msgs) StdoutLine: {'line': b'-- Up-to-date: /workspace/A1Z/ros2_ws/install/a1z_msgs/share/a1z_msgs/cmake/ament_cmake_export_include_directories-extras.cmake\n'}
[0.199249] (a1z_msgs) StdoutLine: {'line': b'-- Up-to-date: /workspace/A1Z/ros2_ws/install/a1z_msgs/share/a1z_msgs/cmake/ament_cmake_export_libraries-extras.cmake\n'}
[0.199276] (a1z_msgs) StdoutLine: {'line': b'-- Up-to-date: /workspace/A1Z/ros2_ws/install/a1z_msgs/share/a1z_msgs/cmake/ament_cmake_export_targets-extras.cmake\n'}
[0.199304] (a1z_msgs) StdoutLine: {'line': b'-- Up-to-date: /workspace/A1Z/ros2_ws/install/a1z_msgs/share/a1z_msgs/cmake/rosidl_cmake_export_typesupport_targets-extras.cmake\n'}
[0.199334] (a1z_msgs) StdoutLine: {'line': b'-- Up-to-date: /workspace/A1Z/ros2_ws/install/a1z_msgs/share/a1z_msgs/cmake/rosidl_cmake_export_typesupport_libraries-extras.cmake\n'}
[0.199361] (a1z_msgs) StdoutLine: {'line': b'-- Up-to-date: /workspace/A1Z/ros2_ws/install/a1z_msgs/share/a1z_msgs/cmake/a1z_msgsConfig.cmake\n'}
[0.199390] (a1z_msgs) StdoutLine: {'line': b'-- Up-to-date: /workspace/A1Z/ros2_ws/install/a1z_msgs/share/a1z_msgs/cmake/a1z_msgsConfig-version.cmake\n'}
[0.199417] (a1z_msgs) StdoutLine: {'line': b'-- Up-to-date: /workspace/A1Z/ros2_ws/install/a1z_msgs/share/a1z_msgs/package.xml\n'}
[0.199745] (-) TimerEvent: {}
[0.200511] (a1z_msgs) CommandEnded: {'returncode': 0}
[0.213385] (a1z_msgs) JobEnded: {'identifier': 'a1z_msgs', 'rc': 0}
[0.214079] (a1z_motion) JobStarted: {'identifier': 'a1z_motion'}
[0.299841] (-) TimerEvent: {}
[0.400003] (-) TimerEvent: {}
[0.439721] (a1z_motion) Command: {'cmd': ['/usr/bin/python3', '-W', 'ignore:setup.py install is deprecated', '-W', 'ignore:easy_install command is deprecated', 'setup.py', 'egg_info', '--egg-base', '../../build/a1z_motion', 'build', '--build-base', '/workspace/A1Z/ros2_ws/build/a1z_motion/build', 'install', '--record', '/workspace/A1Z/ros2_ws/build/a1z_motion/install.log', '--single-version-externally-managed', 'install_data'], 'cwd': '/workspace/A1Z/ros2_ws/src/a1z_motion', 'env': {'A1Z_TCP_PORT': '18080', 'HOSTNAME': 'th1rt3en-lab', 'SHLVL': '1', 'LD_LIBRARY_PATH': '/workspace/A1Z/ros2_ws/install/a1z_msgs/lib:/opt/ros/humble/lib/x86_64-linux-gnu:/opt/ros/humble/lib', 'HOME': '/root', 'OLDPWD': '/workspace/A1Z/ros2_ws', 'ROS_PYTHON_VERSION': '3', 'A1Z_SDK_DIR': '/workspace/A1Z/vendor/GALAXEA-A1Z', 'ROS_DISTRO': 'humble', '_': '/usr/bin/colcon', 'ROS_VERSION': '2', 'ROS_LOCALHOST_ONLY': '0', 'PATH': '/opt/ros/humble/bin:/usr/local/sbin:/usr/local/bin:/usr/sbin:/usr/bin:/sbin:/bin', 'A1Z_CONTROL_URDF': '/workspace/A1Z/build/robot_packages/A1Z_G1Z/urdf/A1Z_G1Z_control.urdf', 'LANG': 'C.UTF-8', 'AMENT_PREFIX_PATH': '/workspace/A1Z/ros2_ws/install/a1z_msgs:/opt/ros/humble', 'DEBIAN_FRONTEND': 'noninteractive', 'PWD': '/workspace/A1Z/ros2_ws/build/a1z_motion', 'A1Z_TCP_HOST': '0.0.0.0', 'LC_ALL': 'C.UTF-8', 'PYTHONPATH': '/workspace/A1Z/ros2_ws/build/a1z_motion/prefix_override:/usr/lib/python3/dist-packages/colcon_core/task/python/colcon_distutils_commands:/workspace/A1Z/ros2_ws/install/a1z_motion/lib/python3.10/site-packages:/workspace/A1Z/ros2_ws/install/a1z_msgs/local/lib/python3.10/dist-packages:/opt/ros/humble/lib/python3.10/site-packages:/opt/ros/humble/local/lib/python3.10/dist-packages', 'COLCON': '1', 'CMAKE_PREFIX_PATH': '/workspace/A1Z/ros2_ws/install/a1z_msgs'}, 'shell': False}
[0.500068] (-) TimerEvent: {}
[0.523754] (a1z_motion) StdoutLine: {'line': b'running egg_info\n'}
[0.523940] (a1z_motion) StdoutLine: {'line': b'writing ../../build/a1z_motion/a1z_motion.egg-info/PKG-INFO\n'}
[0.524116] (a1z_motion) StdoutLine: {'line': b'writing dependency_links to ../../build/a1z_motion/a1z_motion.egg-info/dependency_links.txt\n'}
[0.524233] (a1z_motion) StdoutLine: {'line': b'writing entry points to ../../build/a1z_motion/a1z_motion.egg-info/entry_points.txt\n'}
[0.524271] (a1z_motion) StdoutLine: {'line': b'writing requirements to ../../build/a1z_motion/a1z_motion.egg-info/requires.txt\n'}
[0.524304] (a1z_motion) StdoutLine: {'line': b'writing top-level names to ../../build/a1z_motion/a1z_motion.egg-info/top_level.txt\n'}
[0.524847] (a1z_motion) StdoutLine: {'line': b"reading manifest file '../../build/a1z_motion/a1z_motion.egg-info/SOURCES.txt'\n"}
[0.525179] (a1z_motion) StdoutLine: {'line': b"writing manifest file '../../build/a1z_motion/a1z_motion.egg-info/SOURCES.txt'\n"}
[0.525268] (a1z_motion) StdoutLine: {'line': b'running build\n'}
[0.525349] (a1z_motion) StdoutLine: {'line': b'running build_py\n'}
[0.525445] (a1z_motion) StdoutLine: {'line': b'running install\n'}
[0.525616] (a1z_motion) StdoutLine: {'line': b'running install_lib\n'}
[0.526656] (a1z_motion) StdoutLine: {'line': b'running install_data\n'}
[0.526748] (a1z_motion) StdoutLine: {'line': b'running install_egg_info\n'}
[0.527439] (a1z_motion) StdoutLine: {'line': b"removing '/workspace/A1Z/ros2_ws/install/a1z_motion/lib/python3.10/site-packages/a1z_motion-0.1.0-py3.10.egg-info' (and everything under it)\n"}
[0.527633] (a1z_motion) StdoutLine: {'line': b'Copying ../../build/a1z_motion/a1z_motion.egg-info to /workspace/A1Z/ros2_ws/install/a1z_motion/lib/python3.10/site-packages/a1z_motion-0.1.0-py3.10.egg-info\n'}
[0.527902] (a1z_motion) StdoutLine: {'line': b'running install_scripts\n'}
[0.537585] (a1z_motion) StdoutLine: {'line': b'Installing motion_executor script to /workspace/A1Z/ros2_ws/install/a1z_motion/lib/a1z_motion\n'}
[0.537730] (a1z_motion) StdoutLine: {'line': b'Installing robot_state script to /workspace/A1Z/ros2_ws/install/a1z_motion/lib/a1z_motion\n'}
[0.537809] (a1z_motion) StdoutLine: {'line': b"writing list of installed files to '/workspace/A1Z/ros2_ws/build/a1z_motion/install.log'\n"}
[0.549553] (a1z_motion) CommandEnded: {'returncode': 0}
[0.552500] (a1z_motion) JobEnded: {'identifier': 'a1z_motion', 'rc': 0}
[0.552882] (-) EventReactorShutdown: {}
