/workspace/A1Z/ros2_ws/install/a1z_motion/lib/python3.10/site-packages/a1z_motion/config.py
/workspace/A1Z/ros2_ws/install/a1z_motion/lib/python3.10/site-packages/a1z_motion/robot_state.py
/workspace/A1Z/ros2_ws/install/a1z_motion/lib/python3.10/site-packages/a1z_motion/socket_client.py
/workspace/A1Z/ros2_ws/install/a1z_motion/lib/python3.10/site-packages/a1z_motion/kinematics_bridge.py
/workspace/A1Z/ros2_ws/install/a1z_motion/lib/python3.10/site-packages/a1z_motion/motion_executor.py
/workspace/A1Z/ros2_ws/install/a1z_motion/lib/python3.10/site-packages/a1z_motion/transforms.py
/workspace/A1Z/ros2_ws/install/a1z_motion/lib/python3.10/site-packages/a1z_motion/__init__.py
/workspace/A1Z/ros2_ws/install/a1z_motion/lib/python3.10/site-packages/a1z_motion/__pycache__/config.cpython-310.pyc
/workspace/A1Z/ros2_ws/install/a1z_motion/lib/python3.10/site-packages/a1z_motion/__pycache__/robot_state.cpython-310.pyc
/workspace/A1Z/ros2_ws/install/a1z_motion/lib/python3.10/site-packages/a1z_motion/__pycache__/socket_client.cpython-310.pyc
/workspace/A1Z/ros2_ws/install/a1z_motion/lib/python3.10/site-packages/a1z_motion/__pycache__/kinematics_bridge.cpython-310.pyc
/workspace/A1Z/ros2_ws/install/a1z_motion/lib/python3.10/site-packages/a1z_motion/__pycache__/motion_executor.cpython-310.pyc
/workspace/A1Z/ros2_ws/install/a1z_motion/lib/python3.10/site-packages/a1z_motion/__pycache__/transforms.cpython-310.pyc
/workspace/A1Z/ros2_ws/install/a1z_motion/lib/python3.10/site-packages/a1z_motion/__pycache__/__init__.cpython-310.pyc
/workspace/A1Z/ros2_ws/install/a1z_motion/share/ament_index/resource_index/packages/a1z_motion
/workspace/A1Z/ros2_ws/install/a1z_motion/share/a1z_motion/package.xml
/workspace/A1Z/ros2_ws/install/a1z_motion/share/a1z_motion/launch/a1z_motion.launch.py
/workspace/A1Z/ros2_ws/install/a1z_motion/lib/python3.10/site-packages/a1z_motion-0.1.0-py3.10.egg-info/PKG-INFO
/workspace/A1Z/ros2_ws/install/a1z_motion/lib/python3.10/site-packages/a1z_motion-0.1.0-py3.10.egg-info/SOURCES.txt
/workspace/A1Z/ros2_ws/install/a1z_motion/lib/python3.10/site-packages/a1z_motion-0.1.0-py3.10.egg-info/dependency_links.txt
/workspace/A1Z/ros2_ws/install/a1z_motion/lib/python3.10/site-packages/a1z_motion-0.1.0-py3.10.egg-info/top_level.txt
/workspace/A1Z/ros2_ws/install/a1z_motion/lib/python3.10/site-packages/a1z_motion-0.1.0-py3.10.egg-info/requires.txt
/workspace/A1Z/ros2_ws/install/a1z_motion/lib/python3.10/site-packages/a1z_motion-0.1.0-py3.10.egg-info/zip-safe
/workspace/A1Z/ros2_ws/install/a1z_motion/lib/python3.10/site-packages/a1z_motion-0.1.0-py3.10.egg-info/entry_points.txt
/workspace/A1Z/ros2_ws/install/a1z_motion/lib/a1z_motion/motion_executor
/workspace/A1Z/ros2_ws/install/a1z_motion/lib/a1z_motion/robot_state
