[0.091s] DEBUG:colcon:Command line arguments: ['/usr/bin/colcon', 'build']
[0.091s] DEBUG:colcon:Parsed command line arguments: Namespace(log_base=None, log_level=None, verb_name='build', build_base='build', install_base='install', merge_install=False, symlink_install=False, test_result_base=None, continue_on_error=False, executor='parallel', parallel_workers=24, event_handlers=None, ignore_user_meta=False, metas=['./colcon.meta'], base_paths=['.'], packages_ignore=None, packages_ignore_regex=None, paths=None, packages_up_to=None, packages_up_to_regex=None, packages_above=None, packages_above_and_dependencies=None, packages_above_depth=None, packages_select_by_dep=None, packages_skip_by_dep=None, packages_skip_up_to=None, packages_select_build_failed=False, packages_skip_build_finished=False, packages_select_test_failures=False, packages_skip_test_passed=False, packages_select=None, packages_skip=None, packages_select_regex=None, packages_skip_regex=None, packages_start=None, packages_end=None, cmake_args=None, cmake_target=None, cmake_target_skip_unavailable=False, cmake_clean_cache=False, cmake_clean_first=False, cmake_force_configure=False, ament_cmake_args=None, catkin_cmake_args=None, catkin_skip_building_tests=False, mixin_files=None, mixin=None, verb_parser=<colcon_mixin.mixin.mixin_argument.MixinArgumentDecorator object at 0x727a454ce050>, verb_extension=<colcon_core.verb.build.BuildVerb object at 0x727a454cdba0>, main=<bound method BuildVerb.main of <colcon_core.verb.build.BuildVerb object at 0x727a454cdba0>>, mixin_verb=('build',))
[0.173s] Level 1:colcon.colcon_core.package_discovery:discover_packages(colcon_meta) check parameters
[0.174s] INFO:colcon.colcon_metadata.package_discovery.colcon_meta:Using configuration from '/root/.colcon/metadata/default/Gazebo.meta'
[0.174s] INFO:colcon.colcon_metadata.package_discovery.colcon_meta:Using configuration from '/root/.colcon/metadata/default/fastdds.meta'
[0.174s] INFO:colcon.colcon_metadata.package_discovery.colcon_meta:Using configuration from '/root/.colcon/metadata/default/fastrtps.meta'
[0.174s] Level 1:colcon.colcon_core.package_discovery:discover_packages(recursive) check parameters
[0.174s] Level 1:colcon.colcon_core.package_discovery:discover_packages(ignore) check parameters
[0.174s] Level 1:colcon.colcon_core.package_discovery:discover_packages(path) check parameters
[0.174s] Level 1:colcon.colcon_core.package_discovery:discover_packages(colcon_meta) discover
[0.174s] Level 1:colcon.colcon_core.package_discovery:discover_packages(recursive) discover
[0.175s] INFO:colcon.colcon_core.package_discovery:Crawling recursively for packages in '/workspace/A1Z/ros2_ws'
[0.175s] Level 1:colcon.colcon_core.package_identification:_identify(.) by extensions ['ignore', 'ignore_ament_install']
[0.175s] Level 1:colcon.colcon_core.package_identification:_identify(.) by extension 'ignore'
[0.175s] Level 1:colcon.colcon_core.package_identification:_identify(.) by extension 'ignore_ament_install'
[0.175s] Level 1:colcon.colcon_core.package_identification:_identify(.) by extensions ['colcon_pkg']
[0.175s] Level 1:colcon.colcon_core.package_identification:_identify(.) by extension 'colcon_pkg'
[0.175s] Level 1:colcon.colcon_core.package_identification:_identify(.) by extensions ['colcon_meta']
[0.175s] Level 1:colcon.colcon_core.package_identification:_identify(.) by extension 'colcon_meta'
[0.175s] Level 1:colcon.colcon_core.package_identification:_identify(.) by extensions ['ros']
[0.175s] Level 1:colcon.colcon_core.package_identification:_identify(.) by extension 'ros'
[0.182s] Level 1:colcon.colcon_core.package_identification:_identify(.) by extensions ['cmake', 'python']
[0.182s] Level 1:colcon.colcon_core.package_identification:_identify(.) by extension 'cmake'
[0.182s] Level 1:colcon.colcon_core.package_identification:_identify(.) by extension 'python'
[0.182s] Level 1:colcon.colcon_core.package_identification:_identify(.) by extensions ['python_setup_py']
[0.182s] Level 1:colcon.colcon_core.package_identification:_identify(.) by extension 'python_setup_py'
[0.182s] Level 1:colcon.colcon_core.package_identification:_identify(build) by extensions ['ignore', 'ignore_ament_install']
[0.182s] Level 1:colcon.colcon_core.package_identification:_identify(build) by extension 'ignore'
[0.182s] Level 1:colcon.colcon_core.package_identification:_identify(build) ignored
[0.182s] Level 1:colcon.colcon_core.package_identification:_identify(install) by extensions ['ignore', 'ignore_ament_install']
[0.182s] Level 1:colcon.colcon_core.package_identification:_identify(install) by extension 'ignore'
[0.182s] Level 1:colcon.colcon_core.package_identification:_identify(install) ignored
[0.182s] Level 1:colcon.colcon_core.package_identification:_identify(log) by extensions ['ignore', 'ignore_ament_install']
[0.182s] Level 1:colcon.colcon_core.package_identification:_identify(log) by extension 'ignore'
[0.182s] Level 1:colcon.colcon_core.package_identification:_identify(log) ignored
[0.182s] Level 1:colcon.colcon_core.package_identification:_identify(src) by extensions ['ignore', 'ignore_ament_install']
[0.182s] Level 1:colcon.colcon_core.package_identification:_identify(src) by extension 'ignore'
[0.182s] Level 1:colcon.colcon_core.package_identification:_identify(src) by extension 'ignore_ament_install'
[0.182s] Level 1:colcon.colcon_core.package_identification:_identify(src) by extensions ['colcon_pkg']
[0.182s] Level 1:colcon.colcon_core.package_identification:_identify(src) by extension 'colcon_pkg'
[0.182s] Level 1:colcon.colcon_core.package_identification:_identify(src) by extensions ['colcon_meta']
[0.182s] Level 1:colcon.colcon_core.package_identification:_identify(src) by extension 'colcon_meta'
[0.182s] Level 1:colcon.colcon_core.package_identification:_identify(src) by extensions ['ros']
[0.182s] Level 1:colcon.colcon_core.package_identification:_identify(src) by extension 'ros'
[0.183s] Level 1:colcon.colcon_core.package_identification:_identify(src) by extensions ['cmake', 'python']
[0.183s] Level 1:colcon.colcon_core.package_identification:_identify(src) by extension 'cmake'
[0.183s] Level 1:colcon.colcon_core.package_identification:_identify(src) by extension 'python'
[0.183s] Level 1:colcon.colcon_core.package_identification:_identify(src) by extensions ['python_setup_py']
[0.183s] Level 1:colcon.colcon_core.package_identification:_identify(src) by extension 'python_setup_py'
[0.183s] Level 1:colcon.colcon_core.package_identification:_identify(src/a1z_d405) by extensions ['ignore', 'ignore_ament_install']
[0.183s] Level 1:colcon.colcon_core.package_identification:_identify(src/a1z_d405) by extension 'ignore'
[0.183s] Level 1:colcon.colcon_core.package_identification:_identify(src/a1z_d405) by extension 'ignore_ament_install'
[0.183s] Level 1:colcon.colcon_core.package_identification:_identify(src/a1z_d405) by extensions ['colcon_pkg']
[0.183s] Level 1:colcon.colcon_core.package_identification:_identify(src/a1z_d405) by extension 'colcon_pkg'
[0.183s] Level 1:colcon.colcon_core.package_identification:_identify(src/a1z_d405) by extensions ['colcon_meta']
[0.183s] Level 1:colcon.colcon_core.package_identification:_identify(src/a1z_d405) by extension 'colcon_meta'
[0.183s] Level 1:colcon.colcon_core.package_identification:_identify(src/a1z_d405) by extensions ['ros']
[0.183s] Level 1:colcon.colcon_core.package_identification:_identify(src/a1z_d405) by extension 'ros'
[0.185s] DEBUG:colcon.colcon_core.package_identification:Package 'src/a1z_d405' with type 'ros.ament_python' and name 'a1z_d405'
[0.185s] Level 1:colcon.colcon_core.package_identification:_identify(src/a1z_motion) by extensions ['ignore', 'ignore_ament_install']
[0.185s] Level 1:colcon.colcon_core.package_identification:_identify(src/a1z_motion) by extension 'ignore'
[0.185s] Level 1:colcon.colcon_core.package_identification:_identify(src/a1z_motion) by extension 'ignore_ament_install'
[0.185s] Level 1:colcon.colcon_core.package_identification:_identify(src/a1z_motion) by extensions ['colcon_pkg']
[0.185s] Level 1:colcon.colcon_core.package_identification:_identify(src/a1z_motion) by extension 'colcon_pkg'
[0.185s] Level 1:colcon.colcon_core.package_identification:_identify(src/a1z_motion) by extensions ['colcon_meta']
[0.185s] Level 1:colcon.colcon_core.package_identification:_identify(src/a1z_motion) by extension 'colcon_meta'
[0.185s] Level 1:colcon.colcon_core.package_identification:_identify(src/a1z_motion) by extensions ['ros']
[0.185s] Level 1:colcon.colcon_core.package_identification:_identify(src/a1z_motion) by extension 'ros'
[0.186s] DEBUG:colcon.colcon_core.package_identification:Package 'src/a1z_motion' with type 'ros.ament_python' and name 'a1z_motion'
[0.186s] Level 1:colcon.colcon_core.package_identification:_identify(src/a1z_msgs) by extensions ['ignore', 'ignore_ament_install']
[0.186s] Level 1:colcon.colcon_core.package_identification:_identify(src/a1z_msgs) by extension 'ignore'
[0.186s] Level 1:colcon.colcon_core.package_identification:_identify(src/a1z_msgs) by extension 'ignore_ament_install'
[0.186s] Level 1:colcon.colcon_core.package_identification:_identify(src/a1z_msgs) by extensions ['colcon_pkg']
[0.186s] Level 1:colcon.colcon_core.package_identification:_identify(src/a1z_msgs) by extension 'colcon_pkg'
[0.186s] Level 1:colcon.colcon_core.package_identification:_identify(src/a1z_msgs) by extensions ['colcon_meta']
[0.186s] Level 1:colcon.colcon_core.package_identification:_identify(src/a1z_msgs) by extension 'colcon_meta'
[0.186s] Level 1:colcon.colcon_core.package_identification:_identify(src/a1z_msgs) by extensions ['ros']
[0.186s] Level 1:colcon.colcon_core.package_identification:_identify(src/a1z_msgs) by extension 'ros'
[0.186s] DEBUG:colcon.colcon_core.package_identification:Package 'src/a1z_msgs' with type 'ros.ament_cmake' and name 'a1z_msgs'
[0.186s] Level 1:colcon.colcon_core.package_discovery:discover_packages(recursive) using defaults
[0.186s] Level 1:colcon.colcon_core.package_discovery:discover_packages(ignore) discover
[0.186s] Level 1:colcon.colcon_core.package_discovery:discover_packages(ignore) using defaults
[0.186s] Level 1:colcon.colcon_core.package_discovery:discover_packages(path) discover
[0.186s] Level 1:colcon.colcon_core.package_discovery:discover_packages(path) using defaults
[0.203s] Level 5:colcon.colcon_core.verb:set package 'a1z_d405' build argument 'cmake_args' from command line to 'None'
[0.203s] Level 5:colcon.colcon_core.verb:set package 'a1z_d405' build argument 'cmake_target' from command line to 'None'
[0.203s] Level 5:colcon.colcon_core.verb:set package 'a1z_d405' build argument 'cmake_target_skip_unavailable' from command line to 'False'
[0.203s] Level 5:colcon.colcon_core.verb:set package 'a1z_d405' build argument 'cmake_clean_cache' from command line to 'False'
[0.203s] Level 5:colcon.colcon_core.verb:set package 'a1z_d405' build argument 'cmake_clean_first' from command line to 'False'
[0.203s] Level 5:colcon.colcon_core.verb:set package 'a1z_d405' build argument 'cmake_force_configure' from command line to 'False'
[0.203s] Level 5:colcon.colcon_core.verb:set package 'a1z_d405' build argument 'ament_cmake_args' from command line to 'None'
[0.203s] Level 5:colcon.colcon_core.verb:set package 'a1z_d405' build argument 'catkin_cmake_args' from command line to 'None'
[0.203s] Level 5:colcon.colcon_core.verb:set package 'a1z_d405' build argument 'catkin_skip_building_tests' from command line to 'False'
[0.203s] DEBUG:colcon.colcon_core.verb:Building package 'a1z_d405' with the following arguments: {'ament_cmake_args': None, 'build_base': '/workspace/A1Z/ros2_ws/build/a1z_d405', 'catkin_cmake_args': None, 'catkin_skip_building_tests': False, 'cmake_args': None, 'cmake_clean_cache': False, 'cmake_clean_first': False, 'cmake_force_configure': False, 'cmake_target': None, 'cmake_target_skip_unavailable': False, 'install_base': '/workspace/A1Z/ros2_ws/install/a1z_d405', 'merge_install': False, 'path': '/workspace/A1Z/ros2_ws/src/a1z_d405', 'symlink_install': False, 'test_result_base': None}
[0.203s] Level 5:colcon.colcon_core.verb:set package 'a1z_msgs' build argument 'cmake_args' from command line to 'None'
[0.203s] Level 5:colcon.colcon_core.verb:set package 'a1z_msgs' build argument 'cmake_target' from command line to 'None'
[0.203s] Level 5:colcon.colcon_core.verb:set package 'a1z_msgs' build argument 'cmake_target_skip_unavailable' from command line to 'False'
[0.203s] Level 5:colcon.colcon_core.verb:set package 'a1z_msgs' build argument 'cmake_clean_cache' from command line to 'False'
[0.203s] Level 5:colcon.colcon_core.verb:set package 'a1z_msgs' build argument 'cmake_clean_first' from command line to 'False'
[0.203s] Level 5:colcon.colcon_core.verb:set package 'a1z_msgs' build argument 'cmake_force_configure' from command line to 'False'
[0.203s] Level 5:colcon.colcon_core.verb:set package 'a1z_msgs' build argument 'ament_cmake_args' from command line to 'None'
[0.203s] Level 5:colcon.colcon_core.verb:set package 'a1z_msgs' build argument 'catkin_cmake_args' from command line to 'None'
[0.203s] Level 5:colcon.colcon_core.verb:set package 'a1z_msgs' build argument 'catkin_skip_building_tests' from command line to 'False'
[0.203s] DEBUG:colcon.colcon_core.verb:Building package 'a1z_msgs' with the following arguments: {'ament_cmake_args': None, 'build_base': '/workspace/A1Z/ros2_ws/build/a1z_msgs', 'catkin_cmake_args': None, 'catkin_skip_building_tests': False, 'cmake_args': None, 'cmake_clean_cache': False, 'cmake_clean_first': False, 'cmake_force_configure': False, 'cmake_target': None, 'cmake_target_skip_unavailable': False, 'install_base': '/workspace/A1Z/ros2_ws/install/a1z_msgs', 'merge_install': False, 'path': '/workspace/A1Z/ros2_ws/src/a1z_msgs', 'symlink_install': False, 'test_result_base': None}
[0.203s] Level 5:colcon.colcon_core.verb:set package 'a1z_motion' build argument 'cmake_args' from command line to 'None'
[0.203s] Level 5:colcon.colcon_core.verb:set package 'a1z_motion' build argument 'cmake_target' from command line to 'None'
[0.203s] Level 5:colcon.colcon_core.verb:set package 'a1z_motion' build argument 'cmake_target_skip_unavailable' from command line to 'False'
[0.203s] Level 5:colcon.colcon_core.verb:set package 'a1z_motion' build argument 'cmake_clean_cache' from command line to 'False'
[0.203s] Level 5:colcon.colcon_core.verb:set package 'a1z_motion' build argument 'cmake_clean_first' from command line to 'False'
[0.203s] Level 5:colcon.colcon_core.verb:set package 'a1z_motion' build argument 'cmake_force_configure' from command line to 'False'
[0.203s] Level 5:colcon.colcon_core.verb:set package 'a1z_motion' build argument 'ament_cmake_args' from command line to 'None'
[0.203s] Level 5:colcon.colcon_core.verb:set package 'a1z_motion' build argument 'catkin_cmake_args' from command line to 'None'
[0.203s] Level 5:colcon.colcon_core.verb:set package 'a1z_motion' build argument 'catkin_skip_building_tests' from command line to 'False'
[0.203s] DEBUG:colcon.colcon_core.verb:Building package 'a1z_motion' with the following arguments: {'ament_cmake_args': None, 'build_base': '/workspace/A1Z/ros2_ws/build/a1z_motion', 'catkin_cmake_args': None, 'catkin_skip_building_tests': False, 'cmake_args': None, 'cmake_clean_cache': False, 'cmake_clean_first': False, 'cmake_force_configure': False, 'cmake_target': None, 'cmake_target_skip_unavailable': False, 'install_base': '/workspace/A1Z/ros2_ws/install/a1z_motion', 'merge_install': False, 'path': '/workspace/A1Z/ros2_ws/src/a1z_motion', 'symlink_install': False, 'test_result_base': None}
[0.203s] INFO:colcon.colcon_core.executor:Executing jobs using 'parallel' executor
[0.204s] DEBUG:colcon.colcon_parallel_executor.executor.parallel:run_until_complete
[0.204s] INFO:colcon.colcon_ros.task.ament_cmake.build:Building ROS package in '/workspace/A1Z/ros2_ws/src/a1z_msgs' with build type 'ament_cmake'
[0.204s] INFO:colcon.colcon_cmake.task.cmake.build:Building CMake package in '/workspace/A1Z/ros2_ws/src/a1z_msgs'
[0.206s] INFO:colcon.colcon_core.plugin_system:Skipping extension 'colcon_core.shell.bat': Not used on non-Windows systems
[0.206s] INFO:colcon.colcon_core.shell:Skip shell extension 'powershell' for command environment: Not usable outside of PowerShell
[0.206s] DEBUG:colcon.colcon_core.shell:Skip shell extension 'dsv' for command environment
[0.209s] INFO:colcon.colcon_ros.task.ament_python.build:Building ROS package in '/workspace/A1Z/ros2_ws/src/a1z_d405' with build type 'ament_python'
[0.209s] Level 1:colcon.colcon_core.shell:create_environment_hook('a1z_d405', 'ament_prefix_path')
[0.209s] INFO:colcon.colcon_core.shell:Creating environment hook '/workspace/A1Z/ros2_ws/install/a1z_d405/share/a1z_d405/hook/ament_prefix_path.ps1'
[0.210s] INFO:colcon.colcon_core.shell:Creating environment descriptor '/workspace/A1Z/ros2_ws/install/a1z_d405/share/a1z_d405/hook/ament_prefix_path.dsv'
[0.210s] INFO:colcon.colcon_core.shell:Creating environment hook '/workspace/A1Z/ros2_ws/install/a1z_d405/share/a1z_d405/hook/ament_prefix_path.sh'
[0.211s] INFO:colcon.colcon_core.shell:Skip shell extension 'powershell' for command environment: Not usable outside of PowerShell
[0.211s] DEBUG:colcon.colcon_core.shell:Skip shell extension 'dsv' for command environment
[0.214s] DEBUG:colcon.colcon_core.event_handler.log_command:Invoking command in '/workspace/A1Z/ros2_ws/build/a1z_msgs': CMAKE_PREFIX_PATH=/opt/ros/humble /usr/bin/cmake --build /workspace/A1Z/ros2_ws/build/a1z_msgs -- -j24 -l24
[0.311s] INFO:colcon.colcon_core.task.python.build:Building Python package in '/workspace/A1Z/ros2_ws/src/a1z_d405'
[0.312s] INFO:colcon.colcon_core.shell:Skip shell extension 'powershell' for command environment: Not usable outside of PowerShell
[0.312s] DEBUG:colcon.colcon_core.shell:Skip shell extension 'dsv' for command environment
[0.410s] DEBUG:colcon.colcon_core.event_handler.log_command:Invoked command in '/workspace/A1Z/ros2_ws/build/a1z_msgs' returned '0': CMAKE_PREFIX_PATH=/opt/ros/humble /usr/bin/cmake --build /workspace/A1Z/ros2_ws/build/a1z_msgs -- -j24 -l24
[0.417s] DEBUG:colcon.colcon_core.event_handler.log_command:Invoking command in '/workspace/A1Z/ros2_ws/build/a1z_msgs': CMAKE_PREFIX_PATH=/opt/ros/humble /usr/bin/cmake --install /workspace/A1Z/ros2_ws/build/a1z_msgs
[0.457s] Level 1:colcon.colcon_core.environment:create_environment_scripts_only(a1z_msgs)
[0.457s] DEBUG:colcon.colcon_core.event_handler.log_command:Invoked command in '/workspace/A1Z/ros2_ws/build/a1z_msgs' returned '0': CMAKE_PREFIX_PATH=/opt/ros/humble /usr/bin/cmake --install /workspace/A1Z/ros2_ws/build/a1z_msgs
[0.460s] Level 1:colcon.colcon_core.environment:checking '/workspace/A1Z/ros2_ws/install/a1z_msgs' for CMake module files
[0.460s] Level 1:colcon.colcon_core.environment:checking '/workspace/A1Z/ros2_ws/install/a1z_msgs' for CMake config files
[0.461s] Level 1:colcon.colcon_core.shell:create_environment_hook('a1z_msgs', 'cmake_prefix_path')
[0.461s] INFO:colcon.colcon_core.shell:Creating environment hook '/workspace/A1Z/ros2_ws/install/a1z_msgs/share/a1z_msgs/hook/cmake_prefix_path.ps1'
[0.461s] INFO:colcon.colcon_core.shell:Creating environment descriptor '/workspace/A1Z/ros2_ws/install/a1z_msgs/share/a1z_msgs/hook/cmake_prefix_path.dsv'
[0.461s] INFO:colcon.colcon_core.shell:Creating environment hook '/workspace/A1Z/ros2_ws/install/a1z_msgs/share/a1z_msgs/hook/cmake_prefix_path.sh'
[0.462s] Level 1:colcon.colcon_core.environment:checking '/workspace/A1Z/ros2_ws/install/a1z_msgs/lib'
[0.462s] Level 1:colcon.colcon_core.shell:create_environment_hook('a1z_msgs', 'ld_library_path_lib')
[0.462s] INFO:colcon.colcon_core.shell:Creating environment hook '/workspace/A1Z/ros2_ws/install/a1z_msgs/share/a1z_msgs/hook/ld_library_path_lib.ps1'
[0.462s] INFO:colcon.colcon_core.shell:Creating environment descriptor '/workspace/A1Z/ros2_ws/install/a1z_msgs/share/a1z_msgs/hook/ld_library_path_lib.dsv'
[0.462s] INFO:colcon.colcon_core.shell:Creating environment hook '/workspace/A1Z/ros2_ws/install/a1z_msgs/share/a1z_msgs/hook/ld_library_path_lib.sh'
[0.462s] Level 1:colcon.colcon_core.environment:checking '/workspace/A1Z/ros2_ws/install/a1z_msgs/bin'
[0.462s] Level 1:colcon.colcon_core.environment:checking '/workspace/A1Z/ros2_ws/install/a1z_msgs/lib/pkgconfig/a1z_msgs.pc'
[0.462s] Level 1:colcon.colcon_core.environment:checking '/workspace/A1Z/ros2_ws/install/a1z_msgs/lib/python3.10/site-packages'
[0.463s] Level 1:colcon.colcon_core.environment:checking '/workspace/A1Z/ros2_ws/install/a1z_msgs/bin'
[0.463s] INFO:colcon.colcon_core.shell:Creating package script '/workspace/A1Z/ros2_ws/install/a1z_msgs/share/a1z_msgs/package.ps1'
[0.463s] INFO:colcon.colcon_core.shell:Creating package descriptor '/workspace/A1Z/ros2_ws/install/a1z_msgs/share/a1z_msgs/package.dsv'
[0.464s] INFO:colcon.colcon_core.shell:Creating package script '/workspace/A1Z/ros2_ws/install/a1z_msgs/share/a1z_msgs/package.sh'
[0.464s] INFO:colcon.colcon_core.shell:Creating package script '/workspace/A1Z/ros2_ws/install/a1z_msgs/share/a1z_msgs/package.bash'
[0.465s] INFO:colcon.colcon_core.shell:Creating package script '/workspace/A1Z/ros2_ws/install/a1z_msgs/share/a1z_msgs/package.zsh'
[0.465s] Level 1:colcon.colcon_core.environment:create_file_with_runtime_dependencies(/workspace/A1Z/ros2_ws/install/a1z_msgs/share/colcon-core/packages/a1z_msgs)
[0.465s] Level 1:colcon.colcon_core.environment:create_environment_scripts_only(a1z_msgs)
[0.465s] Level 1:colcon.colcon_core.environment:checking '/workspace/A1Z/ros2_ws/install/a1z_msgs' for CMake module files
[0.466s] Level 1:colcon.colcon_core.environment:checking '/workspace/A1Z/ros2_ws/install/a1z_msgs' for CMake config files
[0.466s] Level 1:colcon.colcon_core.shell:create_environment_hook('a1z_msgs', 'cmake_prefix_path')
[0.466s] INFO:colcon.colcon_core.shell:Creating environment hook '/workspace/A1Z/ros2_ws/install/a1z_msgs/share/a1z_msgs/hook/cmake_prefix_path.ps1'
[0.466s] INFO:colcon.colcon_core.shell:Creating environment descriptor '/workspace/A1Z/ros2_ws/install/a1z_msgs/share/a1z_msgs/hook/cmake_prefix_path.dsv'
[0.466s] INFO:colcon.colcon_core.shell:Creating environment hook '/workspace/A1Z/ros2_ws/install/a1z_msgs/share/a1z_msgs/hook/cmake_prefix_path.sh'
[0.467s] Level 1:colcon.colcon_core.environment:checking '/workspace/A1Z/ros2_ws/install/a1z_msgs/lib'
[0.467s] Level 1:colcon.colcon_core.shell:create_environment_hook('a1z_msgs', 'ld_library_path_lib')
[0.467s] INFO:colcon.colcon_core.shell:Creating environment hook '/workspace/A1Z/ros2_ws/install/a1z_msgs/share/a1z_msgs/hook/ld_library_path_lib.ps1'
[0.467s] INFO:colcon.colcon_core.shell:Creating environment descriptor '/workspace/A1Z/ros2_ws/install/a1z_msgs/share/a1z_msgs/hook/ld_library_path_lib.dsv'
[0.467s] INFO:colcon.colcon_core.shell:Creating environment hook '/workspace/A1Z/ros2_ws/install/a1z_msgs/share/a1z_msgs/hook/ld_library_path_lib.sh'
[0.467s] Level 1:colcon.colcon_core.environment:checking '/workspace/A1Z/ros2_ws/install/a1z_msgs/bin'
[0.467s] Level 1:colcon.colcon_core.environment:checking '/workspace/A1Z/ros2_ws/install/a1z_msgs/lib/pkgconfig/a1z_msgs.pc'
[0.467s] Level 1:colcon.colcon_core.environment:checking '/workspace/A1Z/ros2_ws/install/a1z_msgs/lib/python3.10/site-packages'
[0.467s] Level 1:colcon.colcon_core.environment:checking '/workspace/A1Z/ros2_ws/install/a1z_msgs/bin'
[0.467s] INFO:colcon.colcon_core.shell:Creating package script '/workspace/A1Z/ros2_ws/install/a1z_msgs/share/a1z_msgs/package.ps1'
[0.468s] INFO:colcon.colcon_core.shell:Creating package descriptor '/workspace/A1Z/ros2_ws/install/a1z_msgs/share/a1z_msgs/package.dsv'
[0.468s] INFO:colcon.colcon_core.shell:Creating package script '/workspace/A1Z/ros2_ws/install/a1z_msgs/share/a1z_msgs/package.sh'
[0.468s] INFO:colcon.colcon_core.shell:Creating package script '/workspace/A1Z/ros2_ws/install/a1z_msgs/share/a1z_msgs/package.bash'
[0.468s] INFO:colcon.colcon_core.shell:Creating package script '/workspace/A1Z/ros2_ws/install/a1z_msgs/share/a1z_msgs/package.zsh'
[0.468s] Level 1:colcon.colcon_core.environment:create_file_with_runtime_dependencies(/workspace/A1Z/ros2_ws/install/a1z_msgs/share/colcon-core/packages/a1z_msgs)
[0.469s] INFO:colcon.colcon_ros.task.ament_python.build:Building ROS package in '/workspace/A1Z/ros2_ws/src/a1z_motion' with build type 'ament_python'
[0.469s] Level 1:colcon.colcon_core.shell:create_environment_hook('a1z_motion', 'ament_prefix_path')
[0.469s] INFO:colcon.colcon_core.shell:Creating environment hook '/workspace/A1Z/ros2_ws/install/a1z_motion/share/a1z_motion/hook/ament_prefix_path.ps1'
[0.469s] INFO:colcon.colcon_core.shell:Creating environment descriptor '/workspace/A1Z/ros2_ws/install/a1z_motion/share/a1z_motion/hook/ament_prefix_path.dsv'
[0.469s] INFO:colcon.colcon_core.shell:Creating environment hook '/workspace/A1Z/ros2_ws/install/a1z_motion/share/a1z_motion/hook/ament_prefix_path.sh'
[0.470s] INFO:colcon.colcon_core.shell:Skip shell extension 'powershell' for command environment: Not usable outside of PowerShell
[0.470s] DEBUG:colcon.colcon_core.shell:Skip shell extension 'dsv' for command environment
[0.472s] DEBUG:colcon.colcon_core.event_handler.log_command:Invoking command in '/workspace/A1Z/ros2_ws/src/a1z_d405': PYTHONPATH=/workspace/A1Z/ros2_ws/build/a1z_d405/prefix_override:/usr/lib/python3/dist-packages/colcon_core/task/python/colcon_distutils_commands:/workspace/A1Z/ros2_ws/install/a1z_d405/lib/python3.10/site-packages:${PYTHONPATH} /usr/bin/python3 -W ignore:setup.py install is deprecated -W ignore:easy_install command is deprecated setup.py egg_info --egg-base ../../build/a1z_d405 build --build-base /workspace/A1Z/ros2_ws/build/a1z_d405/build install --record /workspace/A1Z/ros2_ws/build/a1z_d405/install.log --single-version-externally-managed install_data
[0.566s] INFO:colcon.colcon_core.task.python.build:Building Python package in '/workspace/A1Z/ros2_ws/src/a1z_motion'
[0.566s] INFO:colcon.colcon_core.shell:Skip shell extension 'powershell' for command environment: Not usable outside of PowerShell
[0.566s] DEBUG:colcon.colcon_core.shell:Skip shell extension 'dsv' for command environment
[0.584s] Level 1:colcon.colcon_core.environment:checking '/workspace/A1Z/ros2_ws/install/a1z_d405' for CMake module files
[0.584s] DEBUG:colcon.colcon_core.event_handler.log_command:Invoked command in '/workspace/A1Z/ros2_ws/src/a1z_d405' returned '0': PYTHONPATH=/workspace/A1Z/ros2_ws/build/a1z_d405/prefix_override:/usr/lib/python3/dist-packages/colcon_core/task/python/colcon_distutils_commands:/workspace/A1Z/ros2_ws/install/a1z_d405/lib/python3.10/site-packages:${PYTHONPATH} /usr/bin/python3 -W ignore:setup.py install is deprecated -W ignore:easy_install command is deprecated setup.py egg_info --egg-base ../../build/a1z_d405 build --build-base /workspace/A1Z/ros2_ws/build/a1z_d405/build install --record /workspace/A1Z/ros2_ws/build/a1z_d405/install.log --single-version-externally-managed install_data
[0.584s] Level 1:colcon.colcon_core.environment:checking '/workspace/A1Z/ros2_ws/install/a1z_d405' for CMake config files
[0.585s] Level 1:colcon.colcon_core.environment:checking '/workspace/A1Z/ros2_ws/install/a1z_d405/lib'
[0.585s] Level 1:colcon.colcon_core.environment:checking '/workspace/A1Z/ros2_ws/install/a1z_d405/bin'
[0.585s] Level 1:colcon.colcon_core.environment:checking '/workspace/A1Z/ros2_ws/install/a1z_d405/lib/pkgconfig/a1z_d405.pc'
[0.585s] Level 1:colcon.colcon_core.environment:checking '/workspace/A1Z/ros2_ws/install/a1z_d405/lib/python3.10/site-packages'
[0.585s] Level 1:colcon.colcon_core.shell:create_environment_hook('a1z_d405', 'pythonpath')
[0.585s] INFO:colcon.colcon_core.shell:Creating environment hook '/workspace/A1Z/ros2_ws/install/a1z_d405/share/a1z_d405/hook/pythonpath.ps1'
[0.586s] INFO:colcon.colcon_core.shell:Creating environment descriptor '/workspace/A1Z/ros2_ws/install/a1z_d405/share/a1z_d405/hook/pythonpath.dsv'
[0.586s] INFO:colcon.colcon_core.shell:Creating environment hook '/workspace/A1Z/ros2_ws/install/a1z_d405/share/a1z_d405/hook/pythonpath.sh'
[0.586s] Level 1:colcon.colcon_core.environment:checking '/workspace/A1Z/ros2_ws/install/a1z_d405/bin'
[0.586s] Level 1:colcon.colcon_core.environment:create_environment_scripts_only(a1z_d405)
[0.586s] INFO:colcon.colcon_core.shell:Creating package script '/workspace/A1Z/ros2_ws/install/a1z_d405/share/a1z_d405/package.ps1'
[0.587s] INFO:colcon.colcon_core.shell:Creating package descriptor '/workspace/A1Z/ros2_ws/install/a1z_d405/share/a1z_d405/package.dsv'
[0.587s] INFO:colcon.colcon_core.shell:Creating package script '/workspace/A1Z/ros2_ws/install/a1z_d405/share/a1z_d405/package.sh'
[0.587s] INFO:colcon.colcon_core.shell:Creating package script '/workspace/A1Z/ros2_ws/install/a1z_d405/share/a1z_d405/package.bash'
[0.587s] INFO:colcon.colcon_core.shell:Creating package script '/workspace/A1Z/ros2_ws/install/a1z_d405/share/a1z_d405/package.zsh'
[0.587s] Level 1:colcon.colcon_core.environment:create_file_with_runtime_dependencies(/workspace/A1Z/ros2_ws/install/a1z_d405/share/colcon-core/packages/a1z_d405)
[1.236s] DEBUG:colcon.colcon_core.event_handler.log_command:Invoking command in '/workspace/A1Z/ros2_ws/src/a1z_motion': AMENT_PREFIX_PATH=/workspace/A1Z/ros2_ws/install/a1z_msgs:${AMENT_PREFIX_PATH} CMAKE_PREFIX_PATH=/workspace/A1Z/ros2_ws/install/a1z_msgs LD_LIBRARY_PATH=/workspace/A1Z/ros2_ws/install/a1z_msgs/lib:${LD_LIBRARY_PATH} PYTHONPATH=/workspace/A1Z/ros2_ws/build/a1z_motion/prefix_override:/usr/lib/python3/dist-packages/colcon_core/task/python/colcon_distutils_commands:/workspace/A1Z/ros2_ws/install/a1z_motion/lib/python3.10/site-packages:/workspace/A1Z/ros2_ws/install/a1z_msgs/local/lib/python3.10/dist-packages:${PYTHONPATH} /usr/bin/python3 -W ignore:setup.py install is deprecated -W ignore:easy_install command is deprecated setup.py egg_info --egg-base ../../build/a1z_motion build --build-base /workspace/A1Z/ros2_ws/build/a1z_motion/build install --record /workspace/A1Z/ros2_ws/build/a1z_motion/install.log --single-version-externally-managed install_data
[1.345s] Level 1:colcon.colcon_core.environment:checking '/workspace/A1Z/ros2_ws/install/a1z_motion' for CMake module files
[1.346s] DEBUG:colcon.colcon_core.event_handler.log_command:Invoked command in '/workspace/A1Z/ros2_ws/src/a1z_motion' returned '0': AMENT_PREFIX_PATH=/workspace/A1Z/ros2_ws/install/a1z_msgs:${AMENT_PREFIX_PATH} CMAKE_PREFIX_PATH=/workspace/A1Z/ros2_ws/install/a1z_msgs LD_LIBRARY_PATH=/workspace/A1Z/ros2_ws/install/a1z_msgs/lib:${LD_LIBRARY_PATH} PYTHONPATH=/workspace/A1Z/ros2_ws/build/a1z_motion/prefix_override:/usr/lib/python3/dist-packages/colcon_core/task/python/colcon_distutils_commands:/workspace/A1Z/ros2_ws/install/a1z_motion/lib/python3.10/site-packages:/workspace/A1Z/ros2_ws/install/a1z_msgs/local/lib/python3.10/dist-packages:${PYTHONPATH} /usr/bin/python3 -W ignore:setup.py install is deprecated -W ignore:easy_install command is deprecated setup.py egg_info --egg-base ../../build/a1z_motion build --build-base /workspace/A1Z/ros2_ws/build/a1z_motion/build install --record /workspace/A1Z/ros2_ws/build/a1z_motion/install.log --single-version-externally-managed install_data
[1.346s] Level 1:colcon.colcon_core.environment:checking '/workspace/A1Z/ros2_ws/install/a1z_motion' for CMake config files
[1.346s] Level 1:colcon.colcon_core.environment:checking '/workspace/A1Z/ros2_ws/install/a1z_motion/lib'
[1.346s] Level 1:colcon.colcon_core.environment:checking '/workspace/A1Z/ros2_ws/install/a1z_motion/bin'
[1.346s] Level 1:colcon.colcon_core.environment:checking '/workspace/A1Z/ros2_ws/install/a1z_motion/lib/pkgconfig/a1z_motion.pc'
[1.346s] Level 1:colcon.colcon_core.environment:checking '/workspace/A1Z/ros2_ws/install/a1z_motion/lib/python3.10/site-packages'
[1.346s] Level 1:colcon.colcon_core.shell:create_environment_hook('a1z_motion', 'pythonpath')
[1.346s] INFO:colcon.colcon_core.shell:Creating environment hook '/workspace/A1Z/ros2_ws/install/a1z_motion/share/a1z_motion/hook/pythonpath.ps1'
[1.347s] INFO:colcon.colcon_core.shell:Creating environment descriptor '/workspace/A1Z/ros2_ws/install/a1z_motion/share/a1z_motion/hook/pythonpath.dsv'
[1.347s] INFO:colcon.colcon_core.shell:Creating environment hook '/workspace/A1Z/ros2_ws/install/a1z_motion/share/a1z_motion/hook/pythonpath.sh'
[1.348s] Level 1:colcon.colcon_core.environment:checking '/workspace/A1Z/ros2_ws/install/a1z_motion/bin'
[1.348s] Level 1:colcon.colcon_core.environment:create_environment_scripts_only(a1z_motion)
[1.348s] INFO:colcon.colcon_core.shell:Creating package script '/workspace/A1Z/ros2_ws/install/a1z_motion/share/a1z_motion/package.ps1'
[1.348s] INFO:colcon.colcon_core.shell:Creating package descriptor '/workspace/A1Z/ros2_ws/install/a1z_motion/share/a1z_motion/package.dsv'
[1.348s] INFO:colcon.colcon_core.shell:Creating package script '/workspace/A1Z/ros2_ws/install/a1z_motion/share/a1z_motion/package.sh'
[1.349s] INFO:colcon.colcon_core.shell:Creating package script '/workspace/A1Z/ros2_ws/install/a1z_motion/share/a1z_motion/package.bash'
[1.349s] INFO:colcon.colcon_core.shell:Creating package script '/workspace/A1Z/ros2_ws/install/a1z_motion/share/a1z_motion/package.zsh'
[1.349s] Level 1:colcon.colcon_core.environment:create_file_with_runtime_dependencies(/workspace/A1Z/ros2_ws/install/a1z_motion/share/colcon-core/packages/a1z_motion)
[1.349s] DEBUG:colcon.colcon_parallel_executor.executor.parallel:closing loop
[1.349s] DEBUG:colcon.colcon_parallel_executor.executor.parallel:loop closed
[1.349s] DEBUG:colcon.colcon_parallel_executor.executor.parallel:run_until_complete finished with '0'
[1.349s] DEBUG:colcon.colcon_core.event_reactor:joining thread
[1.356s] INFO:colcon.colcon_core.plugin_system:Skipping extension 'colcon_notification.desktop_notification.notify_send': Could not find 'notify-send'
[1.356s] INFO:colcon.colcon_core.plugin_system:Skipping extension 'colcon_notification.desktop_notification.terminal_notifier': Not used on non-Darwin systems
[1.356s] INFO:colcon.colcon_core.plugin_system:Skipping extension 'colcon_notification.desktop_notification.win32': Not used on non-Windows systems
[1.356s] INFO:colcon.colcon_notification.desktop_notification:Sending desktop notification using 'notify2'
[1.356s] DEBUG:colcon.colcon_notification.desktop_notification.notify2:Failed to initialize notify2: org.freedesktop.DBus.Error.NotSupported: Unable to autolaunch a dbus-daemon without a $DISPLAY for X11
[1.356s] DEBUG:colcon.colcon_core.event_reactor:joined thread
[1.356s] INFO:colcon.colcon_core.shell:Creating prefix script '/workspace/A1Z/ros2_ws/install/local_setup.ps1'
[1.357s] INFO:colcon.colcon_core.shell:Creating prefix util module '/workspace/A1Z/ros2_ws/install/_local_setup_util_ps1.py'
[1.358s] INFO:colcon.colcon_core.shell:Creating prefix chain script '/workspace/A1Z/ros2_ws/install/setup.ps1'
[1.359s] INFO:colcon.colcon_core.shell:Creating prefix script '/workspace/A1Z/ros2_ws/install/local_setup.sh'
[1.359s] INFO:colcon.colcon_core.shell:Creating prefix util module '/workspace/A1Z/ros2_ws/install/_local_setup_util_sh.py'
[1.359s] INFO:colcon.colcon_core.shell:Creating prefix chain script '/workspace/A1Z/ros2_ws/install/setup.sh'
[1.360s] INFO:colcon.colcon_core.shell:Creating prefix script '/workspace/A1Z/ros2_ws/install/local_setup.bash'
[1.360s] INFO:colcon.colcon_core.shell:Creating prefix chain script '/workspace/A1Z/ros2_ws/install/setup.bash'
[1.361s] INFO:colcon.colcon_core.shell:Creating prefix script '/workspace/A1Z/ros2_ws/install/local_setup.zsh'
[1.361s] INFO:colcon.colcon_core.shell:Creating prefix chain script '/workspace/A1Z/ros2_ws/install/setup.zsh'
