[0.000000] (-) TimerEvent: {}
[0.000084] (a1z_msgs) JobQueued: {'identifier': 'a1z_msgs', 'dependencies': OrderedDict()}
[0.000150] (a1z_motion) JobQueued: {'identifier': 'a1z_motion', 'dependencies': OrderedDict([('a1z_msgs', '/workspace/A1Z/ros2_ws/install/a1z_msgs')])}
[0.000177] (a1z_msgs) JobStarted: {'identifier': 'a1z_msgs'}
[0.003910] (a1z_msgs) JobProgress: {'identifier': 'a1z_msgs', 'progress': 'cmake'}
[0.004159] (a1z_msgs) JobProgress: {'identifier': 'a1z_msgs', 'progress': 'build'}
[0.004470] (a1z_msgs) Command: {'cmd': ['/usr/bin/cmake', '--build', '/workspace/A1Z/ros2_ws/build/a1z_msgs', '--', '-j24', '-l24'], 'cwd': '/workspace/A1Z/ros2_ws/build/a1z_msgs', 'env': OrderedDict([('A1Z_TCP_PORT', '18080'), ('HOSTNAME', 'th1rt3en-lab'), ('SHLVL', '1'), ('LD_LIBRARY_PATH', '/opt/ros/humble/lib/x86_64-linux-gnu:/opt/ros/humble/lib'), ('HOME', '/root'), ('OLDPWD', '/workspace/A1Z/ros2_ws'), ('ROS_PYTHON_VERSION', '3'), ('A1Z_SDK_DIR', '/workspace/A1Z/vendor/GALAXEA-A1Z'), ('ROS_DISTRO', 'humble'), ('_', '/usr/bin/colcon'), ('ROS_VERSION', '2'), ('ROS_LOCALHOST_ONLY', '0'), ('PATH', '/opt/ros/humble/bin:/usr/local/sbin:/usr/local/bin:/usr/sbin:/usr/bin:/sbin:/bin'), ('A1Z_CONTROL_URDF', '/workspace/A1Z/build/robot_packages/A1Z_G1Z/urdf/A1Z_G1Z_control.urdf'), ('LANG', 'C.UTF-8'), ('AMENT_PREFIX_PATH', '/opt/ros/humble'), ('DEBIAN_FRONTEND', 'noninteractive'), ('PWD', '/workspace/A1Z/ros2_ws/build/a1z_msgs'), ('A1Z_TCP_HOST', '0.0.0.0'), ('LC_ALL', 'C.UTF-8'), ('PYTHONPATH', '/opt/ros/humble/lib/python3.10/site-packages:/opt/ros/humble/local/lib/python3.10/dist-packages'), ('COLCON', '1'), ('CMAKE_PREFIX_PATH', '/opt/ros/humble')]), 'shell': False}
[0.035772] (a1z_msgs) StdoutLine: {'line': b'[  3%] Built target a1z_msgs__rs\n'}
[0.035930] (a1z_msgs) StdoutLine: {'line': b'[  9%] Built target a1z_msgs__cpp\n'}
[0.035970] (a1z_msgs) StdoutLine: {'line': b'[ 15%] Built target a1z_msgs__rosidl_generator_c\n'}
[0.045830] (a1z_msgs) StdoutLine: {'line': b'[ 15%] Built target ament_cmake_python_copy_a1z_msgs\n'}
[0.048956] (a1z_msgs) StdoutLine: {'line': b'[ 43%] Built target a1z_msgs__rosidl_typesupport_fastrtps_cpp\n'}
[0.049091] (a1z_msgs) StdoutLine: {'line': b'[ 43%] Built target a1z_msgs__rosidl_typesupport_introspection_cpp\n'}
[0.049129] (a1z_msgs) StdoutLine: {'line': b'[ 43%] Built target a1z_msgs__rosidl_typesupport_cpp\n'}
[0.058977] (a1z_msgs) StdoutLine: {'line': b'[ 68%] Built target a1z_msgs__rosidl_typesupport_c\n'}
[0.059123] (a1z_msgs) StdoutLine: {'line': b'[ 68%] Built target a1z_msgs__rosidl_typesupport_introspection_c\n'}
[0.059162] (a1z_msgs) StdoutLine: {'line': b'[ 71%] Built target a1z_msgs__rosidl_typesupport_fastrtps_c\n'}
[0.071681] (a1z_msgs) StdoutLine: {'line': b'[ 71%] Built target a1z_msgs\n'}
[0.085390] (a1z_msgs) StdoutLine: {'line': b'[ 75%] Built target a1z_msgs__py\n'}
[0.099376] (a1z_msgs) StdoutLine: {'line': b'[ 81%] Built target a1z_msgs__rosidl_generator_py\n'}
[0.099510] (-) TimerEvent: {}
[0.112799] (a1z_msgs) StdoutLine: {'line': b'[ 93%] Built target a1z_msgs__rosidl_typesupport_c__pyext\n'}
[0.112930] (a1z_msgs) StdoutLine: {'line': b'[ 93%] Built target a1z_msgs__rosidl_typesupport_introspection_c__pyext\n'}
[0.113699] (a1z_msgs) StdoutLine: {'line': b'[100%] Built target a1z_msgs__rosidl_typesupport_fastrtps_c__pyext\n'}
[0.145606] (a1z_msgs) StdoutLine: {'line': b'running egg_info\n'}
[0.145947] (a1z_msgs) StdoutLine: {'line': b'writing a1z_msgs.egg-info/PKG-INFO\n'}
[0.146072] (a1z_msgs) StdoutLine: {'line': b'writing dependency_links to a1z_msgs.egg-info/dependency_links.txt\n'}
[0.146210] (a1z_msgs) StdoutLine: {'line': b'writing top-level names to a1z_msgs.egg-info/top_level.txt\n'}
[0.146903] (a1z_msgs) StdoutLine: {'line': b"reading manifest file 'a1z_msgs.egg-info/SOURCES.txt'\n"}
[0.147309] (a1z_msgs) StdoutLine: {'line': b"writing manifest file 'a1z_msgs.egg-info/SOURCES.txt'\n"}
[0.162019] (a1z_msgs) StdoutLine: {'line': b'[100%] Built target ament_cmake_python_build_a1z_msgs_egg\n'}
[0.169581] (a1z_msgs) CommandEnded: {'returncode': 0}
[0.169988] (a1z_msgs) JobProgress: {'identifier': 'a1z_msgs', 'progress': 'install'}
[0.175579] (a1z_msgs) Command: {'cmd': ['/usr/bin/cmake', '--install', '/workspace/A1Z/ros2_ws/build/a1z_msgs'], 'cwd': '/workspace/A1Z/ros2_ws/build/a1z_msgs', 'env': OrderedDict([('A1Z_TCP_PORT', '18080'), ('HOSTNAME', 'th1rt3en-lab'), ('SHLVL', '1'), ('LD_LIBRARY_PATH', '/opt/ros/humble/lib/x86_64-linux-gnu:/opt/ros/humble/lib'), ('HOME', '/root'), ('OLDPWD', '/workspace/A1Z/ros2_ws'), ('ROS_PYTHON_VERSION', '3'), ('A1Z_SDK_DIR', '/workspace/A1Z/vendor/GALAXEA-A1Z'), ('ROS_DISTRO', 'humble'), ('_', '/usr/bin/colcon'), ('ROS_VERSION', '2'), ('ROS_LOCALHOST_ONLY', '0'), ('PATH', '/opt/ros/humble/bin:/usr/local/sbin:/usr/local/bin:/usr/sbin:/usr/bin:/sbin:/bin'), ('A1Z_CONTROL_URDF', '/workspace/A1Z/build/robot_packages/A1Z_G1Z/urdf/A1Z_G1Z_control.urdf'), ('LANG', 'C.UTF-8'), ('AMENT_PREFIX_PATH', '/opt/ros/humble'), ('DEBIAN_FRONTEND', 'noninteractive'), ('PWD', '/workspace/A1Z/ros2_ws/build/a1z_msgs'), ('A1Z_TCP_HOST', '0.0.0.0'), ('LC_ALL', 'C.UTF-8'), ('PYTHONPATH', '/opt/ros/humble/lib/python3.10/site-packages:/opt/ros/humble/local/lib/python3.10/dist-packages'), ('COLCON', '1'), ('CMAKE_PREFIX_PATH', '/opt/ros/humble')]), 'shell': False}
[0.180905] (a1z_msgs) StdoutLine: {'line': b'-- Install configuration: ""\n'}
[0.181061] (a1z_msgs) StdoutLine: {'line': b'-- Up-to-date: /workspace/A1Z/ros2_ws/install/a1z_msgs/share/ament_index/resource_index/rosidl_interfaces/a1z_msgs\n'}
[0.181195] (a1z_msgs) StdoutLine: {'line': b'-- Up-to-date: /workspace/A1Z/ros2_ws/install/a1z_msgs/include/a1z_msgs/a1z_msgs\n'}
[0.181230] (a1z_msgs) StdoutLine: {'line': b'-- Up-to-date: /workspace/A1Z/ros2_ws/install/a1z_msgs/include/a1z_msgs/a1z_msgs/action\n'}
[0.181254] (a1z_msgs) StdoutLine: {'line': b'-- Up-to-date: /workspace/A1Z/ros2_ws/install/a1z_msgs/include/a1z_msgs/a1z_msgs/action/move_end_effector.h\n'}
[0.181277] (a1z_msgs) StdoutLine: {'line': b'-- Up-to-date: /workspace/A1Z/ros2_ws/install/a1z_msgs/include/a1z_msgs/a1z_msgs/action/detail\n'}
[0.181298] (a1z_msgs) StdoutLine: {'line': b'-- Up-to-date: /workspace/A1Z/ros2_ws/install/a1z_msgs/include/a1z_msgs/a1z_msgs/action/detail/move_end_effector__struct.h\n'}
[0.181320] (a1z_msgs) StdoutLine: {'line': b'-- Up-to-date: /workspace/A1Z/ros2_ws/install/a1z_msgs/include/a1z_msgs/a1z_msgs/action/detail/move_end_effector__functions.h\n'}
[0.181344] (a1z_msgs) StdoutLine: {'line': b'-- Up-to-date: /workspace/A1Z/ros2_ws/install/a1z_msgs/include/a1z_msgs/a1z_msgs/action/detail/move_end_effector__type_support.h\n'}
[0.181365] (a1z_msgs) StdoutLine: {'line': b'-- Up-to-date: /workspace/A1Z/ros2_ws/install/a1z_msgs/include/a1z_msgs/a1z_msgs/action/detail/move_end_effector__functions.c\n'}
[0.181384] (a1z_msgs) StdoutLine: {'line': b'-- Up-to-date: /workspace/A1Z/ros2_ws/install/a1z_msgs/include/a1z_msgs/a1z_msgs/msg\n'}
[0.181402] (a1z_msgs) StdoutLine: {'line': b'-- Up-to-date: /workspace/A1Z/ros2_ws/install/a1z_msgs/include/a1z_msgs/a1z_msgs/msg/rosidl_generator_c__visibility_control.h\n'}
[0.181422] (a1z_msgs) StdoutLine: {'line': b'-- Up-to-date: /workspace/A1Z/ros2_ws/install/a1z_msgs/share/a1z_msgs/environment/library_path.sh\n'}
[0.181441] (a1z_msgs) StdoutLine: {'line': b'-- Up-to-date: /workspace/A1Z/ros2_ws/install/a1z_msgs/share/a1z_msgs/environment/library_path.dsv\n'}
[0.181499] (a1z_msgs) StdoutLine: {'line': b'-- Up-to-date: /workspace/A1Z/ros2_ws/install/a1z_msgs/lib/liba1z_msgs__rosidl_generator_c.so\n'}
[0.181530] (a1z_msgs) StdoutLine: {'line': b'-- Up-to-date: /workspace/A1Z/ros2_ws/install/a1z_msgs/include/a1z_msgs/a1z_msgs\n'}
[0.181554] (a1z_msgs) StdoutLine: {'line': b'-- Up-to-date: /workspace/A1Z/ros2_ws/install/a1z_msgs/include/a1z_msgs/a1z_msgs/action\n'}
[0.181578] (a1z_msgs) StdoutLine: {'line': b'-- Up-to-date: /workspace/A1Z/ros2_ws/install/a1z_msgs/include/a1z_msgs/a1z_msgs/action/detail\n'}
[0.181738] (a1z_msgs) StdoutLine: {'line': b'-- Up-to-date: /workspace/A1Z/ros2_ws/install/a1z_msgs/include/a1z_msgs/a1z_msgs/action/detail/move_end_effector__rosidl_typesupport_fastrtps_c.h\n'}
[0.181825] (a1z_msgs) StdoutLine: {'line': b'-- Up-to-date: /workspace/A1Z/ros2_ws/install/a1z_msgs/include/a1z_msgs/a1z_msgs/msg\n'}
[0.181855] (a1z_msgs) StdoutLine: {'line': b'-- Up-to-date: /workspace/A1Z/ros2_ws/install/a1z_msgs/include/a1z_msgs/a1z_msgs/msg/rosidl_typesupport_fastrtps_c__visibility_control.h\n'}
[0.181926] (a1z_msgs) StdoutLine: {'line': b'-- Up-to-date: /workspace/A1Z/ros2_ws/install/a1z_msgs/lib/liba1z_msgs__rosidl_typesupport_fastrtps_c.so\n'}
[0.181947] (a1z_msgs) StdoutLine: {'line': b'-- Up-to-date: /workspace/A1Z/ros2_ws/install/a1z_msgs/include/a1z_msgs/a1z_msgs\n'}
[0.181968] (a1z_msgs) StdoutLine: {'line': b'-- Up-to-date: /workspace/A1Z/ros2_ws/install/a1z_msgs/include/a1z_msgs/a1z_msgs/action\n'}
[0.182072] (a1z_msgs) StdoutLine: {'line': b'-- Up-to-date: /workspace/A1Z/ros2_ws/install/a1z_msgs/include/a1z_msgs/a1z_msgs/action/detail\n'}
[0.182090] (a1z_msgs) StdoutLine: {'line': b'-- Up-to-date: /workspace/A1Z/ros2_ws/install/a1z_msgs/include/a1z_msgs/a1z_msgs/action/detail/move_end_effector__struct.hpp\n'}
[0.182111] (a1z_msgs) StdoutLine: {'line': b'-- Up-to-date: /workspace/A1Z/ros2_ws/install/a1z_msgs/include/a1z_msgs/a1z_msgs/action/detail/move_end_effector__builder.hpp\n'}
[0.182129] (a1z_msgs) StdoutLine: {'line': b'-- Up-to-date: /workspace/A1Z/ros2_ws/install/a1z_msgs/include/a1z_msgs/a1z_msgs/action/detail/move_end_effector__traits.hpp\n'}
[0.182147] (a1z_msgs) StdoutLine: {'line': b'-- Up-to-date: /workspace/A1Z/ros2_ws/install/a1z_msgs/include/a1z_msgs/a1z_msgs/action/detail/move_end_effector__type_support.hpp\n'}
[0.182169] (a1z_msgs) StdoutLine: {'line': b'-- Up-to-date: /workspace/A1Z/ros2_ws/install/a1z_msgs/include/a1z_msgs/a1z_msgs/action/move_end_effector.hpp\n'}
[0.182187] (a1z_msgs) StdoutLine: {'line': b'-- Up-to-date: /workspace/A1Z/ros2_ws/install/a1z_msgs/include/a1z_msgs/a1z_msgs/msg\n'}
[0.182205] (a1z_msgs) StdoutLine: {'line': b'-- Up-to-date: /workspace/A1Z/ros2_ws/install/a1z_msgs/include/a1z_msgs/a1z_msgs/msg/rosidl_generator_cpp__visibility_control.hpp\n'}
[0.182223] (a1z_msgs) StdoutLine: {'line': b'-- Up-to-date: /workspace/A1Z/ros2_ws/install/a1z_msgs/include/a1z_msgs/a1z_msgs\n'}
[0.182241] (a1z_msgs) StdoutLine: {'line': b'-- Up-to-date: /workspace/A1Z/ros2_ws/install/a1z_msgs/include/a1z_msgs/a1z_msgs/action\n'}
[0.182258] (a1z_msgs) StdoutLine: {'line': b'-- Up-to-date: /workspace/A1Z/ros2_ws/install/a1z_msgs/include/a1z_msgs/a1z_msgs/action/detail\n'}
[0.182276] (a1z_msgs) StdoutLine: {'line': b'-- Up-to-date: /workspace/A1Z/ros2_ws/install/a1z_msgs/include/a1z_msgs/a1z_msgs/action/detail/move_end_effector__rosidl_typesupport_fastrtps_cpp.hpp\n'}
[0.182294] (a1z_msgs) StdoutLine: {'line': b'-- Up-to-date: /workspace/A1Z/ros2_ws/install/a1z_msgs/include/a1z_msgs/a1z_msgs/action/detail/dds_fastrtps\n'}
[0.182311] (a1z_msgs) StdoutLine: {'line': b'-- Up-to-date: /workspace/A1Z/ros2_ws/install/a1z_msgs/include/a1z_msgs/a1z_msgs/msg\n'}
[0.182328] (a1z_msgs) StdoutLine: {'line': b'-- Up-to-date: /workspace/A1Z/ros2_ws/install/a1z_msgs/include/a1z_msgs/a1z_msgs/msg/rosidl_typesupport_fastrtps_cpp__visibility_control.h\n'}
[0.182346] (a1z_msgs) StdoutLine: {'line': b'-- Up-to-date: /workspace/A1Z/ros2_ws/install/a1z_msgs/lib/liba1z_msgs__rosidl_typesupport_fastrtps_cpp.so\n'}
[0.182364] (a1z_msgs) StdoutLine: {'line': b'-- Up-to-date: /workspace/A1Z/ros2_ws/install/a1z_msgs/include/a1z_msgs/a1z_msgs\n'}
[0.182382] (a1z_msgs) StdoutLine: {'line': b'-- Up-to-date: /workspace/A1Z/ros2_ws/install/a1z_msgs/include/a1z_msgs/a1z_msgs/action\n'}
[0.182400] (a1z_msgs) StdoutLine: {'line': b'-- Up-to-date: /workspace/A1Z/ros2_ws/install/a1z_msgs/include/a1z_msgs/a1z_msgs/action/detail\n'}
[0.182418] (a1z_msgs) StdoutLine: {'line': b'-- Up-to-date: /workspace/A1Z/ros2_ws/install/a1z_msgs/include/a1z_msgs/a1z_msgs/action/detail/move_end_effector__rosidl_typesupport_introspection_c.h\n'}
[0.182436] (a1z_msgs) StdoutLine: {'line': b'-- Up-to-date: /workspace/A1Z/ros2_ws/install/a1z_msgs/include/a1z_msgs/a1z_msgs/action/detail/move_end_effector__type_support.c\n'}
[0.182455] (a1z_msgs) StdoutLine: {'line': b'-- Up-to-date: /workspace/A1Z/ros2_ws/install/a1z_msgs/include/a1z_msgs/a1z_msgs/msg\n'}
[0.182477] (a1z_msgs) StdoutLine: {'line': b'-- Up-to-date: /workspace/A1Z/ros2_ws/install/a1z_msgs/include/a1z_msgs/a1z_msgs/msg/rosidl_typesupport_introspection_c__visibility_control.h\n'}
[0.183227] (a1z_msgs) StdoutLine: {'line': b'-- Up-to-date: /workspace/A1Z/ros2_ws/install/a1z_msgs/lib/liba1z_msgs__rosidl_typesupport_introspection_c.so\n'}
[0.183262] (a1z_msgs) StdoutLine: {'line': b'-- Up-to-date: /workspace/A1Z/ros2_ws/install/a1z_msgs/lib/liba1z_msgs__rosidl_typesupport_c.so\n'}
[0.183283] (a1z_msgs) StdoutLine: {'line': b'-- Up-to-date: /workspace/A1Z/ros2_ws/install/a1z_msgs/include/a1z_msgs/a1z_msgs\n'}
[0.183304] (a1z_msgs) StdoutLine: {'line': b'-- Up-to-date: /workspace/A1Z/ros2_ws/install/a1z_msgs/include/a1z_msgs/a1z_msgs/action\n'}
[0.183325] (a1z_msgs) StdoutLine: {'line': b'-- Up-to-date: /workspace/A1Z/ros2_ws/install/a1z_msgs/include/a1z_msgs/a1z_msgs/action/detail\n'}
[0.183346] (a1z_msgs) StdoutLine: {'line': b'-- Up-to-date: /workspace/A1Z/ros2_ws/install/a1z_msgs/include/a1z_msgs/a1z_msgs/action/detail/move_end_effector__rosidl_typesupport_introspection_cpp.hpp\n'}
[0.183364] (a1z_msgs) StdoutLine: {'line': b'-- Up-to-date: /workspace/A1Z/ros2_ws/install/a1z_msgs/include/a1z_msgs/a1z_msgs/action/detail/move_end_effector__type_support.cpp\n'}
[0.183383] (a1z_msgs) StdoutLine: {'line': b'-- Up-to-date: /workspace/A1Z/ros2_ws/install/a1z_msgs/lib/liba1z_msgs__rosidl_typesupport_introspection_cpp.so\n'}
[0.183404] (a1z_msgs) StdoutLine: {'line': b'-- Up-to-date: /workspace/A1Z/ros2_ws/install/a1z_msgs/lib/liba1z_msgs__rosidl_typesupport_cpp.so\n'}
[0.183423] (a1z_msgs) StdoutLine: {'line': b'-- Up-to-date: /workspace/A1Z/ros2_ws/install/a1z_msgs/share/a1z_msgs/environment/pythonpath.sh\n'}
[0.183441] (a1z_msgs) StdoutLine: {'line': b'-- Up-to-date: /workspace/A1Z/ros2_ws/install/a1z_msgs/share/a1z_msgs/environment/pythonpath.dsv\n'}
[0.183459] (a1z_msgs) StdoutLine: {'line': b'-- Up-to-date: /workspace/A1Z/ros2_ws/install/a1z_msgs/local/lib/python3.10/dist-packages/a1z_msgs-0.1.0-py3.10.egg-info\n'}
[0.183477] (a1z_msgs) StdoutLine: {'line': b'-- Installing: /workspace/A1Z/ros2_ws/install/a1z_msgs/local/lib/python3.10/dist-packages/a1z_msgs-0.1.0-py3.10.egg-info/PKG-INFO\n'}
[0.183495] (a1z_msgs) StdoutLine: {'line': b'-- Installing: /workspace/A1Z/ros2_ws/install/a1z_msgs/local/lib/python3.10/dist-packages/a1z_msgs-0.1.0-py3.10.egg-info/SOURCES.txt\n'}
[0.183513] (a1z_msgs) StdoutLine: {'line': b'-- Installing: /workspace/A1Z/ros2_ws/install/a1z_msgs/local/lib/python3.10/dist-packages/a1z_msgs-0.1.0-py3.10.egg-info/dependency_links.txt\n'}
[0.183535] (a1z_msgs) StdoutLine: {'line': b'-- Installing: /workspace/A1Z/ros2_ws/install/a1z_msgs/local/lib/python3.10/dist-packages/a1z_msgs-0.1.0-py3.10.egg-info/top_level.txt\n'}
[0.183555] (a1z_msgs) StdoutLine: {'line': b'-- Up-to-date: /workspace/A1Z/ros2_ws/install/a1z_msgs/local/lib/python3.10/dist-packages/a1z_msgs\n'}
[0.183576] (a1z_msgs) StdoutLine: {'line': b'-- Up-to-date: /workspace/A1Z/ros2_ws/install/a1z_msgs/local/lib/python3.10/dist-packages/a1z_msgs/action\n'}
[0.183599] (a1z_msgs) StdoutLine: {'line': b'-- Up-to-date: /workspace/A1Z/ros2_ws/install/a1z_msgs/local/lib/python3.10/dist-packages/a1z_msgs/action/_move_end_effector_s.c\n'}
[0.183620] (a1z_msgs) StdoutLine: {'line': b'-- Up-to-date: /workspace/A1Z/ros2_ws/install/a1z_msgs/local/lib/python3.10/dist-packages/a1z_msgs/action/_move_end_effector.py\n'}
[0.183639] (a1z_msgs) StdoutLine: {'line': b'-- Up-to-date: /workspace/A1Z/ros2_ws/install/a1z_msgs/local/lib/python3.10/dist-packages/a1z_msgs/action/__init__.py\n'}
[0.183661] (a1z_msgs) StdoutLine: {'line': b'-- Up-to-date: /workspace/A1Z/ros2_ws/install/a1z_msgs/local/lib/python3.10/dist-packages/a1z_msgs/liba1z_msgs__rosidl_generator_py.so\n'}
[0.183679] (a1z_msgs) StdoutLine: {'line': b'-- Up-to-date: /workspace/A1Z/ros2_ws/install/a1z_msgs/local/lib/python3.10/dist-packages/a1z_msgs/a1z_msgs_s__rosidl_typesupport_introspection_c.cpython-310-x86_64-linux-gnu.so\n'}
[0.183698] (a1z_msgs) StdoutLine: {'line': b'-- Up-to-date: /workspace/A1Z/ros2_ws/install/a1z_msgs/local/lib/python3.10/dist-packages/a1z_msgs/_a1z_msgs_s.ep.rosidl_typesupport_c.c\n'}
[0.183714] (a1z_msgs) StdoutLine: {'line': b'-- Up-to-date: /workspace/A1Z/ros2_ws/install/a1z_msgs/local/lib/python3.10/dist-packages/a1z_msgs/a1z_msgs_s__rosidl_typesupport_fastrtps_c.cpython-310-x86_64-linux-gnu.so\n'}
[0.183732] (a1z_msgs) StdoutLine: {'line': b'-- Up-to-date: /workspace/A1Z/ros2_ws/install/a1z_msgs/local/lib/python3.10/dist-packages/a1z_msgs/_a1z_msgs_s.ep.rosidl_typesupport_introspection_c.c\n'}
[0.183749] (a1z_msgs) StdoutLine: {'line': b'-- Up-to-date: /workspace/A1Z/ros2_ws/install/a1z_msgs/local/lib/python3.10/dist-packages/a1z_msgs/a1z_msgs_s__rosidl_typesupport_c.cpython-310-x86_64-linux-gnu.so\n'}
[0.183766] (a1z_msgs) StdoutLine: {'line': b'-- Up-to-date: /workspace/A1Z/ros2_ws/install/a1z_msgs/local/lib/python3.10/dist-packages/a1z_msgs/_a1z_msgs_s.ep.rosidl_typesupport_fastrtps_c.c\n'}
[0.183782] (a1z_msgs) StdoutLine: {'line': b'-- Up-to-date: /workspace/A1Z/ros2_ws/install/a1z_msgs/local/lib/python3.10/dist-packages/a1z_msgs/__init__.py\n'}
[0.199604] (-) TimerEvent: {}
[0.202132] (a1z_msgs) StdoutLine: {'line': b"Listing '/workspace/A1Z/ros2_ws/install/a1z_msgs/local/lib/python3.10/dist-packages/a1z_msgs'...\n"}
[0.202247] (a1z_msgs) StdoutLine: {'line': b"Listing '/workspace/A1Z/ros2_ws/install/a1z_msgs/local/lib/python3.10/dist-packages/a1z_msgs/action'...\n"}
[0.205522] (a1z_msgs) StdoutLine: {'line': b'-- Up-to-date: /workspace/A1Z/ros2_ws/install/a1z_msgs/local/lib/python3.10/dist-packages/a1z_msgs/a1z_msgs_s__rosidl_typesupport_fastrtps_c.cpython-310-x86_64-linux-gnu.so\n'}
[0.205687] (a1z_msgs) StdoutLine: {'line': b'-- Up-to-date: /workspace/A1Z/ros2_ws/install/a1z_msgs/local/lib/python3.10/dist-packages/a1z_msgs/a1z_msgs_s__rosidl_typesupport_introspection_c.cpython-310-x86_64-linux-gnu.so\n'}
[0.205759] (a1z_msgs) StdoutLine: {'line': b'-- Up-to-date: /workspace/A1Z/ros2_ws/install/a1z_msgs/local/lib/python3.10/dist-packages/a1z_msgs/a1z_msgs_s__rosidl_typesupport_c.cpython-310-x86_64-linux-gnu.so\n'}
[0.205790] (a1z_msgs) StdoutLine: {'line': b'-- Up-to-date: /workspace/A1Z/ros2_ws/install/a1z_msgs/lib/liba1z_msgs__rosidl_generator_py.so\n'}
[0.205996] (a1z_msgs) StdoutLine: {'line': b'-- Up-to-date: /workspace/A1Z/ros2_ws/install/a1z_msgs/share/ament_index/resource_index/rust_packages/a1z_msgs\n'}
[0.206059] (a1z_msgs) StdoutLine: {'line': b'-- Up-to-date: /workspace/A1Z/ros2_ws/install/a1z_msgs/share/a1z_msgs/rust\n'}
[0.206134] (a1z_msgs) StdoutLine: {'line': b'-- Up-to-date: /workspace/A1Z/ros2_ws/install/a1z_msgs/share/a1z_msgs/rust/src\n'}
[0.206261] (a1z_msgs) StdoutLine: {'line': b'-- Up-to-date: /workspace/A1Z/ros2_ws/install/a1z_msgs/share/a1z_msgs/rust/src/action\n'}
[0.206330] (a1z_msgs) StdoutLine: {'line': b'-- Up-to-date: /workspace/A1Z/ros2_ws/install/a1z_msgs/share/a1z_msgs/rust/src/action/rmw.rs\n'}
[0.206362] (a1z_msgs) StdoutLine: {'line': b'-- Up-to-date: /workspace/A1Z/ros2_ws/install/a1z_msgs/share/a1z_msgs/rust/src/lib.rs\n'}
[0.206389] (a1z_msgs) StdoutLine: {'line': b'-- Up-to-date: /workspace/A1Z/ros2_ws/install/a1z_msgs/share/a1z_msgs/rust/src/action.rs\n'}
[0.206414] (a1z_msgs) StdoutLine: {'line': b'-- Up-to-date: /workspace/A1Z/ros2_ws/install/a1z_msgs/share/a1z_msgs/rust/Cargo.toml\n'}
[0.207047] (a1z_msgs) StdoutLine: {'line': b'-- Up-to-date: /workspace/A1Z/ros2_ws/install/a1z_msgs/share/a1z_msgs/rust/build.rs\n'}
[0.207112] (a1z_msgs) StdoutLine: {'line': b'-- Up-to-date: /workspace/A1Z/ros2_ws/install/a1z_msgs/share/a1z_msgs/action/MoveEndEffector.idl\n'}
[0.207194] (a1z_msgs) StdoutLine: {'line': b'-- Up-to-date: /workspace/A1Z/ros2_ws/install/a1z_msgs/share/a1z_msgs/action/MoveEndEffector.action\n'}
[0.207216] (a1z_msgs) StdoutLine: {'line': b'-- Up-to-date: /workspace/A1Z/ros2_ws/install/a1z_msgs/share/ament_index/resource_index/package_run_dependencies/a1z_msgs\n'}
[0.207237] (a1z_msgs) StdoutLine: {'line': b'-- Up-to-date: /workspace/A1Z/ros2_ws/install/a1z_msgs/share/ament_index/resource_index/parent_prefix_path/a1z_msgs\n'}
[0.207262] (a1z_msgs) StdoutLine: {'line': b'-- Up-to-date: /workspace/A1Z/ros2_ws/install/a1z_msgs/share/a1z_msgs/environment/ament_prefix_path.sh\n'}
[0.207285] (a1z_msgs) StdoutLine: {'line': b'-- Up-to-date: /workspace/A1Z/ros2_ws/install/a1z_msgs/share/a1z_msgs/environment/ament_prefix_path.dsv\n'}
[0.207306] (a1z_msgs) StdoutLine: {'line': b'-- Up-to-date: /workspace/A1Z/ros2_ws/install/a1z_msgs/share/a1z_msgs/environment/path.sh\n'}
[0.207326] (a1z_msgs) StdoutLine: {'line': b'-- Up-to-date: /workspace/A1Z/ros2_ws/install/a1z_msgs/share/a1z_msgs/environment/path.dsv\n'}
[0.207345] (a1z_msgs) StdoutLine: {'line': b'-- Up-to-date: /workspace/A1Z/ros2_ws/install/a1z_msgs/share/a1z_msgs/local_setup.bash\n'}
[0.207365] (a1z_msgs) StdoutLine: {'line': b'-- Up-to-date: /workspace/A1Z/ros2_ws/install/a1z_msgs/share/a1z_msgs/local_setup.sh\n'}
[0.207388] (a1z_msgs) StdoutLine: {'line': b'-- Up-to-date: /workspace/A1Z/ros2_ws/install/a1z_msgs/share/a1z_msgs/local_setup.zsh\n'}
[0.207408] (a1z_msgs) StdoutLine: {'line': b'-- Up-to-date: /workspace/A1Z/ros2_ws/install/a1z_msgs/share/a1z_msgs/local_setup.dsv\n'}
[0.207427] (a1z_msgs) StdoutLine: {'line': b'-- Installing: /workspace/A1Z/ros2_ws/install/a1z_msgs/share/a1z_msgs/package.dsv\n'}
[0.207445] (a1z_msgs) StdoutLine: {'line': b'-- Up-to-date: /workspace/A1Z/ros2_ws/install/a1z_msgs/share/ament_index/resource_index/packages/a1z_msgs\n'}
[0.207464] (a1z_msgs) StdoutLine: {'line': b'-- Up-to-date: /workspace/A1Z/ros2_ws/install/a1z_msgs/share/a1z_msgs/cmake/export_a1z_msgs__rosidl_generator_cExport.cmake\n'}
[0.207483] (a1z_msgs) StdoutLine: {'line': b'-- Up-to-date: /workspace/A1Z/ros2_ws/install/a1z_msgs/share/a1z_msgs/cmake/export_a1z_msgs__rosidl_generator_cExport-noconfig.cmake\n'}
[0.207501] (a1z_msgs) StdoutLine: {'line': b'-- Up-to-date: /workspace/A1Z/ros2_ws/install/a1z_msgs/share/a1z_msgs/cmake/export_a1z_msgs__rosidl_typesupport_fastrtps_cExport.cmake\n'}
[0.207520] (a1z_msgs) StdoutLine: {'line': b'-- Up-to-date: /workspace/A1Z/ros2_ws/install/a1z_msgs/share/a1z_msgs/cmake/export_a1z_msgs__rosidl_typesupport_fastrtps_cExport-noconfig.cmake\n'}
[0.207539] (a1z_msgs) StdoutLine: {'line': b'-- Up-to-date: /workspace/A1Z/ros2_ws/install/a1z_msgs/share/a1z_msgs/cmake/export_a1z_msgs__rosidl_generator_cppExport.cmake\n'}
[0.207558] (a1z_msgs) StdoutLine: {'line': b'-- Up-to-date: /workspace/A1Z/ros2_ws/install/a1z_msgs/share/a1z_msgs/cmake/export_a1z_msgs__rosidl_typesupport_fastrtps_cppExport.cmake\n'}
[0.208134] (a1z_msgs) StdoutLine: {'line': b'-- Up-to-date: /workspace/A1Z/ros2_ws/install/a1z_msgs/share/a1z_msgs/cmake/export_a1z_msgs__rosidl_typesupport_fastrtps_cppExport-noconfig.cmake\n'}
[0.208155] (a1z_msgs) StdoutLine: {'line': b'-- Up-to-date: /workspace/A1Z/ros2_ws/install/a1z_msgs/share/a1z_msgs/cmake/a1z_msgs__rosidl_typesupport_introspection_cExport.cmake\n'}
[0.208173] (a1z_msgs) StdoutLine: {'line': b'-- Up-to-date: /workspace/A1Z/ros2_ws/install/a1z_msgs/share/a1z_msgs/cmake/a1z_msgs__rosidl_typesupport_introspection_cExport-noconfig.cmake\n'}
[0.208192] (a1z_msgs) StdoutLine: {'line': b'-- Up-to-date: /workspace/A1Z/ros2_ws/install/a1z_msgs/share/a1z_msgs/cmake/a1z_msgs__rosidl_typesupport_cExport.cmake\n'}
[0.208210] (a1z_msgs) StdoutLine: {'line': b'-- Up-to-date: /workspace/A1Z/ros2_ws/install/a1z_msgs/share/a1z_msgs/cmake/a1z_msgs__rosidl_typesupport_cExport-noconfig.cmake\n'}
[0.208228] (a1z_msgs) StdoutLine: {'line': b'-- Up-to-date: /workspace/A1Z/ros2_ws/install/a1z_msgs/share/a1z_msgs/cmake/a1z_msgs__rosidl_typesupport_introspection_cppExport.cmake\n'}
[0.208246] (a1z_msgs) StdoutLine: {'line': b'-- Up-to-date: /workspace/A1Z/ros2_ws/install/a1z_msgs/share/a1z_msgs/cmake/a1z_msgs__rosidl_typesupport_introspection_cppExport-noconfig.cmake\n'}
[0.208263] (a1z_msgs) StdoutLine: {'line': b'-- Up-to-date: /workspace/A1Z/ros2_ws/install/a1z_msgs/share/a1z_msgs/cmake/a1z_msgs__rosidl_typesupport_cppExport.cmake\n'}
[0.208289] (a1z_msgs) StdoutLine: {'line': b'-- Up-to-date: /workspace/A1Z/ros2_ws/install/a1z_msgs/share/a1z_msgs/cmake/a1z_msgs__rosidl_typesupport_cppExport-noconfig.cmake\n'}
[0.208308] (a1z_msgs) StdoutLine: {'line': b'-- Up-to-date: /workspace/A1Z/ros2_ws/install/a1z_msgs/share/a1z_msgs/cmake/export_a1z_msgs__rosidl_generator_pyExport.cmake\n'}
[0.208327] (a1z_msgs) StdoutLine: {'line': b'-- Up-to-date: /workspace/A1Z/ros2_ws/install/a1z_msgs/share/a1z_msgs/cmake/export_a1z_msgs__rosidl_generator_pyExport-noconfig.cmake\n'}
[0.208347] (a1z_msgs) StdoutLine: {'line': b'-- Up-to-date: /workspace/A1Z/ros2_ws/install/a1z_msgs/share/a1z_msgs/cmake/rosidl_cmake-extras.cmake\n'}
[0.208367] (a1z_msgs) StdoutLine: {'line': b'-- Up-to-date: /workspace/A1Z/ros2_ws/install/a1z_msgs/share/a1z_msgs/cmake/ament_cmake_export_dependencies-extras.cmake\n'}
[0.208384] (a1z_msgs) StdoutLine: {'line': b'-- Up-to-date: /workspace/A1Z/ros2_ws/install/a1z_msgs/share/a1z_msgs/cmake/ament_cmake_export_include_directories-extras.cmake\n'}
[0.208443] (a1z_msgs) StdoutLine: {'line': b'-- Up-to-date: /workspace/A1Z/ros2_ws/install/a1z_msgs/share/a1z_msgs/cmake/ament_cmake_export_libraries-extras.cmake\n'}
[0.208514] (a1z_msgs) StdoutLine: {'line': b'-- Up-to-date: /workspace/A1Z/ros2_ws/install/a1z_msgs/share/a1z_msgs/cmake/ament_cmake_export_targets-extras.cmake\n'}
[0.208566] (a1z_msgs) StdoutLine: {'line': b'-- Up-to-date: /workspace/A1Z/ros2_ws/install/a1z_msgs/share/a1z_msgs/cmake/rosidl_cmake_export_typesupport_targets-extras.cmake\n'}
[0.209279] (a1z_msgs) StdoutLine: {'line': b'-- Up-to-date: /workspace/A1Z/ros2_ws/install/a1z_msgs/share/a1z_msgs/cmake/rosidl_cmake_export_typesupport_libraries-extras.cmake\n'}
[0.209303] (a1z_msgs) StdoutLine: {'line': b'-- Up-to-date: /workspace/A1Z/ros2_ws/install/a1z_msgs/share/a1z_msgs/cmake/a1z_msgsConfig.cmake\n'}
[0.209344] (a1z_msgs) StdoutLine: {'line': b'-- Up-to-date: /workspace/A1Z/ros2_ws/install/a1z_msgs/share/a1z_msgs/cmake/a1z_msgsConfig-version.cmake\n'}
[0.209368] (a1z_msgs) StdoutLine: {'line': b'-- Up-to-date: /workspace/A1Z/ros2_ws/install/a1z_msgs/share/a1z_msgs/package.xml\n'}
[0.209584] (a1z_msgs) CommandEnded: {'returncode': 0}
[0.228289] (a1z_msgs) JobEnded: {'identifier': 'a1z_msgs', 'rc': 0}
[0.228841] (a1z_motion) JobStarted: {'identifier': 'a1z_motion'}
[0.299696] (-) TimerEvent: {}
[0.399854] (-) TimerEvent: {}
[0.457190] (a1z_motion) Command: {'cmd': ['/usr/bin/python3', '-W', 'ignore:setup.py install is deprecated', '-W', 'ignore:easy_install command is deprecated', 'setup.py', 'egg_info', '--egg-base', '../../build/a1z_motion', 'build', '--build-base', '/workspace/A1Z/ros2_ws/build/a1z_motion/build', 'install', '--record', '/workspace/A1Z/ros2_ws/build/a1z_motion/install.log', '--single-version-externally-managed', 'install_data'], 'cwd': '/workspace/A1Z/ros2_ws/src/a1z_motion', 'env': {'A1Z_TCP_PORT': '18080', 'HOSTNAME': 'th1rt3en-lab', 'SHLVL': '1', 'LD_LIBRARY_PATH': '/workspace/A1Z/ros2_ws/install/a1z_msgs/lib:/opt/ros/humble/lib/x86_64-linux-gnu:/opt/ros/humble/lib', 'HOME': '/root', 'OLDPWD': '/workspace/A1Z/ros2_ws', 'ROS_PYTHON_VERSION': '3', 'A1Z_SDK_DIR': '/workspace/A1Z/vendor/GALAXEA-A1Z', 'ROS_DISTRO': 'humble', '_': '/usr/bin/colcon', 'ROS_VERSION': '2', 'ROS_LOCALHOST_ONLY': '0', 'PATH': '/opt/ros/humble/bin:/usr/local/sbin:/usr/local/bin:/usr/sbin:/usr/bin:/sbin:/bin', 'A1Z_CONTROL_URDF': '/workspace/A1Z/build/robot_packages/A1Z_G1Z/urdf/A1Z_G1Z_control.urdf', 'LANG': 'C.UTF-8', 'AMENT_PREFIX_PATH': '/workspace/A1Z/ros2_ws/install/a1z_msgs:/opt/ros/humble', 'DEBIAN_FRONTEND': 'noninteractive', 'PWD': '/workspace/A1Z/ros2_ws/build/a1z_motion', 'A1Z_TCP_HOST': '0.0.0.0', 'LC_ALL': 'C.UTF-8', 'PYTHONPATH': '/workspace/A1Z/ros2_ws/build/a1z_motion/prefix_override:/usr/lib/python3/dist-packages/colcon_core/task/python/colcon_distutils_commands:/workspace/A1Z/ros2_ws/install/a1z_motion/lib/python3.10/site-packages:/workspace/A1Z/ros2_ws/install/a1z_msgs/local/lib/python3.10/dist-packages:/opt/ros/humble/lib/python3.10/site-packages:/opt/ros/humble/local/lib/python3.10/dist-packages', 'COLCON': '1', 'CMAKE_PREFIX_PATH': '/workspace/A1Z/ros2_ws/install/a1z_msgs'}, 'shell': False}
[0.499947] (-) TimerEvent: {}
[0.542048] (a1z_motion) StdoutLine: {'line': b'running egg_info\n'}
[0.542430] (a1z_motion) StdoutLine: {'line': b'writing ../../build/a1z_motion/a1z_motion.egg-info/PKG-INFO\n'}
[0.542567] (a1z_motion) StdoutLine: {'line': b'writing dependency_links to ../../build/a1z_motion/a1z_motion.egg-info/dependency_links.txt\n'}
[0.542606] (a1z_motion) StdoutLine: {'line': b'writing entry points to ../../build/a1z_motion/a1z_motion.egg-info/entry_points.txt\n'}
[0.542639] (a1z_motion) StdoutLine: {'line': b'writing requirements to ../../build/a1z_motion/a1z_motion.egg-info/requires.txt\n'}
[0.542670] (a1z_motion) StdoutLine: {'line': b'writing top-level names to ../../build/a1z_motion/a1z_motion.egg-info/top_level.txt\n'}
[0.543137] (a1z_motion) StdoutLine: {'line': b"reading manifest file '../../build/a1z_motion/a1z_motion.egg-info/SOURCES.txt'\n"}
[0.543461] (a1z_motion) StdoutLine: {'line': b"writing manifest file '../../build/a1z_motion/a1z_motion.egg-info/SOURCES.txt'\n"}
[0.543521] (a1z_motion) StdoutLine: {'line': b'running build\n'}
[0.543551] (a1z_motion) StdoutLine: {'line': b'running build_py\n'}
[0.543740] (a1z_motion) StdoutLine: {'line': b'running install\n'}
[0.543849] (a1z_motion) StdoutLine: {'line': b'running install_lib\n'}
[0.544879] (a1z_motion) StdoutLine: {'line': b'running install_data\n'}
[0.544936] (a1z_motion) StdoutLine: {'line': b'running install_egg_info\n'}
[0.545794] (a1z_motion) StdoutLine: {'line': b"removing '/workspace/A1Z/ros2_ws/install/a1z_motion/lib/python3.10/site-packages/a1z_motion-0.1.0-py3.10.egg-info' (and everything under it)\n"}
[0.545852] (a1z_motion) StdoutLine: {'line': b'Copying ../../build/a1z_motion/a1z_motion.egg-info to /workspace/A1Z/ros2_ws/install/a1z_motion/lib/python3.10/site-packages/a1z_motion-0.1.0-py3.10.egg-info\n'}
[0.546138] (a1z_motion) StdoutLine: {'line': b'running install_scripts\n'}
[0.555464] (a1z_motion) StdoutLine: {'line': b'Installing motion_executor script to /workspace/A1Z/ros2_ws/install/a1z_motion/lib/a1z_motion\n'}
[0.555601] (a1z_motion) StdoutLine: {'line': b'Installing robot_state script to /workspace/A1Z/ros2_ws/install/a1z_motion/lib/a1z_motion\n'}
[0.555799] (a1z_motion) StdoutLine: {'line': b"writing list of installed files to '/workspace/A1Z/ros2_ws/build/a1z_motion/install.log'\n"}
[0.567783] (a1z_motion) CommandEnded: {'returncode': 0}
[0.571398] (a1z_motion) JobEnded: {'identifier': 'a1z_motion', 'rc': 0}
[0.571800] (-) EventReactorShutdown: {}
