[Info] [carb] Logging to file: /isaac-sim/kit/logs/Kit/Isaac-Sim Python/5.1/kit_20260627_084634.log
[0.026s] [ext: omni.kit.async_engine-0.0.3] startup
[0.229s] [ext: omni.metrics.core-0.0.3] startup
[0.229s] [ext: omni.client.lib-1.1.0] startup
[0.238s] [ext: omni.blobkey-1.1.2] startup
[0.238s] [ext: omni.stats-1.0.1] startup
[0.238s] [ext: omni.datastore-0.0.0] startup
[0.242s] [ext: omni.client-1.3.0] startup
[0.295s] [ext: omni.ujitso.default-1.0.0] startup
[0.296s] [ext: omni.hsscclient-1.1.2] startup
2026-06-27T08:46:34Z [290ms] [Error] [omni.datastore] Failed to acquire exclusive lock to data store (256>=256)
2026-06-27T08:46:34Z [290ms] [Error] [omni.datastore] Failed to create local file data store at '/isaac-sim/kit/cache/DerivedDataCache'
[0.299s] [ext: omni.gpu_foundation.shadercache.vulkan-1.0.0] startup
[0.301s] [ext: omni.assets.plugins-0.0.0] startup
[0.302s] [ext: omni.gpu_foundation-0.0.0] startup
[0.306s] [ext: carb.windowing.plugins-1.0.0] startup
2026-06-27T08:46:34Z [299ms] [Warning] [carb.windowing-glfw.plugin] GLFW initialization failed.
2026-06-27T08:46:34Z [299ms] [Warning] [carb] Failed to startup plugin carb.windowing-glfw.plugin (interfaces: [carb::windowing::IGLContext v1.0],[carb::windowing::IWindowing v1.5]) (impl: carb.windowing-glfw.plugin)
[0.307s] [ext: omni.kit.renderer.init-0.0.0] startup
2026-06-27T08:46:34Z [310ms] [Warning] [omni.platforminfo.plugin] failed to open the default display.  Can't verify X Server version.

|---------------------------------------------------------------------------------------------|
| Driver Version: 580.159.03    | Graphics API: Vulkan
|=============================================================================================|
| GPU | Name                             | Active | LDA | GPU Memory | Vendor-ID | LUID       |
|     |                                  |        |     |            | Device-ID | UUID       |
|     |                                  |        |     |            | Bus-ID    |            |
|---------------------------------------------------------------------------------------------|
| 0   | NVIDIA GeForce RTX 5070          | Yes: 0 |     | 12227   MB | 10de      | 0          |
|     |                                  |        |     |            | 2f04      | 9b09707a.. |
|     |                                  |        |     |            | 2         |            |
|=============================================================================================|
| OS: 24.04.2 LTS (Noble Numbat) ubuntu, Version: 24.04.2, Kernel: 7.0.0-22-generic
| Processor: Intel(R) Core(TM) Ultra 7 270K Plus
| Cores: 24 | Logical Cores: 24
|---------------------------------------------------------------------------------------------|
| Total Memory (MB): 46255 | Free Memory: 34524
| Total Page/Swap (MB): 65535 | Free Page/Swap: 55735
|---------------------------------------------------------------------------------------------|
2026-06-27T08:46:35Z [1,027ms] [Warning] [gpu.foundation.plugin] CPU performance profile is set to powersave. This profile sets the CPU to the lowest frequency reducing performance.
2026-06-27T08:46:35Z [1,038ms] [Warning] [gpu.foundation.plugin] IOMMU is enabled.
[1.290s] [ext: omni.kit.pipapi-0.0.0] startup
[1.291s] [ext: omni.kit.pip_archive-0.0.0] startup
[1.291s] [ext: omni.pip.compute-1.6.3] startup
[1.292s] [ext: omni.materialx.libs-1.0.7] startup
[1.296s] [ext: omni.pip.cloud-1.4.3] startup
[1.298s] [ext: omni.isaac.core_archive-3.0.0] startup
[1.298s] [ext: omni.usd.config-1.0.6] startup
[1.300s] [ext: omni.gpucompute.plugins-0.0.0] startup
[1.301s] [ext: omni.usd.libs-1.0.1] startup
[1.342s] [ext: omni.kit.telemetry-0.5.2] startup
[1.367s] [ext: omni.mdl-56.0.3] startup
[1.414s] [ext: omni.iray.libs-0.0.0] startup
[1.420s] [ext: omni.mdl.neuraylib-0.2.12] startup
[1.421s] [ext: omni.kit.usd.mdl-1.1.5] startup
[1.478s] [ext: omni.isaac.ml_archive-3.0.4] startup
[1.478s] [ext: omni.kit.loop-isaac-1.3.7] startup
[1.479s] [ext: omni.kit.test-2.0.1] startup
[1.507s] [ext: omni.appwindow-1.1.10] startup
2026-06-27T08:46:35Z [1,500ms] [Warning] [carb.windowing-glfw.plugin] GLFW initialization failed.
2026-06-27T08:46:35Z [1,500ms] [Warning] [carb] Failed to startup plugin carb.windowing-glfw.plugin (interfaces: [carb::windowing::IGLContext v1.0],[carb::windowing::IWindowing v1.5]) (impl: carb.windowing-glfw.plugin)
[1.509s] [ext: omni.kit.renderer.core-1.1.0] startup
2026-06-27T08:46:35Z [1,631ms] [Warning] [carb.windowing-glfw.plugin] GLFW initialization failed.
2026-06-27T08:46:35Z [1,631ms] [Warning] [carb] Failed to startup plugin carb.windowing-glfw.plugin (interfaces: [carb::windowing::IGLContext v1.0],[carb::windowing::IWindowing v1.5]) (impl: carb.windowing-glfw.plugin)
2026-06-27T08:46:35Z [1,647ms] [Warning] [carb.windowing-glfw.plugin] GLFW initialization failed.
2026-06-27T08:46:35Z [1,647ms] [Warning] [carb] Failed to startup plugin carb.windowing-glfw.plugin (interfaces: [carb::windowing::IGLContext v1.0],[carb::windowing::IWindowing v1.5]) (impl: carb.windowing-glfw.plugin)
[1.656s] [ext: omni.kit.renderer.capture-0.0.0] startup
[1.658s] [ext: omni.kit.renderer.imgui-2.0.5] startup
2026-06-27T08:46:35Z [1,651ms] [Warning] [carb.windowing-glfw.plugin] GLFW initialization failed.
2026-06-27T08:46:35Z [1,651ms] [Warning] [carb] Failed to startup plugin carb.windowing-glfw.plugin (interfaces: [carb::windowing::IGLContext v1.0],[carb::windowing::IWindowing v1.5]) (impl: carb.windowing-glfw.plugin)
2026-06-27T08:46:35Z [1,653ms] [Warning] [carb.windowing-glfw.plugin] GLFW initialization failed.
2026-06-27T08:46:35Z [1,653ms] [Warning] [carb] Failed to startup plugin carb.windowing-glfw.plugin (interfaces: [carb::windowing::IGLContext v1.0],[carb::windowing::IWindowing v1.5]) (impl: carb.windowing-glfw.plugin)
2026-06-27T08:46:35Z [1,654ms] [Warning] [carb.windowing-glfw.plugin] GLFW initialization failed.
2026-06-27T08:46:35Z [1,654ms] [Warning] [carb] Failed to startup plugin carb.windowing-glfw.plugin (interfaces: [carb::windowing::IGLContext v1.0],[carb::windowing::IWindowing v1.5]) (impl: carb.windowing-glfw.plugin)
[1.726s] [ext: omni.ui-2.27.1] startup
[1.732s] [ext: omni.kit.mainwindow-1.0.3] startup
[1.732s] [ext: carb.audio-0.1.0] startup
[1.734s] [ext: omni.uiaudio-1.0.0] startup
[1.735s] [ext: omni.kit.uiapp-0.0.0] startup
[1.735s] [ext: omni.usd.schema.metrics.assembler-107.3.1] startup
[1.736s] [ext: omni.usd.schema.audio-0.0.0] startup
[1.738s] [ext: omni.anim.graph.schema-107.3.3] startup
[1.744s] [ext: omni.usd_resolver-1.0.0] startup
[1.746s] [ext: omni.usd.core-1.5.3] startup
[1.747s] [ext: omni.usd.schema.render_settings.rtx-0.0.0] startup
[1.759s] [ext: omni.usd.schema.semantics-0.0.0] startup
[1.761s] [ext: isaacsim.robot.schema-3.6.0] startup
[1.765s] [ext: omni.usd.schema.geospatial-0.0.0] startup
[1.766s] [ext: omni.usd.schema.anim-0.0.0] startup
[1.774s] [ext: omni.kit.window.popup_dialog-2.0.24] startup
[1.776s] [ext: usdrt.scenegraph-7.6.1] startup
[1.798s] [ext: omni.timeline-1.0.14] startup
[1.800s] [ext: omni.resourcemonitor-107.0.1] startup
[1.801s] [ext: omni.activity.core-1.0.3] startup
[1.801s] [ext: omni.kit.widget.nucleus_connector-2.0.1] startup
[1.803s] [ext: omni.hydra.usdrt_delegate-7.5.1] startup
[1.806s] [ext: omni.kit.actions.core-1.0.0] startup
[1.807s] [ext: omni.graph.exec-0.9.6] startup
[1.808s] [ext: omni.kit.commands-1.4.10] startup
[1.810s] [ext: omni.kit.usd_undo-0.1.8] startup
[1.810s] [ext: omni.kit.exec.core-0.13.4] startup
[1.811s] [ext: omni.kit.audiodeviceenum-1.0.2] startup
[1.811s] [ext: omni.hydra.scene_delegate-0.3.4] startup
[1.814s] [ext: omni.usd-1.13.10] startup
[1.824s] [ext: omni.kit.asset_converter-5.0.17] startup
[1.831s] [ext: omni.usd.schema.flow-107.1.1] startup
[1.831s] [ext: omni.usd.schema.omnigraph-1.0.0] startup
[1.834s] [ext: omni.usd.schema.omni_sensors-0.0.0] startup
[1.834s] [ext: omni.anim.navigation.schema-107.3.3] startup
[1.836s] [ext: omni.inspect-1.0.2] startup
[1.837s] [ext: omni.kit.notification_manager-1.0.10] startup
[1.838s] [ext: omni.graph.core-2.184.5] startup
[1.839s] [ext: isaacsim.core.deprecation_manager-0.2.7] startup
[1.840s] [ext: omni.usd.schema.physx-107.3.26] startup
[1.858s] [ext: omni.usd.schema.isaac-3.0.5] startup
[1.858s] [ext: omni.usd.schema.omniscripting-1.0.0] startup
[1.861s] [ext: omni.usd.schema.omni_lens_distortion-0.0.0] startup
[1.861s] [ext: omni.kvdb-107.3.26] startup
[1.862s] [ext: omni.usdphysics-107.3.26] startup
[1.863s] [ext: omni.physx.foundation-107.3.26] startup
[1.864s] [ext: omni.localcache-107.3.26] startup
[1.864s] [ext: omni.convexdecomposition-107.3.26] startup
[1.866s] [ext: omni.physx.cooking-107.3.26] startup
[1.868s] [ext: omni.physx-107.3.26] startup
[1.873s] [ext: omni.physics-107.3.26] startup
[1.875s] [ext: omni.kit.usd.layers-2.2.11] startup
[1.879s] [ext: omni.physics.physx-107.3.26] startup
2026-06-27T08:46:36Z [1,872ms] [Warning] [carb] Acquiring non optional plugin interface which is not listed as dependency: [omni::physx::IPhysxBenchmarks v1.0] (plugin: <default plugin>), by client: omni.physics.physx.plugin. Add it to CARB_PLUGIN_IMPL_DEPS() macro of a client.
[1.880s] [ext: omni.physics.stageupdate-107.3.26] startup
[1.881s] [ext: omni.kit.numpy.common-0.1.3] startup
[1.882s] [ext: isaacsim.core.version-2.0.6] startup
[1.882s] [ext: omni.isaac.dynamic_control-2.0.7] startup
2026-06-27T08:46:36Z [1,877ms] [Warning] [omni.isaac.dynamic_control] omni.isaac.dynamic_control is deprecated as of Isaac Sim 4.5. No action is needed from end-users.
[1.885s] [ext: isaacsim.storage.native-1.5.1] startup
[1.886s] [ext: omni.kit.menu.core-1.1.2] startup
[1.886s] [ext: omni.kit.helper.file_utils-0.1.9] startup
[1.887s] [ext: omni.usd.metrics.assembler-107.3.1] startup
[1.891s] [ext: omni.kit.widget.context_menu-1.2.5] startup
[1.892s] [ext: omni.warp.core-1.8.2] startup
[2.003s] [ext: omni.usd.metrics.assembler.physics-107.3.26] startup
[2.005s] [ext: omni.physics.tensors-107.3.26] startup
[2.008s] [ext: omni.kit.context_menu-1.8.6] startup
[2.009s] [ext: omni.kit.clipboard-1.0.5] startup
[2.010s] [ext: isaacsim.core.utils-3.5.1] startup
[2.011s] [ext: omni.kit.widget.filebrowser-2.12.3] startup
[2.014s] [ext: omni.kit.widget.options_menu-1.1.6] startup
[2.016s] [ext: omni.kit.widget.path_field-2.0.11] startup
[2.016s] [ext: omni.index.libs-380600.8087.0] startup
[2.016s] [ext: omni.ui.scene-1.11.5] startup
[2.019s] [ext: omni.kit.widget.options_button-1.0.3] startup
[2.019s] [ext: omni.kit.widget.browser_bar-2.0.10] startup
[2.020s] [ext: omni.index-1.0.1] startup
[2.020s] [ext: omni.hydra.rtx.shadercache.vulkan-1.0.0] startup
[2.021s] [ext: omni.kit.window.filepicker-2.13.4] startup
[2.029s] [ext: omni.volume-0.5.2] startup
[2.030s] [ext: omni.ujitso.client-0.0.0] startup
[2.030s] [ext: omni.graph.tools-1.79.2] startup
[2.044s] [ext: omni.graph.image.core-0.6.1] startup
[2.044s] [ext: omni.hydra.rtx-1.0.0] startup
2026-06-27T08:46:36Z [2,046ms] [Warning] [omni.log] Source: omni.hydra was already registered.
[2.062s] [ext: omni.kit.window.file_importer-1.1.18] startup
[2.063s] [ext: omni.kit.menu.utils-2.0.5] startup
[2.068s] [ext: omni.graph.image.nodes-1.3.1] startup
[2.068s] [ext: omni.kit.widget.searchable_combobox-1.0.6] startup
[2.069s] [ext: omni.kit.hydra_texture-1.4.6] startup
[2.071s] [ext: omni.kit.material.library-2.0.7] startup
[2.074s] [ext: omni.hydra.engine.stats-1.0.3] startup
[2.075s] [ext: omni.kit.viewport.scene_camera_model-1.0.6] startup
[2.077s] [ext: omni.kit.widget.settings-1.2.6] startup
[2.078s] [ext: omni.kit.viewport.legacy_gizmos-1.0.19] startup
[2.079s] [ext: omni.kit.widget.viewport-107.1.3] startup
[2.081s] [ext: omni.kit.viewport.registry-104.0.6] startup
[2.081s] [ext: omni.kit.raycast.query-1.1.0] startup
[2.084s] [ext: omni.physx.tensors-107.3.26] startup
[2.088s] [ext: omni.kit.window.drop_support-1.0.5] startup
[2.088s] [ext: omni.kit.primitive.mesh-1.0.17] startup
[2.090s] [ext: omni.kit.viewport.window-107.2.0] startup
[2.101s] [ext: omni.kit.window.preferences-1.8.0] startup
[2.104s] [ext: isaacsim.core.simulation_manager-1.4.4] startup
[2.865s] [ext: omni.graph.action_core-1.1.7] startup
[2.866s] [ext: omni.graph-1.141.2] startup
[2.892s] [ext: omni.kit.viewport.utility-1.1.2] startup
[2.892s] [ext: omni.kit.viewport.menubar.core-107.2.1] startup
[2.901s] [ext: isaacsim.core.prims-0.6.1] startup
[2.917s] [ext: omni.graph.action_nodes-1.50.4] startup
[2.920s] [ext: omni.kit.stage_template.core-1.1.22] startup
[2.921s] [ext: omni.syntheticdata-0.6.13] startup
[2.940s] [ext: omni.graph.nodes-1.170.10] startup
[2.946s] [ext: omni.graph.action-1.130.0] startup
[2.947s] [ext: omni.kit.stage_templates-2.0.0] startup
[2.951s] [ext: omni.kit.widget.filter-1.1.4] startup
[2.953s] [ext: omni.kit.widget.graph-2.0.0] startup
[2.966s] [ext: omni.kit.property.adapter.core-1.0.2] startup
[2.969s] [ext: omni.kit.window.file_exporter-1.0.33] startup
[2.970s] [ext: omni.kit.widget.searchfield-1.1.8] startup
[2.972s] [ext: omni.kit.hotkeys.core-1.3.10] startup
[2.973s] [ext: omni.kit.graph.delegate.default-1.2.3] startup
[2.974s] [ext: omni.kit.property.adapter.fabric-1.0.3] startup
[2.976s] [ext: omni.kit.widget.stage-3.1.4] startup
[2.996s] [ext: omni.kit.property.adapter.usd-1.0.2] startup
[2.997s] [ext: omni.kit.graph.editor.core-1.5.3] startup
[2.999s] [ext: omni.kit.widget.material_preview-1.0.16] startup
[3.001s] [ext: omni.kit.widget.highlight_label-1.0.3] startup
[3.001s] [ext: omni.kit.window.file-2.0.5] startup
[3.003s] [ext: omni.kit.window.content_browser_registry-0.0.6] startup
[3.004s] [ext: omni.kit.window.property-1.12.1] startup
[3.006s] [ext: omni.kit.window.content_browser-3.1.3] startup
[3.015s] [ext: omni.kit.graph.usd.commands-1.3.1] startup
[3.017s] [ext: omni.kit.property.usd-4.5.12] startup
[3.025s] [ext: omni.graph.ui_nodes-1.50.5] startup
[3.028s] [ext: omni.videoencoding-0.1.2] startup
[3.030s] [ext: omni.kit.window.material_graph-1.9.1] startup
[3.039s] [ext: omni.warp-1.8.2] startup
[3.044s] [ext: isaacsim.core.api-4.8.0] startup
[3.055s] [ext: omni.graph.scriptnode-1.50.0] startup
[3.057s] [ext: isaacsim.test.docstring-1.1.0] startup
[3.061s] [ext: isaacsim.core.experimental.utils-0.3.0] startup
[3.066s] [ext: omni.replicator.core-1.12.27] startup
2026-06-27T08:46:37Z [3,073ms] [Warning] [pxr.Semantics] pxr.Semantics is deprecated - please use Semantics instead
2026-06-27T08:46:37Z [3,195ms] [Warning] [omni.graph.core.plugin] Found duplicate of category 'Replicator' - was 'Annotators', adding 'Fabric Reader'
2026-06-27T08:46:37Z [3,195ms] [Warning] [omni.graph.core.plugin] Category 'Replicator' not accepted on node type 'omni.replicator.core.FabricReader' in extension 'omni.replicator.core'
2026-06-27T08:46:37Z [3,196ms] [Warning] [omni.replicator.core.scripts.extension] No material configuration file, adding configuration to material settings directly.
[3.206s] [ext: isaacsim.core.experimental.prims-0.8.1] startup
[3.235s] [ext: omni.kit.window.extensions-1.4.27] startup
[3.244s] [ext: isaacsim.core.experimental.objects-0.4.0] startup
[3.248s] [ext: omni.ui_query-1.1.8] startup
[3.251s] [ext: omni.kit.manipulator.viewport-107.0.1] startup
[3.252s] [ext: isaacsim.robot.surface_gripper-3.3.1] startup
[3.255s] [ext: omni.kit.ui_test-1.3.7] startup
[3.257s] [ext: omni.graph.visualization.nodes-2.1.3] startup
[3.270s] [ext: isaacsim.robot_motion.lula-4.0.8] startup
[3.277s] [ext: isaacsim.core.nodes-3.4.3] startup
[3.286s] [ext: isaacsim.gui.components-1.2.1] startup
[3.297s] [ext: isaacsim.robot_motion.motion_generation-8.0.26] startup
[3.316s] [ext: isaacsim.robot.manipulators-3.3.6] startup
[3.320s] [ext: isaacsim.core.experimental.materials-0.4.0] startup
[3.334s] [ext: isaacsim.robot.manipulators.examples-1.1.2] startup
[3.339s] [ext: isaacsim.cortex.framework-1.0.12] startup
[3.344s] [ext: isaacsim.cortex.behaviors-2.0.14] startup
[3.351s] [ext: omni.isaac.cortex.sample_behaviors-2.0.5] startup
2026-06-27T08:46:37Z [3,346ms] [Warning] [omni.isaac.cortex] omni.isaac.cortex has been deprecated in favor of isaacsim.cortex.framework. Please update your code accordingly.
2026-06-27T08:46:37Z [3,348ms] [Warning] [omni.isaac.cortex.sample_behaviors] omni.isaac.cortex.sample_behaviors has been deprecated in favor of isaacsim.cortex.behaviors. Please update your code accordingly.
[3.358s] [ext: omni.kit.widget.zoombar-1.0.6] startup
[3.369s] [ext: isaacsim.gui.content_browser-0.1.11] startup
[3.374s] [ext: omni.kit.browser.core-2.3.13] startup
[3.384s] [ext: omni.kit.widget.stage_icons-1.0.8] startup
[3.386s] [ext: omni.kit.widget.prompt-1.0.7] startup
[3.387s] [ext: omni.kit.usd.collect-2.4.5] startup
[3.390s] [ext: omni.kit.browser.folder.core-1.10.9] startup
[3.397s] [ext: omni.kit.window.stage-2.6.1] startup
[3.404s] [ext: omni.kit.usdz_export-1.0.9] startup
[3.407s] [ext: omni.kit.tool.collect-2.2.18] startup
[3.411s] [ext: omni.kit.menu.stage-1.2.7] startup
[3.412s] [ext: omni.kit.tool.asset_importer-4.3.2] startup
[3.458s] [ext: isaacsim.robot.wheeled_robots-4.0.24] startup
[3.536s] [ext: isaacsim.examples.browser-0.2.1] startup
[3.579s] [ext: isaacsim.asset.importer.urdf-2.4.30] startup
[3.767s] [ext: omni.isaac.wheeled_robots-3.0.7] startup
2026-06-27T08:46:38Z [3,761ms] [Warning] [omni.isaac.wheeled_robots] omni.isaac.wheeled_robots has been deprecated in favor of isaacsim.robot.wheeled_robots. Please update your code accordingly.
2026-06-27T08:46:38Z [3,761ms] [Warning] [omni.isaac.wheeled_robots.controllers] omni.isaac.wheeled_robots has been deprecated in favor of isaacsim.robot.wheeled_robots. Please update your code accordingly.
2026-06-27T08:46:38Z [3,761ms] [Warning] [omni.isaac.wheeled_robots.controllers.ackermann_controller] omni.isaac.wheeled_robots has been deprecated in favor of isaacsim.robot.wheeled_robots. Please update your code accordingly.
2026-06-27T08:46:38Z [3,761ms] [Warning] [omni.isaac.wheeled_robots.controllers.differential_controller] omni.isaac.wheeled_robots has been deprecated in favor of isaacsim.robot.wheeled_robots. Please update your code accordingly.
2026-06-27T08:46:38Z [3,761ms] [Warning] [omni.isaac.wheeled_robots.controllers.holonomic_controller] omni.isaac.wheeled_robots has been deprecated in favor of isaacsim.robot.wheeled_robots. Please update your code accordingly.
2026-06-27T08:46:38Z [3,761ms] [Warning] [omni.isaac.wheeled_robots.controllers.quintic_path_planner] omni.isaac.wheeled_robots has been deprecated in favor of isaacsim.robot.wheeled_robots. Please update your code accordingly.
2026-06-27T08:46:38Z [3,761ms] [Warning] [omni.isaac.wheeled_robots.controllers.stanley_control] omni.isaac.wheeled_robots has been deprecated in favor of isaacsim.robot.wheeled_robots. Please update your code accordingly.
2026-06-27T08:46:38Z [3,761ms] [Warning] [omni.isaac.wheeled_robots.controllers.wheel_base_pose_controller] omni.isaac.wheeled_robots has been deprecated in favor of isaacsim.robot.wheeled_robots. Please update your code accordingly.
2026-06-27T08:46:38Z [3,763ms] [Warning] [omni.isaac.wheeled_robots.impl] omni.isaac.wheeled_robots has been deprecated in favor of isaacsim.robot.wheeled_robots. Please update your code accordingly.
2026-06-27T08:46:38Z [3,766ms] [Warning] [omni.isaac.wheeled_robots.robots] omni.isaac.wheeled_robots has been deprecated in favor of isaacsim.robot.wheeled_robots. Please update your code accordingly.
2026-06-27T08:46:38Z [3,766ms] [Warning] [omni.isaac.wheeled_robots.robots.holonomic_robot_usd_setup] omni.isaac.wheeled_robots has been deprecated in favor of isaacsim.robot.wheeled_robots. Please update your code accordingly.
2026-06-27T08:46:38Z [3,766ms] [Warning] [omni.isaac.wheeled_robots.robots.wheeled_robot] omni.isaac.wheeled_robots has been deprecated in favor of isaacsim.robot.wheeled_robots. Please update your code accordingly.
[3.775s] [ext: isaacsim.simulation_app-2.12.2] startup
[3.776s] [ext: omni.isaac.franka-1.0.7] startup
2026-06-27T08:46:38Z [3,769ms] [Warning] [omni.isaac.franka] omni.isaac.franka has been deprecated in favor of isaacsim.robot.manipulators.examples.franka. Please update your code accordingly.
2026-06-27T08:46:38Z [3,769ms] [Warning] [omni.isaac.franka.franka] omni.isaac.franka has been deprecated in favor of isaacsim.robot.manipulators.examples.franka. Please update your code accordingly.
2026-06-27T08:46:38Z [3,785ms] [Warning] [omni.isaac.franka.kinematics_solver] omni.isaac.franka has been deprecated in favor of isaacsim.robot.manipulators.examples.franka. Please update your code accordingly.
[3.794s] [ext: omni.isaac.kit-2.0.6] startup
2026-06-27T08:46:38Z [3,787ms] [Warning] [omni.isaac.kit] omni.isaac.kit has been deprecated in favor of isaacsim.simulation_app. Please update your code accordingly.
[3.796s] [ext: omni.kit.selection-0.1.6] startup
[3.797s] [ext: omni.isaac.lula-4.0.6] startup
2026-06-27T08:46:38Z [3,789ms] [Warning] [omni.isaac.lula] omni.isaac.lula has been deprecated in favor of isaacsim.robot_motion.lula. Please update your code accordingly.
[3.798s] [ext: isaacsim.robot_motion.lula_test_widget-1.0.12] startup
[3.800s] [ext: isaacsim.asset.browser-1.3.23] startup
[3.845s] [ext: omni.kit.viewport.actions-107.0.2] startup
[3.849s] [ext: isaacsim.gui.menu-2.4.4] startup
[3.853s] [ext: omni.isaac.manipulators-3.0.7] startup
2026-06-27T08:46:38Z [3,846ms] [Warning] [omni.isaac.manipulators] omni.isaac.manipulators has been deprecated in favor of isaacsim.robot.manipulators. Please update your code accordingly.
2026-06-27T08:46:38Z [3,847ms] [Warning] [omni.isaac.manipulators.controllers] omni.isaac.manipulators has been deprecated in favor of isaacsim.robot.manipulators. Please update your code accordingly.
2026-06-27T08:46:38Z [3,848ms] [Warning] [omni.isaac.manipulators.controllers.pick_place_controller] omni.isaac.manipulators has been deprecated in favor of isaacsim.robot.manipulators. Please update your code accordingly.
2026-06-27T08:46:38Z [3,849ms] [Warning] [omni.isaac.manipulators.controllers.stacking_controller] omni.isaac.manipulators has been deprecated in favor of isaacsim.robot.manipulators. Please update your code accordingly.
2026-06-27T08:46:38Z [3,849ms] [Warning] [omni.isaac.manipulators.grippers] omni.isaac.manipulators has been deprecated in favor of isaacsim.robot.manipulators. Please update your code accordingly.
2026-06-27T08:46:38Z [3,849ms] [Warning] [omni.isaac.manipulators.grippers.gripper] omni.isaac.manipulators has been deprecated in favor of isaacsim.robot.manipulators. Please update your code accordingly.
2026-06-27T08:46:38Z [3,849ms] [Warning] [omni.isaac.manipulators.grippers.parallel_gripper] omni.isaac.manipulators has been deprecated in favor of isaacsim.robot.manipulators. Please update your code accordingly.
2026-06-27T08:46:38Z [3,849ms] [Warning] [omni.isaac.manipulators.grippers.surface_gripper] omni.isaac.manipulators has been deprecated in favor of isaacsim.robot.manipulators. Please update your code accordingly.
2026-06-27T08:46:38Z [3,849ms] [Warning] [omni.isaac.manipulators.manipulators] omni.isaac.manipulators has been deprecated in favor of isaacsim.robot.manipulators. Please update your code accordingly.
2026-06-27T08:46:38Z [3,849ms] [Warning] [omni.isaac.manipulators.manipulators.single_manipulator] omni.isaac.manipulators has been deprecated in favor of isaacsim.robot.manipulators. Please update your code accordingly.
[3.857s] [ext: omni.isaac.lula_test_widget-1.0.6] startup
2026-06-27T08:46:38Z [3,851ms] [Warning] [omni.isaac.lula_test_widget] omni.isaac.lula_test_widget has been deprecated in favor of isaacsim.robot_motion.lula_test_widget. Please update your code accordingly.
[3.859s] [ext: omni.isaac.asset_browser-1.0.6] startup
2026-06-27T08:46:38Z [3,852ms] [Warning] [omni.isaac.asset_browser] omni.isaac.asset_browser has been deprecated in favor of isaacsim.asset.browser. Please update your code accordingly.
[3.861s] [ext: omni.kit.viewport.menubar.display-107.0.3] startup
[3.864s] [ext: omni.isaac.menu-1.0.6] startup
2026-06-27T08:46:38Z [3,858ms] [Warning] [omni.isaac.menu] omni.isaac.menu has been deprecated in favor of isaacsim.gui.menu. Please update your code accordingly.
[3.866s] [ext: omni.isaac.motion_generation-8.0.7] startup
2026-06-27T08:46:38Z [3,860ms] [Warning] [omni.isaac.motion_generation] omni.isaac.motion_generation has been deprecated in favor of isaacsim.robot_motion.motion_generation. Please update your code accordingly.
2026-06-27T08:46:38Z [3,861ms] [Warning] [omni.isaac.motion_generation.articulation_kinematics_solver] omni.isaac.motion_generation has been deprecated in favor of isaacsim.robot_motion.motion_generation. Please update your code accordingly.
2026-06-27T08:46:38Z [3,861ms] [Warning] [omni.isaac.motion_generation.articulation_motion_policy] omni.isaac.motion_generation has been deprecated in favor of isaacsim.robot_motion.motion_generation. Please update your code accordingly.
2026-06-27T08:46:38Z [3,861ms] [Warning] [omni.isaac.motion_generation.articulation_trajectory] omni.isaac.motion_generation has been deprecated in favor of isaacsim.robot_motion.motion_generation. Please update your code accordingly.
2026-06-27T08:46:38Z [3,861ms] [Warning] [omni.isaac.motion_generation.kinematics_interface] omni.isaac.motion_generation has been deprecated in favor of isaacsim.robot_motion.motion_generation. Please update your code accordingly.
2026-06-27T08:46:38Z [3,861ms] [Warning] [omni.isaac.motion_generation.lula] omni.isaac.motion_generation has been deprecated in favor of isaacsim.robot_motion.motion_generation. Please update your code accordingly.
2026-06-27T08:46:38Z [3,861ms] [Warning] [omni.isaac.motion_generation.lula.kinematics] omni.isaac.motion_generation has been deprecated in favor of isaacsim.robot_motion.motion_generation. Please update your code accordingly.
2026-06-27T08:46:38Z [3,861ms] [Warning] [omni.isaac.motion_generation.lula.motion_policies] omni.isaac.motion_generation has been deprecated in favor of isaacsim.robot_motion.motion_generation. Please update your code accordingly.
2026-06-27T08:46:38Z [3,861ms] [Warning] [omni.isaac.motion_generation.lula.path_planners] omni.isaac.motion_generation has been deprecated in favor of isaacsim.robot_motion.motion_generation. Please update your code accordingly.
2026-06-27T08:46:38Z [3,861ms] [Warning] [omni.isaac.motion_generation.lula.trajectory_generator] omni.isaac.motion_generation has been deprecated in favor of isaacsim.robot_motion.motion_generation. Please update your code accordingly.
2026-06-27T08:46:38Z [3,861ms] [Warning] [omni.isaac.motion_generation.motion_policy_controller] omni.isaac.motion_generation has been deprecated in favor of isaacsim.robot_motion.motion_generation. Please update your code accordingly.
2026-06-27T08:46:38Z [3,861ms] [Warning] [omni.isaac.motion_generation.motion_policy_interface] omni.isaac.motion_generation has been deprecated in favor of isaacsim.robot_motion.motion_generation. Please update your code accordingly.
2026-06-27T08:46:38Z [3,861ms] [Warning] [omni.isaac.motion_generation.path_planner_visualizer] omni.isaac.motion_generation has been deprecated in favor of isaacsim.robot_motion.motion_generation. Please update your code accordingly.
2026-06-27T08:46:38Z [3,862ms] [Warning] [omni.isaac.motion_generation.path_planning_interface] omni.isaac.motion_generation has been deprecated in favor of isaacsim.robot_motion.motion_generation. Please update your code accordingly.
2026-06-27T08:46:38Z [3,862ms] [Warning] [omni.isaac.motion_generation.trajectory] omni.isaac.motion_generation has been deprecated in favor of isaacsim.robot_motion.motion_generation. Please update your code accordingly.
2026-06-27T08:46:38Z [3,862ms] [Warning] [omni.isaac.motion_generation.world_interface] omni.isaac.motion_generation has been deprecated in favor of isaacsim.robot_motion.motion_generation. Please update your code accordingly.
[3.870s] [ext: omni.isaac.assets_check-0.3.13] startup
2026-06-27T08:46:38Z [3,863ms] [Warning] [omni.isaac.assets_check] omni.isaac.assets_check has been deprecated in favor of isaacsim.asset.browser. Please update your code accordingly.
[3.871s] [ext: isaacsim.gui.sensors.icon-2.0.3] startup
[3.881s] [ext: isaacsim.asset.importer.mjcf-2.5.13] startup
[3.886s] [ext: omni.sensors.nv.common-3.0.0] startup
[3.893s] [ext: isaacsim.sensors.physics-0.4.3] startup
[3.898s] [ext: omni.sensors.net-1.0.0] startup
[3.901s] [ext: omni.isaac.nucleus-1.0.6] startup
2026-06-27T08:46:38Z [3,893ms] [Warning] [omni.isaac.nucleus] omni.isaac.nucleus has been deprecated in favor of isaacsim.storage.native. Please update your code accordingly.
2026-06-27T08:46:38Z [3,894ms] [Warning] [omni.isaac.nucleus.nucleus] omni.isaac.nucleus.nucleus has been deprecated in favor of isaacsim.storage.native. Please update your code accordingly.
[3.902s] [ext: omni.sensors.nv.materials-2.0.0] startup
[3.906s] [ext: isaacsim.robot.policy.examples-4.1.11] startup
[3.909s] [ext: omni.sensors.nv.wpm-3.0.0] startup
[3.910s] [ext: omni.sensors.nv.lidar-3.0.0] startup
[3.914s] [ext: isaacsim.util.debug_draw-3.1.0] startup
[3.916s] [ext: omni.sensors.nv.radar-3.0.0] startup
[3.918s] [ext: omni.sensors.nv.ids-2.0.0] startup
[3.919s] [ext: isaacsim.core.cloner-1.4.10] startup
[3.920s] [ext: isaacsim.sensors.physx-2.3.2] startup
[3.923s] [ext: isaacsim.sensors.rtx-15.8.4] startup
[3.928s] [ext: isaacsim.sensors.camera-1.3.6] startup
[3.935s] [ext: omni.isaac.quadruped-3.0.7] startup
2026-06-27T08:46:38Z [3,929ms] [Warning] [omni.isaac.quadruped] omni.isaac.quadruped has been deprecated in favor of isaacsim.robot.policy.examples. Please update your code accordingly.
[3.937s] [ext: omni.isaac.cloner-1.0.7] startup
2026-06-27T08:46:38Z [3,933ms] [Warning] [omni.isaac.cloner] omni.isaac.cloner has been deprecated in favor of isaacsim.core.cloner. Please update your code accordingly.
[3.941s] [ext: omni.isaac.range_sensor-4.0.6] startup
2026-06-27T08:46:38Z [3,935ms] [Warning] [omni.isaac.range_sensor] omni.isaac.range_sensor has been deprecated in favor of isaacsim.sensors.physx. Please update your code accordingly.
2026-06-27T08:46:38Z [3,935ms] [Warning] [omni.isaac.range_sensor.commands] omni.isaac.range_sensor.commands has been deprecated in favor of isaacsim.sensors.physx.commands. Please update your code accordingly.
[3.945s] [ext: omni.isaac.sensor-13.0.7] startup
2026-06-27T08:46:38Z [3,941ms] [Warning] [omni.isaac.sensor] omni.isaac.sensor has been deprecated in favor of isaacsim.sensors.camera, isaacsim.sensors.physics, isaacsim.sensors.physx, and isaacsim.sensors.rtx. Please update your code accordingly.
2026-06-27T08:46:38Z [3,942ms] [Warning] [omni.isaac.sensor.camera] omni.isaac.sensor.camera has been deprecated in favor of isaacsim.sensors.camera.camera. Please update your code accordingly.
2026-06-27T08:46:38Z [3,943ms] [Warning] [omni.isaac.sensor.camera_view] omni.isaac.sensor.camera_view has been deprecated in favor of isaacsim.sensors.camera.camera_view. Please update your code accordingly.
2026-06-27T08:46:38Z [3,943ms] [Warning] [omni.isaac.sensor.commands] omni.isaac.sensor.commands has been deprecated in favor of isaacsim.sensors.physics.commands, isaacsim.sensors.physx.commands, and isaacsim.sensors.rtx.commands. Please update your code accordingly.
2026-06-27T08:46:38Z [3,943ms] [Warning] [omni.isaac.sensor.contact_sensor] omni.isaac.sensor.contact_sensor has been deprecated in favor of isaacsim.sensors.physics.contact_sensor. Please update your code accordingly.
2026-06-27T08:46:38Z [3,945ms] [Warning] [omni.isaac.sensor.imu_sensor] omni.isaac.sensor.imu_sensor has been deprecated in favor of isaacsim.sensors.physics.imu_sensor. Please update your code accordingly.
2026-06-27T08:46:38Z [3,945ms] [Warning] [omni.isaac.sensor.lidar_rtx] omni.isaac.sensor.lidar_rtx has been deprecated in favor of isaacsim.sensors.rtx.lidar_rtx. Please update your code accordingly.
2026-06-27T08:46:38Z [3,945ms] [Warning] [omni.isaac.sensor.rotating_lidar_physX] omni.isaac.sensor.imu_sensor has been deprecated in favor of isaacsim.sensors.physix.rotating_lidar_physX. Please update your code accordingly.
2026-06-27T08:46:38Z [3,946ms] [Warning] [omni.isaac.sensor.scripts.samples.contact_sensor] omni.isaac.sensor.scripts.samples.contact_sensor has been deprecated in favor of isaacsim.sensors.physics.scripts.samples.contact_sensor. Please update your code accordingly.
2026-06-27T08:46:38Z [3,946ms] [Warning] [omni.isaac.sensor.scripts.samples.imu_sensor] omni.isaac.sensor.scripts.samples.imu_sensor has been deprecated in favor of isaacsim.sensors.physics.scripts.samples.imu_sensor. Please update your code accordingly.
2026-06-27T08:46:38Z [3,946ms] [Warning] [omni.isaac.sensor.scripts.samples.lightbeam_sensor] omni.isaac.sensor.scripts.samples.lightbeam_sensor has been deprecated in favor of isaacsim.sensors.physx.scripts.samples.lightbeam_sensor. Please update your code accordingly.
[3.954s] [ext: omni.kit.menu.create-2.0.1] startup
[3.956s] [ext: omni.kit.widget.toolbar-2.0.1] startup
[3.967s] [ext: omni.kit.manipulator.transform-107.0.0] startup
[3.970s] [ext: omni.isaac.core-4.0.7] startup
2026-06-27T08:46:38Z [3,963ms] [Warning] [omni.isaac.core.physics_context.physics_context] omni.isaac.core.physics_context.physics_context has been deprecated in favor of isaacsim.core.api.physics_context.physics_context. Please update your code accordingly.
2026-06-27T08:46:38Z [3,963ms] [Warning] [omni.isaac.core.simulation_context.simulation_context] omni.isaac.core.simulation_context.simulation_context has been deprecated in favor of isaacsim.core.api.simulation_context.simulation_context. Please update your code accordingly.
2026-06-27T08:46:38Z [3,963ms] [Warning] [omni.isaac.core.world.world] omni.isaac.core.world.world has been deprecated in favor of isaacsim.core.api.world.world. Please update your code accordingly.
2026-06-27T08:46:38Z [3,963ms] [Warning] [omni.isaac.core] omni.isaac.core has been deprecated in favor of isaacsim.core.api. Please update your code accordingly.
[3.971s] [ext: omni.kit.scripting-107.3.2] startup
[3.976s] [ext: omni.kit.manipulator.tool.snap-1.5.13] startup
[3.979s] [ext: omni.kit.manipulator.selector-1.1.3] startup
[3.981s] [ext: isaacsim.app.about-2.0.11] startup
[3.986s] [ext: isaacsim.replicator.behavior-1.1.16] startup
[3.987s] [ext: omni.kit.viewport.manipulator.transform-107.0.4] startup
[3.989s] [ext: omni.isaac.window.about-2.0.7] startup
2026-06-27T08:46:38Z [3,983ms] [Warning] [omni.isaac.window.about] omni.isaac.window.about has been deprecated in favor of isaacsim.app.about. Please update your code accordingly.
2026-06-27T08:46:38Z [3,983ms] [Warning] [omni.isaac.window.about.about] omni.isaac.window.about.about has been deprecated in favor of isaacsim.app.about.about. Please update your code accordingly.
[3.991s] [ext: omni.fabric.commands-1.1.6] startup
[3.993s] [ext: omni.kit.manipulator.prim.core-107.0.8] startup
[3.998s] [ext: omni.kit.property.audio-1.0.16] startup
[4.000s] [ext: omni.kit.property.camera-1.0.10] startup
[4.001s] [ext: omni.kit.property.geometry-2.0.4] startup
[4.004s] [ext: omni.hydra.scene_api-0.1.2] startup
[4.007s] [ext: omni.kit.property.light-1.0.12] startup
[4.016s] [ext: omni.kit.manipulator.prim.fabric-107.0.4] startup
[4.018s] [ext: omni.kit.manipulator.prim.usd-107.0.3] startup
[4.019s] [ext: omni.kit.property.material-1.11.9] startup
[4.024s] [ext: omni.kit.property.render-1.2.1] startup
[4.025s] [ext: omni.kit.property.transform-1.5.13] startup
[4.028s] [ext: isaacsim.gui.property-1.1.3] startup
[4.029s] [ext: omni.kit.manipulator.camera-106.0.4] startup
[4.032s] [ext: omni.kit.manipulator.prim-107.0.0] startup
[4.032s] [ext: omni.isaac.surface_gripper-2.0.6] startup
2026-06-27T08:46:38Z [4,025ms] [Warning] [omni.isaac.surface_gripper] omni.isaac.surface_gripper has been deprecated in favor of isaacsim.robot.surface_gripper. Please update your code accordingly.
[4.033s] [ext: omni.kit.manipulator.selection-106.0.1] startup
[4.035s] [ext: omni.kit.property.bundle-1.4.1] startup
[4.037s] [ext: omni.kit.property.isaac-1.0.6] startup
2026-06-27T08:46:38Z [4,030ms] [Warning] [omni.kit.property.isaac] omni.kit.property.isaac has been deprecated in favor of isaacsim.gui.property. Please update your code accordingly.
2026-06-27T08:46:38Z [4,030ms] [Warning] [omni.kit.property.isaac.widgets] omni.kit.property.isaac.widgets has been deprecated in favor of isaacsim.gui.property.widgets. Please update your code accordingly.
[4.038s] [ext: omni.isaac.universal_robots-1.0.6] startup
2026-06-27T08:46:38Z [4,031ms] [Warning] [omni.isaac.universal_robots] omni.isaac.universal_robots has been deprecated in favor of isaacsim.robot.manipulators.examples.universal_robots. Please update your code accordingly.
2026-06-27T08:46:38Z [4,031ms] [Warning] [omni.isaac.universal_robots.kinematics_solver] omni.isaac.franka has been deprecated in favor of isaacsim.robot.manipulators.examples.universal_robots. Please update your code accordingly.
2026-06-27T08:46:38Z [4,031ms] [Warning] [omni.isaac.universal_robots.ur10] omni.isaac.franka has been deprecated in favor of isaacsim.robot.manipulators.examples.universal_robots. Please update your code accordingly.
[4.040s] [ext: omni.isaac.core_nodes-2.0.6] startup
2026-06-27T08:46:38Z [4,033ms] [Warning] [omni.isaac.core_nodes] omni.isaac.core_nodes has been deprecated in favor of isaacsim.core.nodes. Please update your code accordingly.
[4.042s] [ext: omni.kit.viewport.menubar.camera-107.0.6] startup
[4.048s] [ext: omni.kit.viewport.menubar.lighting-107.3.1] startup
[4.050s] [ext: isaacsim.replicator.writers-1.0.17] startup
[4.060s] [ext: omni.kit.viewport.menubar.render-107.0.10] startup
[4.064s] [ext: omni.kit.viewport.menubar.settings-107.0.3] startup
[4.068s] [ext: omni.kit.window.console-1.1.4] startup
[4.073s] [ext: isaacsim.replicator.domain_randomization-1.0.16] startup
[4.076s] [ext: isaacsim.replicator.examples-1.3.6] startup
[4.079s] [ext: omni.ocio-0.1.1] startup
[4.082s] [ext: omni.rtx.window.settings-0.6.19] startup
[4.091s] [ext: omni.kit.window.status_bar-0.1.9] startup
[4.093s] [ext: omni.kit.window.toolbar-2.0.0] startup
[4.102s] [ext: omni.replicator.isaac-2.0.8] startup
2026-06-27T08:46:38Z [4,095ms] [Warning] [omni.replicator.isaac] omni.replicator.isaac has been deprecated in favor of isaacsim.replicator.domain_randomization, isaacsim.replicator.examples, isaacsim.replicator.writers. Please update your code accordingly.
[4.104s] [ext: omni.replicator.replicator_yaml-2.0.11] startup
[4.122s] [ext: omni.rtx.settings.core-0.6.5] startup
[4.127s] [ext: omni.usd.metrics.assembler.ui-107.3.1] startup
[4.135s] [ext: omni.isaac.utils-2.0.6] startup
[4.137s] [ext: semantics.schema.editor-2.0.2] startup
[4.141s] [ext: omni.kit.ui.actions-1.0.5] startup
[4.142s] [ext: semantics.schema.property-2.0.1] startup
[4.144s] [ext: omni.isaac.version-2.0.7] startup
2026-06-27T08:46:38Z [4,136ms] [Warning] [omni.isaac.version] omni.isaac.version has been deprecated in favor of isaacsim.core.version. Please update your code accordingly.
[4.146s] [ext: omni.isaac.cortex-1.0.5] startup
[4.147s] [ext: omni.anim.curve.core-1.3.1] startup
[4.156s] [ext: isaacsim.core.throttling-2.2.2] startup
[4.158s] [ext: omni.kit.menu.common-2.0.1] startup
[4.161s] [ext: isaacsim.exp.base-5.1.0] startup
[4.162s] [ext: isaacsim.exp.base.python-5.1.0] startup
[4.163s] Simulation App Starting
2026-06-27T08:46:38Z [4,219ms] [Warning] [omni.kvdb.plugin] Disabling key-value database because another kit process is locking it
2026-06-27T08:46:38Z [4,239ms] [Warning] [omni.fabric.plugin] Warning: attribute viewportHandle not found for bucket id 9

2026-06-27T08:46:38Z [4,264ms] [Warning] [usdrt.population.plugin] [UsdNoticeHandler] Unhandled attribute type VtArray<std::string> (prim attribute: omni:rtx:material:db:flattener:reflection_roughness_constant)
2026-06-27T08:46:38Z [4,264ms] [Warning] [usdrt.population.plugin] [UsdNoticeHandler] Unhandled attribute type VtArray<std::string> (prim attribute: omni:rtx:material:db:flattener:ior_constant)
2026-06-27T08:46:38Z [4,264ms] [Warning] [usdrt.population.plugin] [UsdNoticeHandler] Unhandled attribute type VtArray<std::string> (prim attribute: omni:rtx:material:db:flattener:transmittance_color)
[4.279s] app ready
2026-06-27T08:46:39Z [4,847ms] [Error] [asyncio] Task exception was never retrieved
future: <Task finished name='Task-50' coro=<MaterialLibraryExtension.__preload_base_material_subids() done, defined at /isaac-sim/extscache/omni.kit.material.library-2.0.7+69cbf6ad/omni/kit/material/library/material_library.py:833> exception=PermissionError(13, 'Permission denied')>
Traceback (most recent call last):
  File "/isaac-sim/extscache/omni.kit.material.library-2.0.7+69cbf6ad/omni/kit/material/library/material_library.py", line 899, in __preload_base_material_subids
    on_complete_fn()
  File "/isaac-sim/extscache/omni.kit.material.library-2.0.7+69cbf6ad/omni/kit/material/library/material_library.py", line 745, in cache_built
    with open(self._cache_filename, 'w') as file:
         ^^^^^^^^^^^^^^^^^^^^^^^^^^^^^^^
PermissionError: [Errno 13] Permission denied: '/isaac-sim/kit/cache/Kit/107.3/69cbf6ad/material_cache.json'
[6.156s] Simulation App Startup Complete
[6.266s] Simulation App Shutting Down
