[0.090s] DEBUG:colcon:Command line arguments: ['/usr/bin/colcon', 'build']
[0.090s] DEBUG:colcon:Parsed command line arguments: Namespace(log_base=None, log_level=None, verb_name='build', build_base='build', install_base='install', merge_install=False, symlink_install=False, test_result_base=None, continue_on_error=False, executor='parallel', parallel_workers=24, event_handlers=None, ignore_user_meta=False, metas=['./colcon.meta'], base_paths=['.'], packages_ignore=None, packages_ignore_regex=None, paths=None, packages_up_to=None, packages_up_to_regex=None, packages_above=None, packages_above_and_dependencies=None, packages_above_depth=None, packages_select_by_dep=None, packages_skip_by_dep=None, packages_skip_up_to=None, packages_select_build_failed=False, packages_skip_build_finished=False, packages_select_test_failures=False, packages_skip_test_passed=False, packages_select=None, packages_skip=None, packages_select_regex=None, packages_skip_regex=None, packages_start=None, packages_end=None, cmake_args=None, cmake_target=None, cmake_target_skip_unavailable=False, cmake_clean_cache=False, cmake_clean_first=False, cmake_force_configure=False, ament_cmake_args=None, catkin_cmake_args=None, catkin_skip_building_tests=False, mixin_files=None, mixin=None, verb_parser=<colcon_mixin.mixin.mixin_argument.MixinArgumentDecorator object at 0x7d35ac2ae260>, verb_extension=<colcon_core.verb.build.BuildVerb object at 0x7d35ac2addb0>, main=<bound method BuildVerb.main of <colcon_core.verb.build.BuildVerb object at 0x7d35ac2addb0>>, mixin_verb=('build',))
[0.183s] Level 1:colcon.colcon_core.package_discovery:discover_packages(colcon_meta) check parameters
[0.184s] INFO:colcon.colcon_metadata.package_discovery.colcon_meta:Using configuration from '/root/.colcon/metadata/default/Gazebo.meta'
[0.184s] INFO:colcon.colcon_metadata.package_discovery.colcon_meta:Using configuration from '/root/.colcon/metadata/default/fastdds.meta'
[0.184s] INFO:colcon.colcon_metadata.package_discovery.colcon_meta:Using configuration from '/root/.colcon/metadata/default/fastrtps.meta'
[0.184s] Level 1:colcon.colcon_core.package_discovery:discover_packages(recursive) check parameters
[0.184s] Level 1:colcon.colcon_core.package_discovery:discover_packages(ignore) check parameters
[0.184s] Level 1:colcon.colcon_core.package_discovery:discover_packages(path) check parameters
[0.185s] Level 1:colcon.colcon_core.package_discovery:discover_packages(colcon_meta) discover
[0.186s] Level 1:colcon.colcon_core.package_discovery:discover_packages(recursive) discover
[0.186s] INFO:colcon.colcon_core.package_discovery:Crawling recursively for packages in '/workspace/A1Z/ros2_ws'
[0.186s] Level 1:colcon.colcon_core.package_identification:_identify(.) by extensions ['ignore', 'ignore_ament_install']
[0.186s] Level 1:colcon.colcon_core.package_identification:_identify(.) by extension 'ignore'
[0.186s] Level 1:colcon.colcon_core.package_identification:_identify(.) by extension 'ignore_ament_install'
[0.186s] Level 1:colcon.colcon_core.package_identification:_identify(.) by extensions ['colcon_pkg']
[0.186s] Level 1:colcon.colcon_core.package_identification:_identify(.) by extension 'colcon_pkg'
[0.186s] Level 1:colcon.colcon_core.package_identification:_identify(.) by extensions ['colcon_meta']
[0.186s] Level 1:colcon.colcon_core.package_identification:_identify(.) by extension 'colcon_meta'
[0.186s] Level 1:colcon.colcon_core.package_identification:_identify(.) by extensions ['ros']
[0.186s] Level 1:colcon.colcon_core.package_identification:_identify(.) by extension 'ros'
[0.199s] Level 1:colcon.colcon_core.package_identification:_identify(.) by extensions ['cmake', 'python']
[0.199s] Level 1:colcon.colcon_core.package_identification:_identify(.) by extension 'cmake'
[0.199s] Level 1:colcon.colcon_core.package_identification:_identify(.) by extension 'python'
[0.199s] Level 1:colcon.colcon_core.package_identification:_identify(.) by extensions ['python_setup_py']
[0.199s] Level 1:colcon.colcon_core.package_identification:_identify(.) by extension 'python_setup_py'
[0.199s] Level 1:colcon.colcon_core.package_identification:_identify(build) by extensions ['ignore', 'ignore_ament_install']
[0.199s] Level 1:colcon.colcon_core.package_identification:_identify(build) by extension 'ignore'
[0.199s] Level 1:colcon.colcon_core.package_identification:_identify(build) ignored
[0.199s] Level 1:colcon.colcon_core.package_identification:_identify(install) by extensions ['ignore', 'ignore_ament_install']
[0.199s] Level 1:colcon.colcon_core.package_identification:_identify(install) by extension 'ignore'
[0.199s] Level 1:colcon.colcon_core.package_identification:_identify(install) ignored
[0.199s] Level 1:colcon.colcon_core.package_identification:_identify(log) by extensions ['ignore', 'ignore_ament_install']
[0.199s] Level 1:colcon.colcon_core.package_identification:_identify(log) by extension 'ignore'
[0.199s] Level 1:colcon.colcon_core.package_identification:_identify(log) ignored
[0.199s] Level 1:colcon.colcon_core.package_identification:_identify(rviz) by extensions ['ignore', 'ignore_ament_install']
[0.199s] Level 1:colcon.colcon_core.package_identification:_identify(rviz) by extension 'ignore'
[0.199s] Level 1:colcon.colcon_core.package_identification:_identify(rviz) by extension 'ignore_ament_install'
[0.199s] Level 1:colcon.colcon_core.package_identification:_identify(rviz) by extensions ['colcon_pkg']
[0.199s] Level 1:colcon.colcon_core.package_identification:_identify(rviz) by extension 'colcon_pkg'
[0.199s] Level 1:colcon.colcon_core.package_identification:_identify(rviz) by extensions ['colcon_meta']
[0.199s] Level 1:colcon.colcon_core.package_identification:_identify(rviz) by extension 'colcon_meta'
[0.199s] Level 1:colcon.colcon_core.package_identification:_identify(rviz) by extensions ['ros']
[0.199s] Level 1:colcon.colcon_core.package_identification:_identify(rviz) by extension 'ros'
[0.199s] Level 1:colcon.colcon_core.package_identification:_identify(rviz) by extensions ['cmake', 'python']
[0.199s] Level 1:colcon.colcon_core.package_identification:_identify(rviz) by extension 'cmake'
[0.199s] Level 1:colcon.colcon_core.package_identification:_identify(rviz) by extension 'python'
[0.199s] Level 1:colcon.colcon_core.package_identification:_identify(rviz) by extensions ['python_setup_py']
[0.199s] Level 1:colcon.colcon_core.package_identification:_identify(rviz) by extension 'python_setup_py'
[0.200s] Level 1:colcon.colcon_core.package_identification:_identify(src) by extensions ['ignore', 'ignore_ament_install']
[0.200s] Level 1:colcon.colcon_core.package_identification:_identify(src) by extension 'ignore'
[0.200s] Level 1:colcon.colcon_core.package_identification:_identify(src) by extension 'ignore_ament_install'
[0.200s] Level 1:colcon.colcon_core.package_identification:_identify(src) by extensions ['colcon_pkg']
[0.200s] Level 1:colcon.colcon_core.package_identification:_identify(src) by extension 'colcon_pkg'
[0.200s] Level 1:colcon.colcon_core.package_identification:_identify(src) by extensions ['colcon_meta']
[0.200s] Level 1:colcon.colcon_core.package_identification:_identify(src) by extension 'colcon_meta'
[0.200s] Level 1:colcon.colcon_core.package_identification:_identify(src) by extensions ['ros']
[0.200s] Level 1:colcon.colcon_core.package_identification:_identify(src) by extension 'ros'
[0.200s] Level 1:colcon.colcon_core.package_identification:_identify(src) by extensions ['cmake', 'python']
[0.200s] Level 1:colcon.colcon_core.package_identification:_identify(src) by extension 'cmake'
[0.200s] Level 1:colcon.colcon_core.package_identification:_identify(src) by extension 'python'
[0.200s] Level 1:colcon.colcon_core.package_identification:_identify(src) by extensions ['python_setup_py']
[0.200s] Level 1:colcon.colcon_core.package_identification:_identify(src) by extension 'python_setup_py'
[0.200s] Level 1:colcon.colcon_core.package_identification:_identify(src/a1z_d405) by extensions ['ignore', 'ignore_ament_install']
[0.200s] Level 1:colcon.colcon_core.package_identification:_identify(src/a1z_d405) by extension 'ignore'
[0.200s] Level 1:colcon.colcon_core.package_identification:_identify(src/a1z_d405) by extension 'ignore_ament_install'
[0.200s] Level 1:colcon.colcon_core.package_identification:_identify(src/a1z_d405) by extensions ['colcon_pkg']
[0.200s] Level 1:colcon.colcon_core.package_identification:_identify(src/a1z_d405) by extension 'colcon_pkg'
[0.200s] Level 1:colcon.colcon_core.package_identification:_identify(src/a1z_d405) by extensions ['colcon_meta']
[0.200s] Level 1:colcon.colcon_core.package_identification:_identify(src/a1z_d405) by extension 'colcon_meta'
[0.200s] Level 1:colcon.colcon_core.package_identification:_identify(src/a1z_d405) by extensions ['ros']
[0.200s] Level 1:colcon.colcon_core.package_identification:_identify(src/a1z_d405) by extension 'ros'
[0.201s] DEBUG:colcon.colcon_core.package_identification:Package 'src/a1z_d405' with type 'ros.ament_python' and name 'a1z_d405'
[0.201s] Level 1:colcon.colcon_core.package_identification:_identify(src/a1z_motion) by extensions ['ignore', 'ignore_ament_install']
[0.201s] Level 1:colcon.colcon_core.package_identification:_identify(src/a1z_motion) by extension 'ignore'
[0.201s] Level 1:colcon.colcon_core.package_identification:_identify(src/a1z_motion) by extension 'ignore_ament_install'
[0.201s] Level 1:colcon.colcon_core.package_identification:_identify(src/a1z_motion) by extensions ['colcon_pkg']
[0.202s] Level 1:colcon.colcon_core.package_identification:_identify(src/a1z_motion) by extension 'colcon_pkg'
[0.202s] Level 1:colcon.colcon_core.package_identification:_identify(src/a1z_motion) by extensions ['colcon_meta']
[0.202s] Level 1:colcon.colcon_core.package_identification:_identify(src/a1z_motion) by extension 'colcon_meta'
[0.202s] Level 1:colcon.colcon_core.package_identification:_identify(src/a1z_motion) by extensions ['ros']
[0.202s] Level 1:colcon.colcon_core.package_identification:_identify(src/a1z_motion) by extension 'ros'
[0.203s] DEBUG:colcon.colcon_core.package_identification:Package 'src/a1z_motion' with type 'ros.ament_python' and name 'a1z_motion'
[0.205s] Level 1:colcon.colcon_core.package_identification:_identify(src/a1z_msgs) by extensions ['ignore', 'ignore_ament_install']
[0.205s] Level 1:colcon.colcon_core.package_identification:_identify(src/a1z_msgs) by extension 'ignore'
[0.205s] Level 1:colcon.colcon_core.package_identification:_identify(src/a1z_msgs) by extension 'ignore_ament_install'
[0.205s] Level 1:colcon.colcon_core.package_identification:_identify(src/a1z_msgs) by extensions ['colcon_pkg']
[0.205s] Level 1:colcon.colcon_core.package_identification:_identify(src/a1z_msgs) by extension 'colcon_pkg'
[0.205s] Level 1:colcon.colcon_core.package_identification:_identify(src/a1z_msgs) by extensions ['colcon_meta']
[0.205s] Level 1:colcon.colcon_core.package_identification:_identify(src/a1z_msgs) by extension 'colcon_meta'
[0.205s] Level 1:colcon.colcon_core.package_identification:_identify(src/a1z_msgs) by extensions ['ros']
[0.205s] Level 1:colcon.colcon_core.package_identification:_identify(src/a1z_msgs) by extension 'ros'
[0.205s] DEBUG:colcon.colcon_core.package_identification:Package 'src/a1z_msgs' with type 'ros.ament_cmake' and name 'a1z_msgs'
[0.205s] Level 1:colcon.colcon_core.package_identification:_identify(src/a1z_open_vocab) by extensions ['ignore', 'ignore_ament_install']
[0.205s] Level 1:colcon.colcon_core.package_identification:_identify(src/a1z_open_vocab) by extension 'ignore'
[0.205s] Level 1:colcon.colcon_core.package_identification:_identify(src/a1z_open_vocab) by extension 'ignore_ament_install'
[0.206s] Level 1:colcon.colcon_core.package_identification:_identify(src/a1z_open_vocab) by extensions ['colcon_pkg']
[0.206s] Level 1:colcon.colcon_core.package_identification:_identify(src/a1z_open_vocab) by extension 'colcon_pkg'
[0.206s] Level 1:colcon.colcon_core.package_identification:_identify(src/a1z_open_vocab) by extensions ['colcon_meta']
[0.206s] Level 1:colcon.colcon_core.package_identification:_identify(src/a1z_open_vocab) by extension 'colcon_meta'
[0.206s] Level 1:colcon.colcon_core.package_identification:_identify(src/a1z_open_vocab) by extensions ['ros']
[0.206s] Level 1:colcon.colcon_core.package_identification:_identify(src/a1z_open_vocab) by extension 'ros'
[0.206s] DEBUG:colcon.colcon_core.package_identification:Package 'src/a1z_open_vocab' with type 'ros.ament_python' and name 'a1z_open_vocab'
[0.206s] Level 1:colcon.colcon_core.package_discovery:discover_packages(recursive) using defaults
[0.206s] Level 1:colcon.colcon_core.package_discovery:discover_packages(ignore) discover
[0.206s] Level 1:colcon.colcon_core.package_discovery:discover_packages(ignore) using defaults
[0.206s] Level 1:colcon.colcon_core.package_discovery:discover_packages(path) discover
[0.206s] Level 1:colcon.colcon_core.package_discovery:discover_packages(path) using defaults
[0.224s] Level 5:colcon.colcon_core.verb:set package 'a1z_d405' build argument 'cmake_args' from command line to 'None'
[0.224s] Level 5:colcon.colcon_core.verb:set package 'a1z_d405' build argument 'cmake_target' from command line to 'None'
[0.224s] Level 5:colcon.colcon_core.verb:set package 'a1z_d405' build argument 'cmake_target_skip_unavailable' from command line to 'False'
[0.224s] Level 5:colcon.colcon_core.verb:set package 'a1z_d405' build argument 'cmake_clean_cache' from command line to 'False'
[0.224s] Level 5:colcon.colcon_core.verb:set package 'a1z_d405' build argument 'cmake_clean_first' from command line to 'False'
[0.224s] Level 5:colcon.colcon_core.verb:set package 'a1z_d405' build argument 'cmake_force_configure' from command line to 'False'
[0.224s] Level 5:colcon.colcon_core.verb:set package 'a1z_d405' build argument 'ament_cmake_args' from command line to 'None'
[0.224s] Level 5:colcon.colcon_core.verb:set package 'a1z_d405' build argument 'catkin_cmake_args' from command line to 'None'
[0.224s] Level 5:colcon.colcon_core.verb:set package 'a1z_d405' build argument 'catkin_skip_building_tests' from command line to 'False'
[0.224s] DEBUG:colcon.colcon_core.verb:Building package 'a1z_d405' with the following arguments: {'ament_cmake_args': None, 'build_base': '/workspace/A1Z/ros2_ws/build/a1z_d405', 'catkin_cmake_args': None, 'catkin_skip_building_tests': False, 'cmake_args': None, 'cmake_clean_cache': False, 'cmake_clean_first': False, 'cmake_force_configure': False, 'cmake_target': None, 'cmake_target_skip_unavailable': False, 'install_base': '/workspace/A1Z/ros2_ws/install/a1z_d405', 'merge_install': False, 'path': '/workspace/A1Z/ros2_ws/src/a1z_d405', 'symlink_install': False, 'test_result_base': None}
[0.229s] Level 5:colcon.colcon_core.verb:set package 'a1z_msgs' build argument 'cmake_args' from command line to 'None'
[0.229s] Level 5:colcon.colcon_core.verb:set package 'a1z_msgs' build argument 'cmake_target' from command line to 'None'
[0.229s] Level 5:colcon.colcon_core.verb:set package 'a1z_msgs' build argument 'cmake_target_skip_unavailable' from command line to 'False'
[0.229s] Level 5:colcon.colcon_core.verb:set package 'a1z_msgs' build argument 'cmake_clean_cache' from command line to 'False'
[0.229s] Level 5:colcon.colcon_core.verb:set package 'a1z_msgs' build argument 'cmake_clean_first' from command line to 'False'
[0.229s] Level 5:colcon.colcon_core.verb:set package 'a1z_msgs' build argument 'cmake_force_configure' from command line to 'False'
[0.229s] Level 5:colcon.colcon_core.verb:set package 'a1z_msgs' build argument 'ament_cmake_args' from command line to 'None'
[0.229s] Level 5:colcon.colcon_core.verb:set package 'a1z_msgs' build argument 'catkin_cmake_args' from command line to 'None'
[0.229s] Level 5:colcon.colcon_core.verb:set package 'a1z_msgs' build argument 'catkin_skip_building_tests' from command line to 'False'
[0.229s] DEBUG:colcon.colcon_core.verb:Building package 'a1z_msgs' with the following arguments: {'ament_cmake_args': None, 'build_base': '/workspace/A1Z/ros2_ws/build/a1z_msgs', 'catkin_cmake_args': None, 'catkin_skip_building_tests': False, 'cmake_args': None, 'cmake_clean_cache': False, 'cmake_clean_first': False, 'cmake_force_configure': False, 'cmake_target': None, 'cmake_target_skip_unavailable': False, 'install_base': '/workspace/A1Z/ros2_ws/install/a1z_msgs', 'merge_install': False, 'path': '/workspace/A1Z/ros2_ws/src/a1z_msgs', 'symlink_install': False, 'test_result_base': None}
[0.229s] Level 5:colcon.colcon_core.verb:set package 'a1z_open_vocab' build argument 'cmake_args' from command line to 'None'
[0.229s] Level 5:colcon.colcon_core.verb:set package 'a1z_open_vocab' build argument 'cmake_target' from command line to 'None'
[0.229s] Level 5:colcon.colcon_core.verb:set package 'a1z_open_vocab' build argument 'cmake_target_skip_unavailable' from command line to 'False'
[0.229s] Level 5:colcon.colcon_core.verb:set package 'a1z_open_vocab' build argument 'cmake_clean_cache' from command line to 'False'
[0.229s] Level 5:colcon.colcon_core.verb:set package 'a1z_open_vocab' build argument 'cmake_clean_first' from command line to 'False'
[0.229s] Level 5:colcon.colcon_core.verb:set package 'a1z_open_vocab' build argument 'cmake_force_configure' from command line to 'False'
[0.230s] Level 5:colcon.colcon_core.verb:set package 'a1z_open_vocab' build argument 'ament_cmake_args' from command line to 'None'
[0.230s] Level 5:colcon.colcon_core.verb:set package 'a1z_open_vocab' build argument 'catkin_cmake_args' from command line to 'None'
[0.230s] Level 5:colcon.colcon_core.verb:set package 'a1z_open_vocab' build argument 'catkin_skip_building_tests' from command line to 'False'
[0.230s] DEBUG:colcon.colcon_core.verb:Building package 'a1z_open_vocab' with the following arguments: {'ament_cmake_args': None, 'build_base': '/workspace/A1Z/ros2_ws/build/a1z_open_vocab', 'catkin_cmake_args': None, 'catkin_skip_building_tests': False, 'cmake_args': None, 'cmake_clean_cache': False, 'cmake_clean_first': False, 'cmake_force_configure': False, 'cmake_target': None, 'cmake_target_skip_unavailable': False, 'install_base': '/workspace/A1Z/ros2_ws/install/a1z_open_vocab', 'merge_install': False, 'path': '/workspace/A1Z/ros2_ws/src/a1z_open_vocab', 'symlink_install': False, 'test_result_base': None}
[0.230s] Level 5:colcon.colcon_core.verb:set package 'a1z_motion' build argument 'cmake_args' from command line to 'None'
[0.230s] Level 5:colcon.colcon_core.verb:set package 'a1z_motion' build argument 'cmake_target' from command line to 'None'
[0.230s] Level 5:colcon.colcon_core.verb:set package 'a1z_motion' build argument 'cmake_target_skip_unavailable' from command line to 'False'
[0.230s] Level 5:colcon.colcon_core.verb:set package 'a1z_motion' build argument 'cmake_clean_cache' from command line to 'False'
[0.230s] Level 5:colcon.colcon_core.verb:set package 'a1z_motion' build argument 'cmake_clean_first' from command line to 'False'
[0.230s] Level 5:colcon.colcon_core.verb:set package 'a1z_motion' build argument 'cmake_force_configure' from command line to 'False'
[0.230s] Level 5:colcon.colcon_core.verb:set package 'a1z_motion' build argument 'ament_cmake_args' from command line to 'None'
[0.230s] Level 5:colcon.colcon_core.verb:set package 'a1z_motion' build argument 'catkin_cmake_args' from command line to 'None'
[0.230s] Level 5:colcon.colcon_core.verb:set package 'a1z_motion' build argument 'catkin_skip_building_tests' from command line to 'False'
[0.230s] DEBUG:colcon.colcon_core.verb:Building package 'a1z_motion' with the following arguments: {'ament_cmake_args': None, 'build_base': '/workspace/A1Z/ros2_ws/build/a1z_motion', 'catkin_cmake_args': None, 'catkin_skip_building_tests': False, 'cmake_args': None, 'cmake_clean_cache': False, 'cmake_clean_first': False, 'cmake_force_configure': False, 'cmake_target': None, 'cmake_target_skip_unavailable': False, 'install_base': '/workspace/A1Z/ros2_ws/install/a1z_motion', 'merge_install': False, 'path': '/workspace/A1Z/ros2_ws/src/a1z_motion', 'symlink_install': False, 'test_result_base': None}
[0.230s] INFO:colcon.colcon_core.executor:Executing jobs using 'parallel' executor
[0.230s] DEBUG:colcon.colcon_parallel_executor.executor.parallel:run_until_complete
[0.231s] INFO:colcon.colcon_ros.task.ament_cmake.build:Building ROS package in '/workspace/A1Z/ros2_ws/src/a1z_msgs' with build type 'ament_cmake'
[0.231s] INFO:colcon.colcon_cmake.task.cmake.build:Building CMake package in '/workspace/A1Z/ros2_ws/src/a1z_msgs'
[0.232s] INFO:colcon.colcon_core.plugin_system:Skipping extension 'colcon_core.shell.bat': Not used on non-Windows systems
[0.232s] INFO:colcon.colcon_core.shell:Skip shell extension 'powershell' for command environment: Not usable outside of PowerShell
[0.232s] DEBUG:colcon.colcon_core.shell:Skip shell extension 'dsv' for command environment
[0.234s] INFO:colcon.colcon_ros.task.ament_python.build:Building ROS package in '/workspace/A1Z/ros2_ws/src/a1z_d405' with build type 'ament_python'
[0.234s] Level 1:colcon.colcon_core.shell:create_environment_hook('a1z_d405', 'ament_prefix_path')
[0.234s] INFO:colcon.colcon_core.shell:Creating environment hook '/workspace/A1Z/ros2_ws/install/a1z_d405/share/a1z_d405/hook/ament_prefix_path.ps1'
[0.235s] INFO:colcon.colcon_core.shell:Creating environment descriptor '/workspace/A1Z/ros2_ws/install/a1z_d405/share/a1z_d405/hook/ament_prefix_path.dsv'
[0.235s] INFO:colcon.colcon_core.shell:Creating environment hook '/workspace/A1Z/ros2_ws/install/a1z_d405/share/a1z_d405/hook/ament_prefix_path.sh'
[0.235s] INFO:colcon.colcon_core.shell:Skip shell extension 'powershell' for command environment: Not usable outside of PowerShell
[0.235s] DEBUG:colcon.colcon_core.shell:Skip shell extension 'dsv' for command environment
[0.236s] INFO:colcon.colcon_ros.task.ament_python.build:Building ROS package in '/workspace/A1Z/ros2_ws/src/a1z_open_vocab' with build type 'ament_python'
[0.236s] Level 1:colcon.colcon_core.shell:create_environment_hook('a1z_open_vocab', 'ament_prefix_path')
[0.236s] INFO:colcon.colcon_core.shell:Creating environment hook '/workspace/A1Z/ros2_ws/install/a1z_open_vocab/share/a1z_open_vocab/hook/ament_prefix_path.ps1'
[0.236s] INFO:colcon.colcon_core.shell:Creating environment descriptor '/workspace/A1Z/ros2_ws/install/a1z_open_vocab/share/a1z_open_vocab/hook/ament_prefix_path.dsv'
[0.237s] INFO:colcon.colcon_core.shell:Creating environment hook '/workspace/A1Z/ros2_ws/install/a1z_open_vocab/share/a1z_open_vocab/hook/ament_prefix_path.sh'
[0.237s] INFO:colcon.colcon_core.shell:Skip shell extension 'powershell' for command environment: Not usable outside of PowerShell
[0.237s] DEBUG:colcon.colcon_core.shell:Skip shell extension 'dsv' for command environment
[0.243s] DEBUG:colcon.colcon_core.event_handler.log_command:Invoking command in '/workspace/A1Z/ros2_ws/build/a1z_msgs': CMAKE_PREFIX_PATH=/opt/ros/humble /usr/bin/cmake --build /workspace/A1Z/ros2_ws/build/a1z_msgs -- -j24 -l24
[0.339s] INFO:colcon.colcon_core.task.python.build:Building Python package in '/workspace/A1Z/ros2_ws/src/a1z_d405'
[0.340s] INFO:colcon.colcon_core.shell:Skip shell extension 'powershell' for command environment: Not usable outside of PowerShell
[0.340s] DEBUG:colcon.colcon_core.shell:Skip shell extension 'dsv' for command environment
[0.440s] INFO:colcon.colcon_core.task.python.build:Building Python package in '/workspace/A1Z/ros2_ws/src/a1z_open_vocab'
[0.441s] INFO:colcon.colcon_core.shell:Skip shell extension 'powershell' for command environment: Not usable outside of PowerShell
[0.441s] DEBUG:colcon.colcon_core.shell:Skip shell extension 'dsv' for command environment
[0.444s] DEBUG:colcon.colcon_core.event_handler.log_command:Invoked command in '/workspace/A1Z/ros2_ws/build/a1z_msgs' returned '0': CMAKE_PREFIX_PATH=/opt/ros/humble /usr/bin/cmake --build /workspace/A1Z/ros2_ws/build/a1z_msgs -- -j24 -l24
[0.451s] DEBUG:colcon.colcon_core.event_handler.log_command:Invoking command in '/workspace/A1Z/ros2_ws/build/a1z_msgs': CMAKE_PREFIX_PATH=/opt/ros/humble /usr/bin/cmake --install /workspace/A1Z/ros2_ws/build/a1z_msgs
[0.485s] Level 1:colcon.colcon_core.environment:create_environment_scripts_only(a1z_msgs)
[0.486s] DEBUG:colcon.colcon_core.event_handler.log_command:Invoked command in '/workspace/A1Z/ros2_ws/build/a1z_msgs' returned '0': CMAKE_PREFIX_PATH=/opt/ros/humble /usr/bin/cmake --install /workspace/A1Z/ros2_ws/build/a1z_msgs
[0.487s] Level 1:colcon.colcon_core.environment:checking '/workspace/A1Z/ros2_ws/install/a1z_msgs' for CMake module files
[0.487s] Level 1:colcon.colcon_core.environment:checking '/workspace/A1Z/ros2_ws/install/a1z_msgs' for CMake config files
[0.488s] Level 1:colcon.colcon_core.shell:create_environment_hook('a1z_msgs', 'cmake_prefix_path')
[0.488s] INFO:colcon.colcon_core.shell:Creating environment hook '/workspace/A1Z/ros2_ws/install/a1z_msgs/share/a1z_msgs/hook/cmake_prefix_path.ps1'
[0.488s] INFO:colcon.colcon_core.shell:Creating environment descriptor '/workspace/A1Z/ros2_ws/install/a1z_msgs/share/a1z_msgs/hook/cmake_prefix_path.dsv'
[0.488s] INFO:colcon.colcon_core.shell:Creating environment hook '/workspace/A1Z/ros2_ws/install/a1z_msgs/share/a1z_msgs/hook/cmake_prefix_path.sh'
[0.489s] Level 1:colcon.colcon_core.environment:checking '/workspace/A1Z/ros2_ws/install/a1z_msgs/lib'
[0.489s] Level 1:colcon.colcon_core.shell:create_environment_hook('a1z_msgs', 'ld_library_path_lib')
[0.489s] INFO:colcon.colcon_core.shell:Creating environment hook '/workspace/A1Z/ros2_ws/install/a1z_msgs/share/a1z_msgs/hook/ld_library_path_lib.ps1'
[0.489s] INFO:colcon.colcon_core.shell:Creating environment descriptor '/workspace/A1Z/ros2_ws/install/a1z_msgs/share/a1z_msgs/hook/ld_library_path_lib.dsv'
[0.490s] INFO:colcon.colcon_core.shell:Creating environment hook '/workspace/A1Z/ros2_ws/install/a1z_msgs/share/a1z_msgs/hook/ld_library_path_lib.sh'
[0.490s] Level 1:colcon.colcon_core.environment:checking '/workspace/A1Z/ros2_ws/install/a1z_msgs/bin'
[0.490s] Level 1:colcon.colcon_core.environment:checking '/workspace/A1Z/ros2_ws/install/a1z_msgs/lib/pkgconfig/a1z_msgs.pc'
[0.490s] Level 1:colcon.colcon_core.environment:checking '/workspace/A1Z/ros2_ws/install/a1z_msgs/lib/python3.10/site-packages'
[0.490s] Level 1:colcon.colcon_core.environment:checking '/workspace/A1Z/ros2_ws/install/a1z_msgs/bin'
[0.490s] INFO:colcon.colcon_core.shell:Creating package script '/workspace/A1Z/ros2_ws/install/a1z_msgs/share/a1z_msgs/package.ps1'
[0.491s] INFO:colcon.colcon_core.shell:Creating package descriptor '/workspace/A1Z/ros2_ws/install/a1z_msgs/share/a1z_msgs/package.dsv'
[0.491s] INFO:colcon.colcon_core.shell:Creating package script '/workspace/A1Z/ros2_ws/install/a1z_msgs/share/a1z_msgs/package.sh'
[0.492s] INFO:colcon.colcon_core.shell:Creating package script '/workspace/A1Z/ros2_ws/install/a1z_msgs/share/a1z_msgs/package.bash'
[0.492s] INFO:colcon.colcon_core.shell:Creating package script '/workspace/A1Z/ros2_ws/install/a1z_msgs/share/a1z_msgs/package.zsh'
[0.492s] Level 1:colcon.colcon_core.environment:create_file_with_runtime_dependencies(/workspace/A1Z/ros2_ws/install/a1z_msgs/share/colcon-core/packages/a1z_msgs)
[0.493s] Level 1:colcon.colcon_core.environment:create_environment_scripts_only(a1z_msgs)
[0.493s] Level 1:colcon.colcon_core.environment:checking '/workspace/A1Z/ros2_ws/install/a1z_msgs' for CMake module files
[0.493s] Level 1:colcon.colcon_core.environment:checking '/workspace/A1Z/ros2_ws/install/a1z_msgs' for CMake config files
[0.494s] Level 1:colcon.colcon_core.shell:create_environment_hook('a1z_msgs', 'cmake_prefix_path')
[0.494s] INFO:colcon.colcon_core.shell:Creating environment hook '/workspace/A1Z/ros2_ws/install/a1z_msgs/share/a1z_msgs/hook/cmake_prefix_path.ps1'
[0.494s] INFO:colcon.colcon_core.shell:Creating environment descriptor '/workspace/A1Z/ros2_ws/install/a1z_msgs/share/a1z_msgs/hook/cmake_prefix_path.dsv'
[0.494s] INFO:colcon.colcon_core.shell:Creating environment hook '/workspace/A1Z/ros2_ws/install/a1z_msgs/share/a1z_msgs/hook/cmake_prefix_path.sh'
[0.494s] Level 1:colcon.colcon_core.environment:checking '/workspace/A1Z/ros2_ws/install/a1z_msgs/lib'
[0.494s] Level 1:colcon.colcon_core.shell:create_environment_hook('a1z_msgs', 'ld_library_path_lib')
[0.495s] INFO:colcon.colcon_core.shell:Creating environment hook '/workspace/A1Z/ros2_ws/install/a1z_msgs/share/a1z_msgs/hook/ld_library_path_lib.ps1'
[0.495s] INFO:colcon.colcon_core.shell:Creating environment descriptor '/workspace/A1Z/ros2_ws/install/a1z_msgs/share/a1z_msgs/hook/ld_library_path_lib.dsv'
[0.495s] INFO:colcon.colcon_core.shell:Creating environment hook '/workspace/A1Z/ros2_ws/install/a1z_msgs/share/a1z_msgs/hook/ld_library_path_lib.sh'
[0.495s] Level 1:colcon.colcon_core.environment:checking '/workspace/A1Z/ros2_ws/install/a1z_msgs/bin'
[0.495s] Level 1:colcon.colcon_core.environment:checking '/workspace/A1Z/ros2_ws/install/a1z_msgs/lib/pkgconfig/a1z_msgs.pc'
[0.495s] Level 1:colcon.colcon_core.environment:checking '/workspace/A1Z/ros2_ws/install/a1z_msgs/lib/python3.10/site-packages'
[0.495s] Level 1:colcon.colcon_core.environment:checking '/workspace/A1Z/ros2_ws/install/a1z_msgs/bin'
[0.496s] INFO:colcon.colcon_core.shell:Creating package script '/workspace/A1Z/ros2_ws/install/a1z_msgs/share/a1z_msgs/package.ps1'
[0.496s] INFO:colcon.colcon_core.shell:Creating package descriptor '/workspace/A1Z/ros2_ws/install/a1z_msgs/share/a1z_msgs/package.dsv'
[0.496s] INFO:colcon.colcon_core.shell:Creating package script '/workspace/A1Z/ros2_ws/install/a1z_msgs/share/a1z_msgs/package.sh'
[0.496s] INFO:colcon.colcon_core.shell:Creating package script '/workspace/A1Z/ros2_ws/install/a1z_msgs/share/a1z_msgs/package.bash'
[0.497s] INFO:colcon.colcon_core.shell:Creating package script '/workspace/A1Z/ros2_ws/install/a1z_msgs/share/a1z_msgs/package.zsh'
[0.497s] Level 1:colcon.colcon_core.environment:create_file_with_runtime_dependencies(/workspace/A1Z/ros2_ws/install/a1z_msgs/share/colcon-core/packages/a1z_msgs)
[0.497s] INFO:colcon.colcon_ros.task.ament_python.build:Building ROS package in '/workspace/A1Z/ros2_ws/src/a1z_motion' with build type 'ament_python'
[0.497s] Level 1:colcon.colcon_core.shell:create_environment_hook('a1z_motion', 'ament_prefix_path')
[0.498s] INFO:colcon.colcon_core.shell:Creating environment hook '/workspace/A1Z/ros2_ws/install/a1z_motion/share/a1z_motion/hook/ament_prefix_path.ps1'
[0.498s] INFO:colcon.colcon_core.shell:Creating environment descriptor '/workspace/A1Z/ros2_ws/install/a1z_motion/share/a1z_motion/hook/ament_prefix_path.dsv'
[0.498s] INFO:colcon.colcon_core.shell:Creating environment hook '/workspace/A1Z/ros2_ws/install/a1z_motion/share/a1z_motion/hook/ament_prefix_path.sh'
[0.498s] INFO:colcon.colcon_core.shell:Skip shell extension 'powershell' for command environment: Not usable outside of PowerShell
[0.499s] DEBUG:colcon.colcon_core.shell:Skip shell extension 'dsv' for command environment
[0.605s] INFO:colcon.colcon_core.task.python.build:Building Python package in '/workspace/A1Z/ros2_ws/src/a1z_motion'
[0.606s] INFO:colcon.colcon_core.shell:Skip shell extension 'powershell' for command environment: Not usable outside of PowerShell
[0.607s] DEBUG:colcon.colcon_core.shell:Skip shell extension 'dsv' for command environment
[0.611s] DEBUG:colcon.colcon_core.event_handler.log_command:Invoking command in '/workspace/A1Z/ros2_ws/src/a1z_d405': PYTHONPATH=/workspace/A1Z/ros2_ws/build/a1z_d405/prefix_override:/usr/lib/python3/dist-packages/colcon_core/task/python/colcon_distutils_commands:/workspace/A1Z/ros2_ws/install/a1z_d405/lib/python3.10/site-packages:${PYTHONPATH} /usr/bin/python3 -W ignore:setup.py install is deprecated -W ignore:easy_install command is deprecated setup.py egg_info --egg-base ../../build/a1z_d405 build --build-base /workspace/A1Z/ros2_ws/build/a1z_d405/build install --record /workspace/A1Z/ros2_ws/build/a1z_d405/install.log --single-version-externally-managed install_data
[0.654s] DEBUG:colcon.colcon_core.event_handler.log_command:Invoking command in '/workspace/A1Z/ros2_ws/src/a1z_open_vocab': PYTHONPATH=/workspace/A1Z/ros2_ws/build/a1z_open_vocab/prefix_override:/usr/lib/python3/dist-packages/colcon_core/task/python/colcon_distutils_commands:/workspace/A1Z/ros2_ws/install/a1z_open_vocab/lib/python3.10/site-packages:${PYTHONPATH} /usr/bin/python3 -W ignore:setup.py install is deprecated -W ignore:easy_install command is deprecated setup.py egg_info --egg-base ../../build/a1z_open_vocab build --build-base /workspace/A1Z/ros2_ws/build/a1z_open_vocab/build install --record /workspace/A1Z/ros2_ws/build/a1z_open_vocab/install.log --single-version-externally-managed install_data
[0.720s] Level 1:colcon.colcon_core.environment:checking '/workspace/A1Z/ros2_ws/install/a1z_d405' for CMake module files
[0.721s] DEBUG:colcon.colcon_core.event_handler.log_command:Invoked command in '/workspace/A1Z/ros2_ws/src/a1z_d405' returned '0': PYTHONPATH=/workspace/A1Z/ros2_ws/build/a1z_d405/prefix_override:/usr/lib/python3/dist-packages/colcon_core/task/python/colcon_distutils_commands:/workspace/A1Z/ros2_ws/install/a1z_d405/lib/python3.10/site-packages:${PYTHONPATH} /usr/bin/python3 -W ignore:setup.py install is deprecated -W ignore:easy_install command is deprecated setup.py egg_info --egg-base ../../build/a1z_d405 build --build-base /workspace/A1Z/ros2_ws/build/a1z_d405/build install --record /workspace/A1Z/ros2_ws/build/a1z_d405/install.log --single-version-externally-managed install_data
[0.721s] Level 1:colcon.colcon_core.environment:checking '/workspace/A1Z/ros2_ws/install/a1z_d405' for CMake config files
[0.721s] Level 1:colcon.colcon_core.environment:checking '/workspace/A1Z/ros2_ws/install/a1z_d405/lib'
[0.721s] Level 1:colcon.colcon_core.environment:checking '/workspace/A1Z/ros2_ws/install/a1z_d405/bin'
[0.721s] Level 1:colcon.colcon_core.environment:checking '/workspace/A1Z/ros2_ws/install/a1z_d405/lib/pkgconfig/a1z_d405.pc'
[0.722s] Level 1:colcon.colcon_core.environment:checking '/workspace/A1Z/ros2_ws/install/a1z_d405/lib/python3.10/site-packages'
[0.722s] Level 1:colcon.colcon_core.shell:create_environment_hook('a1z_d405', 'pythonpath')
[0.722s] INFO:colcon.colcon_core.shell:Creating environment hook '/workspace/A1Z/ros2_ws/install/a1z_d405/share/a1z_d405/hook/pythonpath.ps1'
[0.722s] INFO:colcon.colcon_core.shell:Creating environment descriptor '/workspace/A1Z/ros2_ws/install/a1z_d405/share/a1z_d405/hook/pythonpath.dsv'
[0.722s] INFO:colcon.colcon_core.shell:Creating environment hook '/workspace/A1Z/ros2_ws/install/a1z_d405/share/a1z_d405/hook/pythonpath.sh'
[0.723s] Level 1:colcon.colcon_core.environment:checking '/workspace/A1Z/ros2_ws/install/a1z_d405/bin'
[0.723s] Level 1:colcon.colcon_core.environment:create_environment_scripts_only(a1z_d405)
[0.723s] INFO:colcon.colcon_core.shell:Creating package script '/workspace/A1Z/ros2_ws/install/a1z_d405/share/a1z_d405/package.ps1'
[0.723s] INFO:colcon.colcon_core.shell:Creating package descriptor '/workspace/A1Z/ros2_ws/install/a1z_d405/share/a1z_d405/package.dsv'
[0.724s] INFO:colcon.colcon_core.shell:Creating package script '/workspace/A1Z/ros2_ws/install/a1z_d405/share/a1z_d405/package.sh'
[0.724s] INFO:colcon.colcon_core.shell:Creating package script '/workspace/A1Z/ros2_ws/install/a1z_d405/share/a1z_d405/package.bash'
[0.724s] INFO:colcon.colcon_core.shell:Creating package script '/workspace/A1Z/ros2_ws/install/a1z_d405/share/a1z_d405/package.zsh'
[0.724s] Level 1:colcon.colcon_core.environment:create_file_with_runtime_dependencies(/workspace/A1Z/ros2_ws/install/a1z_d405/share/colcon-core/packages/a1z_d405)
[0.739s] DEBUG:colcon.colcon_core.event_handler.log_command:Invoking command in '/workspace/A1Z/ros2_ws/src/a1z_motion': AMENT_PREFIX_PATH=/workspace/A1Z/ros2_ws/install/a1z_msgs:${AMENT_PREFIX_PATH} CMAKE_PREFIX_PATH=/workspace/A1Z/ros2_ws/install/a1z_msgs LD_LIBRARY_PATH=/workspace/A1Z/ros2_ws/install/a1z_msgs/lib:${LD_LIBRARY_PATH} PYTHONPATH=/workspace/A1Z/ros2_ws/build/a1z_motion/prefix_override:/usr/lib/python3/dist-packages/colcon_core/task/python/colcon_distutils_commands:/workspace/A1Z/ros2_ws/install/a1z_motion/lib/python3.10/site-packages:/workspace/A1Z/ros2_ws/install/a1z_msgs/local/lib/python3.10/dist-packages:${PYTHONPATH} /usr/bin/python3 -W ignore:setup.py install is deprecated -W ignore:easy_install command is deprecated setup.py egg_info --egg-base ../../build/a1z_motion build --build-base /workspace/A1Z/ros2_ws/build/a1z_motion/build install --record /workspace/A1Z/ros2_ws/build/a1z_motion/install.log --single-version-externally-managed install_data
[0.776s] Level 1:colcon.colcon_core.environment:checking '/workspace/A1Z/ros2_ws/install/a1z_open_vocab' for CMake module files
[0.778s] DEBUG:colcon.colcon_core.event_handler.log_command:Invoked command in '/workspace/A1Z/ros2_ws/src/a1z_open_vocab' returned '0': PYTHONPATH=/workspace/A1Z/ros2_ws/build/a1z_open_vocab/prefix_override:/usr/lib/python3/dist-packages/colcon_core/task/python/colcon_distutils_commands:/workspace/A1Z/ros2_ws/install/a1z_open_vocab/lib/python3.10/site-packages:${PYTHONPATH} /usr/bin/python3 -W ignore:setup.py install is deprecated -W ignore:easy_install command is deprecated setup.py egg_info --egg-base ../../build/a1z_open_vocab build --build-base /workspace/A1Z/ros2_ws/build/a1z_open_vocab/build install --record /workspace/A1Z/ros2_ws/build/a1z_open_vocab/install.log --single-version-externally-managed install_data
[0.778s] Level 1:colcon.colcon_core.environment:checking '/workspace/A1Z/ros2_ws/install/a1z_open_vocab' for CMake config files
[0.778s] Level 1:colcon.colcon_core.environment:checking '/workspace/A1Z/ros2_ws/install/a1z_open_vocab/lib'
[0.778s] Level 1:colcon.colcon_core.environment:checking '/workspace/A1Z/ros2_ws/install/a1z_open_vocab/bin'
[0.778s] Level 1:colcon.colcon_core.environment:checking '/workspace/A1Z/ros2_ws/install/a1z_open_vocab/lib/pkgconfig/a1z_open_vocab.pc'
[0.778s] Level 1:colcon.colcon_core.environment:checking '/workspace/A1Z/ros2_ws/install/a1z_open_vocab/lib/python3.10/site-packages'
[0.778s] Level 1:colcon.colcon_core.shell:create_environment_hook('a1z_open_vocab', 'pythonpath')
[0.779s] INFO:colcon.colcon_core.shell:Creating environment hook '/workspace/A1Z/ros2_ws/install/a1z_open_vocab/share/a1z_open_vocab/hook/pythonpath.ps1'
[0.779s] INFO:colcon.colcon_core.shell:Creating environment descriptor '/workspace/A1Z/ros2_ws/install/a1z_open_vocab/share/a1z_open_vocab/hook/pythonpath.dsv'
[0.779s] INFO:colcon.colcon_core.shell:Creating environment hook '/workspace/A1Z/ros2_ws/install/a1z_open_vocab/share/a1z_open_vocab/hook/pythonpath.sh'
[0.779s] Level 1:colcon.colcon_core.environment:checking '/workspace/A1Z/ros2_ws/install/a1z_open_vocab/bin'
[0.779s] Level 1:colcon.colcon_core.environment:create_environment_scripts_only(a1z_open_vocab)
[0.780s] INFO:colcon.colcon_core.shell:Creating package script '/workspace/A1Z/ros2_ws/install/a1z_open_vocab/share/a1z_open_vocab/package.ps1'
[0.780s] INFO:colcon.colcon_core.shell:Creating package descriptor '/workspace/A1Z/ros2_ws/install/a1z_open_vocab/share/a1z_open_vocab/package.dsv'
[0.780s] INFO:colcon.colcon_core.shell:Creating package script '/workspace/A1Z/ros2_ws/install/a1z_open_vocab/share/a1z_open_vocab/package.sh'
[0.780s] INFO:colcon.colcon_core.shell:Creating package script '/workspace/A1Z/ros2_ws/install/a1z_open_vocab/share/a1z_open_vocab/package.bash'
[0.781s] INFO:colcon.colcon_core.shell:Creating package script '/workspace/A1Z/ros2_ws/install/a1z_open_vocab/share/a1z_open_vocab/package.zsh'
[0.781s] Level 1:colcon.colcon_core.environment:create_file_with_runtime_dependencies(/workspace/A1Z/ros2_ws/install/a1z_open_vocab/share/colcon-core/packages/a1z_open_vocab)
[0.854s] Level 1:colcon.colcon_core.environment:checking '/workspace/A1Z/ros2_ws/install/a1z_motion' for CMake module files
[0.855s] DEBUG:colcon.colcon_core.event_handler.log_command:Invoked command in '/workspace/A1Z/ros2_ws/src/a1z_motion' returned '0': AMENT_PREFIX_PATH=/workspace/A1Z/ros2_ws/install/a1z_msgs:${AMENT_PREFIX_PATH} CMAKE_PREFIX_PATH=/workspace/A1Z/ros2_ws/install/a1z_msgs LD_LIBRARY_PATH=/workspace/A1Z/ros2_ws/install/a1z_msgs/lib:${LD_LIBRARY_PATH} PYTHONPATH=/workspace/A1Z/ros2_ws/build/a1z_motion/prefix_override:/usr/lib/python3/dist-packages/colcon_core/task/python/colcon_distutils_commands:/workspace/A1Z/ros2_ws/install/a1z_motion/lib/python3.10/site-packages:/workspace/A1Z/ros2_ws/install/a1z_msgs/local/lib/python3.10/dist-packages:${PYTHONPATH} /usr/bin/python3 -W ignore:setup.py install is deprecated -W ignore:easy_install command is deprecated setup.py egg_info --egg-base ../../build/a1z_motion build --build-base /workspace/A1Z/ros2_ws/build/a1z_motion/build install --record /workspace/A1Z/ros2_ws/build/a1z_motion/install.log --single-version-externally-managed install_data
[0.855s] Level 1:colcon.colcon_core.environment:checking '/workspace/A1Z/ros2_ws/install/a1z_motion' for CMake config files
[0.855s] Level 1:colcon.colcon_core.environment:checking '/workspace/A1Z/ros2_ws/install/a1z_motion/lib'
[0.855s] Level 1:colcon.colcon_core.environment:checking '/workspace/A1Z/ros2_ws/install/a1z_motion/bin'
[0.855s] Level 1:colcon.colcon_core.environment:checking '/workspace/A1Z/ros2_ws/install/a1z_motion/lib/pkgconfig/a1z_motion.pc'
[0.855s] Level 1:colcon.colcon_core.environment:checking '/workspace/A1Z/ros2_ws/install/a1z_motion/lib/python3.10/site-packages'
[0.855s] Level 1:colcon.colcon_core.shell:create_environment_hook('a1z_motion', 'pythonpath')
[0.856s] INFO:colcon.colcon_core.shell:Creating environment hook '/workspace/A1Z/ros2_ws/install/a1z_motion/share/a1z_motion/hook/pythonpath.ps1'
[0.856s] INFO:colcon.colcon_core.shell:Creating environment descriptor '/workspace/A1Z/ros2_ws/install/a1z_motion/share/a1z_motion/hook/pythonpath.dsv'
[0.856s] INFO:colcon.colcon_core.shell:Creating environment hook '/workspace/A1Z/ros2_ws/install/a1z_motion/share/a1z_motion/hook/pythonpath.sh'
[0.856s] Level 1:colcon.colcon_core.environment:checking '/workspace/A1Z/ros2_ws/install/a1z_motion/bin'
[0.856s] Level 1:colcon.colcon_core.environment:create_environment_scripts_only(a1z_motion)
[0.856s] INFO:colcon.colcon_core.shell:Creating package script '/workspace/A1Z/ros2_ws/install/a1z_motion/share/a1z_motion/package.ps1'
[0.857s] INFO:colcon.colcon_core.shell:Creating package descriptor '/workspace/A1Z/ros2_ws/install/a1z_motion/share/a1z_motion/package.dsv'
[0.857s] INFO:colcon.colcon_core.shell:Creating package script '/workspace/A1Z/ros2_ws/install/a1z_motion/share/a1z_motion/package.sh'
[0.857s] INFO:colcon.colcon_core.shell:Creating package script '/workspace/A1Z/ros2_ws/install/a1z_motion/share/a1z_motion/package.bash'
[0.857s] INFO:colcon.colcon_core.shell:Creating package script '/workspace/A1Z/ros2_ws/install/a1z_motion/share/a1z_motion/package.zsh'
[0.857s] Level 1:colcon.colcon_core.environment:create_file_with_runtime_dependencies(/workspace/A1Z/ros2_ws/install/a1z_motion/share/colcon-core/packages/a1z_motion)
[0.857s] DEBUG:colcon.colcon_parallel_executor.executor.parallel:closing loop
[0.858s] DEBUG:colcon.colcon_parallel_executor.executor.parallel:loop closed
[0.858s] DEBUG:colcon.colcon_parallel_executor.executor.parallel:run_until_complete finished with '0'
[0.858s] DEBUG:colcon.colcon_core.event_reactor:joining thread
[0.862s] INFO:colcon.colcon_core.plugin_system:Skipping extension 'colcon_notification.desktop_notification.notify_send': Could not find 'notify-send'
[0.862s] INFO:colcon.colcon_core.plugin_system:Skipping extension 'colcon_notification.desktop_notification.terminal_notifier': Not used on non-Darwin systems
[0.862s] INFO:colcon.colcon_core.plugin_system:Skipping extension 'colcon_notification.desktop_notification.win32': Not used on non-Windows systems
[0.862s] INFO:colcon.colcon_notification.desktop_notification:Sending desktop notification using 'notify2'
[0.862s] DEBUG:colcon.colcon_notification.desktop_notification.notify2:Failed to initialize notify2: org.freedesktop.DBus.Error.NotSupported: Unable to autolaunch a dbus-daemon without a $DISPLAY for X11
[0.862s] DEBUG:colcon.colcon_core.event_reactor:joined thread
[0.862s] INFO:colcon.colcon_core.shell:Creating prefix script '/workspace/A1Z/ros2_ws/install/local_setup.ps1'
[0.863s] INFO:colcon.colcon_core.shell:Creating prefix util module '/workspace/A1Z/ros2_ws/install/_local_setup_util_ps1.py'
[0.864s] INFO:colcon.colcon_core.shell:Creating prefix chain script '/workspace/A1Z/ros2_ws/install/setup.ps1'
[0.865s] INFO:colcon.colcon_core.shell:Creating prefix script '/workspace/A1Z/ros2_ws/install/local_setup.sh'
[0.865s] INFO:colcon.colcon_core.shell:Creating prefix util module '/workspace/A1Z/ros2_ws/install/_local_setup_util_sh.py'
[0.865s] INFO:colcon.colcon_core.shell:Creating prefix chain script '/workspace/A1Z/ros2_ws/install/setup.sh'
[0.866s] INFO:colcon.colcon_core.shell:Creating prefix script '/workspace/A1Z/ros2_ws/install/local_setup.bash'
[0.866s] INFO:colcon.colcon_core.shell:Creating prefix chain script '/workspace/A1Z/ros2_ws/install/setup.bash'
[0.866s] INFO:colcon.colcon_core.shell:Creating prefix script '/workspace/A1Z/ros2_ws/install/local_setup.zsh'
[0.867s] INFO:colcon.colcon_core.shell:Creating prefix chain script '/workspace/A1Z/ros2_ws/install/setup.zsh'
