[0.154s] DEBUG:colcon:Command line arguments: ['/usr/bin/colcon', 'build']
[0.154s] DEBUG:colcon:Parsed command line arguments: Namespace(log_base=None, log_level=None, verb_name='build', build_base='build', install_base='install', merge_install=False, symlink_install=False, test_result_base=None, continue_on_error=False, executor='parallel', parallel_workers=24, event_handlers=None, ignore_user_meta=False, metas=['./colcon.meta'], base_paths=['.'], packages_ignore=None, packages_ignore_regex=None, paths=None, packages_up_to=None, packages_up_to_regex=None, packages_above=None, packages_above_and_dependencies=None, packages_above_depth=None, packages_select_by_dep=None, packages_skip_by_dep=None, packages_skip_up_to=None, packages_select_build_failed=False, packages_skip_build_finished=False, packages_select_test_failures=False, packages_skip_test_passed=False, packages_select=None, packages_skip=None, packages_select_regex=None, packages_skip_regex=None, packages_start=None, packages_end=None, cmake_args=None, cmake_target=None, cmake_target_skip_unavailable=False, cmake_clean_cache=False, cmake_clean_first=False, cmake_force_configure=False, ament_cmake_args=None, catkin_cmake_args=None, catkin_skip_building_tests=False, mixin_files=None, mixin=None, verb_parser=<colcon_mixin.mixin.mixin_argument.MixinArgumentDecorator object at 0x742988e7e260>, verb_extension=<colcon_core.verb.build.BuildVerb object at 0x742988e7ddb0>, main=<bound method BuildVerb.main of <colcon_core.verb.build.BuildVerb object at 0x742988e7ddb0>>, mixin_verb=('build',))
[0.239s] Level 1:colcon.colcon_core.package_discovery:discover_packages(colcon_meta) check parameters
[0.240s] INFO:colcon.colcon_metadata.package_discovery.colcon_meta:Using configuration from '/root/.colcon/metadata/default/Gazebo.meta'
[0.241s] INFO:colcon.colcon_metadata.package_discovery.colcon_meta:Using configuration from '/root/.colcon/metadata/default/fastdds.meta'
[0.241s] INFO:colcon.colcon_metadata.package_discovery.colcon_meta:Using configuration from '/root/.colcon/metadata/default/fastrtps.meta'
[0.241s] Level 1:colcon.colcon_core.package_discovery:discover_packages(recursive) check parameters
[0.241s] Level 1:colcon.colcon_core.package_discovery:discover_packages(ignore) check parameters
[0.241s] Level 1:colcon.colcon_core.package_discovery:discover_packages(path) check parameters
[0.241s] Level 1:colcon.colcon_core.package_discovery:discover_packages(colcon_meta) discover
[0.241s] Level 1:colcon.colcon_core.package_discovery:discover_packages(recursive) discover
[0.241s] INFO:colcon.colcon_core.package_discovery:Crawling recursively for packages in '/workspace/A1Z/ros2_ws'
[0.241s] Level 1:colcon.colcon_core.package_identification:_identify(.) by extensions ['ignore', 'ignore_ament_install']
[0.241s] Level 1:colcon.colcon_core.package_identification:_identify(.) by extension 'ignore'
[0.241s] Level 1:colcon.colcon_core.package_identification:_identify(.) by extension 'ignore_ament_install'
[0.241s] Level 1:colcon.colcon_core.package_identification:_identify(.) by extensions ['colcon_pkg']
[0.241s] Level 1:colcon.colcon_core.package_identification:_identify(.) by extension 'colcon_pkg'
[0.241s] Level 1:colcon.colcon_core.package_identification:_identify(.) by extensions ['colcon_meta']
[0.241s] Level 1:colcon.colcon_core.package_identification:_identify(.) by extension 'colcon_meta'
[0.241s] Level 1:colcon.colcon_core.package_identification:_identify(.) by extensions ['ros']
[0.241s] Level 1:colcon.colcon_core.package_identification:_identify(.) by extension 'ros'
[0.249s] Level 1:colcon.colcon_core.package_identification:_identify(.) by extensions ['cmake', 'python']
[0.249s] Level 1:colcon.colcon_core.package_identification:_identify(.) by extension 'cmake'
[0.249s] Level 1:colcon.colcon_core.package_identification:_identify(.) by extension 'python'
[0.249s] Level 1:colcon.colcon_core.package_identification:_identify(.) by extensions ['python_setup_py']
[0.249s] Level 1:colcon.colcon_core.package_identification:_identify(.) by extension 'python_setup_py'
[0.249s] Level 1:colcon.colcon_core.package_identification:_identify(build) by extensions ['ignore', 'ignore_ament_install']
[0.249s] Level 1:colcon.colcon_core.package_identification:_identify(build) by extension 'ignore'
[0.249s] Level 1:colcon.colcon_core.package_identification:_identify(build) ignored
[0.249s] Level 1:colcon.colcon_core.package_identification:_identify(install) by extensions ['ignore', 'ignore_ament_install']
[0.249s] Level 1:colcon.colcon_core.package_identification:_identify(install) by extension 'ignore'
[0.249s] Level 1:colcon.colcon_core.package_identification:_identify(install) ignored
[0.249s] Level 1:colcon.colcon_core.package_identification:_identify(log) by extensions ['ignore', 'ignore_ament_install']
[0.249s] Level 1:colcon.colcon_core.package_identification:_identify(log) by extension 'ignore'
[0.249s] Level 1:colcon.colcon_core.package_identification:_identify(log) ignored
[0.249s] Level 1:colcon.colcon_core.package_identification:_identify(rviz) by extensions ['ignore', 'ignore_ament_install']
[0.249s] Level 1:colcon.colcon_core.package_identification:_identify(rviz) by extension 'ignore'
[0.249s] Level 1:colcon.colcon_core.package_identification:_identify(rviz) by extension 'ignore_ament_install'
[0.250s] Level 1:colcon.colcon_core.package_identification:_identify(rviz) by extensions ['colcon_pkg']
[0.250s] Level 1:colcon.colcon_core.package_identification:_identify(rviz) by extension 'colcon_pkg'
[0.250s] Level 1:colcon.colcon_core.package_identification:_identify(rviz) by extensions ['colcon_meta']
[0.250s] Level 1:colcon.colcon_core.package_identification:_identify(rviz) by extension 'colcon_meta'
[0.250s] Level 1:colcon.colcon_core.package_identification:_identify(rviz) by extensions ['ros']
[0.250s] Level 1:colcon.colcon_core.package_identification:_identify(rviz) by extension 'ros'
[0.250s] Level 1:colcon.colcon_core.package_identification:_identify(rviz) by extensions ['cmake', 'python']
[0.250s] Level 1:colcon.colcon_core.package_identification:_identify(rviz) by extension 'cmake'
[0.250s] Level 1:colcon.colcon_core.package_identification:_identify(rviz) by extension 'python'
[0.250s] Level 1:colcon.colcon_core.package_identification:_identify(rviz) by extensions ['python_setup_py']
[0.250s] Level 1:colcon.colcon_core.package_identification:_identify(rviz) by extension 'python_setup_py'
[0.250s] Level 1:colcon.colcon_core.package_identification:_identify(src) by extensions ['ignore', 'ignore_ament_install']
[0.250s] Level 1:colcon.colcon_core.package_identification:_identify(src) by extension 'ignore'
[0.250s] Level 1:colcon.colcon_core.package_identification:_identify(src) by extension 'ignore_ament_install'
[0.250s] Level 1:colcon.colcon_core.package_identification:_identify(src) by extensions ['colcon_pkg']
[0.250s] Level 1:colcon.colcon_core.package_identification:_identify(src) by extension 'colcon_pkg'
[0.250s] Level 1:colcon.colcon_core.package_identification:_identify(src) by extensions ['colcon_meta']
[0.250s] Level 1:colcon.colcon_core.package_identification:_identify(src) by extension 'colcon_meta'
[0.250s] Level 1:colcon.colcon_core.package_identification:_identify(src) by extensions ['ros']
[0.250s] Level 1:colcon.colcon_core.package_identification:_identify(src) by extension 'ros'
[0.250s] Level 1:colcon.colcon_core.package_identification:_identify(src) by extensions ['cmake', 'python']
[0.250s] Level 1:colcon.colcon_core.package_identification:_identify(src) by extension 'cmake'
[0.250s] Level 1:colcon.colcon_core.package_identification:_identify(src) by extension 'python'
[0.250s] Level 1:colcon.colcon_core.package_identification:_identify(src) by extensions ['python_setup_py']
[0.250s] Level 1:colcon.colcon_core.package_identification:_identify(src) by extension 'python_setup_py'
[0.250s] Level 1:colcon.colcon_core.package_identification:_identify(src/a1z_d405) by extensions ['ignore', 'ignore_ament_install']
[0.250s] Level 1:colcon.colcon_core.package_identification:_identify(src/a1z_d405) by extension 'ignore'
[0.250s] Level 1:colcon.colcon_core.package_identification:_identify(src/a1z_d405) by extension 'ignore_ament_install'
[0.250s] Level 1:colcon.colcon_core.package_identification:_identify(src/a1z_d405) by extensions ['colcon_pkg']
[0.250s] Level 1:colcon.colcon_core.package_identification:_identify(src/a1z_d405) by extension 'colcon_pkg'
[0.250s] Level 1:colcon.colcon_core.package_identification:_identify(src/a1z_d405) by extensions ['colcon_meta']
[0.250s] Level 1:colcon.colcon_core.package_identification:_identify(src/a1z_d405) by extension 'colcon_meta'
[0.250s] Level 1:colcon.colcon_core.package_identification:_identify(src/a1z_d405) by extensions ['ros']
[0.250s] Level 1:colcon.colcon_core.package_identification:_identify(src/a1z_d405) by extension 'ros'
[0.252s] DEBUG:colcon.colcon_core.package_identification:Package 'src/a1z_d405' with type 'ros.ament_python' and name 'a1z_d405'
[0.252s] Level 1:colcon.colcon_core.package_identification:_identify(src/a1z_motion) by extensions ['ignore', 'ignore_ament_install']
[0.252s] Level 1:colcon.colcon_core.package_identification:_identify(src/a1z_motion) by extension 'ignore'
[0.252s] Level 1:colcon.colcon_core.package_identification:_identify(src/a1z_motion) by extension 'ignore_ament_install'
[0.252s] Level 1:colcon.colcon_core.package_identification:_identify(src/a1z_motion) by extensions ['colcon_pkg']
[0.252s] Level 1:colcon.colcon_core.package_identification:_identify(src/a1z_motion) by extension 'colcon_pkg'
[0.252s] Level 1:colcon.colcon_core.package_identification:_identify(src/a1z_motion) by extensions ['colcon_meta']
[0.252s] Level 1:colcon.colcon_core.package_identification:_identify(src/a1z_motion) by extension 'colcon_meta'
[0.252s] Level 1:colcon.colcon_core.package_identification:_identify(src/a1z_motion) by extensions ['ros']
[0.252s] Level 1:colcon.colcon_core.package_identification:_identify(src/a1z_motion) by extension 'ros'
[0.253s] DEBUG:colcon.colcon_core.package_identification:Package 'src/a1z_motion' with type 'ros.ament_python' and name 'a1z_motion'
[0.253s] Level 1:colcon.colcon_core.package_identification:_identify(src/a1z_msgs) by extensions ['ignore', 'ignore_ament_install']
[0.253s] Level 1:colcon.colcon_core.package_identification:_identify(src/a1z_msgs) by extension 'ignore'
[0.253s] Level 1:colcon.colcon_core.package_identification:_identify(src/a1z_msgs) by extension 'ignore_ament_install'
[0.253s] Level 1:colcon.colcon_core.package_identification:_identify(src/a1z_msgs) by extensions ['colcon_pkg']
[0.253s] Level 1:colcon.colcon_core.package_identification:_identify(src/a1z_msgs) by extension 'colcon_pkg'
[0.253s] Level 1:colcon.colcon_core.package_identification:_identify(src/a1z_msgs) by extensions ['colcon_meta']
[0.253s] Level 1:colcon.colcon_core.package_identification:_identify(src/a1z_msgs) by extension 'colcon_meta'
[0.253s] Level 1:colcon.colcon_core.package_identification:_identify(src/a1z_msgs) by extensions ['ros']
[0.253s] Level 1:colcon.colcon_core.package_identification:_identify(src/a1z_msgs) by extension 'ros'
[0.253s] DEBUG:colcon.colcon_core.package_identification:Package 'src/a1z_msgs' with type 'ros.ament_cmake' and name 'a1z_msgs'
[0.253s] Level 1:colcon.colcon_core.package_identification:_identify(src/a1z_open_vocab) by extensions ['ignore', 'ignore_ament_install']
[0.253s] Level 1:colcon.colcon_core.package_identification:_identify(src/a1z_open_vocab) by extension 'ignore'
[0.253s] Level 1:colcon.colcon_core.package_identification:_identify(src/a1z_open_vocab) by extension 'ignore_ament_install'
[0.253s] Level 1:colcon.colcon_core.package_identification:_identify(src/a1z_open_vocab) by extensions ['colcon_pkg']
[0.253s] Level 1:colcon.colcon_core.package_identification:_identify(src/a1z_open_vocab) by extension 'colcon_pkg'
[0.253s] Level 1:colcon.colcon_core.package_identification:_identify(src/a1z_open_vocab) by extensions ['colcon_meta']
[0.253s] Level 1:colcon.colcon_core.package_identification:_identify(src/a1z_open_vocab) by extension 'colcon_meta'
[0.253s] Level 1:colcon.colcon_core.package_identification:_identify(src/a1z_open_vocab) by extensions ['ros']
[0.253s] Level 1:colcon.colcon_core.package_identification:_identify(src/a1z_open_vocab) by extension 'ros'
[0.253s] DEBUG:colcon.colcon_core.package_identification:Package 'src/a1z_open_vocab' with type 'ros.ament_python' and name 'a1z_open_vocab'
[0.253s] Level 1:colcon.colcon_core.package_discovery:discover_packages(recursive) using defaults
[0.253s] Level 1:colcon.colcon_core.package_discovery:discover_packages(ignore) discover
[0.254s] Level 1:colcon.colcon_core.package_discovery:discover_packages(ignore) using defaults
[0.254s] Level 1:colcon.colcon_core.package_discovery:discover_packages(path) discover
[0.254s] Level 1:colcon.colcon_core.package_discovery:discover_packages(path) using defaults
[0.270s] Level 5:colcon.colcon_core.verb:set package 'a1z_d405' build argument 'cmake_args' from command line to 'None'
[0.270s] Level 5:colcon.colcon_core.verb:set package 'a1z_d405' build argument 'cmake_target' from command line to 'None'
[0.270s] Level 5:colcon.colcon_core.verb:set package 'a1z_d405' build argument 'cmake_target_skip_unavailable' from command line to 'False'
[0.270s] Level 5:colcon.colcon_core.verb:set package 'a1z_d405' build argument 'cmake_clean_cache' from command line to 'False'
[0.270s] Level 5:colcon.colcon_core.verb:set package 'a1z_d405' build argument 'cmake_clean_first' from command line to 'False'
[0.270s] Level 5:colcon.colcon_core.verb:set package 'a1z_d405' build argument 'cmake_force_configure' from command line to 'False'
[0.270s] Level 5:colcon.colcon_core.verb:set package 'a1z_d405' build argument 'ament_cmake_args' from command line to 'None'
[0.270s] Level 5:colcon.colcon_core.verb:set package 'a1z_d405' build argument 'catkin_cmake_args' from command line to 'None'
[0.270s] Level 5:colcon.colcon_core.verb:set package 'a1z_d405' build argument 'catkin_skip_building_tests' from command line to 'False'
[0.270s] DEBUG:colcon.colcon_core.verb:Building package 'a1z_d405' with the following arguments: {'ament_cmake_args': None, 'build_base': '/workspace/A1Z/ros2_ws/build/a1z_d405', 'catkin_cmake_args': None, 'catkin_skip_building_tests': False, 'cmake_args': None, 'cmake_clean_cache': False, 'cmake_clean_first': False, 'cmake_force_configure': False, 'cmake_target': None, 'cmake_target_skip_unavailable': False, 'install_base': '/workspace/A1Z/ros2_ws/install/a1z_d405', 'merge_install': False, 'path': '/workspace/A1Z/ros2_ws/src/a1z_d405', 'symlink_install': False, 'test_result_base': None}
[0.270s] Level 5:colcon.colcon_core.verb:set package 'a1z_msgs' build argument 'cmake_args' from command line to 'None'
[0.270s] Level 5:colcon.colcon_core.verb:set package 'a1z_msgs' build argument 'cmake_target' from command line to 'None'
[0.270s] Level 5:colcon.colcon_core.verb:set package 'a1z_msgs' build argument 'cmake_target_skip_unavailable' from command line to 'False'
[0.270s] Level 5:colcon.colcon_core.verb:set package 'a1z_msgs' build argument 'cmake_clean_cache' from command line to 'False'
[0.270s] Level 5:colcon.colcon_core.verb:set package 'a1z_msgs' build argument 'cmake_clean_first' from command line to 'False'
[0.270s] Level 5:colcon.colcon_core.verb:set package 'a1z_msgs' build argument 'cmake_force_configure' from command line to 'False'
[0.270s] Level 5:colcon.colcon_core.verb:set package 'a1z_msgs' build argument 'ament_cmake_args' from command line to 'None'
[0.270s] Level 5:colcon.colcon_core.verb:set package 'a1z_msgs' build argument 'catkin_cmake_args' from command line to 'None'
[0.270s] Level 5:colcon.colcon_core.verb:set package 'a1z_msgs' build argument 'catkin_skip_building_tests' from command line to 'False'
[0.270s] DEBUG:colcon.colcon_core.verb:Building package 'a1z_msgs' with the following arguments: {'ament_cmake_args': None, 'build_base': '/workspace/A1Z/ros2_ws/build/a1z_msgs', 'catkin_cmake_args': None, 'catkin_skip_building_tests': False, 'cmake_args': None, 'cmake_clean_cache': False, 'cmake_clean_first': False, 'cmake_force_configure': False, 'cmake_target': None, 'cmake_target_skip_unavailable': False, 'install_base': '/workspace/A1Z/ros2_ws/install/a1z_msgs', 'merge_install': False, 'path': '/workspace/A1Z/ros2_ws/src/a1z_msgs', 'symlink_install': False, 'test_result_base': None}
[0.270s] Level 5:colcon.colcon_core.verb:set package 'a1z_open_vocab' build argument 'cmake_args' from command line to 'None'
[0.270s] Level 5:colcon.colcon_core.verb:set package 'a1z_open_vocab' build argument 'cmake_target' from command line to 'None'
[0.270s] Level 5:colcon.colcon_core.verb:set package 'a1z_open_vocab' build argument 'cmake_target_skip_unavailable' from command line to 'False'
[0.270s] Level 5:colcon.colcon_core.verb:set package 'a1z_open_vocab' build argument 'cmake_clean_cache' from command line to 'False'
[0.270s] Level 5:colcon.colcon_core.verb:set package 'a1z_open_vocab' build argument 'cmake_clean_first' from command line to 'False'
[0.270s] Level 5:colcon.colcon_core.verb:set package 'a1z_open_vocab' build argument 'cmake_force_configure' from command line to 'False'
[0.270s] Level 5:colcon.colcon_core.verb:set package 'a1z_open_vocab' build argument 'ament_cmake_args' from command line to 'None'
[0.270s] Level 5:colcon.colcon_core.verb:set package 'a1z_open_vocab' build argument 'catkin_cmake_args' from command line to 'None'
[0.270s] Level 5:colcon.colcon_core.verb:set package 'a1z_open_vocab' build argument 'catkin_skip_building_tests' from command line to 'False'
[0.270s] DEBUG:colcon.colcon_core.verb:Building package 'a1z_open_vocab' with the following arguments: {'ament_cmake_args': None, 'build_base': '/workspace/A1Z/ros2_ws/build/a1z_open_vocab', 'catkin_cmake_args': None, 'catkin_skip_building_tests': False, 'cmake_args': None, 'cmake_clean_cache': False, 'cmake_clean_first': False, 'cmake_force_configure': False, 'cmake_target': None, 'cmake_target_skip_unavailable': False, 'install_base': '/workspace/A1Z/ros2_ws/install/a1z_open_vocab', 'merge_install': False, 'path': '/workspace/A1Z/ros2_ws/src/a1z_open_vocab', 'symlink_install': False, 'test_result_base': None}
[0.271s] Level 5:colcon.colcon_core.verb:set package 'a1z_motion' build argument 'cmake_args' from command line to 'None'
[0.271s] Level 5:colcon.colcon_core.verb:set package 'a1z_motion' build argument 'cmake_target' from command line to 'None'
[0.271s] Level 5:colcon.colcon_core.verb:set package 'a1z_motion' build argument 'cmake_target_skip_unavailable' from command line to 'False'
[0.271s] Level 5:colcon.colcon_core.verb:set package 'a1z_motion' build argument 'cmake_clean_cache' from command line to 'False'
[0.271s] Level 5:colcon.colcon_core.verb:set package 'a1z_motion' build argument 'cmake_clean_first' from command line to 'False'
[0.271s] Level 5:colcon.colcon_core.verb:set package 'a1z_motion' build argument 'cmake_force_configure' from command line to 'False'
[0.271s] Level 5:colcon.colcon_core.verb:set package 'a1z_motion' build argument 'ament_cmake_args' from command line to 'None'
[0.271s] Level 5:colcon.colcon_core.verb:set package 'a1z_motion' build argument 'catkin_cmake_args' from command line to 'None'
[0.271s] Level 5:colcon.colcon_core.verb:set package 'a1z_motion' build argument 'catkin_skip_building_tests' from command line to 'False'
[0.271s] DEBUG:colcon.colcon_core.verb:Building package 'a1z_motion' with the following arguments: {'ament_cmake_args': None, 'build_base': '/workspace/A1Z/ros2_ws/build/a1z_motion', 'catkin_cmake_args': None, 'catkin_skip_building_tests': False, 'cmake_args': None, 'cmake_clean_cache': False, 'cmake_clean_first': False, 'cmake_force_configure': False, 'cmake_target': None, 'cmake_target_skip_unavailable': False, 'install_base': '/workspace/A1Z/ros2_ws/install/a1z_motion', 'merge_install': False, 'path': '/workspace/A1Z/ros2_ws/src/a1z_motion', 'symlink_install': False, 'test_result_base': None}
[0.271s] INFO:colcon.colcon_core.executor:Executing jobs using 'parallel' executor
[0.271s] DEBUG:colcon.colcon_parallel_executor.executor.parallel:run_until_complete
[0.272s] INFO:colcon.colcon_ros.task.ament_cmake.build:Building ROS package in '/workspace/A1Z/ros2_ws/src/a1z_msgs' with build type 'ament_cmake'
[0.272s] INFO:colcon.colcon_cmake.task.cmake.build:Building CMake package in '/workspace/A1Z/ros2_ws/src/a1z_msgs'
[0.275s] INFO:colcon.colcon_core.plugin_system:Skipping extension 'colcon_core.shell.bat': Not used on non-Windows systems
[0.275s] INFO:colcon.colcon_core.shell:Skip shell extension 'powershell' for command environment: Not usable outside of PowerShell
[0.275s] DEBUG:colcon.colcon_core.shell:Skip shell extension 'dsv' for command environment
[0.278s] INFO:colcon.colcon_ros.task.ament_python.build:Building ROS package in '/workspace/A1Z/ros2_ws/src/a1z_d405' with build type 'ament_python'
[0.278s] Level 1:colcon.colcon_core.shell:create_environment_hook('a1z_d405', 'ament_prefix_path')
[0.278s] INFO:colcon.colcon_core.shell:Creating environment hook '/workspace/A1Z/ros2_ws/install/a1z_d405/share/a1z_d405/hook/ament_prefix_path.ps1'
[0.279s] INFO:colcon.colcon_core.shell:Creating environment descriptor '/workspace/A1Z/ros2_ws/install/a1z_d405/share/a1z_d405/hook/ament_prefix_path.dsv'
[0.279s] INFO:colcon.colcon_core.shell:Creating environment hook '/workspace/A1Z/ros2_ws/install/a1z_d405/share/a1z_d405/hook/ament_prefix_path.sh'
[0.280s] INFO:colcon.colcon_core.shell:Skip shell extension 'powershell' for command environment: Not usable outside of PowerShell
[0.280s] DEBUG:colcon.colcon_core.shell:Skip shell extension 'dsv' for command environment
[0.281s] INFO:colcon.colcon_ros.task.ament_python.build:Building ROS package in '/workspace/A1Z/ros2_ws/src/a1z_open_vocab' with build type 'ament_python'
[0.281s] Level 1:colcon.colcon_core.shell:create_environment_hook('a1z_open_vocab', 'ament_prefix_path')
[0.281s] INFO:colcon.colcon_core.shell:Creating environment hook '/workspace/A1Z/ros2_ws/install/a1z_open_vocab/share/a1z_open_vocab/hook/ament_prefix_path.ps1'
[0.281s] INFO:colcon.colcon_core.shell:Creating environment descriptor '/workspace/A1Z/ros2_ws/install/a1z_open_vocab/share/a1z_open_vocab/hook/ament_prefix_path.dsv'
[0.282s] INFO:colcon.colcon_core.shell:Creating environment hook '/workspace/A1Z/ros2_ws/install/a1z_open_vocab/share/a1z_open_vocab/hook/ament_prefix_path.sh'
[0.282s] INFO:colcon.colcon_core.shell:Skip shell extension 'powershell' for command environment: Not usable outside of PowerShell
[0.282s] DEBUG:colcon.colcon_core.shell:Skip shell extension 'dsv' for command environment
[0.285s] DEBUG:colcon.colcon_core.event_handler.log_command:Invoking command in '/workspace/A1Z/ros2_ws/build/a1z_msgs': CMAKE_PREFIX_PATH=/opt/ros/humble /usr/bin/cmake --build /workspace/A1Z/ros2_ws/build/a1z_msgs -- -j24 -l24
[0.384s] INFO:colcon.colcon_core.task.python.build:Building Python package in '/workspace/A1Z/ros2_ws/src/a1z_d405'
[0.385s] INFO:colcon.colcon_core.shell:Skip shell extension 'powershell' for command environment: Not usable outside of PowerShell
[0.385s] DEBUG:colcon.colcon_core.shell:Skip shell extension 'dsv' for command environment
[0.527s] INFO:colcon.colcon_core.task.python.build:Building Python package in '/workspace/A1Z/ros2_ws/src/a1z_open_vocab'
[0.528s] INFO:colcon.colcon_core.shell:Skip shell extension 'powershell' for command environment: Not usable outside of PowerShell
[0.528s] DEBUG:colcon.colcon_core.shell:Skip shell extension 'dsv' for command environment
[0.533s] DEBUG:colcon.colcon_core.event_handler.log_command:Invoked command in '/workspace/A1Z/ros2_ws/build/a1z_msgs' returned '0': CMAKE_PREFIX_PATH=/opt/ros/humble /usr/bin/cmake --build /workspace/A1Z/ros2_ws/build/a1z_msgs -- -j24 -l24
[0.539s] DEBUG:colcon.colcon_core.event_handler.log_command:Invoking command in '/workspace/A1Z/ros2_ws/build/a1z_msgs': CMAKE_PREFIX_PATH=/opt/ros/humble /usr/bin/cmake --install /workspace/A1Z/ros2_ws/build/a1z_msgs
[0.575s] Level 1:colcon.colcon_core.environment:create_environment_scripts_only(a1z_msgs)
[0.575s] DEBUG:colcon.colcon_core.event_handler.log_command:Invoked command in '/workspace/A1Z/ros2_ws/build/a1z_msgs' returned '0': CMAKE_PREFIX_PATH=/opt/ros/humble /usr/bin/cmake --install /workspace/A1Z/ros2_ws/build/a1z_msgs
[0.578s] Level 1:colcon.colcon_core.environment:checking '/workspace/A1Z/ros2_ws/install/a1z_msgs' for CMake module files
[0.578s] Level 1:colcon.colcon_core.environment:checking '/workspace/A1Z/ros2_ws/install/a1z_msgs' for CMake config files
[0.579s] Level 1:colcon.colcon_core.shell:create_environment_hook('a1z_msgs', 'cmake_prefix_path')
[0.579s] INFO:colcon.colcon_core.shell:Creating environment hook '/workspace/A1Z/ros2_ws/install/a1z_msgs/share/a1z_msgs/hook/cmake_prefix_path.ps1'
[0.579s] INFO:colcon.colcon_core.shell:Creating environment descriptor '/workspace/A1Z/ros2_ws/install/a1z_msgs/share/a1z_msgs/hook/cmake_prefix_path.dsv'
[0.579s] INFO:colcon.colcon_core.shell:Creating environment hook '/workspace/A1Z/ros2_ws/install/a1z_msgs/share/a1z_msgs/hook/cmake_prefix_path.sh'
[0.580s] Level 1:colcon.colcon_core.environment:checking '/workspace/A1Z/ros2_ws/install/a1z_msgs/lib'
[0.580s] Level 1:colcon.colcon_core.shell:create_environment_hook('a1z_msgs', 'ld_library_path_lib')
[0.581s] INFO:colcon.colcon_core.shell:Creating environment hook '/workspace/A1Z/ros2_ws/install/a1z_msgs/share/a1z_msgs/hook/ld_library_path_lib.ps1'
[0.581s] INFO:colcon.colcon_core.shell:Creating environment descriptor '/workspace/A1Z/ros2_ws/install/a1z_msgs/share/a1z_msgs/hook/ld_library_path_lib.dsv'
[0.581s] INFO:colcon.colcon_core.shell:Creating environment hook '/workspace/A1Z/ros2_ws/install/a1z_msgs/share/a1z_msgs/hook/ld_library_path_lib.sh'
[0.581s] Level 1:colcon.colcon_core.environment:checking '/workspace/A1Z/ros2_ws/install/a1z_msgs/bin'
[0.581s] Level 1:colcon.colcon_core.environment:checking '/workspace/A1Z/ros2_ws/install/a1z_msgs/lib/pkgconfig/a1z_msgs.pc'
[0.581s] Level 1:colcon.colcon_core.environment:checking '/workspace/A1Z/ros2_ws/install/a1z_msgs/lib/python3.10/site-packages'
[0.582s] Level 1:colcon.colcon_core.environment:checking '/workspace/A1Z/ros2_ws/install/a1z_msgs/bin'
[0.582s] INFO:colcon.colcon_core.shell:Creating package script '/workspace/A1Z/ros2_ws/install/a1z_msgs/share/a1z_msgs/package.ps1'
[0.583s] INFO:colcon.colcon_core.shell:Creating package descriptor '/workspace/A1Z/ros2_ws/install/a1z_msgs/share/a1z_msgs/package.dsv'
[0.583s] INFO:colcon.colcon_core.shell:Creating package script '/workspace/A1Z/ros2_ws/install/a1z_msgs/share/a1z_msgs/package.sh'
[0.584s] INFO:colcon.colcon_core.shell:Creating package script '/workspace/A1Z/ros2_ws/install/a1z_msgs/share/a1z_msgs/package.bash'
[0.585s] INFO:colcon.colcon_core.shell:Creating package script '/workspace/A1Z/ros2_ws/install/a1z_msgs/share/a1z_msgs/package.zsh'
[0.585s] Level 1:colcon.colcon_core.environment:create_file_with_runtime_dependencies(/workspace/A1Z/ros2_ws/install/a1z_msgs/share/colcon-core/packages/a1z_msgs)
[0.586s] Level 1:colcon.colcon_core.environment:create_environment_scripts_only(a1z_msgs)
[0.586s] Level 1:colcon.colcon_core.environment:checking '/workspace/A1Z/ros2_ws/install/a1z_msgs' for CMake module files
[0.586s] Level 1:colcon.colcon_core.environment:checking '/workspace/A1Z/ros2_ws/install/a1z_msgs' for CMake config files
[0.586s] Level 1:colcon.colcon_core.shell:create_environment_hook('a1z_msgs', 'cmake_prefix_path')
[0.587s] INFO:colcon.colcon_core.shell:Creating environment hook '/workspace/A1Z/ros2_ws/install/a1z_msgs/share/a1z_msgs/hook/cmake_prefix_path.ps1'
[0.587s] INFO:colcon.colcon_core.shell:Creating environment descriptor '/workspace/A1Z/ros2_ws/install/a1z_msgs/share/a1z_msgs/hook/cmake_prefix_path.dsv'
[0.587s] INFO:colcon.colcon_core.shell:Creating environment hook '/workspace/A1Z/ros2_ws/install/a1z_msgs/share/a1z_msgs/hook/cmake_prefix_path.sh'
[0.587s] Level 1:colcon.colcon_core.environment:checking '/workspace/A1Z/ros2_ws/install/a1z_msgs/lib'
[0.588s] Level 1:colcon.colcon_core.shell:create_environment_hook('a1z_msgs', 'ld_library_path_lib')
[0.588s] INFO:colcon.colcon_core.shell:Creating environment hook '/workspace/A1Z/ros2_ws/install/a1z_msgs/share/a1z_msgs/hook/ld_library_path_lib.ps1'
[0.588s] INFO:colcon.colcon_core.shell:Creating environment descriptor '/workspace/A1Z/ros2_ws/install/a1z_msgs/share/a1z_msgs/hook/ld_library_path_lib.dsv'
[0.588s] INFO:colcon.colcon_core.shell:Creating environment hook '/workspace/A1Z/ros2_ws/install/a1z_msgs/share/a1z_msgs/hook/ld_library_path_lib.sh'
[0.588s] Level 1:colcon.colcon_core.environment:checking '/workspace/A1Z/ros2_ws/install/a1z_msgs/bin'
[0.588s] Level 1:colcon.colcon_core.environment:checking '/workspace/A1Z/ros2_ws/install/a1z_msgs/lib/pkgconfig/a1z_msgs.pc'
[0.589s] Level 1:colcon.colcon_core.environment:checking '/workspace/A1Z/ros2_ws/install/a1z_msgs/lib/python3.10/site-packages'
[0.589s] Level 1:colcon.colcon_core.environment:checking '/workspace/A1Z/ros2_ws/install/a1z_msgs/bin'
[0.589s] INFO:colcon.colcon_core.shell:Creating package script '/workspace/A1Z/ros2_ws/install/a1z_msgs/share/a1z_msgs/package.ps1'
[0.589s] INFO:colcon.colcon_core.shell:Creating package descriptor '/workspace/A1Z/ros2_ws/install/a1z_msgs/share/a1z_msgs/package.dsv'
[0.590s] INFO:colcon.colcon_core.shell:Creating package script '/workspace/A1Z/ros2_ws/install/a1z_msgs/share/a1z_msgs/package.sh'
[0.590s] INFO:colcon.colcon_core.shell:Creating package script '/workspace/A1Z/ros2_ws/install/a1z_msgs/share/a1z_msgs/package.bash'
[0.590s] INFO:colcon.colcon_core.shell:Creating package script '/workspace/A1Z/ros2_ws/install/a1z_msgs/share/a1z_msgs/package.zsh'
[0.590s] Level 1:colcon.colcon_core.environment:create_file_with_runtime_dependencies(/workspace/A1Z/ros2_ws/install/a1z_msgs/share/colcon-core/packages/a1z_msgs)
[0.590s] INFO:colcon.colcon_ros.task.ament_python.build:Building ROS package in '/workspace/A1Z/ros2_ws/src/a1z_motion' with build type 'ament_python'
[0.591s] Level 1:colcon.colcon_core.shell:create_environment_hook('a1z_motion', 'ament_prefix_path')
[0.591s] INFO:colcon.colcon_core.shell:Creating environment hook '/workspace/A1Z/ros2_ws/install/a1z_motion/share/a1z_motion/hook/ament_prefix_path.ps1'
[0.591s] INFO:colcon.colcon_core.shell:Creating environment descriptor '/workspace/A1Z/ros2_ws/install/a1z_motion/share/a1z_motion/hook/ament_prefix_path.dsv'
[0.591s] INFO:colcon.colcon_core.shell:Creating environment hook '/workspace/A1Z/ros2_ws/install/a1z_motion/share/a1z_motion/hook/ament_prefix_path.sh'
[0.592s] INFO:colcon.colcon_core.shell:Skip shell extension 'powershell' for command environment: Not usable outside of PowerShell
[0.592s] DEBUG:colcon.colcon_core.shell:Skip shell extension 'dsv' for command environment
[0.691s] INFO:colcon.colcon_core.task.python.build:Building Python package in '/workspace/A1Z/ros2_ws/src/a1z_motion'
[0.691s] INFO:colcon.colcon_core.shell:Skip shell extension 'powershell' for command environment: Not usable outside of PowerShell
[0.691s] DEBUG:colcon.colcon_core.shell:Skip shell extension 'dsv' for command environment
[0.700s] DEBUG:colcon.colcon_core.event_handler.log_command:Invoking command in '/workspace/A1Z/ros2_ws/src/a1z_d405': PYTHONPATH=/workspace/A1Z/ros2_ws/build/a1z_d405/prefix_override:/usr/lib/python3/dist-packages/colcon_core/task/python/colcon_distutils_commands:/workspace/A1Z/ros2_ws/install/a1z_d405/lib/python3.10/site-packages:${PYTHONPATH} /usr/bin/python3 -W ignore:setup.py install is deprecated -W ignore:easy_install command is deprecated setup.py egg_info --egg-base ../../build/a1z_d405 build --build-base /workspace/A1Z/ros2_ws/build/a1z_d405/build install --record /workspace/A1Z/ros2_ws/build/a1z_d405/install.log --single-version-externally-managed install_data
[0.752s] DEBUG:colcon.colcon_core.event_handler.log_command:Invoking command in '/workspace/A1Z/ros2_ws/src/a1z_open_vocab': PYTHONPATH=/workspace/A1Z/ros2_ws/build/a1z_open_vocab/prefix_override:/usr/lib/python3/dist-packages/colcon_core/task/python/colcon_distutils_commands:/workspace/A1Z/ros2_ws/install/a1z_open_vocab/lib/python3.10/site-packages:${PYTHONPATH} /usr/bin/python3 -W ignore:setup.py install is deprecated -W ignore:easy_install command is deprecated setup.py egg_info --egg-base ../../build/a1z_open_vocab build --build-base /workspace/A1Z/ros2_ws/build/a1z_open_vocab/build install --record /workspace/A1Z/ros2_ws/build/a1z_open_vocab/install.log --single-version-externally-managed install_data
[0.815s] Level 1:colcon.colcon_core.environment:checking '/workspace/A1Z/ros2_ws/install/a1z_d405' for CMake module files
[0.815s] Level 1:colcon.colcon_core.environment:checking '/workspace/A1Z/ros2_ws/install/a1z_d405' for CMake config files
[0.815s] DEBUG:colcon.colcon_core.event_handler.log_command:Invoked command in '/workspace/A1Z/ros2_ws/src/a1z_d405' returned '0': PYTHONPATH=/workspace/A1Z/ros2_ws/build/a1z_d405/prefix_override:/usr/lib/python3/dist-packages/colcon_core/task/python/colcon_distutils_commands:/workspace/A1Z/ros2_ws/install/a1z_d405/lib/python3.10/site-packages:${PYTHONPATH} /usr/bin/python3 -W ignore:setup.py install is deprecated -W ignore:easy_install command is deprecated setup.py egg_info --egg-base ../../build/a1z_d405 build --build-base /workspace/A1Z/ros2_ws/build/a1z_d405/build install --record /workspace/A1Z/ros2_ws/build/a1z_d405/install.log --single-version-externally-managed install_data
[0.816s] Level 1:colcon.colcon_core.environment:checking '/workspace/A1Z/ros2_ws/install/a1z_d405/lib'
[0.816s] Level 1:colcon.colcon_core.environment:checking '/workspace/A1Z/ros2_ws/install/a1z_d405/bin'
[0.816s] Level 1:colcon.colcon_core.environment:checking '/workspace/A1Z/ros2_ws/install/a1z_d405/lib/pkgconfig/a1z_d405.pc'
[0.816s] Level 1:colcon.colcon_core.environment:checking '/workspace/A1Z/ros2_ws/install/a1z_d405/lib/python3.10/site-packages'
[0.816s] Level 1:colcon.colcon_core.shell:create_environment_hook('a1z_d405', 'pythonpath')
[0.816s] INFO:colcon.colcon_core.shell:Creating environment hook '/workspace/A1Z/ros2_ws/install/a1z_d405/share/a1z_d405/hook/pythonpath.ps1'
[0.817s] INFO:colcon.colcon_core.shell:Creating environment descriptor '/workspace/A1Z/ros2_ws/install/a1z_d405/share/a1z_d405/hook/pythonpath.dsv'
[0.817s] INFO:colcon.colcon_core.shell:Creating environment hook '/workspace/A1Z/ros2_ws/install/a1z_d405/share/a1z_d405/hook/pythonpath.sh'
[0.817s] Level 1:colcon.colcon_core.environment:checking '/workspace/A1Z/ros2_ws/install/a1z_d405/bin'
[0.817s] Level 1:colcon.colcon_core.environment:create_environment_scripts_only(a1z_d405)
[0.818s] INFO:colcon.colcon_core.shell:Creating package script '/workspace/A1Z/ros2_ws/install/a1z_d405/share/a1z_d405/package.ps1'
[0.819s] INFO:colcon.colcon_core.shell:Creating package descriptor '/workspace/A1Z/ros2_ws/install/a1z_d405/share/a1z_d405/package.dsv'
[0.819s] INFO:colcon.colcon_core.shell:Creating package script '/workspace/A1Z/ros2_ws/install/a1z_d405/share/a1z_d405/package.sh'
[0.820s] INFO:colcon.colcon_core.shell:Creating package script '/workspace/A1Z/ros2_ws/install/a1z_d405/share/a1z_d405/package.bash'
[0.820s] INFO:colcon.colcon_core.shell:Creating package script '/workspace/A1Z/ros2_ws/install/a1z_d405/share/a1z_d405/package.zsh'
[0.820s] Level 1:colcon.colcon_core.environment:create_file_with_runtime_dependencies(/workspace/A1Z/ros2_ws/install/a1z_d405/share/colcon-core/packages/a1z_d405)
[0.836s] DEBUG:colcon.colcon_core.event_handler.log_command:Invoking command in '/workspace/A1Z/ros2_ws/src/a1z_motion': AMENT_PREFIX_PATH=/workspace/A1Z/ros2_ws/install/a1z_msgs:${AMENT_PREFIX_PATH} CMAKE_PREFIX_PATH=/workspace/A1Z/ros2_ws/install/a1z_msgs LD_LIBRARY_PATH=/workspace/A1Z/ros2_ws/install/a1z_msgs/lib:${LD_LIBRARY_PATH} PYTHONPATH=/workspace/A1Z/ros2_ws/build/a1z_motion/prefix_override:/usr/lib/python3/dist-packages/colcon_core/task/python/colcon_distutils_commands:/workspace/A1Z/ros2_ws/install/a1z_motion/lib/python3.10/site-packages:/workspace/A1Z/ros2_ws/install/a1z_msgs/local/lib/python3.10/dist-packages:${PYTHONPATH} /usr/bin/python3 -W ignore:setup.py install is deprecated -W ignore:easy_install command is deprecated setup.py egg_info --egg-base ../../build/a1z_motion build --build-base /workspace/A1Z/ros2_ws/build/a1z_motion/build install --record /workspace/A1Z/ros2_ws/build/a1z_motion/install.log --single-version-externally-managed install_data
[0.932s] Level 1:colcon.colcon_core.environment:checking '/workspace/A1Z/ros2_ws/install/a1z_open_vocab' for CMake module files
[0.933s] DEBUG:colcon.colcon_core.event_handler.log_command:Invoked command in '/workspace/A1Z/ros2_ws/src/a1z_open_vocab' returned '0': PYTHONPATH=/workspace/A1Z/ros2_ws/build/a1z_open_vocab/prefix_override:/usr/lib/python3/dist-packages/colcon_core/task/python/colcon_distutils_commands:/workspace/A1Z/ros2_ws/install/a1z_open_vocab/lib/python3.10/site-packages:${PYTHONPATH} /usr/bin/python3 -W ignore:setup.py install is deprecated -W ignore:easy_install command is deprecated setup.py egg_info --egg-base ../../build/a1z_open_vocab build --build-base /workspace/A1Z/ros2_ws/build/a1z_open_vocab/build install --record /workspace/A1Z/ros2_ws/build/a1z_open_vocab/install.log --single-version-externally-managed install_data
[0.933s] Level 1:colcon.colcon_core.environment:checking '/workspace/A1Z/ros2_ws/install/a1z_open_vocab' for CMake config files
[0.933s] Level 1:colcon.colcon_core.environment:checking '/workspace/A1Z/ros2_ws/install/a1z_open_vocab/lib'
[0.933s] Level 1:colcon.colcon_core.environment:checking '/workspace/A1Z/ros2_ws/install/a1z_open_vocab/bin'
[0.933s] Level 1:colcon.colcon_core.environment:checking '/workspace/A1Z/ros2_ws/install/a1z_open_vocab/lib/pkgconfig/a1z_open_vocab.pc'
[0.933s] Level 1:colcon.colcon_core.environment:checking '/workspace/A1Z/ros2_ws/install/a1z_open_vocab/lib/python3.10/site-packages'
[0.933s] Level 1:colcon.colcon_core.shell:create_environment_hook('a1z_open_vocab', 'pythonpath')
[0.934s] INFO:colcon.colcon_core.shell:Creating environment hook '/workspace/A1Z/ros2_ws/install/a1z_open_vocab/share/a1z_open_vocab/hook/pythonpath.ps1'
[0.934s] INFO:colcon.colcon_core.shell:Creating environment descriptor '/workspace/A1Z/ros2_ws/install/a1z_open_vocab/share/a1z_open_vocab/hook/pythonpath.dsv'
[0.934s] INFO:colcon.colcon_core.shell:Creating environment hook '/workspace/A1Z/ros2_ws/install/a1z_open_vocab/share/a1z_open_vocab/hook/pythonpath.sh'
[0.934s] Level 1:colcon.colcon_core.environment:checking '/workspace/A1Z/ros2_ws/install/a1z_open_vocab/bin'
[0.935s] Level 1:colcon.colcon_core.environment:create_environment_scripts_only(a1z_open_vocab)
[0.935s] INFO:colcon.colcon_core.shell:Creating package script '/workspace/A1Z/ros2_ws/install/a1z_open_vocab/share/a1z_open_vocab/package.ps1'
[0.935s] INFO:colcon.colcon_core.shell:Creating package descriptor '/workspace/A1Z/ros2_ws/install/a1z_open_vocab/share/a1z_open_vocab/package.dsv'
[0.935s] INFO:colcon.colcon_core.shell:Creating package script '/workspace/A1Z/ros2_ws/install/a1z_open_vocab/share/a1z_open_vocab/package.sh'
[0.936s] INFO:colcon.colcon_core.shell:Creating package script '/workspace/A1Z/ros2_ws/install/a1z_open_vocab/share/a1z_open_vocab/package.bash'
[0.936s] INFO:colcon.colcon_core.shell:Creating package script '/workspace/A1Z/ros2_ws/install/a1z_open_vocab/share/a1z_open_vocab/package.zsh'
[0.936s] Level 1:colcon.colcon_core.environment:create_file_with_runtime_dependencies(/workspace/A1Z/ros2_ws/install/a1z_open_vocab/share/colcon-core/packages/a1z_open_vocab)
[0.955s] Level 1:colcon.colcon_core.environment:checking '/workspace/A1Z/ros2_ws/install/a1z_motion' for CMake module files
[0.956s] DEBUG:colcon.colcon_core.event_handler.log_command:Invoked command in '/workspace/A1Z/ros2_ws/src/a1z_motion' returned '0': AMENT_PREFIX_PATH=/workspace/A1Z/ros2_ws/install/a1z_msgs:${AMENT_PREFIX_PATH} CMAKE_PREFIX_PATH=/workspace/A1Z/ros2_ws/install/a1z_msgs LD_LIBRARY_PATH=/workspace/A1Z/ros2_ws/install/a1z_msgs/lib:${LD_LIBRARY_PATH} PYTHONPATH=/workspace/A1Z/ros2_ws/build/a1z_motion/prefix_override:/usr/lib/python3/dist-packages/colcon_core/task/python/colcon_distutils_commands:/workspace/A1Z/ros2_ws/install/a1z_motion/lib/python3.10/site-packages:/workspace/A1Z/ros2_ws/install/a1z_msgs/local/lib/python3.10/dist-packages:${PYTHONPATH} /usr/bin/python3 -W ignore:setup.py install is deprecated -W ignore:easy_install command is deprecated setup.py egg_info --egg-base ../../build/a1z_motion build --build-base /workspace/A1Z/ros2_ws/build/a1z_motion/build install --record /workspace/A1Z/ros2_ws/build/a1z_motion/install.log --single-version-externally-managed install_data
[0.956s] Level 1:colcon.colcon_core.environment:checking '/workspace/A1Z/ros2_ws/install/a1z_motion' for CMake config files
[0.956s] Level 1:colcon.colcon_core.environment:checking '/workspace/A1Z/ros2_ws/install/a1z_motion/lib'
[0.956s] Level 1:colcon.colcon_core.environment:checking '/workspace/A1Z/ros2_ws/install/a1z_motion/bin'
[0.956s] Level 1:colcon.colcon_core.environment:checking '/workspace/A1Z/ros2_ws/install/a1z_motion/lib/pkgconfig/a1z_motion.pc'
[0.957s] Level 1:colcon.colcon_core.environment:checking '/workspace/A1Z/ros2_ws/install/a1z_motion/lib/python3.10/site-packages'
[0.957s] Level 1:colcon.colcon_core.shell:create_environment_hook('a1z_motion', 'pythonpath')
[0.957s] INFO:colcon.colcon_core.shell:Creating environment hook '/workspace/A1Z/ros2_ws/install/a1z_motion/share/a1z_motion/hook/pythonpath.ps1'
[0.957s] INFO:colcon.colcon_core.shell:Creating environment descriptor '/workspace/A1Z/ros2_ws/install/a1z_motion/share/a1z_motion/hook/pythonpath.dsv'
[0.957s] INFO:colcon.colcon_core.shell:Creating environment hook '/workspace/A1Z/ros2_ws/install/a1z_motion/share/a1z_motion/hook/pythonpath.sh'
[0.958s] Level 1:colcon.colcon_core.environment:checking '/workspace/A1Z/ros2_ws/install/a1z_motion/bin'
[0.958s] Level 1:colcon.colcon_core.environment:create_environment_scripts_only(a1z_motion)
[0.958s] INFO:colcon.colcon_core.shell:Creating package script '/workspace/A1Z/ros2_ws/install/a1z_motion/share/a1z_motion/package.ps1'
[0.958s] INFO:colcon.colcon_core.shell:Creating package descriptor '/workspace/A1Z/ros2_ws/install/a1z_motion/share/a1z_motion/package.dsv'
[0.959s] INFO:colcon.colcon_core.shell:Creating package script '/workspace/A1Z/ros2_ws/install/a1z_motion/share/a1z_motion/package.sh'
[0.959s] INFO:colcon.colcon_core.shell:Creating package script '/workspace/A1Z/ros2_ws/install/a1z_motion/share/a1z_motion/package.bash'
[0.959s] INFO:colcon.colcon_core.shell:Creating package script '/workspace/A1Z/ros2_ws/install/a1z_motion/share/a1z_motion/package.zsh'
[0.959s] Level 1:colcon.colcon_core.environment:create_file_with_runtime_dependencies(/workspace/A1Z/ros2_ws/install/a1z_motion/share/colcon-core/packages/a1z_motion)
[0.959s] DEBUG:colcon.colcon_parallel_executor.executor.parallel:closing loop
[0.960s] DEBUG:colcon.colcon_parallel_executor.executor.parallel:loop closed
[0.960s] DEBUG:colcon.colcon_parallel_executor.executor.parallel:run_until_complete finished with '0'
[0.960s] DEBUG:colcon.colcon_core.event_reactor:joining thread
[0.966s] INFO:colcon.colcon_core.plugin_system:Skipping extension 'colcon_notification.desktop_notification.notify_send': Could not find 'notify-send'
[0.966s] INFO:colcon.colcon_core.plugin_system:Skipping extension 'colcon_notification.desktop_notification.terminal_notifier': Not used on non-Darwin systems
[0.966s] INFO:colcon.colcon_core.plugin_system:Skipping extension 'colcon_notification.desktop_notification.win32': Not used on non-Windows systems
[0.966s] INFO:colcon.colcon_notification.desktop_notification:Sending desktop notification using 'notify2'
[0.966s] DEBUG:colcon.colcon_notification.desktop_notification.notify2:Failed to initialize notify2: org.freedesktop.DBus.Error.NotSupported: Unable to autolaunch a dbus-daemon without a $DISPLAY for X11
[0.966s] DEBUG:colcon.colcon_core.event_reactor:joined thread
[0.966s] INFO:colcon.colcon_core.shell:Creating prefix script '/workspace/A1Z/ros2_ws/install/local_setup.ps1'
[0.967s] INFO:colcon.colcon_core.shell:Creating prefix util module '/workspace/A1Z/ros2_ws/install/_local_setup_util_ps1.py'
[0.968s] INFO:colcon.colcon_core.shell:Creating prefix chain script '/workspace/A1Z/ros2_ws/install/setup.ps1'
[0.969s] INFO:colcon.colcon_core.shell:Creating prefix script '/workspace/A1Z/ros2_ws/install/local_setup.sh'
[0.969s] INFO:colcon.colcon_core.shell:Creating prefix util module '/workspace/A1Z/ros2_ws/install/_local_setup_util_sh.py'
[0.970s] INFO:colcon.colcon_core.shell:Creating prefix chain script '/workspace/A1Z/ros2_ws/install/setup.sh'
[0.970s] INFO:colcon.colcon_core.shell:Creating prefix script '/workspace/A1Z/ros2_ws/install/local_setup.bash'
[0.971s] INFO:colcon.colcon_core.shell:Creating prefix chain script '/workspace/A1Z/ros2_ws/install/setup.bash'
[0.971s] INFO:colcon.colcon_core.shell:Creating prefix script '/workspace/A1Z/ros2_ws/install/local_setup.zsh'
[0.972s] INFO:colcon.colcon_core.shell:Creating prefix chain script '/workspace/A1Z/ros2_ws/install/setup.zsh'
