[0.249s] Invoking command in '/workspace/A1Z/ros2_ws/src/a1z_motion': AMENT_PREFIX_PATH=/workspace/A1Z/ros2_ws/install/a1z_msgs:${AMENT_PREFIX_PATH} CMAKE_PREFIX_PATH=/workspace/A1Z/ros2_ws/install/a1z_msgs LD_LIBRARY_PATH=/workspace/A1Z/ros2_ws/install/a1z_msgs/lib:${LD_LIBRARY_PATH} PYTHONPATH=/workspace/A1Z/ros2_ws/build/a1z_motion/prefix_override:/usr/lib/python3/dist-packages/colcon_core/task/python/colcon_distutils_commands:/workspace/A1Z/ros2_ws/install/a1z_motion/lib/python3.10/site-packages:/workspace/A1Z/ros2_ws/install/a1z_msgs/local/lib/python3.10/dist-packages:${PYTHONPATH} /usr/bin/python3 -W ignore:setup.py install is deprecated -W ignore:easy_install command is deprecated setup.py egg_info --egg-base ../../build/a1z_motion build --build-base /workspace/A1Z/ros2_ws/build/a1z_motion/build install --record /workspace/A1Z/ros2_ws/build/a1z_motion/install.log --single-version-externally-managed install_data
[0.337s] running egg_info
[0.338s] creating ../../build/a1z_motion/a1z_motion.egg-info
[0.338s] writing ../../build/a1z_motion/a1z_motion.egg-info/PKG-INFO
[0.338s] writing dependency_links to ../../build/a1z_motion/a1z_motion.egg-info/dependency_links.txt
[0.338s] writing entry points to ../../build/a1z_motion/a1z_motion.egg-info/entry_points.txt
[0.338s] writing requirements to ../../build/a1z_motion/a1z_motion.egg-info/requires.txt
[0.338s] writing top-level names to ../../build/a1z_motion/a1z_motion.egg-info/top_level.txt
[0.338s] writing manifest file '../../build/a1z_motion/a1z_motion.egg-info/SOURCES.txt'
[0.339s] reading manifest file '../../build/a1z_motion/a1z_motion.egg-info/SOURCES.txt'
[0.339s] writing manifest file '../../build/a1z_motion/a1z_motion.egg-info/SOURCES.txt'
[0.339s] running build
[0.339s] running build_py
[0.339s] creating /workspace/A1Z/ros2_ws/build/a1z_motion/build
[0.339s] creating /workspace/A1Z/ros2_ws/build/a1z_motion/build/lib
[0.339s] creating /workspace/A1Z/ros2_ws/build/a1z_motion/build/lib/a1z_motion
[0.339s] copying a1z_motion/config.py -> /workspace/A1Z/ros2_ws/build/a1z_motion/build/lib/a1z_motion
[0.339s] copying a1z_motion/robot_state.py -> /workspace/A1Z/ros2_ws/build/a1z_motion/build/lib/a1z_motion
[0.339s] copying a1z_motion/socket_client.py -> /workspace/A1Z/ros2_ws/build/a1z_motion/build/lib/a1z_motion
[0.339s] copying a1z_motion/kinematics_bridge.py -> /workspace/A1Z/ros2_ws/build/a1z_motion/build/lib/a1z_motion
[0.339s] copying a1z_motion/motion_executor.py -> /workspace/A1Z/ros2_ws/build/a1z_motion/build/lib/a1z_motion
[0.339s] copying a1z_motion/transforms.py -> /workspace/A1Z/ros2_ws/build/a1z_motion/build/lib/a1z_motion
[0.339s] copying a1z_motion/__init__.py -> /workspace/A1Z/ros2_ws/build/a1z_motion/build/lib/a1z_motion
[0.339s] running install
[0.339s] running install_lib
[0.339s] creating /workspace/A1Z/ros2_ws/install/a1z_motion/lib/python3.10/site-packages/a1z_motion
[0.339s] copying /workspace/A1Z/ros2_ws/build/a1z_motion/build/lib/a1z_motion/config.py -> /workspace/A1Z/ros2_ws/install/a1z_motion/lib/python3.10/site-packages/a1z_motion
[0.339s] copying /workspace/A1Z/ros2_ws/build/a1z_motion/build/lib/a1z_motion/robot_state.py -> /workspace/A1Z/ros2_ws/install/a1z_motion/lib/python3.10/site-packages/a1z_motion
[0.340s] copying /workspace/A1Z/ros2_ws/build/a1z_motion/build/lib/a1z_motion/socket_client.py -> /workspace/A1Z/ros2_ws/install/a1z_motion/lib/python3.10/site-packages/a1z_motion
[0.340s] copying /workspace/A1Z/ros2_ws/build/a1z_motion/build/lib/a1z_motion/kinematics_bridge.py -> /workspace/A1Z/ros2_ws/install/a1z_motion/lib/python3.10/site-packages/a1z_motion
[0.340s] copying /workspace/A1Z/ros2_ws/build/a1z_motion/build/lib/a1z_motion/motion_executor.py -> /workspace/A1Z/ros2_ws/install/a1z_motion/lib/python3.10/site-packages/a1z_motion
[0.340s] copying /workspace/A1Z/ros2_ws/build/a1z_motion/build/lib/a1z_motion/transforms.py -> /workspace/A1Z/ros2_ws/install/a1z_motion/lib/python3.10/site-packages/a1z_motion
[0.340s] copying /workspace/A1Z/ros2_ws/build/a1z_motion/build/lib/a1z_motion/__init__.py -> /workspace/A1Z/ros2_ws/install/a1z_motion/lib/python3.10/site-packages/a1z_motion
[0.340s] byte-compiling /workspace/A1Z/ros2_ws/install/a1z_motion/lib/python3.10/site-packages/a1z_motion/config.py to config.cpython-310.pyc
[0.340s] byte-compiling /workspace/A1Z/ros2_ws/install/a1z_motion/lib/python3.10/site-packages/a1z_motion/robot_state.py to robot_state.cpython-310.pyc
[0.341s] byte-compiling /workspace/A1Z/ros2_ws/install/a1z_motion/lib/python3.10/site-packages/a1z_motion/socket_client.py to socket_client.cpython-310.pyc
[0.341s] byte-compiling /workspace/A1Z/ros2_ws/install/a1z_motion/lib/python3.10/site-packages/a1z_motion/kinematics_bridge.py to kinematics_bridge.cpython-310.pyc
[0.341s] byte-compiling /workspace/A1Z/ros2_ws/install/a1z_motion/lib/python3.10/site-packages/a1z_motion/motion_executor.py to motion_executor.cpython-310.pyc
[0.342s] byte-compiling /workspace/A1Z/ros2_ws/install/a1z_motion/lib/python3.10/site-packages/a1z_motion/transforms.py to transforms.cpython-310.pyc
[0.342s] byte-compiling /workspace/A1Z/ros2_ws/install/a1z_motion/lib/python3.10/site-packages/a1z_motion/__init__.py to __init__.cpython-310.pyc
[0.342s] running install_data
[0.342s] creating /workspace/A1Z/ros2_ws/install/a1z_motion/share/ament_index
[0.342s] creating /workspace/A1Z/ros2_ws/install/a1z_motion/share/ament_index/resource_index
[0.342s] creating /workspace/A1Z/ros2_ws/install/a1z_motion/share/ament_index/resource_index/packages
[0.342s] copying resource/a1z_motion -> /workspace/A1Z/ros2_ws/install/a1z_motion/share/ament_index/resource_index/packages
[0.342s] copying package.xml -> /workspace/A1Z/ros2_ws/install/a1z_motion/share/a1z_motion
[0.343s] creating /workspace/A1Z/ros2_ws/install/a1z_motion/share/a1z_motion/launch
[0.343s] copying launch/a1z_motion.launch.py -> /workspace/A1Z/ros2_ws/install/a1z_motion/share/a1z_motion/launch
[0.343s] running install_egg_info
[0.343s] Copying ../../build/a1z_motion/a1z_motion.egg-info to /workspace/A1Z/ros2_ws/install/a1z_motion/lib/python3.10/site-packages/a1z_motion-0.1.0-py3.10.egg-info
[0.344s] running install_scripts
[0.354s] Installing motion_executor script to /workspace/A1Z/ros2_ws/install/a1z_motion/lib/a1z_motion
[0.354s] Installing robot_state script to /workspace/A1Z/ros2_ws/install/a1z_motion/lib/a1z_motion
[0.354s] writing list of installed files to '/workspace/A1Z/ros2_ws/build/a1z_motion/install.log'
[0.367s] Invoked command in '/workspace/A1Z/ros2_ws/src/a1z_motion' returned '0': AMENT_PREFIX_PATH=/workspace/A1Z/ros2_ws/install/a1z_msgs:${AMENT_PREFIX_PATH} CMAKE_PREFIX_PATH=/workspace/A1Z/ros2_ws/install/a1z_msgs LD_LIBRARY_PATH=/workspace/A1Z/ros2_ws/install/a1z_msgs/lib:${LD_LIBRARY_PATH} PYTHONPATH=/workspace/A1Z/ros2_ws/build/a1z_motion/prefix_override:/usr/lib/python3/dist-packages/colcon_core/task/python/colcon_distutils_commands:/workspace/A1Z/ros2_ws/install/a1z_motion/lib/python3.10/site-packages:/workspace/A1Z/ros2_ws/install/a1z_msgs/local/lib/python3.10/dist-packages:${PYTHONPATH} /usr/bin/python3 -W ignore:setup.py install is deprecated -W ignore:easy_install command is deprecated setup.py egg_info --egg-base ../../build/a1z_motion build --build-base /workspace/A1Z/ros2_ws/build/a1z_motion/build install --record /workspace/A1Z/ros2_ws/build/a1z_motion/install.log --single-version-externally-managed install_data
