[0.005s] Invoking command in '/workspace/A1Z/ros2_ws/build/a1z_msgs': CMAKE_PREFIX_PATH=/opt/ros/humble /usr/bin/cmake /workspace/A1Z/ros2_ws/src/a1z_msgs -DCMAKE_INSTALL_PREFIX=/workspace/A1Z/ros2_ws/install/a1z_msgs
[0.094s] -- The C compiler identification is GNU 11.4.0
[0.152s] -- The CXX compiler identification is GNU 11.4.0
[0.158s] -- Detecting C compiler ABI info
[0.204s] -- Detecting C compiler ABI info - done
[0.208s] -- Check for working C compiler: /usr/bin/cc - skipped
[0.208s] -- Detecting C compile features
[0.209s] -- Detecting C compile features - done
[0.211s] -- Detecting CXX compiler ABI info
[0.263s] -- Detecting CXX compiler ABI info - done
[0.266s] -- Check for working CXX compiler: /usr/bin/c++ - skipped
[0.266s] -- Detecting CXX compile features
[0.266s] -- Detecting CXX compile features - done
[0.268s] -- Found ament_cmake: 1.3.14 (/opt/ros/humble/share/ament_cmake/cmake)
[0.352s] -- Found Python3: /usr/bin/python3 (found version "3.10.12") found components: Interpreter 
[0.409s] -- Found geometry_msgs: 4.9.1 (/opt/ros/humble/share/geometry_msgs/cmake)
[0.432s] -- Found rosidl_generator_c: 3.1.8 (/opt/ros/humble/share/rosidl_generator_c/cmake)
[0.435s] -- Found rosidl_adapter: 3.1.8 (/opt/ros/humble/share/rosidl_adapter/cmake)
[0.441s] -- Found rosidl_generator_cpp: 3.1.8 (/opt/ros/humble/share/rosidl_generator_cpp/cmake)
[0.449s] -- Using all available rosidl_typesupport_c: rosidl_typesupport_fastrtps_c;rosidl_typesupport_introspection_c
[0.459s] -- Using all available rosidl_typesupport_cpp: rosidl_typesupport_fastrtps_cpp;rosidl_typesupport_introspection_cpp
[0.486s] -- Found rosidl_default_generators: 1.2.1 (/opt/ros/humble/share/rosidl_default_generators/cmake)
[0.664s] -- Found ament_cmake_ros: 0.10.0 (/opt/ros/humble/share/ament_cmake_ros/cmake)
[0.891s] -- Using all available rosidl_typesupport_c: rosidl_typesupport_fastrtps_c;rosidl_typesupport_introspection_c
[0.975s] -- Using all available rosidl_typesupport_cpp: rosidl_typesupport_fastrtps_cpp;rosidl_typesupport_introspection_cpp
[0.986s] -- Found PythonInterp: /usr/bin/python3 (found suitable version "3.10.12", minimum required is "3.6") 
[0.987s] -- Found python_cmake_module: 0.10.0 (/opt/ros/humble/share/python_cmake_module/cmake)
[0.999s] -- Found PythonLibs: /usr/lib/x86_64-linux-gnu/libpython3.10.so (found suitable version "3.10.12", minimum required is "3.5") 
[0.999s] -- Using PYTHON_EXECUTABLE: /usr/bin/python3
[0.999s] -- Using PYTHON_INCLUDE_DIRS: /usr/include/python3.10
[0.999s] -- Using PYTHON_LIBRARIES: /usr/lib/x86_64-linux-gnu/libpython3.10.so
[1.009s] -- Found PythonExtra: .so  
[1.089s] -- Configuring done
[1.114s] -- Generating done
[1.121s] -- Build files have been written to: /workspace/A1Z/ros2_ws/build/a1z_msgs
[1.128s] Invoked command in '/workspace/A1Z/ros2_ws/build/a1z_msgs' returned '0': CMAKE_PREFIX_PATH=/opt/ros/humble /usr/bin/cmake /workspace/A1Z/ros2_ws/src/a1z_msgs -DCMAKE_INSTALL_PREFIX=/workspace/A1Z/ros2_ws/install/a1z_msgs
[1.130s] Invoking command in '/workspace/A1Z/ros2_ws/build/a1z_msgs': CMAKE_PREFIX_PATH=/opt/ros/humble /usr/bin/cmake --build /workspace/A1Z/ros2_ws/build/a1z_msgs -- -j24 -l24
[1.154s] [  3%] Generating C code for ROS interfaces
[1.160s] [  9%] Generating Rust code for ROS interfaces
[1.160s] [  9%] Generating C++ code for ROS interfaces
[1.165s] [  9%] Built target ament_cmake_python_copy_a1z_msgs
[1.260s] running egg_info
[1.260s] creating a1z_msgs.egg-info
[1.260s] writing a1z_msgs.egg-info/PKG-INFO
[1.260s] writing dependency_links to a1z_msgs.egg-info/dependency_links.txt
[1.260s] writing top-level names to a1z_msgs.egg-info/top_level.txt
[1.260s] writing manifest file 'a1z_msgs.egg-info/SOURCES.txt'
[1.264s] reading manifest file 'a1z_msgs.egg-info/SOURCES.txt'
[1.264s] writing manifest file 'a1z_msgs.egg-info/SOURCES.txt'
[1.279s] [  9%] Built target ament_cmake_python_build_a1z_msgs_egg
[1.298s] [  9%] Built target a1z_msgs__rs
[1.354s] [  9%] Built target a1z_msgs__cpp
[1.361s] [ 18%] Generating C++ introspection for ROS interfaces
[1.361s] [ 18%] Generating C++ type support for eProsima Fast-RTPS
[1.361s] [ 15%] Generating C++ type support dispatch for ROS interfaces
[1.459s] [ 21%] Building C object CMakeFiles/a1z_msgs__rosidl_generator_c.dir/rosidl_generator_c/a1z_msgs/action/detail/move_end_effector__functions.c.o
[1.505s] [ 25%] Building CXX object CMakeFiles/a1z_msgs__rosidl_typesupport_cpp.dir/rosidl_typesupport_cpp/a1z_msgs/action/move_end_effector__type_support.cpp.o
[1.538s] [ 28%] Linking C shared library liba1z_msgs__rosidl_generator_c.so
[1.543s] [ 31%] Building CXX object CMakeFiles/a1z_msgs__rosidl_typesupport_fastrtps_cpp.dir/rosidl_typesupport_fastrtps_cpp/a1z_msgs/action/detail/dds_fastrtps/move_end_effector__type_support.cpp.o
[1.565s] [ 31%] Built target a1z_msgs__rosidl_generator_c
[1.572s] [ 40%] Generating C type support for eProsima Fast-RTPS
[1.572s] [ 40%] Generating C introspection for ROS interfaces
[1.572s] [ 40%] Generating C type support dispatch for ROS interfaces
[1.730s] [ 43%] Building CXX object CMakeFiles/a1z_msgs__rosidl_typesupport_introspection_cpp.dir/rosidl_typesupport_introspection_cpp/a1z_msgs/action/detail/move_end_effector__type_support.cpp.o
[1.743s] [ 46%] Linking CXX shared library liba1z_msgs__rosidl_typesupport_cpp.so
[1.748s] [ 50%] Building C object CMakeFiles/a1z_msgs__rosidl_typesupport_introspection_c.dir/rosidl_typesupport_introspection_c/a1z_msgs/action/detail/move_end_effector__type_support.c.o
[1.757s] [ 53%] Building CXX object CMakeFiles/a1z_msgs__rosidl_typesupport_fastrtps_c.dir/rosidl_typesupport_fastrtps_c/a1z_msgs/action/detail/move_end_effector__type_support_c.cpp.o
[1.767s] [ 56%] Building CXX object CMakeFiles/a1z_msgs__rosidl_typesupport_c.dir/rosidl_typesupport_c/a1z_msgs/action/move_end_effector__type_support.cpp.o
[1.769s] [ 56%] Built target a1z_msgs__rosidl_typesupport_cpp
[1.781s] [ 59%] Linking C shared library liba1z_msgs__rosidl_typesupport_introspection_c.so
[1.798s] [ 62%] Linking CXX shared library liba1z_msgs__rosidl_typesupport_c.so
[1.803s] [ 62%] Built target a1z_msgs__rosidl_typesupport_introspection_c
[1.823s] [ 65%] Linking CXX shared library liba1z_msgs__rosidl_typesupport_fastrtps_cpp.so
[1.824s] [ 65%] Built target a1z_msgs__rosidl_typesupport_c
[1.872s] [ 65%] Built target a1z_msgs__rosidl_typesupport_fastrtps_cpp
[1.945s] [ 68%] Linking CXX shared library liba1z_msgs__rosidl_typesupport_fastrtps_c.so
[1.995s] [ 68%] Built target a1z_msgs__rosidl_typesupport_fastrtps_c
[2.014s] [ 71%] Linking CXX shared library liba1z_msgs__rosidl_typesupport_introspection_cpp.so
[2.061s] [ 71%] Built target a1z_msgs__rosidl_typesupport_introspection_cpp
[2.074s] [ 71%] Built target a1z_msgs
[2.087s] [ 75%] Generating Python code for ROS interfaces
[2.399s] [ 75%] Built target a1z_msgs__py
[2.411s] [ 78%] Building C object CMakeFiles/a1z_msgs__rosidl_generator_py.dir/rosidl_generator_py/a1z_msgs/action/_move_end_effector_s.c.o
[2.504s] [ 81%] Linking C shared library rosidl_generator_py/a1z_msgs/liba1z_msgs__rosidl_generator_py.so
[2.532s] [ 81%] Built target a1z_msgs__rosidl_generator_py
[2.545s] [ 90%] Building C object CMakeFiles/a1z_msgs__rosidl_typesupport_c__pyext.dir/rosidl_generator_py/a1z_msgs/_a1z_msgs_s.ep.rosidl_typesupport_c.c.o
[2.545s] [ 90%] Building C object CMakeFiles/a1z_msgs__rosidl_typesupport_introspection_c__pyext.dir/rosidl_generator_py/a1z_msgs/_a1z_msgs_s.ep.rosidl_typesupport_introspection_c.c.o
[2.545s] [ 90%] Building C object CMakeFiles/a1z_msgs__rosidl_typesupport_fastrtps_c__pyext.dir/rosidl_generator_py/a1z_msgs/_a1z_msgs_s.ep.rosidl_typesupport_fastrtps_c.c.o
[2.607s] [ 96%] Linking C shared library rosidl_generator_py/a1z_msgs/a1z_msgs_s__rosidl_typesupport_fastrtps_c.cpython-310-x86_64-linux-gnu.so
[2.607s] [ 96%] Linking C shared library rosidl_generator_py/a1z_msgs/a1z_msgs_s__rosidl_typesupport_c.cpython-310-x86_64-linux-gnu.so
[2.610s] [100%] Linking C shared library rosidl_generator_py/a1z_msgs/a1z_msgs_s__rosidl_typesupport_introspection_c.cpython-310-x86_64-linux-gnu.so
[2.634s] [100%] Built target a1z_msgs__rosidl_typesupport_c__pyext
[2.634s] [100%] Built target a1z_msgs__rosidl_typesupport_fastrtps_c__pyext
[2.634s] [100%] Built target a1z_msgs__rosidl_typesupport_introspection_c__pyext
[2.642s] Invoked command in '/workspace/A1Z/ros2_ws/build/a1z_msgs' returned '0': CMAKE_PREFIX_PATH=/opt/ros/humble /usr/bin/cmake --build /workspace/A1Z/ros2_ws/build/a1z_msgs -- -j24 -l24
[2.648s] Invoking command in '/workspace/A1Z/ros2_ws/build/a1z_msgs': CMAKE_PREFIX_PATH=/opt/ros/humble /usr/bin/cmake --install /workspace/A1Z/ros2_ws/build/a1z_msgs
[2.653s] -- Install configuration: ""
[2.653s] -- Installing: /workspace/A1Z/ros2_ws/install/a1z_msgs/share/ament_index/resource_index/rosidl_interfaces/a1z_msgs
[2.653s] -- Installing: /workspace/A1Z/ros2_ws/install/a1z_msgs/include/a1z_msgs/a1z_msgs
[2.654s] -- Installing: /workspace/A1Z/ros2_ws/install/a1z_msgs/include/a1z_msgs/a1z_msgs/action
[2.654s] -- Installing: /workspace/A1Z/ros2_ws/install/a1z_msgs/include/a1z_msgs/a1z_msgs/action/move_end_effector.h
[2.654s] -- Installing: /workspace/A1Z/ros2_ws/install/a1z_msgs/include/a1z_msgs/a1z_msgs/action/detail
[2.654s] -- Installing: /workspace/A1Z/ros2_ws/install/a1z_msgs/include/a1z_msgs/a1z_msgs/action/detail/move_end_effector__struct.h
[2.654s] -- Installing: /workspace/A1Z/ros2_ws/install/a1z_msgs/include/a1z_msgs/a1z_msgs/action/detail/move_end_effector__functions.h
[2.654s] -- Installing: /workspace/A1Z/ros2_ws/install/a1z_msgs/include/a1z_msgs/a1z_msgs/action/detail/move_end_effector__type_support.h
[2.654s] -- Installing: /workspace/A1Z/ros2_ws/install/a1z_msgs/include/a1z_msgs/a1z_msgs/action/detail/move_end_effector__functions.c
[2.654s] -- Installing: /workspace/A1Z/ros2_ws/install/a1z_msgs/include/a1z_msgs/a1z_msgs/msg
[2.654s] -- Installing: /workspace/A1Z/ros2_ws/install/a1z_msgs/include/a1z_msgs/a1z_msgs/msg/rosidl_generator_c__visibility_control.h
[2.654s] -- Installing: /workspace/A1Z/ros2_ws/install/a1z_msgs/share/a1z_msgs/environment/library_path.sh
[2.654s] -- Installing: /workspace/A1Z/ros2_ws/install/a1z_msgs/share/a1z_msgs/environment/library_path.dsv
[2.654s] -- Installing: /workspace/A1Z/ros2_ws/install/a1z_msgs/lib/liba1z_msgs__rosidl_generator_c.so
[2.655s] -- Set runtime path of "/workspace/A1Z/ros2_ws/install/a1z_msgs/lib/liba1z_msgs__rosidl_generator_c.so" to ""
[2.655s] -- Up-to-date: /workspace/A1Z/ros2_ws/install/a1z_msgs/include/a1z_msgs/a1z_msgs
[2.655s] -- Up-to-date: /workspace/A1Z/ros2_ws/install/a1z_msgs/include/a1z_msgs/a1z_msgs/action
[2.655s] -- Up-to-date: /workspace/A1Z/ros2_ws/install/a1z_msgs/include/a1z_msgs/a1z_msgs/action/detail
[2.655s] -- Installing: /workspace/A1Z/ros2_ws/install/a1z_msgs/include/a1z_msgs/a1z_msgs/action/detail/move_end_effector__rosidl_typesupport_fastrtps_c.h
[2.655s] -- Up-to-date: /workspace/A1Z/ros2_ws/install/a1z_msgs/include/a1z_msgs/a1z_msgs/msg
[2.655s] -- Installing: /workspace/A1Z/ros2_ws/install/a1z_msgs/include/a1z_msgs/a1z_msgs/msg/rosidl_typesupport_fastrtps_c__visibility_control.h
[2.655s] -- Installing: /workspace/A1Z/ros2_ws/install/a1z_msgs/lib/liba1z_msgs__rosidl_typesupport_fastrtps_c.so
[2.655s] -- Set runtime path of "/workspace/A1Z/ros2_ws/install/a1z_msgs/lib/liba1z_msgs__rosidl_typesupport_fastrtps_c.so" to ""
[2.655s] -- Up-to-date: /workspace/A1Z/ros2_ws/install/a1z_msgs/include/a1z_msgs/a1z_msgs
[2.655s] -- Up-to-date: /workspace/A1Z/ros2_ws/install/a1z_msgs/include/a1z_msgs/a1z_msgs/action
[2.655s] -- Up-to-date: /workspace/A1Z/ros2_ws/install/a1z_msgs/include/a1z_msgs/a1z_msgs/action/detail
[2.655s] -- Installing: /workspace/A1Z/ros2_ws/install/a1z_msgs/include/a1z_msgs/a1z_msgs/action/detail/move_end_effector__struct.hpp
[2.655s] -- Installing: /workspace/A1Z/ros2_ws/install/a1z_msgs/include/a1z_msgs/a1z_msgs/action/detail/move_end_effector__builder.hpp
[2.656s] -- Installing: /workspace/A1Z/ros2_ws/install/a1z_msgs/include/a1z_msgs/a1z_msgs/action/detail/move_end_effector__traits.hpp
[2.656s] -- Installing: /workspace/A1Z/ros2_ws/install/a1z_msgs/include/a1z_msgs/a1z_msgs/action/detail/move_end_effector__type_support.hpp
[2.656s] -- Installing: /workspace/A1Z/ros2_ws/install/a1z_msgs/include/a1z_msgs/a1z_msgs/action/move_end_effector.hpp
[2.656s] -- Up-to-date: /workspace/A1Z/ros2_ws/install/a1z_msgs/include/a1z_msgs/a1z_msgs/msg
[2.656s] -- Installing: /workspace/A1Z/ros2_ws/install/a1z_msgs/include/a1z_msgs/a1z_msgs/msg/rosidl_generator_cpp__visibility_control.hpp
[2.656s] -- Up-to-date: /workspace/A1Z/ros2_ws/install/a1z_msgs/include/a1z_msgs/a1z_msgs
[2.656s] -- Up-to-date: /workspace/A1Z/ros2_ws/install/a1z_msgs/include/a1z_msgs/a1z_msgs/action
[2.656s] -- Up-to-date: /workspace/A1Z/ros2_ws/install/a1z_msgs/include/a1z_msgs/a1z_msgs/action/detail
[2.656s] -- Installing: /workspace/A1Z/ros2_ws/install/a1z_msgs/include/a1z_msgs/a1z_msgs/action/detail/move_end_effector__rosidl_typesupport_fastrtps_cpp.hpp
[2.656s] -- Installing: /workspace/A1Z/ros2_ws/install/a1z_msgs/include/a1z_msgs/a1z_msgs/action/detail/dds_fastrtps
[2.656s] -- Up-to-date: /workspace/A1Z/ros2_ws/install/a1z_msgs/include/a1z_msgs/a1z_msgs/msg
[2.656s] -- Installing: /workspace/A1Z/ros2_ws/install/a1z_msgs/include/a1z_msgs/a1z_msgs/msg/rosidl_typesupport_fastrtps_cpp__visibility_control.h
[2.656s] -- Installing: /workspace/A1Z/ros2_ws/install/a1z_msgs/lib/liba1z_msgs__rosidl_typesupport_fastrtps_cpp.so
[2.656s] -- Set runtime path of "/workspace/A1Z/ros2_ws/install/a1z_msgs/lib/liba1z_msgs__rosidl_typesupport_fastrtps_cpp.so" to ""
[2.656s] -- Up-to-date: /workspace/A1Z/ros2_ws/install/a1z_msgs/include/a1z_msgs/a1z_msgs
[2.656s] -- Up-to-date: /workspace/A1Z/ros2_ws/install/a1z_msgs/include/a1z_msgs/a1z_msgs/action
[2.656s] -- Up-to-date: /workspace/A1Z/ros2_ws/install/a1z_msgs/include/a1z_msgs/a1z_msgs/action/detail
[2.656s] -- Installing: /workspace/A1Z/ros2_ws/install/a1z_msgs/include/a1z_msgs/a1z_msgs/action/detail/move_end_effector__rosidl_typesupport_introspection_c.h
[2.656s] -- Installing: /workspace/A1Z/ros2_ws/install/a1z_msgs/include/a1z_msgs/a1z_msgs/action/detail/move_end_effector__type_support.c
[2.656s] -- Up-to-date: /workspace/A1Z/ros2_ws/install/a1z_msgs/include/a1z_msgs/a1z_msgs/msg
[2.656s] -- Installing: /workspace/A1Z/ros2_ws/install/a1z_msgs/include/a1z_msgs/a1z_msgs/msg/rosidl_typesupport_introspection_c__visibility_control.h
[2.656s] -- Installing: /workspace/A1Z/ros2_ws/install/a1z_msgs/lib/liba1z_msgs__rosidl_typesupport_introspection_c.so
[2.657s] -- Set runtime path of "/workspace/A1Z/ros2_ws/install/a1z_msgs/lib/liba1z_msgs__rosidl_typesupport_introspection_c.so" to ""
[2.657s] -- Installing: /workspace/A1Z/ros2_ws/install/a1z_msgs/lib/liba1z_msgs__rosidl_typesupport_c.so
[2.657s] -- Set runtime path of "/workspace/A1Z/ros2_ws/install/a1z_msgs/lib/liba1z_msgs__rosidl_typesupport_c.so" to ""
[2.657s] -- Up-to-date: /workspace/A1Z/ros2_ws/install/a1z_msgs/include/a1z_msgs/a1z_msgs
[2.657s] -- Up-to-date: /workspace/A1Z/ros2_ws/install/a1z_msgs/include/a1z_msgs/a1z_msgs/action
[2.657s] -- Up-to-date: /workspace/A1Z/ros2_ws/install/a1z_msgs/include/a1z_msgs/a1z_msgs/action/detail
[2.657s] -- Installing: /workspace/A1Z/ros2_ws/install/a1z_msgs/include/a1z_msgs/a1z_msgs/action/detail/move_end_effector__rosidl_typesupport_introspection_cpp.hpp
[2.657s] -- Installing: /workspace/A1Z/ros2_ws/install/a1z_msgs/include/a1z_msgs/a1z_msgs/action/detail/move_end_effector__type_support.cpp
[2.657s] -- Installing: /workspace/A1Z/ros2_ws/install/a1z_msgs/lib/liba1z_msgs__rosidl_typesupport_introspection_cpp.so
[2.657s] -- Set runtime path of "/workspace/A1Z/ros2_ws/install/a1z_msgs/lib/liba1z_msgs__rosidl_typesupport_introspection_cpp.so" to ""
[2.657s] -- Installing: /workspace/A1Z/ros2_ws/install/a1z_msgs/lib/liba1z_msgs__rosidl_typesupport_cpp.so
[2.657s] -- Set runtime path of "/workspace/A1Z/ros2_ws/install/a1z_msgs/lib/liba1z_msgs__rosidl_typesupport_cpp.so" to ""
[2.658s] -- Installing: /workspace/A1Z/ros2_ws/install/a1z_msgs/share/a1z_msgs/environment/pythonpath.sh
[2.658s] -- Installing: /workspace/A1Z/ros2_ws/install/a1z_msgs/share/a1z_msgs/environment/pythonpath.dsv
[2.658s] -- Installing: /workspace/A1Z/ros2_ws/install/a1z_msgs/local/lib/python3.10/dist-packages/a1z_msgs-0.1.0-py3.10.egg-info
[2.658s] -- Installing: /workspace/A1Z/ros2_ws/install/a1z_msgs/local/lib/python3.10/dist-packages/a1z_msgs-0.1.0-py3.10.egg-info/PKG-INFO
[2.658s] -- Installing: /workspace/A1Z/ros2_ws/install/a1z_msgs/local/lib/python3.10/dist-packages/a1z_msgs-0.1.0-py3.10.egg-info/SOURCES.txt
[2.658s] -- Installing: /workspace/A1Z/ros2_ws/install/a1z_msgs/local/lib/python3.10/dist-packages/a1z_msgs-0.1.0-py3.10.egg-info/dependency_links.txt
[2.658s] -- Installing: /workspace/A1Z/ros2_ws/install/a1z_msgs/local/lib/python3.10/dist-packages/a1z_msgs-0.1.0-py3.10.egg-info/top_level.txt
[2.658s] -- Installing: /workspace/A1Z/ros2_ws/install/a1z_msgs/local/lib/python3.10/dist-packages/a1z_msgs
[2.658s] -- Installing: /workspace/A1Z/ros2_ws/install/a1z_msgs/local/lib/python3.10/dist-packages/a1z_msgs/action
[2.658s] -- Installing: /workspace/A1Z/ros2_ws/install/a1z_msgs/local/lib/python3.10/dist-packages/a1z_msgs/action/_move_end_effector_s.c
[2.658s] -- Installing: /workspace/A1Z/ros2_ws/install/a1z_msgs/local/lib/python3.10/dist-packages/a1z_msgs/action/_move_end_effector.py
[2.658s] -- Installing: /workspace/A1Z/ros2_ws/install/a1z_msgs/local/lib/python3.10/dist-packages/a1z_msgs/action/__init__.py
[2.658s] -- Installing: /workspace/A1Z/ros2_ws/install/a1z_msgs/local/lib/python3.10/dist-packages/a1z_msgs/liba1z_msgs__rosidl_generator_py.so
[2.658s] -- Installing: /workspace/A1Z/ros2_ws/install/a1z_msgs/local/lib/python3.10/dist-packages/a1z_msgs/a1z_msgs_s__rosidl_typesupport_introspection_c.cpython-310-x86_64-linux-gnu.so
[2.658s] -- Installing: /workspace/A1Z/ros2_ws/install/a1z_msgs/local/lib/python3.10/dist-packages/a1z_msgs/_a1z_msgs_s.ep.rosidl_typesupport_c.c
[2.658s] -- Installing: /workspace/A1Z/ros2_ws/install/a1z_msgs/local/lib/python3.10/dist-packages/a1z_msgs/a1z_msgs_s__rosidl_typesupport_fastrtps_c.cpython-310-x86_64-linux-gnu.so
[2.659s] -- Installing: /workspace/A1Z/ros2_ws/install/a1z_msgs/local/lib/python3.10/dist-packages/a1z_msgs/_a1z_msgs_s.ep.rosidl_typesupport_introspection_c.c
[2.659s] -- Installing: /workspace/A1Z/ros2_ws/install/a1z_msgs/local/lib/python3.10/dist-packages/a1z_msgs/a1z_msgs_s__rosidl_typesupport_c.cpython-310-x86_64-linux-gnu.so
[2.659s] -- Installing: /workspace/A1Z/ros2_ws/install/a1z_msgs/local/lib/python3.10/dist-packages/a1z_msgs/_a1z_msgs_s.ep.rosidl_typesupport_fastrtps_c.c
[2.659s] -- Installing: /workspace/A1Z/ros2_ws/install/a1z_msgs/local/lib/python3.10/dist-packages/a1z_msgs/__init__.py
[2.684s] Listing '/workspace/A1Z/ros2_ws/install/a1z_msgs/local/lib/python3.10/dist-packages/a1z_msgs'...
[2.684s] Compiling '/workspace/A1Z/ros2_ws/install/a1z_msgs/local/lib/python3.10/dist-packages/a1z_msgs/__init__.py'...
[2.684s] Listing '/workspace/A1Z/ros2_ws/install/a1z_msgs/local/lib/python3.10/dist-packages/a1z_msgs/action'...
[2.684s] Compiling '/workspace/A1Z/ros2_ws/install/a1z_msgs/local/lib/python3.10/dist-packages/a1z_msgs/action/__init__.py'...
[2.684s] Compiling '/workspace/A1Z/ros2_ws/install/a1z_msgs/local/lib/python3.10/dist-packages/a1z_msgs/action/_move_end_effector.py'...
[2.688s] -- Installing: /workspace/A1Z/ros2_ws/install/a1z_msgs/local/lib/python3.10/dist-packages/a1z_msgs/a1z_msgs_s__rosidl_typesupport_fastrtps_c.cpython-310-x86_64-linux-gnu.so
[2.688s] -- Set runtime path of "/workspace/A1Z/ros2_ws/install/a1z_msgs/local/lib/python3.10/dist-packages/a1z_msgs/a1z_msgs_s__rosidl_typesupport_fastrtps_c.cpython-310-x86_64-linux-gnu.so" to ""
[2.688s] -- Installing: /workspace/A1Z/ros2_ws/install/a1z_msgs/local/lib/python3.10/dist-packages/a1z_msgs/a1z_msgs_s__rosidl_typesupport_introspection_c.cpython-310-x86_64-linux-gnu.so
[2.688s] -- Set runtime path of "/workspace/A1Z/ros2_ws/install/a1z_msgs/local/lib/python3.10/dist-packages/a1z_msgs/a1z_msgs_s__rosidl_typesupport_introspection_c.cpython-310-x86_64-linux-gnu.so" to ""
[2.688s] -- Installing: /workspace/A1Z/ros2_ws/install/a1z_msgs/local/lib/python3.10/dist-packages/a1z_msgs/a1z_msgs_s__rosidl_typesupport_c.cpython-310-x86_64-linux-gnu.so
[2.689s] -- Set runtime path of "/workspace/A1Z/ros2_ws/install/a1z_msgs/local/lib/python3.10/dist-packages/a1z_msgs/a1z_msgs_s__rosidl_typesupport_c.cpython-310-x86_64-linux-gnu.so" to ""
[2.689s] -- Installing: /workspace/A1Z/ros2_ws/install/a1z_msgs/lib/liba1z_msgs__rosidl_generator_py.so
[2.689s] -- Set runtime path of "/workspace/A1Z/ros2_ws/install/a1z_msgs/lib/liba1z_msgs__rosidl_generator_py.so" to ""
[2.689s] -- Installing: /workspace/A1Z/ros2_ws/install/a1z_msgs/share/ament_index/resource_index/rust_packages/a1z_msgs
[2.689s] -- Installing: /workspace/A1Z/ros2_ws/install/a1z_msgs/share/a1z_msgs/rust
[2.689s] -- Installing: /workspace/A1Z/ros2_ws/install/a1z_msgs/share/a1z_msgs/rust/src
[2.689s] -- Installing: /workspace/A1Z/ros2_ws/install/a1z_msgs/share/a1z_msgs/rust/src/action
[2.689s] -- Installing: /workspace/A1Z/ros2_ws/install/a1z_msgs/share/a1z_msgs/rust/src/action/rmw.rs
[2.689s] -- Installing: /workspace/A1Z/ros2_ws/install/a1z_msgs/share/a1z_msgs/rust/src/lib.rs
[2.689s] -- Installing: /workspace/A1Z/ros2_ws/install/a1z_msgs/share/a1z_msgs/rust/src/action.rs
[2.689s] -- Installing: /workspace/A1Z/ros2_ws/install/a1z_msgs/share/a1z_msgs/rust/Cargo.toml
[2.689s] -- Installing: /workspace/A1Z/ros2_ws/install/a1z_msgs/share/a1z_msgs/rust/build.rs
[2.689s] -- Installing: /workspace/A1Z/ros2_ws/install/a1z_msgs/share/a1z_msgs/action/MoveEndEffector.idl
[2.689s] -- Installing: /workspace/A1Z/ros2_ws/install/a1z_msgs/share/a1z_msgs/action/MoveEndEffector.action
[2.689s] -- Installing: /workspace/A1Z/ros2_ws/install/a1z_msgs/share/ament_index/resource_index/package_run_dependencies/a1z_msgs
[2.689s] -- Installing: /workspace/A1Z/ros2_ws/install/a1z_msgs/share/ament_index/resource_index/parent_prefix_path/a1z_msgs
[2.690s] -- Installing: /workspace/A1Z/ros2_ws/install/a1z_msgs/share/a1z_msgs/environment/ament_prefix_path.sh
[2.690s] -- Installing: /workspace/A1Z/ros2_ws/install/a1z_msgs/share/a1z_msgs/environment/ament_prefix_path.dsv
[2.690s] -- Installing: /workspace/A1Z/ros2_ws/install/a1z_msgs/share/a1z_msgs/environment/path.sh
[2.690s] -- Installing: /workspace/A1Z/ros2_ws/install/a1z_msgs/share/a1z_msgs/environment/path.dsv
[2.690s] -- Installing: /workspace/A1Z/ros2_ws/install/a1z_msgs/share/a1z_msgs/local_setup.bash
[2.690s] -- Installing: /workspace/A1Z/ros2_ws/install/a1z_msgs/share/a1z_msgs/local_setup.sh
[2.690s] -- Installing: /workspace/A1Z/ros2_ws/install/a1z_msgs/share/a1z_msgs/local_setup.zsh
[2.690s] -- Installing: /workspace/A1Z/ros2_ws/install/a1z_msgs/share/a1z_msgs/local_setup.dsv
[2.690s] -- Installing: /workspace/A1Z/ros2_ws/install/a1z_msgs/share/a1z_msgs/package.dsv
[2.690s] -- Installing: /workspace/A1Z/ros2_ws/install/a1z_msgs/share/ament_index/resource_index/packages/a1z_msgs
[2.690s] -- Installing: /workspace/A1Z/ros2_ws/install/a1z_msgs/share/a1z_msgs/cmake/export_a1z_msgs__rosidl_generator_cExport.cmake
[2.690s] -- Installing: /workspace/A1Z/ros2_ws/install/a1z_msgs/share/a1z_msgs/cmake/export_a1z_msgs__rosidl_generator_cExport-noconfig.cmake
[2.690s] -- Installing: /workspace/A1Z/ros2_ws/install/a1z_msgs/share/a1z_msgs/cmake/export_a1z_msgs__rosidl_typesupport_fastrtps_cExport.cmake
[2.690s] -- Installing: /workspace/A1Z/ros2_ws/install/a1z_msgs/share/a1z_msgs/cmake/export_a1z_msgs__rosidl_typesupport_fastrtps_cExport-noconfig.cmake
[2.690s] -- Installing: /workspace/A1Z/ros2_ws/install/a1z_msgs/share/a1z_msgs/cmake/export_a1z_msgs__rosidl_generator_cppExport.cmake
[2.691s] -- Installing: /workspace/A1Z/ros2_ws/install/a1z_msgs/share/a1z_msgs/cmake/export_a1z_msgs__rosidl_typesupport_fastrtps_cppExport.cmake
[2.691s] -- Installing: /workspace/A1Z/ros2_ws/install/a1z_msgs/share/a1z_msgs/cmake/export_a1z_msgs__rosidl_typesupport_fastrtps_cppExport-noconfig.cmake
[2.691s] -- Installing: /workspace/A1Z/ros2_ws/install/a1z_msgs/share/a1z_msgs/cmake/a1z_msgs__rosidl_typesupport_introspection_cExport.cmake
[2.691s] -- Installing: /workspace/A1Z/ros2_ws/install/a1z_msgs/share/a1z_msgs/cmake/a1z_msgs__rosidl_typesupport_introspection_cExport-noconfig.cmake
[2.691s] -- Installing: /workspace/A1Z/ros2_ws/install/a1z_msgs/share/a1z_msgs/cmake/a1z_msgs__rosidl_typesupport_cExport.cmake
[2.691s] -- Installing: /workspace/A1Z/ros2_ws/install/a1z_msgs/share/a1z_msgs/cmake/a1z_msgs__rosidl_typesupport_cExport-noconfig.cmake
[2.691s] -- Installing: /workspace/A1Z/ros2_ws/install/a1z_msgs/share/a1z_msgs/cmake/a1z_msgs__rosidl_typesupport_introspection_cppExport.cmake
[2.691s] -- Installing: /workspace/A1Z/ros2_ws/install/a1z_msgs/share/a1z_msgs/cmake/a1z_msgs__rosidl_typesupport_introspection_cppExport-noconfig.cmake
[2.691s] -- Installing: /workspace/A1Z/ros2_ws/install/a1z_msgs/share/a1z_msgs/cmake/a1z_msgs__rosidl_typesupport_cppExport.cmake
[2.691s] -- Installing: /workspace/A1Z/ros2_ws/install/a1z_msgs/share/a1z_msgs/cmake/a1z_msgs__rosidl_typesupport_cppExport-noconfig.cmake
[2.692s] -- Installing: /workspace/A1Z/ros2_ws/install/a1z_msgs/share/a1z_msgs/cmake/export_a1z_msgs__rosidl_generator_pyExport.cmake
[2.692s] -- Installing: /workspace/A1Z/ros2_ws/install/a1z_msgs/share/a1z_msgs/cmake/export_a1z_msgs__rosidl_generator_pyExport-noconfig.cmake
[2.692s] -- Installing: /workspace/A1Z/ros2_ws/install/a1z_msgs/share/a1z_msgs/cmake/rosidl_cmake-extras.cmake
[2.692s] -- Installing: /workspace/A1Z/ros2_ws/install/a1z_msgs/share/a1z_msgs/cmake/ament_cmake_export_dependencies-extras.cmake
[2.692s] -- Installing: /workspace/A1Z/ros2_ws/install/a1z_msgs/share/a1z_msgs/cmake/ament_cmake_export_include_directories-extras.cmake
[2.692s] -- Installing: /workspace/A1Z/ros2_ws/install/a1z_msgs/share/a1z_msgs/cmake/ament_cmake_export_libraries-extras.cmake
[2.692s] -- Installing: /workspace/A1Z/ros2_ws/install/a1z_msgs/share/a1z_msgs/cmake/ament_cmake_export_targets-extras.cmake
[2.692s] -- Installing: /workspace/A1Z/ros2_ws/install/a1z_msgs/share/a1z_msgs/cmake/rosidl_cmake_export_typesupport_targets-extras.cmake
[2.692s] -- Installing: /workspace/A1Z/ros2_ws/install/a1z_msgs/share/a1z_msgs/cmake/rosidl_cmake_export_typesupport_libraries-extras.cmake
[2.692s] -- Installing: /workspace/A1Z/ros2_ws/install/a1z_msgs/share/a1z_msgs/cmake/a1z_msgsConfig.cmake
[2.692s] -- Installing: /workspace/A1Z/ros2_ws/install/a1z_msgs/share/a1z_msgs/cmake/a1z_msgsConfig-version.cmake
[2.692s] -- Installing: /workspace/A1Z/ros2_ws/install/a1z_msgs/share/a1z_msgs/package.xml
[2.694s] Invoked command in '/workspace/A1Z/ros2_ws/build/a1z_msgs' returned '0': CMAKE_PREFIX_PATH=/opt/ros/humble /usr/bin/cmake --install /workspace/A1Z/ros2_ws/build/a1z_msgs
