running egg_info
creating ../../build/a1z_open_vocab/a1z_open_vocab.egg-info
writing ../../build/a1z_open_vocab/a1z_open_vocab.egg-info/PKG-INFO
writing dependency_links to ../../build/a1z_open_vocab/a1z_open_vocab.egg-info/dependency_links.txt
writing entry points to ../../build/a1z_open_vocab/a1z_open_vocab.egg-info/entry_points.txt
writing requirements to ../../build/a1z_open_vocab/a1z_open_vocab.egg-info/requires.txt
writing top-level names to ../../build/a1z_open_vocab/a1z_open_vocab.egg-info/top_level.txt
writing manifest file '../../build/a1z_open_vocab/a1z_open_vocab.egg-info/SOURCES.txt'
reading manifest file '../../build/a1z_open_vocab/a1z_open_vocab.egg-info/SOURCES.txt'
writing manifest file '../../build/a1z_open_vocab/a1z_open_vocab.egg-info/SOURCES.txt'
running build
running build_py
creating /workspace/A1Z/ros2_ws/build/a1z_open_vocab/build
creating /workspace/A1Z/ros2_ws/build/a1z_open_vocab/build/lib
creating /workspace/A1Z/ros2_ws/build/a1z_open_vocab/build/lib/a1z_open_vocab
copying a1z_open_vocab/vision_request_node.py -> /workspace/A1Z/ros2_ws/build/a1z_open_vocab/build/lib/a1z_open_vocab
copying a1z_open_vocab/image_encoding.py -> /workspace/A1Z/ros2_ws/build/a1z_open_vocab/build/lib/a1z_open_vocab
copying a1z_open_vocab/__init__.py -> /workspace/A1Z/ros2_ws/build/a1z_open_vocab/build/lib/a1z_open_vocab
running install
running install_lib
creating /workspace/A1Z/ros2_ws/install/a1z_open_vocab/lib/python3.10/site-packages/a1z_open_vocab
copying /workspace/A1Z/ros2_ws/build/a1z_open_vocab/build/lib/a1z_open_vocab/vision_request_node.py -> /workspace/A1Z/ros2_ws/install/a1z_open_vocab/lib/python3.10/site-packages/a1z_open_vocab
copying /workspace/A1Z/ros2_ws/build/a1z_open_vocab/build/lib/a1z_open_vocab/image_encoding.py -> /workspace/A1Z/ros2_ws/install/a1z_open_vocab/lib/python3.10/site-packages/a1z_open_vocab
copying /workspace/A1Z/ros2_ws/build/a1z_open_vocab/build/lib/a1z_open_vocab/__init__.py -> /workspace/A1Z/ros2_ws/install/a1z_open_vocab/lib/python3.10/site-packages/a1z_open_vocab
byte-compiling /workspace/A1Z/ros2_ws/install/a1z_open_vocab/lib/python3.10/site-packages/a1z_open_vocab/vision_request_node.py to vision_request_node.cpython-310.pyc
byte-compiling /workspace/A1Z/ros2_ws/install/a1z_open_vocab/lib/python3.10/site-packages/a1z_open_vocab/image_encoding.py to image_encoding.cpython-310.pyc
byte-compiling /workspace/A1Z/ros2_ws/install/a1z_open_vocab/lib/python3.10/site-packages/a1z_open_vocab/__init__.py to __init__.cpython-310.pyc
running install_data
creating /workspace/A1Z/ros2_ws/install/a1z_open_vocab/share/ament_index
creating /workspace/A1Z/ros2_ws/install/a1z_open_vocab/share/ament_index/resource_index
creating /workspace/A1Z/ros2_ws/install/a1z_open_vocab/share/ament_index/resource_index/packages
copying resource/a1z_open_vocab -> /workspace/A1Z/ros2_ws/install/a1z_open_vocab/share/ament_index/resource_index/packages
copying package.xml -> /workspace/A1Z/ros2_ws/install/a1z_open_vocab/share/a1z_open_vocab
creating /workspace/A1Z/ros2_ws/install/a1z_open_vocab/share/a1z_open_vocab/config
copying config/vlm.yaml -> /workspace/A1Z/ros2_ws/install/a1z_open_vocab/share/a1z_open_vocab/config
creating /workspace/A1Z/ros2_ws/install/a1z_open_vocab/share/a1z_open_vocab/launch
copying launch/a1z_open_vocab.launch.py -> /workspace/A1Z/ros2_ws/install/a1z_open_vocab/share/a1z_open_vocab/launch
running install_egg_info
Copying ../../build/a1z_open_vocab/a1z_open_vocab.egg-info to /workspace/A1Z/ros2_ws/install/a1z_open_vocab/lib/python3.10/site-packages/a1z_open_vocab-0.1.0-py3.10.egg-info
running install_scripts
Installing vision_request script to /workspace/A1Z/ros2_ws/install/a1z_open_vocab/lib/a1z_open_vocab
writing list of installed files to '/workspace/A1Z/ros2_ws/build/a1z_open_vocab/install.log'
