[0.505s] Invoking command in '/workspace/A1Z/ros2_ws/src/a1z_open_vocab': PYTHONPATH=/workspace/A1Z/ros2_ws/build/a1z_open_vocab/prefix_override:/usr/lib/python3/dist-packages/colcon_core/task/python/colcon_distutils_commands:/workspace/A1Z/ros2_ws/install/a1z_open_vocab/lib/python3.10/site-packages:${PYTHONPATH} /usr/bin/python3 -W ignore:setup.py install is deprecated -W ignore:easy_install command is deprecated setup.py egg_info --egg-base ../../build/a1z_open_vocab build --build-base /workspace/A1Z/ros2_ws/build/a1z_open_vocab/build install --record /workspace/A1Z/ros2_ws/build/a1z_open_vocab/install.log --single-version-externally-managed install_data
[0.589s] running egg_info
[0.589s] creating ../../build/a1z_open_vocab/a1z_open_vocab.egg-info
[0.589s] writing ../../build/a1z_open_vocab/a1z_open_vocab.egg-info/PKG-INFO
[0.589s] writing dependency_links to ../../build/a1z_open_vocab/a1z_open_vocab.egg-info/dependency_links.txt
[0.589s] writing entry points to ../../build/a1z_open_vocab/a1z_open_vocab.egg-info/entry_points.txt
[0.589s] writing requirements to ../../build/a1z_open_vocab/a1z_open_vocab.egg-info/requires.txt
[0.589s] writing top-level names to ../../build/a1z_open_vocab/a1z_open_vocab.egg-info/top_level.txt
[0.589s] writing manifest file '../../build/a1z_open_vocab/a1z_open_vocab.egg-info/SOURCES.txt'
[0.590s] reading manifest file '../../build/a1z_open_vocab/a1z_open_vocab.egg-info/SOURCES.txt'
[0.590s] writing manifest file '../../build/a1z_open_vocab/a1z_open_vocab.egg-info/SOURCES.txt'
[0.590s] running build
[0.590s] running build_py
[0.590s] creating /workspace/A1Z/ros2_ws/build/a1z_open_vocab/build
[0.590s] creating /workspace/A1Z/ros2_ws/build/a1z_open_vocab/build/lib
[0.590s] creating /workspace/A1Z/ros2_ws/build/a1z_open_vocab/build/lib/a1z_open_vocab
[0.590s] copying a1z_open_vocab/vision_request_node.py -> /workspace/A1Z/ros2_ws/build/a1z_open_vocab/build/lib/a1z_open_vocab
[0.590s] copying a1z_open_vocab/image_encoding.py -> /workspace/A1Z/ros2_ws/build/a1z_open_vocab/build/lib/a1z_open_vocab
[0.590s] copying a1z_open_vocab/__init__.py -> /workspace/A1Z/ros2_ws/build/a1z_open_vocab/build/lib/a1z_open_vocab
[0.590s] running install
[0.590s] running install_lib
[0.591s] creating /workspace/A1Z/ros2_ws/install/a1z_open_vocab/lib/python3.10/site-packages/a1z_open_vocab
[0.591s] copying /workspace/A1Z/ros2_ws/build/a1z_open_vocab/build/lib/a1z_open_vocab/vision_request_node.py -> /workspace/A1Z/ros2_ws/install/a1z_open_vocab/lib/python3.10/site-packages/a1z_open_vocab
[0.591s] copying /workspace/A1Z/ros2_ws/build/a1z_open_vocab/build/lib/a1z_open_vocab/image_encoding.py -> /workspace/A1Z/ros2_ws/install/a1z_open_vocab/lib/python3.10/site-packages/a1z_open_vocab
[0.591s] copying /workspace/A1Z/ros2_ws/build/a1z_open_vocab/build/lib/a1z_open_vocab/__init__.py -> /workspace/A1Z/ros2_ws/install/a1z_open_vocab/lib/python3.10/site-packages/a1z_open_vocab
[0.591s] byte-compiling /workspace/A1Z/ros2_ws/install/a1z_open_vocab/lib/python3.10/site-packages/a1z_open_vocab/vision_request_node.py to vision_request_node.cpython-310.pyc
[0.592s] byte-compiling /workspace/A1Z/ros2_ws/install/a1z_open_vocab/lib/python3.10/site-packages/a1z_open_vocab/image_encoding.py to image_encoding.cpython-310.pyc
[0.593s] byte-compiling /workspace/A1Z/ros2_ws/install/a1z_open_vocab/lib/python3.10/site-packages/a1z_open_vocab/__init__.py to __init__.cpython-310.pyc
[0.593s] running install_data
[0.593s] creating /workspace/A1Z/ros2_ws/install/a1z_open_vocab/share/ament_index
[0.593s] creating /workspace/A1Z/ros2_ws/install/a1z_open_vocab/share/ament_index/resource_index
[0.593s] creating /workspace/A1Z/ros2_ws/install/a1z_open_vocab/share/ament_index/resource_index/packages
[0.593s] copying resource/a1z_open_vocab -> /workspace/A1Z/ros2_ws/install/a1z_open_vocab/share/ament_index/resource_index/packages
[0.593s] copying package.xml -> /workspace/A1Z/ros2_ws/install/a1z_open_vocab/share/a1z_open_vocab
[0.593s] creating /workspace/A1Z/ros2_ws/install/a1z_open_vocab/share/a1z_open_vocab/config
[0.593s] copying config/vlm.yaml -> /workspace/A1Z/ros2_ws/install/a1z_open_vocab/share/a1z_open_vocab/config
[0.593s] creating /workspace/A1Z/ros2_ws/install/a1z_open_vocab/share/a1z_open_vocab/launch
[0.593s] copying launch/a1z_open_vocab.launch.py -> /workspace/A1Z/ros2_ws/install/a1z_open_vocab/share/a1z_open_vocab/launch
[0.593s] running install_egg_info
[0.594s] Copying ../../build/a1z_open_vocab/a1z_open_vocab.egg-info to /workspace/A1Z/ros2_ws/install/a1z_open_vocab/lib/python3.10/site-packages/a1z_open_vocab-0.1.0-py3.10.egg-info
[0.594s] running install_scripts
[0.603s] Installing vision_request script to /workspace/A1Z/ros2_ws/install/a1z_open_vocab/lib/a1z_open_vocab
[0.603s] writing list of installed files to '/workspace/A1Z/ros2_ws/build/a1z_open_vocab/install.log'
[0.616s] Invoked command in '/workspace/A1Z/ros2_ws/src/a1z_open_vocab' returned '0': PYTHONPATH=/workspace/A1Z/ros2_ws/build/a1z_open_vocab/prefix_override:/usr/lib/python3/dist-packages/colcon_core/task/python/colcon_distutils_commands:/workspace/A1Z/ros2_ws/install/a1z_open_vocab/lib/python3.10/site-packages:${PYTHONPATH} /usr/bin/python3 -W ignore:setup.py install is deprecated -W ignore:easy_install command is deprecated setup.py egg_info --egg-base ../../build/a1z_open_vocab build --build-base /workspace/A1Z/ros2_ws/build/a1z_open_vocab/build install --record /workspace/A1Z/ros2_ws/build/a1z_open_vocab/install.log --single-version-externally-managed install_data
