[0.225s] Invoking command in '/workspace/A1Z/ros2_ws/src/a1z_motion': AMENT_PREFIX_PATH=/workspace/A1Z/ros2_ws/install/a1z_msgs:${AMENT_PREFIX_PATH} CMAKE_PREFIX_PATH=/workspace/A1Z/ros2_ws/install/a1z_msgs LD_LIBRARY_PATH=/workspace/A1Z/ros2_ws/install/a1z_msgs/lib:${LD_LIBRARY_PATH} PYTHONPATH=/workspace/A1Z/ros2_ws/build/a1z_motion/prefix_override:/usr/lib/python3/dist-packages/colcon_core/task/python/colcon_distutils_commands:/workspace/A1Z/ros2_ws/install/a1z_motion/lib/python3.10/site-packages:/workspace/A1Z/ros2_ws/install/a1z_msgs/local/lib/python3.10/dist-packages:${PYTHONPATH} /usr/bin/python3 -W ignore:setup.py install is deprecated -W ignore:easy_install command is deprecated setup.py egg_info --egg-base ../../build/a1z_motion build --build-base /workspace/A1Z/ros2_ws/build/a1z_motion/build install --record /workspace/A1Z/ros2_ws/build/a1z_motion/install.log --single-version-externally-managed install_data
[0.309s] running egg_info
[0.309s] writing ../../build/a1z_motion/a1z_motion.egg-info/PKG-INFO
[0.309s] writing dependency_links to ../../build/a1z_motion/a1z_motion.egg-info/dependency_links.txt
[0.309s] writing entry points to ../../build/a1z_motion/a1z_motion.egg-info/entry_points.txt
[0.309s] writing requirements to ../../build/a1z_motion/a1z_motion.egg-info/requires.txt
[0.309s] writing top-level names to ../../build/a1z_motion/a1z_motion.egg-info/top_level.txt
[0.310s] reading manifest file '../../build/a1z_motion/a1z_motion.egg-info/SOURCES.txt'
[0.310s] writing manifest file '../../build/a1z_motion/a1z_motion.egg-info/SOURCES.txt'
[0.310s] running build
[0.310s] running build_py
[0.310s] running install
[0.311s] running install_lib
[0.312s] running install_data
[0.312s] running install_egg_info
[0.313s] removing '/workspace/A1Z/ros2_ws/install/a1z_motion/lib/python3.10/site-packages/a1z_motion-0.1.0-py3.10.egg-info' (and everything under it)
[0.313s] Copying ../../build/a1z_motion/a1z_motion.egg-info to /workspace/A1Z/ros2_ws/install/a1z_motion/lib/python3.10/site-packages/a1z_motion-0.1.0-py3.10.egg-info
[0.313s] running install_scripts
[0.323s] Installing motion_executor script to /workspace/A1Z/ros2_ws/install/a1z_motion/lib/a1z_motion
[0.323s] Installing robot_state script to /workspace/A1Z/ros2_ws/install/a1z_motion/lib/a1z_motion
[0.323s] writing list of installed files to '/workspace/A1Z/ros2_ws/build/a1z_motion/install.log'
[0.334s] Invoked command in '/workspace/A1Z/ros2_ws/src/a1z_motion' returned '0': AMENT_PREFIX_PATH=/workspace/A1Z/ros2_ws/install/a1z_msgs:${AMENT_PREFIX_PATH} CMAKE_PREFIX_PATH=/workspace/A1Z/ros2_ws/install/a1z_msgs LD_LIBRARY_PATH=/workspace/A1Z/ros2_ws/install/a1z_msgs/lib:${LD_LIBRARY_PATH} PYTHONPATH=/workspace/A1Z/ros2_ws/build/a1z_motion/prefix_override:/usr/lib/python3/dist-packages/colcon_core/task/python/colcon_distutils_commands:/workspace/A1Z/ros2_ws/install/a1z_motion/lib/python3.10/site-packages:/workspace/A1Z/ros2_ws/install/a1z_msgs/local/lib/python3.10/dist-packages:${PYTHONPATH} /usr/bin/python3 -W ignore:setup.py install is deprecated -W ignore:easy_install command is deprecated setup.py egg_info --egg-base ../../build/a1z_motion build --build-base /workspace/A1Z/ros2_ws/build/a1z_motion/build install --record /workspace/A1Z/ros2_ws/build/a1z_motion/install.log --single-version-externally-managed install_data
