[0.000000] (-) TimerEvent: {}
[0.000612] (a1z_msgs) JobQueued: {'identifier': 'a1z_msgs', 'dependencies': OrderedDict()}
[0.000743] (a1z_motion) JobQueued: {'identifier': 'a1z_motion', 'dependencies': OrderedDict([('a1z_msgs', '/workspace/A1Z/ros2_ws/install/a1z_msgs')])}
[0.002480] (a1z_msgs) JobStarted: {'identifier': 'a1z_msgs'}
[0.006435] (a1z_msgs) JobProgress: {'identifier': 'a1z_msgs', 'progress': 'cmake'}
[0.006662] (a1z_msgs) Command: {'cmd': ['/usr/bin/cmake', '/workspace/A1Z/ros2_ws/src/a1z_msgs', '-DCMAKE_INSTALL_PREFIX=/workspace/A1Z/ros2_ws/install/a1z_msgs'], 'cwd': '/workspace/A1Z/ros2_ws/build/a1z_msgs', 'env': OrderedDict([('HOSTNAME', 'bfb2c49d916f'), ('SHLVL', '0'), ('LD_LIBRARY_PATH', '/opt/ros/humble/lib/x86_64-linux-gnu:/opt/ros/humble/lib'), ('HOME', '/root'), ('ROS_PYTHON_VERSION', '3'), ('ROS_DISTRO', 'humble'), ('_', '/usr/bin/colcon'), ('ROS_VERSION', '2'), ('ROS_LOCALHOST_ONLY', '0'), ('PATH', '/opt/ros/humble/bin:/usr/local/sbin:/usr/local/bin:/usr/sbin:/usr/bin:/sbin:/bin'), ('LANG', 'C.UTF-8'), ('AMENT_PREFIX_PATH', '/opt/ros/humble'), ('PWD', '/workspace/A1Z/ros2_ws/build/a1z_msgs'), ('LC_ALL', 'C.UTF-8'), ('PYTHONPATH', '/opt/ros/humble/lib/python3.10/site-packages:/opt/ros/humble/local/lib/python3.10/dist-packages'), ('COLCON', '1'), ('CMAKE_PREFIX_PATH', '/opt/ros/humble')]), 'shell': False}
[0.096844] (a1z_msgs) StdoutLine: {'line': b'-- The C compiler identification is GNU 11.4.0\n'}
[0.099874] (-) TimerEvent: {}
[0.154438] (a1z_msgs) StdoutLine: {'line': b'-- The CXX compiler identification is GNU 11.4.0\n'}
[0.160696] (a1z_msgs) StdoutLine: {'line': b'-- Detecting C compiler ABI info\n'}
[0.199983] (-) TimerEvent: {}
[0.206842] (a1z_msgs) StdoutLine: {'line': b'-- Detecting C compiler ABI info - done\n'}
[0.210442] (a1z_msgs) StdoutLine: {'line': b'-- Check for working C compiler: /usr/bin/cc - skipped\n'}
[0.210669] (a1z_msgs) StdoutLine: {'line': b'-- Detecting C compile features\n'}
[0.211155] (a1z_msgs) StdoutLine: {'line': b'-- Detecting C compile features - done\n'}
[0.213215] (a1z_msgs) StdoutLine: {'line': b'-- Detecting CXX compiler ABI info\n'}
[0.265824] (a1z_msgs) StdoutLine: {'line': b'-- Detecting CXX compiler ABI info - done\n'}
[0.268136] (a1z_msgs) StdoutLine: {'line': b'-- Check for working CXX compiler: /usr/bin/c++ - skipped\n'}
[0.268908] (a1z_msgs) StdoutLine: {'line': b'-- Detecting CXX compile features\n'}
[0.268974] (a1z_msgs) StdoutLine: {'line': b'-- Detecting CXX compile features - done\n'}
[0.270813] (a1z_msgs) StdoutLine: {'line': b'-- Found ament_cmake: 1.3.14 (/opt/ros/humble/share/ament_cmake/cmake)\n'}
[0.300063] (-) TimerEvent: {}
[0.354388] (a1z_msgs) StdoutLine: {'line': b'-- Found Python3: /usr/bin/python3 (found version "3.10.12") found components: Interpreter \n'}
[0.400166] (-) TimerEvent: {}
[0.411012] (a1z_msgs) StdoutLine: {'line': b'-- Found geometry_msgs: 4.9.1 (/opt/ros/humble/share/geometry_msgs/cmake)\n'}
[0.434070] (a1z_msgs) StdoutLine: {'line': b'-- Found rosidl_generator_c: 3.1.8 (/opt/ros/humble/share/rosidl_generator_c/cmake)\n'}
[0.437110] (a1z_msgs) StdoutLine: {'line': b'-- Found rosidl_adapter: 3.1.8 (/opt/ros/humble/share/rosidl_adapter/cmake)\n'}
[0.443006] (a1z_msgs) StdoutLine: {'line': b'-- Found rosidl_generator_cpp: 3.1.8 (/opt/ros/humble/share/rosidl_generator_cpp/cmake)\n'}
[0.451133] (a1z_msgs) StdoutLine: {'line': b'-- Using all available rosidl_typesupport_c: rosidl_typesupport_fastrtps_c;rosidl_typesupport_introspection_c\n'}
[0.461171] (a1z_msgs) StdoutLine: {'line': b'-- Using all available rosidl_typesupport_cpp: rosidl_typesupport_fastrtps_cpp;rosidl_typesupport_introspection_cpp\n'}
[0.488973] (a1z_msgs) StdoutLine: {'line': b'-- Found rosidl_default_generators: 1.2.1 (/opt/ros/humble/share/rosidl_default_generators/cmake)\n'}
[0.500250] (-) TimerEvent: {}
[0.600408] (-) TimerEvent: {}
[0.666727] (a1z_msgs) StdoutLine: {'line': b'-- Found ament_cmake_ros: 0.10.0 (/opt/ros/humble/share/ament_cmake_ros/cmake)\n'}
[0.700501] (-) TimerEvent: {}
[0.800673] (-) TimerEvent: {}
[0.893775] (a1z_msgs) StdoutLine: {'line': b'-- Using all available rosidl_typesupport_c: rosidl_typesupport_fastrtps_c;rosidl_typesupport_introspection_c\n'}
[0.900761] (-) TimerEvent: {}
[0.977354] (a1z_msgs) StdoutLine: {'line': b'-- Using all available rosidl_typesupport_cpp: rosidl_typesupport_fastrtps_cpp;rosidl_typesupport_introspection_cpp\n'}
[0.988365] (a1z_msgs) StdoutLine: {'line': b'-- Found PythonInterp: /usr/bin/python3 (found suitable version "3.10.12", minimum required is "3.6") \n'}
[0.989422] (a1z_msgs) StdoutLine: {'line': b'-- Found python_cmake_module: 0.10.0 (/opt/ros/humble/share/python_cmake_module/cmake)\n'}
[1.000849] (-) TimerEvent: {}
[1.001789] (a1z_msgs) StdoutLine: {'line': b'-- Found PythonLibs: /usr/lib/x86_64-linux-gnu/libpython3.10.so (found suitable version "3.10.12", minimum required is "3.5") \n'}
[1.001875] (a1z_msgs) StdoutLine: {'line': b'-- Using PYTHON_EXECUTABLE: /usr/bin/python3\n'}
[1.001901] (a1z_msgs) StdoutLine: {'line': b'-- Using PYTHON_INCLUDE_DIRS: /usr/include/python3.10\n'}
[1.001923] (a1z_msgs) StdoutLine: {'line': b'-- Using PYTHON_LIBRARIES: /usr/lib/x86_64-linux-gnu/libpython3.10.so\n'}
[1.011856] (a1z_msgs) StdoutLine: {'line': b'-- Found PythonExtra: .so  \n'}
[1.091705] (a1z_msgs) StdoutLine: {'line': b'-- Configuring done\n'}
[1.100958] (-) TimerEvent: {}
[1.116144] (a1z_msgs) StdoutLine: {'line': b'-- Generating done\n'}
[1.123882] (a1z_msgs) StdoutLine: {'line': b'-- Build files have been written to: /workspace/A1Z/ros2_ws/build/a1z_msgs\n'}
[1.130807] (a1z_msgs) CommandEnded: {'returncode': 0}
[1.131190] (a1z_msgs) JobProgress: {'identifier': 'a1z_msgs', 'progress': 'build'}
[1.131618] (a1z_msgs) Command: {'cmd': ['/usr/bin/cmake', '--build', '/workspace/A1Z/ros2_ws/build/a1z_msgs', '--', '-j24', '-l24'], 'cwd': '/workspace/A1Z/ros2_ws/build/a1z_msgs', 'env': OrderedDict([('HOSTNAME', 'bfb2c49d916f'), ('SHLVL', '0'), ('LD_LIBRARY_PATH', '/opt/ros/humble/lib/x86_64-linux-gnu:/opt/ros/humble/lib'), ('HOME', '/root'), ('ROS_PYTHON_VERSION', '3'), ('ROS_DISTRO', 'humble'), ('_', '/usr/bin/colcon'), ('ROS_VERSION', '2'), ('ROS_LOCALHOST_ONLY', '0'), ('PATH', '/opt/ros/humble/bin:/usr/local/sbin:/usr/local/bin:/usr/sbin:/usr/bin:/sbin:/bin'), ('LANG', 'C.UTF-8'), ('AMENT_PREFIX_PATH', '/opt/ros/humble'), ('PWD', '/workspace/A1Z/ros2_ws/build/a1z_msgs'), ('LC_ALL', 'C.UTF-8'), ('PYTHONPATH', '/opt/ros/humble/lib/python3.10/site-packages:/opt/ros/humble/local/lib/python3.10/dist-packages'), ('COLCON', '1'), ('CMAKE_PREFIX_PATH', '/opt/ros/humble')]), 'shell': False}
[1.156968] (a1z_msgs) StdoutLine: {'line': b'[  3%] Generating C code for ROS interfaces\n'}
[1.162781] (a1z_msgs) StdoutLine: {'line': b'[  9%] Generating Rust code for ROS interfaces\n'}
[1.162920] (a1z_msgs) StdoutLine: {'line': b'[  9%] Generating C++ code for ROS interfaces\n'}
[1.167902] (a1z_msgs) StdoutLine: {'line': b'[  9%] Built target ament_cmake_python_copy_a1z_msgs\n'}
[1.200995] (-) TimerEvent: {}
[1.262722] (a1z_msgs) StdoutLine: {'line': b'running egg_info\n'}
[1.262846] (a1z_msgs) StdoutLine: {'line': b'creating a1z_msgs.egg-info\n'}
[1.262881] (a1z_msgs) StdoutLine: {'line': b'writing a1z_msgs.egg-info/PKG-INFO\n'}
[1.262911] (a1z_msgs) StdoutLine: {'line': b'writing dependency_links to a1z_msgs.egg-info/dependency_links.txt\n'}
[1.262939] (a1z_msgs) StdoutLine: {'line': b'writing top-level names to a1z_msgs.egg-info/top_level.txt\n'}
[1.262968] (a1z_msgs) StdoutLine: {'line': b"writing manifest file 'a1z_msgs.egg-info/SOURCES.txt'\n"}
[1.266129] (a1z_msgs) StdoutLine: {'line': b"reading manifest file 'a1z_msgs.egg-info/SOURCES.txt'\n"}
[1.266208] (a1z_msgs) StdoutLine: {'line': b"writing manifest file 'a1z_msgs.egg-info/SOURCES.txt'\n"}
[1.281557] (a1z_msgs) StdoutLine: {'line': b'[  9%] Built target ament_cmake_python_build_a1z_msgs_egg\n'}
[1.300942] (a1z_msgs) StdoutLine: {'line': b'[  9%] Built target a1z_msgs__rs\n'}
[1.301069] (-) TimerEvent: {}
[1.356298] (a1z_msgs) StdoutLine: {'line': b'[  9%] Built target a1z_msgs__cpp\n'}
[1.363166] (a1z_msgs) StdoutLine: {'line': b'[ 18%] Generating C++ introspection for ROS interfaces\n'}
[1.363300] (a1z_msgs) StdoutLine: {'line': b'[ 18%] Generating C++ type support for eProsima Fast-RTPS\n'}
[1.363338] (a1z_msgs) StdoutLine: {'line': b'[ 15%] Generating C++ type support dispatch for ROS interfaces\n'}
[1.401165] (-) TimerEvent: {}
[1.461329] (a1z_msgs) StdoutLine: {'line': b'[ 21%] Building C object CMakeFiles/a1z_msgs__rosidl_generator_c.dir/rosidl_generator_c/a1z_msgs/action/detail/move_end_effector__functions.c.o\n'}
[1.501259] (-) TimerEvent: {}
[1.507958] (a1z_msgs) StdoutLine: {'line': b'[ 25%] Building CXX object CMakeFiles/a1z_msgs__rosidl_typesupport_cpp.dir/rosidl_typesupport_cpp/a1z_msgs/action/move_end_effector__type_support.cpp.o\n'}
[1.540699] (a1z_msgs) StdoutLine: {'line': b'[ 28%] Linking C shared library liba1z_msgs__rosidl_generator_c.so\n'}
[1.545024] (a1z_msgs) StdoutLine: {'line': b'[ 31%] Building CXX object CMakeFiles/a1z_msgs__rosidl_typesupport_fastrtps_cpp.dir/rosidl_typesupport_fastrtps_cpp/a1z_msgs/action/detail/dds_fastrtps/move_end_effector__type_support.cpp.o\n'}
[1.567478] (a1z_msgs) StdoutLine: {'line': b'[ 31%] Built target a1z_msgs__rosidl_generator_c\n'}
[1.574145] (a1z_msgs) StdoutLine: {'line': b'[ 40%] Generating C type support for eProsima Fast-RTPS\n'}
[1.574287] (a1z_msgs) StdoutLine: {'line': b'[ 40%] Generating C introspection for ROS interfaces\n'}
[1.574324] (a1z_msgs) StdoutLine: {'line': b'[ 40%] Generating C type support dispatch for ROS interfaces\n'}
[1.602552] (-) TimerEvent: {}
[1.702705] (-) TimerEvent: {}
[1.732942] (a1z_msgs) StdoutLine: {'line': b'[ 43%] Building CXX object CMakeFiles/a1z_msgs__rosidl_typesupport_introspection_cpp.dir/rosidl_typesupport_introspection_cpp/a1z_msgs/action/detail/move_end_effector__type_support.cpp.o\n'}
[1.745904] (a1z_msgs) StdoutLine: {'line': b'[ 46%] Linking CXX shared library liba1z_msgs__rosidl_typesupport_cpp.so\n'}
[1.750050] (a1z_msgs) StdoutLine: {'line': b'[ 50%] Building C object CMakeFiles/a1z_msgs__rosidl_typesupport_introspection_c.dir/rosidl_typesupport_introspection_c/a1z_msgs/action/detail/move_end_effector__type_support.c.o\n'}
[1.759632] (a1z_msgs) StdoutLine: {'line': b'[ 53%] Building CXX object CMakeFiles/a1z_msgs__rosidl_typesupport_fastrtps_c.dir/rosidl_typesupport_fastrtps_c/a1z_msgs/action/detail/move_end_effector__type_support_c.cpp.o\n'}
[1.769175] (a1z_msgs) StdoutLine: {'line': b'[ 56%] Building CXX object CMakeFiles/a1z_msgs__rosidl_typesupport_c.dir/rosidl_typesupport_c/a1z_msgs/action/move_end_effector__type_support.cpp.o\n'}
[1.771627] (a1z_msgs) StdoutLine: {'line': b'[ 56%] Built target a1z_msgs__rosidl_typesupport_cpp\n'}
[1.783529] (a1z_msgs) StdoutLine: {'line': b'[ 59%] Linking C shared library liba1z_msgs__rosidl_typesupport_introspection_c.so\n'}
[1.800204] (a1z_msgs) StdoutLine: {'line': b'[ 62%] Linking CXX shared library liba1z_msgs__rosidl_typesupport_c.so\n'}
[1.802806] (-) TimerEvent: {}
[1.805621] (a1z_msgs) StdoutLine: {'line': b'[ 62%] Built target a1z_msgs__rosidl_typesupport_introspection_c\n'}
[1.825745] (a1z_msgs) StdoutLine: {'line': b'[ 65%] Linking CXX shared library liba1z_msgs__rosidl_typesupport_fastrtps_cpp.so\n'}
[1.826307] (a1z_msgs) StdoutLine: {'line': b'[ 65%] Built target a1z_msgs__rosidl_typesupport_c\n'}
[1.874893] (a1z_msgs) StdoutLine: {'line': b'[ 65%] Built target a1z_msgs__rosidl_typesupport_fastrtps_cpp\n'}
[1.902907] (-) TimerEvent: {}
[1.947504] (a1z_msgs) StdoutLine: {'line': b'[ 68%] Linking CXX shared library liba1z_msgs__rosidl_typesupport_fastrtps_c.so\n'}
[1.998009] (a1z_msgs) StdoutLine: {'line': b'[ 68%] Built target a1z_msgs__rosidl_typesupport_fastrtps_c\n'}
[2.003001] (-) TimerEvent: {}
[2.016834] (a1z_msgs) StdoutLine: {'line': b'[ 71%] Linking CXX shared library liba1z_msgs__rosidl_typesupport_introspection_cpp.so\n'}
[2.063451] (a1z_msgs) StdoutLine: {'line': b'[ 71%] Built target a1z_msgs__rosidl_typesupport_introspection_cpp\n'}
[2.076217] (a1z_msgs) StdoutLine: {'line': b'[ 71%] Built target a1z_msgs\n'}
[2.089093] (a1z_msgs) StdoutLine: {'line': b'[ 75%] Generating Python code for ROS interfaces\n'}
[2.103089] (-) TimerEvent: {}
[2.203252] (-) TimerEvent: {}
[2.303413] (-) TimerEvent: {}
[2.401927] (a1z_msgs) StdoutLine: {'line': b'[ 75%] Built target a1z_msgs__py\n'}
[2.403465] (-) TimerEvent: {}
[2.413018] (a1z_msgs) StdoutLine: {'line': b'[ 78%] Building C object CMakeFiles/a1z_msgs__rosidl_generator_py.dir/rosidl_generator_py/a1z_msgs/action/_move_end_effector_s.c.o\n'}
[2.503537] (-) TimerEvent: {}
[2.506194] (a1z_msgs) StdoutLine: {'line': b'[ 81%] Linking C shared library rosidl_generator_py/a1z_msgs/liba1z_msgs__rosidl_generator_py.so\n'}
[2.534720] (a1z_msgs) StdoutLine: {'line': b'[ 81%] Built target a1z_msgs__rosidl_generator_py\n'}
[2.547692] (a1z_msgs) StdoutLine: {'line': b'[ 90%] Building C object CMakeFiles/a1z_msgs__rosidl_typesupport_c__pyext.dir/rosidl_generator_py/a1z_msgs/_a1z_msgs_s.ep.rosidl_typesupport_c.c.o\n'}
[2.547834] (a1z_msgs) StdoutLine: {'line': b'[ 90%] Building C object CMakeFiles/a1z_msgs__rosidl_typesupport_introspection_c__pyext.dir/rosidl_generator_py/a1z_msgs/_a1z_msgs_s.ep.rosidl_typesupport_introspection_c.c.o\n'}
[2.547871] (a1z_msgs) StdoutLine: {'line': b'[ 90%] Building C object CMakeFiles/a1z_msgs__rosidl_typesupport_fastrtps_c__pyext.dir/rosidl_generator_py/a1z_msgs/_a1z_msgs_s.ep.rosidl_typesupport_fastrtps_c.c.o\n'}
[2.603632] (-) TimerEvent: {}
[2.609370] (a1z_msgs) StdoutLine: {'line': b'[ 96%] Linking C shared library rosidl_generator_py/a1z_msgs/a1z_msgs_s__rosidl_typesupport_fastrtps_c.cpython-310-x86_64-linux-gnu.so\n'}
[2.609509] (a1z_msgs) StdoutLine: {'line': b'[ 96%] Linking C shared library rosidl_generator_py/a1z_msgs/a1z_msgs_s__rosidl_typesupport_c.cpython-310-x86_64-linux-gnu.so\n'}
[2.612057] (a1z_msgs) StdoutLine: {'line': b'[100%] Linking C shared library rosidl_generator_py/a1z_msgs/a1z_msgs_s__rosidl_typesupport_introspection_c.cpython-310-x86_64-linux-gnu.so\n'}
[2.636292] (a1z_msgs) StdoutLine: {'line': b'[100%] Built target a1z_msgs__rosidl_typesupport_c__pyext\n'}
[2.636434] (a1z_msgs) StdoutLine: {'line': b'[100%] Built target a1z_msgs__rosidl_typesupport_fastrtps_c__pyext\n'}
[2.636982] (a1z_msgs) StdoutLine: {'line': b'[100%] Built target a1z_msgs__rosidl_typesupport_introspection_c__pyext\n'}
[2.644374] (a1z_msgs) CommandEnded: {'returncode': 0}
[2.644825] (a1z_msgs) JobProgress: {'identifier': 'a1z_msgs', 'progress': 'install'}
[2.650194] (a1z_msgs) Command: {'cmd': ['/usr/bin/cmake', '--install', '/workspace/A1Z/ros2_ws/build/a1z_msgs'], 'cwd': '/workspace/A1Z/ros2_ws/build/a1z_msgs', 'env': OrderedDict([('HOSTNAME', 'bfb2c49d916f'), ('SHLVL', '0'), ('LD_LIBRARY_PATH', '/opt/ros/humble/lib/x86_64-linux-gnu:/opt/ros/humble/lib'), ('HOME', '/root'), ('ROS_PYTHON_VERSION', '3'), ('ROS_DISTRO', 'humble'), ('_', '/usr/bin/colcon'), ('ROS_VERSION', '2'), ('ROS_LOCALHOST_ONLY', '0'), ('PATH', '/opt/ros/humble/bin:/usr/local/sbin:/usr/local/bin:/usr/sbin:/usr/bin:/sbin:/bin'), ('LANG', 'C.UTF-8'), ('AMENT_PREFIX_PATH', '/opt/ros/humble'), ('PWD', '/workspace/A1Z/ros2_ws/build/a1z_msgs'), ('LC_ALL', 'C.UTF-8'), ('PYTHONPATH', '/opt/ros/humble/lib/python3.10/site-packages:/opt/ros/humble/local/lib/python3.10/dist-packages'), ('COLCON', '1'), ('CMAKE_PREFIX_PATH', '/opt/ros/humble')]), 'shell': False}
[2.655629] (a1z_msgs) StdoutLine: {'line': b'-- Install configuration: ""\n'}
[2.655778] (a1z_msgs) StdoutLine: {'line': b'-- Installing: /workspace/A1Z/ros2_ws/install/a1z_msgs/share/ament_index/resource_index/rosidl_interfaces/a1z_msgs\n'}
[2.655804] (a1z_msgs) StdoutLine: {'line': b'-- Installing: /workspace/A1Z/ros2_ws/install/a1z_msgs/include/a1z_msgs/a1z_msgs\n'}
[2.656138] (a1z_msgs) StdoutLine: {'line': b'-- Installing: /workspace/A1Z/ros2_ws/install/a1z_msgs/include/a1z_msgs/a1z_msgs/action\n'}
[2.656226] (a1z_msgs) StdoutLine: {'line': b'-- Installing: /workspace/A1Z/ros2_ws/install/a1z_msgs/include/a1z_msgs/a1z_msgs/action/move_end_effector.h\n'}
[2.656254] (a1z_msgs) StdoutLine: {'line': b'-- Installing: /workspace/A1Z/ros2_ws/install/a1z_msgs/include/a1z_msgs/a1z_msgs/action/detail\n'}
[2.656295] (a1z_msgs) StdoutLine: {'line': b'-- Installing: /workspace/A1Z/ros2_ws/install/a1z_msgs/include/a1z_msgs/a1z_msgs/action/detail/move_end_effector__struct.h\n'}
[2.656324] (a1z_msgs) StdoutLine: {'line': b'-- Installing: /workspace/A1Z/ros2_ws/install/a1z_msgs/include/a1z_msgs/a1z_msgs/action/detail/move_end_effector__functions.h\n'}
[2.656365] (a1z_msgs) StdoutLine: {'line': b'-- Installing: /workspace/A1Z/ros2_ws/install/a1z_msgs/include/a1z_msgs/a1z_msgs/action/detail/move_end_effector__type_support.h\n'}
[2.656410] (a1z_msgs) StdoutLine: {'line': b'-- Installing: /workspace/A1Z/ros2_ws/install/a1z_msgs/include/a1z_msgs/a1z_msgs/action/detail/move_end_effector__functions.c\n'}
[2.656514] (a1z_msgs) StdoutLine: {'line': b'-- Installing: /workspace/A1Z/ros2_ws/install/a1z_msgs/include/a1z_msgs/a1z_msgs/msg\n'}
[2.656664] (a1z_msgs) StdoutLine: {'line': b'-- Installing: /workspace/A1Z/ros2_ws/install/a1z_msgs/include/a1z_msgs/a1z_msgs/msg/rosidl_generator_c__visibility_control.h\n'}
[2.656838] (a1z_msgs) StdoutLine: {'line': b'-- Installing: /workspace/A1Z/ros2_ws/install/a1z_msgs/share/a1z_msgs/environment/library_path.sh\n'}
[2.656894] (a1z_msgs) StdoutLine: {'line': b'-- Installing: /workspace/A1Z/ros2_ws/install/a1z_msgs/share/a1z_msgs/environment/library_path.dsv\n'}
[2.656963] (a1z_msgs) StdoutLine: {'line': b'-- Installing: /workspace/A1Z/ros2_ws/install/a1z_msgs/lib/liba1z_msgs__rosidl_generator_c.so\n'}
[2.657199] (a1z_msgs) StdoutLine: {'line': b'-- Set runtime path of "/workspace/A1Z/ros2_ws/install/a1z_msgs/lib/liba1z_msgs__rosidl_generator_c.so" to ""\n'}
[2.657251] (a1z_msgs) StdoutLine: {'line': b'-- Up-to-date: /workspace/A1Z/ros2_ws/install/a1z_msgs/include/a1z_msgs/a1z_msgs\n'}
[2.657290] (a1z_msgs) StdoutLine: {'line': b'-- Up-to-date: /workspace/A1Z/ros2_ws/install/a1z_msgs/include/a1z_msgs/a1z_msgs/action\n'}
[2.657339] (a1z_msgs) StdoutLine: {'line': b'-- Up-to-date: /workspace/A1Z/ros2_ws/install/a1z_msgs/include/a1z_msgs/a1z_msgs/action/detail\n'}
[2.657391] (a1z_msgs) StdoutLine: {'line': b'-- Installing: /workspace/A1Z/ros2_ws/install/a1z_msgs/include/a1z_msgs/a1z_msgs/action/detail/move_end_effector__rosidl_typesupport_fastrtps_c.h\n'}
[2.657411] (a1z_msgs) StdoutLine: {'line': b'-- Up-to-date: /workspace/A1Z/ros2_ws/install/a1z_msgs/include/a1z_msgs/a1z_msgs/msg\n'}
[2.657432] (a1z_msgs) StdoutLine: {'line': b'-- Installing: /workspace/A1Z/ros2_ws/install/a1z_msgs/include/a1z_msgs/a1z_msgs/msg/rosidl_typesupport_fastrtps_c__visibility_control.h\n'}
[2.657466] (a1z_msgs) StdoutLine: {'line': b'-- Installing: /workspace/A1Z/ros2_ws/install/a1z_msgs/lib/liba1z_msgs__rosidl_typesupport_fastrtps_c.so\n'}
[2.657744] (a1z_msgs) StdoutLine: {'line': b'-- Set runtime path of "/workspace/A1Z/ros2_ws/install/a1z_msgs/lib/liba1z_msgs__rosidl_typesupport_fastrtps_c.so" to ""\n'}
[2.657857] (a1z_msgs) StdoutLine: {'line': b'-- Up-to-date: /workspace/A1Z/ros2_ws/install/a1z_msgs/include/a1z_msgs/a1z_msgs\n'}
[2.657892] (a1z_msgs) StdoutLine: {'line': b'-- Up-to-date: /workspace/A1Z/ros2_ws/install/a1z_msgs/include/a1z_msgs/a1z_msgs/action\n'}
[2.657946] (a1z_msgs) StdoutLine: {'line': b'-- Up-to-date: /workspace/A1Z/ros2_ws/install/a1z_msgs/include/a1z_msgs/a1z_msgs/action/detail\n'}
[2.657991] (a1z_msgs) StdoutLine: {'line': b'-- Installing: /workspace/A1Z/ros2_ws/install/a1z_msgs/include/a1z_msgs/a1z_msgs/action/detail/move_end_effector__struct.hpp\n'}
[2.658019] (a1z_msgs) StdoutLine: {'line': b'-- Installing: /workspace/A1Z/ros2_ws/install/a1z_msgs/include/a1z_msgs/a1z_msgs/action/detail/move_end_effector__builder.hpp\n'}
[2.658064] (a1z_msgs) StdoutLine: {'line': b'-- Installing: /workspace/A1Z/ros2_ws/install/a1z_msgs/include/a1z_msgs/a1z_msgs/action/detail/move_end_effector__traits.hpp\n'}
[2.658119] (a1z_msgs) StdoutLine: {'line': b'-- Installing: /workspace/A1Z/ros2_ws/install/a1z_msgs/include/a1z_msgs/a1z_msgs/action/detail/move_end_effector__type_support.hpp\n'}
[2.658147] (a1z_msgs) StdoutLine: {'line': b'-- Installing: /workspace/A1Z/ros2_ws/install/a1z_msgs/include/a1z_msgs/a1z_msgs/action/move_end_effector.hpp\n'}
[2.658203] (a1z_msgs) StdoutLine: {'line': b'-- Up-to-date: /workspace/A1Z/ros2_ws/install/a1z_msgs/include/a1z_msgs/a1z_msgs/msg\n'}
[2.658258] (a1z_msgs) StdoutLine: {'line': b'-- Installing: /workspace/A1Z/ros2_ws/install/a1z_msgs/include/a1z_msgs/a1z_msgs/msg/rosidl_generator_cpp__visibility_control.hpp\n'}
[2.658285] (a1z_msgs) StdoutLine: {'line': b'-- Up-to-date: /workspace/A1Z/ros2_ws/install/a1z_msgs/include/a1z_msgs/a1z_msgs\n'}
[2.658328] (a1z_msgs) StdoutLine: {'line': b'-- Up-to-date: /workspace/A1Z/ros2_ws/install/a1z_msgs/include/a1z_msgs/a1z_msgs/action\n'}
[2.658357] (a1z_msgs) StdoutLine: {'line': b'-- Up-to-date: /workspace/A1Z/ros2_ws/install/a1z_msgs/include/a1z_msgs/a1z_msgs/action/detail\n'}
[2.658463] (a1z_msgs) StdoutLine: {'line': b'-- Installing: /workspace/A1Z/ros2_ws/install/a1z_msgs/include/a1z_msgs/a1z_msgs/action/detail/move_end_effector__rosidl_typesupport_fastrtps_cpp.hpp\n'}
[2.658491] (a1z_msgs) StdoutLine: {'line': b'-- Installing: /workspace/A1Z/ros2_ws/install/a1z_msgs/include/a1z_msgs/a1z_msgs/action/detail/dds_fastrtps\n'}
[2.658517] (a1z_msgs) StdoutLine: {'line': b'-- Up-to-date: /workspace/A1Z/ros2_ws/install/a1z_msgs/include/a1z_msgs/a1z_msgs/msg\n'}
[2.658543] (a1z_msgs) StdoutLine: {'line': b'-- Installing: /workspace/A1Z/ros2_ws/install/a1z_msgs/include/a1z_msgs/a1z_msgs/msg/rosidl_typesupport_fastrtps_cpp__visibility_control.h\n'}
[2.658570] (a1z_msgs) StdoutLine: {'line': b'-- Installing: /workspace/A1Z/ros2_ws/install/a1z_msgs/lib/liba1z_msgs__rosidl_typesupport_fastrtps_cpp.so\n'}
[2.658700] (a1z_msgs) StdoutLine: {'line': b'-- Set runtime path of "/workspace/A1Z/ros2_ws/install/a1z_msgs/lib/liba1z_msgs__rosidl_typesupport_fastrtps_cpp.so" to ""\n'}
[2.658773] (a1z_msgs) StdoutLine: {'line': b'-- Up-to-date: /workspace/A1Z/ros2_ws/install/a1z_msgs/include/a1z_msgs/a1z_msgs\n'}
[2.658812] (a1z_msgs) StdoutLine: {'line': b'-- Up-to-date: /workspace/A1Z/ros2_ws/install/a1z_msgs/include/a1z_msgs/a1z_msgs/action\n'}
[2.658838] (a1z_msgs) StdoutLine: {'line': b'-- Up-to-date: /workspace/A1Z/ros2_ws/install/a1z_msgs/include/a1z_msgs/a1z_msgs/action/detail\n'}
[2.658881] (a1z_msgs) StdoutLine: {'line': b'-- Installing: /workspace/A1Z/ros2_ws/install/a1z_msgs/include/a1z_msgs/a1z_msgs/action/detail/move_end_effector__rosidl_typesupport_introspection_c.h\n'}
[2.658906] (a1z_msgs) StdoutLine: {'line': b'-- Installing: /workspace/A1Z/ros2_ws/install/a1z_msgs/include/a1z_msgs/a1z_msgs/action/detail/move_end_effector__type_support.c\n'}
[2.658990] (a1z_msgs) StdoutLine: {'line': b'-- Up-to-date: /workspace/A1Z/ros2_ws/install/a1z_msgs/include/a1z_msgs/a1z_msgs/msg\n'}
[2.659020] (a1z_msgs) StdoutLine: {'line': b'-- Installing: /workspace/A1Z/ros2_ws/install/a1z_msgs/include/a1z_msgs/a1z_msgs/msg/rosidl_typesupport_introspection_c__visibility_control.h\n'}
[2.659069] (a1z_msgs) StdoutLine: {'line': b'-- Installing: /workspace/A1Z/ros2_ws/install/a1z_msgs/lib/liba1z_msgs__rosidl_typesupport_introspection_c.so\n'}
[2.659206] (a1z_msgs) StdoutLine: {'line': b'-- Set runtime path of "/workspace/A1Z/ros2_ws/install/a1z_msgs/lib/liba1z_msgs__rosidl_typesupport_introspection_c.so" to ""\n'}
[2.659252] (a1z_msgs) StdoutLine: {'line': b'-- Installing: /workspace/A1Z/ros2_ws/install/a1z_msgs/lib/liba1z_msgs__rosidl_typesupport_c.so\n'}
[2.659394] (a1z_msgs) StdoutLine: {'line': b'-- Set runtime path of "/workspace/A1Z/ros2_ws/install/a1z_msgs/lib/liba1z_msgs__rosidl_typesupport_c.so" to ""\n'}
[2.659483] (a1z_msgs) StdoutLine: {'line': b'-- Up-to-date: /workspace/A1Z/ros2_ws/install/a1z_msgs/include/a1z_msgs/a1z_msgs\n'}
[2.659509] (a1z_msgs) StdoutLine: {'line': b'-- Up-to-date: /workspace/A1Z/ros2_ws/install/a1z_msgs/include/a1z_msgs/a1z_msgs/action\n'}
[2.659551] (a1z_msgs) StdoutLine: {'line': b'-- Up-to-date: /workspace/A1Z/ros2_ws/install/a1z_msgs/include/a1z_msgs/a1z_msgs/action/detail\n'}
[2.659576] (a1z_msgs) StdoutLine: {'line': b'-- Installing: /workspace/A1Z/ros2_ws/install/a1z_msgs/include/a1z_msgs/a1z_msgs/action/detail/move_end_effector__rosidl_typesupport_introspection_cpp.hpp\n'}
[2.659603] (a1z_msgs) StdoutLine: {'line': b'-- Installing: /workspace/A1Z/ros2_ws/install/a1z_msgs/include/a1z_msgs/a1z_msgs/action/detail/move_end_effector__type_support.cpp\n'}
[2.659650] (a1z_msgs) StdoutLine: {'line': b'-- Installing: /workspace/A1Z/ros2_ws/install/a1z_msgs/lib/liba1z_msgs__rosidl_typesupport_introspection_cpp.so\n'}
[2.659866] (a1z_msgs) StdoutLine: {'line': b'-- Set runtime path of "/workspace/A1Z/ros2_ws/install/a1z_msgs/lib/liba1z_msgs__rosidl_typesupport_introspection_cpp.so" to ""\n'}
[2.659912] (a1z_msgs) StdoutLine: {'line': b'-- Installing: /workspace/A1Z/ros2_ws/install/a1z_msgs/lib/liba1z_msgs__rosidl_typesupport_cpp.so\n'}
[2.660049] (a1z_msgs) StdoutLine: {'line': b'-- Set runtime path of "/workspace/A1Z/ros2_ws/install/a1z_msgs/lib/liba1z_msgs__rosidl_typesupport_cpp.so" to ""\n'}
[2.660100] (a1z_msgs) StdoutLine: {'line': b'-- Installing: /workspace/A1Z/ros2_ws/install/a1z_msgs/share/a1z_msgs/environment/pythonpath.sh\n'}
[2.660143] (a1z_msgs) StdoutLine: {'line': b'-- Installing: /workspace/A1Z/ros2_ws/install/a1z_msgs/share/a1z_msgs/environment/pythonpath.dsv\n'}
[2.660232] (a1z_msgs) StdoutLine: {'line': b'-- Installing: /workspace/A1Z/ros2_ws/install/a1z_msgs/local/lib/python3.10/dist-packages/a1z_msgs-0.1.0-py3.10.egg-info\n'}
[2.660326] (a1z_msgs) StdoutLine: {'line': b'-- Installing: /workspace/A1Z/ros2_ws/install/a1z_msgs/local/lib/python3.10/dist-packages/a1z_msgs-0.1.0-py3.10.egg-info/PKG-INFO\n'}
[2.660387] (a1z_msgs) StdoutLine: {'line': b'-- Installing: /workspace/A1Z/ros2_ws/install/a1z_msgs/local/lib/python3.10/dist-packages/a1z_msgs-0.1.0-py3.10.egg-info/SOURCES.txt\n'}
[2.660446] (a1z_msgs) StdoutLine: {'line': b'-- Installing: /workspace/A1Z/ros2_ws/install/a1z_msgs/local/lib/python3.10/dist-packages/a1z_msgs-0.1.0-py3.10.egg-info/dependency_links.txt\n'}
[2.660475] (a1z_msgs) StdoutLine: {'line': b'-- Installing: /workspace/A1Z/ros2_ws/install/a1z_msgs/local/lib/python3.10/dist-packages/a1z_msgs-0.1.0-py3.10.egg-info/top_level.txt\n'}
[2.660544] (a1z_msgs) StdoutLine: {'line': b'-- Installing: /workspace/A1Z/ros2_ws/install/a1z_msgs/local/lib/python3.10/dist-packages/a1z_msgs\n'}
[2.660605] (a1z_msgs) StdoutLine: {'line': b'-- Installing: /workspace/A1Z/ros2_ws/install/a1z_msgs/local/lib/python3.10/dist-packages/a1z_msgs/action\n'}
[2.660632] (a1z_msgs) StdoutLine: {'line': b'-- Installing: /workspace/A1Z/ros2_ws/install/a1z_msgs/local/lib/python3.10/dist-packages/a1z_msgs/action/_move_end_effector_s.c\n'}
[2.660708] (a1z_msgs) StdoutLine: {'line': b'-- Installing: /workspace/A1Z/ros2_ws/install/a1z_msgs/local/lib/python3.10/dist-packages/a1z_msgs/action/_move_end_effector.py\n'}
[2.660802] (a1z_msgs) StdoutLine: {'line': b'-- Installing: /workspace/A1Z/ros2_ws/install/a1z_msgs/local/lib/python3.10/dist-packages/a1z_msgs/action/__init__.py\n'}
[2.660828] (a1z_msgs) StdoutLine: {'line': b'-- Installing: /workspace/A1Z/ros2_ws/install/a1z_msgs/local/lib/python3.10/dist-packages/a1z_msgs/liba1z_msgs__rosidl_generator_py.so\n'}
[2.660873] (a1z_msgs) StdoutLine: {'line': b'-- Installing: /workspace/A1Z/ros2_ws/install/a1z_msgs/local/lib/python3.10/dist-packages/a1z_msgs/a1z_msgs_s__rosidl_typesupport_introspection_c.cpython-310-x86_64-linux-gnu.so\n'}
[2.660923] (a1z_msgs) StdoutLine: {'line': b'-- Installing: /workspace/A1Z/ros2_ws/install/a1z_msgs/local/lib/python3.10/dist-packages/a1z_msgs/_a1z_msgs_s.ep.rosidl_typesupport_c.c\n'}
[2.661001] (a1z_msgs) StdoutLine: {'line': b'-- Installing: /workspace/A1Z/ros2_ws/install/a1z_msgs/local/lib/python3.10/dist-packages/a1z_msgs/a1z_msgs_s__rosidl_typesupport_fastrtps_c.cpython-310-x86_64-linux-gnu.so\n'}
[2.661844] (a1z_msgs) StdoutLine: {'line': b'-- Installing: /workspace/A1Z/ros2_ws/install/a1z_msgs/local/lib/python3.10/dist-packages/a1z_msgs/_a1z_msgs_s.ep.rosidl_typesupport_introspection_c.c\n'}
[2.661886] (a1z_msgs) StdoutLine: {'line': b'-- Installing: /workspace/A1Z/ros2_ws/install/a1z_msgs/local/lib/python3.10/dist-packages/a1z_msgs/a1z_msgs_s__rosidl_typesupport_c.cpython-310-x86_64-linux-gnu.so\n'}
[2.661912] (a1z_msgs) StdoutLine: {'line': b'-- Installing: /workspace/A1Z/ros2_ws/install/a1z_msgs/local/lib/python3.10/dist-packages/a1z_msgs/_a1z_msgs_s.ep.rosidl_typesupport_fastrtps_c.c\n'}
[2.661942] (a1z_msgs) StdoutLine: {'line': b'-- Installing: /workspace/A1Z/ros2_ws/install/a1z_msgs/local/lib/python3.10/dist-packages/a1z_msgs/__init__.py\n'}
[2.686808] (a1z_msgs) StdoutLine: {'line': b"Listing '/workspace/A1Z/ros2_ws/install/a1z_msgs/local/lib/python3.10/dist-packages/a1z_msgs'...\n"}
[2.686984] (a1z_msgs) StdoutLine: {'line': b"Compiling '/workspace/A1Z/ros2_ws/install/a1z_msgs/local/lib/python3.10/dist-packages/a1z_msgs/__init__.py'...\n"}
[2.687025] (a1z_msgs) StdoutLine: {'line': b"Listing '/workspace/A1Z/ros2_ws/install/a1z_msgs/local/lib/python3.10/dist-packages/a1z_msgs/action'...\n"}
[2.687052] (a1z_msgs) StdoutLine: {'line': b"Compiling '/workspace/A1Z/ros2_ws/install/a1z_msgs/local/lib/python3.10/dist-packages/a1z_msgs/action/__init__.py'...\n"}
[2.687078] (a1z_msgs) StdoutLine: {'line': b"Compiling '/workspace/A1Z/ros2_ws/install/a1z_msgs/local/lib/python3.10/dist-packages/a1z_msgs/action/_move_end_effector.py'...\n"}
[2.690643] (a1z_msgs) StdoutLine: {'line': b'-- Installing: /workspace/A1Z/ros2_ws/install/a1z_msgs/local/lib/python3.10/dist-packages/a1z_msgs/a1z_msgs_s__rosidl_typesupport_fastrtps_c.cpython-310-x86_64-linux-gnu.so\n'}
[2.690760] (a1z_msgs) StdoutLine: {'line': b'-- Set runtime path of "/workspace/A1Z/ros2_ws/install/a1z_msgs/local/lib/python3.10/dist-packages/a1z_msgs/a1z_msgs_s__rosidl_typesupport_fastrtps_c.cpython-310-x86_64-linux-gnu.so" to ""\n'}
[2.690796] (a1z_msgs) StdoutLine: {'line': b'-- Installing: /workspace/A1Z/ros2_ws/install/a1z_msgs/local/lib/python3.10/dist-packages/a1z_msgs/a1z_msgs_s__rosidl_typesupport_introspection_c.cpython-310-x86_64-linux-gnu.so\n'}
[2.690891] (a1z_msgs) StdoutLine: {'line': b'-- Set runtime path of "/workspace/A1Z/ros2_ws/install/a1z_msgs/local/lib/python3.10/dist-packages/a1z_msgs/a1z_msgs_s__rosidl_typesupport_introspection_c.cpython-310-x86_64-linux-gnu.so" to ""\n'}
[2.690951] (a1z_msgs) StdoutLine: {'line': b'-- Installing: /workspace/A1Z/ros2_ws/install/a1z_msgs/local/lib/python3.10/dist-packages/a1z_msgs/a1z_msgs_s__rosidl_typesupport_c.cpython-310-x86_64-linux-gnu.so\n'}
[2.691085] (a1z_msgs) StdoutLine: {'line': b'-- Set runtime path of "/workspace/A1Z/ros2_ws/install/a1z_msgs/local/lib/python3.10/dist-packages/a1z_msgs/a1z_msgs_s__rosidl_typesupport_c.cpython-310-x86_64-linux-gnu.so" to ""\n'}
[2.691127] (a1z_msgs) StdoutLine: {'line': b'-- Installing: /workspace/A1Z/ros2_ws/install/a1z_msgs/lib/liba1z_msgs__rosidl_generator_py.so\n'}
[2.691286] (a1z_msgs) StdoutLine: {'line': b'-- Set runtime path of "/workspace/A1Z/ros2_ws/install/a1z_msgs/lib/liba1z_msgs__rosidl_generator_py.so" to ""\n'}
[2.691365] (a1z_msgs) StdoutLine: {'line': b'-- Installing: /workspace/A1Z/ros2_ws/install/a1z_msgs/share/ament_index/resource_index/rust_packages/a1z_msgs\n'}
[2.691516] (a1z_msgs) StdoutLine: {'line': b'-- Installing: /workspace/A1Z/ros2_ws/install/a1z_msgs/share/a1z_msgs/rust\n'}
[2.691650] (a1z_msgs) StdoutLine: {'line': b'-- Installing: /workspace/A1Z/ros2_ws/install/a1z_msgs/share/a1z_msgs/rust/src\n'}
[2.691751] (a1z_msgs) StdoutLine: {'line': b'-- Installing: /workspace/A1Z/ros2_ws/install/a1z_msgs/share/a1z_msgs/rust/src/action\n'}
[2.691777] (a1z_msgs) StdoutLine: {'line': b'-- Installing: /workspace/A1Z/ros2_ws/install/a1z_msgs/share/a1z_msgs/rust/src/action/rmw.rs\n'}
[2.691799] (a1z_msgs) StdoutLine: {'line': b'-- Installing: /workspace/A1Z/ros2_ws/install/a1z_msgs/share/a1z_msgs/rust/src/lib.rs\n'}
[2.691843] (a1z_msgs) StdoutLine: {'line': b'-- Installing: /workspace/A1Z/ros2_ws/install/a1z_msgs/share/a1z_msgs/rust/src/action.rs\n'}
[2.691884] (a1z_msgs) StdoutLine: {'line': b'-- Installing: /workspace/A1Z/ros2_ws/install/a1z_msgs/share/a1z_msgs/rust/Cargo.toml\n'}
[2.691904] (a1z_msgs) StdoutLine: {'line': b'-- Installing: /workspace/A1Z/ros2_ws/install/a1z_msgs/share/a1z_msgs/rust/build.rs\n'}
[2.691922] (a1z_msgs) StdoutLine: {'line': b'-- Installing: /workspace/A1Z/ros2_ws/install/a1z_msgs/share/a1z_msgs/action/MoveEndEffector.idl\n'}
[2.691995] (a1z_msgs) StdoutLine: {'line': b'-- Installing: /workspace/A1Z/ros2_ws/install/a1z_msgs/share/a1z_msgs/action/MoveEndEffector.action\n'}
[2.692015] (a1z_msgs) StdoutLine: {'line': b'-- Installing: /workspace/A1Z/ros2_ws/install/a1z_msgs/share/ament_index/resource_index/package_run_dependencies/a1z_msgs\n'}
[2.692057] (a1z_msgs) StdoutLine: {'line': b'-- Installing: /workspace/A1Z/ros2_ws/install/a1z_msgs/share/ament_index/resource_index/parent_prefix_path/a1z_msgs\n'}
[2.692265] (a1z_msgs) StdoutLine: {'line': b'-- Installing: /workspace/A1Z/ros2_ws/install/a1z_msgs/share/a1z_msgs/environment/ament_prefix_path.sh\n'}
[2.692317] (a1z_msgs) StdoutLine: {'line': b'-- Installing: /workspace/A1Z/ros2_ws/install/a1z_msgs/share/a1z_msgs/environment/ament_prefix_path.dsv\n'}
[2.692338] (a1z_msgs) StdoutLine: {'line': b'-- Installing: /workspace/A1Z/ros2_ws/install/a1z_msgs/share/a1z_msgs/environment/path.sh\n'}
[2.692418] (a1z_msgs) StdoutLine: {'line': b'-- Installing: /workspace/A1Z/ros2_ws/install/a1z_msgs/share/a1z_msgs/environment/path.dsv\n'}
[2.692498] (a1z_msgs) StdoutLine: {'line': b'-- Installing: /workspace/A1Z/ros2_ws/install/a1z_msgs/share/a1z_msgs/local_setup.bash\n'}
[2.692523] (a1z_msgs) StdoutLine: {'line': b'-- Installing: /workspace/A1Z/ros2_ws/install/a1z_msgs/share/a1z_msgs/local_setup.sh\n'}
[2.692561] (a1z_msgs) StdoutLine: {'line': b'-- Installing: /workspace/A1Z/ros2_ws/install/a1z_msgs/share/a1z_msgs/local_setup.zsh\n'}
[2.692650] (a1z_msgs) StdoutLine: {'line': b'-- Installing: /workspace/A1Z/ros2_ws/install/a1z_msgs/share/a1z_msgs/local_setup.dsv\n'}
[2.692693] (a1z_msgs) StdoutLine: {'line': b'-- Installing: /workspace/A1Z/ros2_ws/install/a1z_msgs/share/a1z_msgs/package.dsv\n'}
[2.692826] (a1z_msgs) StdoutLine: {'line': b'-- Installing: /workspace/A1Z/ros2_ws/install/a1z_msgs/share/ament_index/resource_index/packages/a1z_msgs\n'}
[2.692883] (a1z_msgs) StdoutLine: {'line': b'-- Installing: /workspace/A1Z/ros2_ws/install/a1z_msgs/share/a1z_msgs/cmake/export_a1z_msgs__rosidl_generator_cExport.cmake\n'}
[2.692932] (a1z_msgs) StdoutLine: {'line': b'-- Installing: /workspace/A1Z/ros2_ws/install/a1z_msgs/share/a1z_msgs/cmake/export_a1z_msgs__rosidl_generator_cExport-noconfig.cmake\n'}
[2.692988] (a1z_msgs) StdoutLine: {'line': b'-- Installing: /workspace/A1Z/ros2_ws/install/a1z_msgs/share/a1z_msgs/cmake/export_a1z_msgs__rosidl_typesupport_fastrtps_cExport.cmake\n'}
[2.693016] (a1z_msgs) StdoutLine: {'line': b'-- Installing: /workspace/A1Z/ros2_ws/install/a1z_msgs/share/a1z_msgs/cmake/export_a1z_msgs__rosidl_typesupport_fastrtps_cExport-noconfig.cmake\n'}
[2.693062] (a1z_msgs) StdoutLine: {'line': b'-- Installing: /workspace/A1Z/ros2_ws/install/a1z_msgs/share/a1z_msgs/cmake/export_a1z_msgs__rosidl_generator_cppExport.cmake\n'}
[2.693112] (a1z_msgs) StdoutLine: {'line': b'-- Installing: /workspace/A1Z/ros2_ws/install/a1z_msgs/share/a1z_msgs/cmake/export_a1z_msgs__rosidl_typesupport_fastrtps_cppExport.cmake\n'}
[2.693170] (a1z_msgs) StdoutLine: {'line': b'-- Installing: /workspace/A1Z/ros2_ws/install/a1z_msgs/share/a1z_msgs/cmake/export_a1z_msgs__rosidl_typesupport_fastrtps_cppExport-noconfig.cmake\n'}
[2.693232] (a1z_msgs) StdoutLine: {'line': b'-- Installing: /workspace/A1Z/ros2_ws/install/a1z_msgs/share/a1z_msgs/cmake/a1z_msgs__rosidl_typesupport_introspection_cExport.cmake\n'}
[2.693292] (a1z_msgs) StdoutLine: {'line': b'-- Installing: /workspace/A1Z/ros2_ws/install/a1z_msgs/share/a1z_msgs/cmake/a1z_msgs__rosidl_typesupport_introspection_cExport-noconfig.cmake\n'}
[2.693355] (a1z_msgs) StdoutLine: {'line': b'-- Installing: /workspace/A1Z/ros2_ws/install/a1z_msgs/share/a1z_msgs/cmake/a1z_msgs__rosidl_typesupport_cExport.cmake\n'}
[2.693424] (a1z_msgs) StdoutLine: {'line': b'-- Installing: /workspace/A1Z/ros2_ws/install/a1z_msgs/share/a1z_msgs/cmake/a1z_msgs__rosidl_typesupport_cExport-noconfig.cmake\n'}
[2.693501] (a1z_msgs) StdoutLine: {'line': b'-- Installing: /workspace/A1Z/ros2_ws/install/a1z_msgs/share/a1z_msgs/cmake/a1z_msgs__rosidl_typesupport_introspection_cppExport.cmake\n'}
[2.693575] (a1z_msgs) StdoutLine: {'line': b'-- Installing: /workspace/A1Z/ros2_ws/install/a1z_msgs/share/a1z_msgs/cmake/a1z_msgs__rosidl_typesupport_introspection_cppExport-noconfig.cmake\n'}
[2.693657] (a1z_msgs) StdoutLine: {'line': b'-- Installing: /workspace/A1Z/ros2_ws/install/a1z_msgs/share/a1z_msgs/cmake/a1z_msgs__rosidl_typesupport_cppExport.cmake\n'}
[2.693723] (a1z_msgs) StdoutLine: {'line': b'-- Installing: /workspace/A1Z/ros2_ws/install/a1z_msgs/share/a1z_msgs/cmake/a1z_msgs__rosidl_typesupport_cppExport-noconfig.cmake\n'}
[2.694071] (a1z_msgs) StdoutLine: {'line': b'-- Installing: /workspace/A1Z/ros2_ws/install/a1z_msgs/share/a1z_msgs/cmake/export_a1z_msgs__rosidl_generator_pyExport.cmake\n'}
[2.694335] (a1z_msgs) StdoutLine: {'line': b'-- Installing: /workspace/A1Z/ros2_ws/install/a1z_msgs/share/a1z_msgs/cmake/export_a1z_msgs__rosidl_generator_pyExport-noconfig.cmake\n'}
[2.694415] (a1z_msgs) StdoutLine: {'line': b'-- Installing: /workspace/A1Z/ros2_ws/install/a1z_msgs/share/a1z_msgs/cmake/rosidl_cmake-extras.cmake\n'}
[2.694467] (a1z_msgs) StdoutLine: {'line': b'-- Installing: /workspace/A1Z/ros2_ws/install/a1z_msgs/share/a1z_msgs/cmake/ament_cmake_export_dependencies-extras.cmake\n'}
[2.694495] (a1z_msgs) StdoutLine: {'line': b'-- Installing: /workspace/A1Z/ros2_ws/install/a1z_msgs/share/a1z_msgs/cmake/ament_cmake_export_include_directories-extras.cmake\n'}
[2.694522] (a1z_msgs) StdoutLine: {'line': b'-- Installing: /workspace/A1Z/ros2_ws/install/a1z_msgs/share/a1z_msgs/cmake/ament_cmake_export_libraries-extras.cmake\n'}
[2.694549] (a1z_msgs) StdoutLine: {'line': b'-- Installing: /workspace/A1Z/ros2_ws/install/a1z_msgs/share/a1z_msgs/cmake/ament_cmake_export_targets-extras.cmake\n'}
[2.694575] (a1z_msgs) StdoutLine: {'line': b'-- Installing: /workspace/A1Z/ros2_ws/install/a1z_msgs/share/a1z_msgs/cmake/rosidl_cmake_export_typesupport_targets-extras.cmake\n'}
[2.694601] (a1z_msgs) StdoutLine: {'line': b'-- Installing: /workspace/A1Z/ros2_ws/install/a1z_msgs/share/a1z_msgs/cmake/rosidl_cmake_export_typesupport_libraries-extras.cmake\n'}
[2.694628] (a1z_msgs) StdoutLine: {'line': b'-- Installing: /workspace/A1Z/ros2_ws/install/a1z_msgs/share/a1z_msgs/cmake/a1z_msgsConfig.cmake\n'}
[2.694657] (a1z_msgs) StdoutLine: {'line': b'-- Installing: /workspace/A1Z/ros2_ws/install/a1z_msgs/share/a1z_msgs/cmake/a1z_msgsConfig-version.cmake\n'}
[2.694682] (a1z_msgs) StdoutLine: {'line': b'-- Installing: /workspace/A1Z/ros2_ws/install/a1z_msgs/share/a1z_msgs/package.xml\n'}
[2.696204] (a1z_msgs) CommandEnded: {'returncode': 0}
[2.704376] (-) TimerEvent: {}
[2.712098] (a1z_msgs) JobEnded: {'identifier': 'a1z_msgs', 'rc': 0}
[2.712748] (a1z_motion) JobStarted: {'identifier': 'a1z_motion'}
[2.804476] (-) TimerEvent: {}
[2.904647] (-) TimerEvent: {}
[2.961229] (a1z_motion) Command: {'cmd': ['/usr/bin/python3', '-W', 'ignore:setup.py install is deprecated', '-W', 'ignore:easy_install command is deprecated', 'setup.py', 'egg_info', '--egg-base', '../../build/a1z_motion', 'build', '--build-base', '/workspace/A1Z/ros2_ws/build/a1z_motion/build', 'install', '--record', '/workspace/A1Z/ros2_ws/build/a1z_motion/install.log', '--single-version-externally-managed', 'install_data'], 'cwd': '/workspace/A1Z/ros2_ws/src/a1z_motion', 'env': {'HOSTNAME': 'bfb2c49d916f', 'SHLVL': '0', 'LD_LIBRARY_PATH': '/workspace/A1Z/ros2_ws/install/a1z_msgs/lib:/opt/ros/humble/lib/x86_64-linux-gnu:/opt/ros/humble/lib', 'HOME': '/root', 'ROS_PYTHON_VERSION': '3', 'ROS_DISTRO': 'humble', '_': '/usr/bin/colcon', 'ROS_VERSION': '2', 'ROS_LOCALHOST_ONLY': '0', 'PATH': '/opt/ros/humble/bin:/usr/local/sbin:/usr/local/bin:/usr/sbin:/usr/bin:/sbin:/bin', 'LANG': 'C.UTF-8', 'AMENT_PREFIX_PATH': '/workspace/A1Z/ros2_ws/install/a1z_msgs:/opt/ros/humble', 'PWD': '/workspace/A1Z/ros2_ws/build/a1z_motion', 'LC_ALL': 'C.UTF-8', 'PYTHONPATH': '/workspace/A1Z/ros2_ws/build/a1z_motion/prefix_override:/usr/lib/python3/dist-packages/colcon_core/task/python/colcon_distutils_commands:/workspace/A1Z/ros2_ws/install/a1z_motion/lib/python3.10/site-packages:/workspace/A1Z/ros2_ws/install/a1z_msgs/local/lib/python3.10/dist-packages:/opt/ros/humble/lib/python3.10/site-packages:/opt/ros/humble/local/lib/python3.10/dist-packages', 'COLCON': '1', 'CMAKE_PREFIX_PATH': '/workspace/A1Z/ros2_ws/install/a1z_msgs'}, 'shell': False}
[3.004691] (-) TimerEvent: {}
[3.049955] (a1z_motion) StdoutLine: {'line': b'running egg_info\n'}
[3.050211] (a1z_motion) StdoutLine: {'line': b'creating ../../build/a1z_motion/a1z_motion.egg-info\n'}
[3.050295] (a1z_motion) StdoutLine: {'line': b'writing ../../build/a1z_motion/a1z_motion.egg-info/PKG-INFO\n'}
[3.050326] (a1z_motion) StdoutLine: {'line': b'writing dependency_links to ../../build/a1z_motion/a1z_motion.egg-info/dependency_links.txt\n'}
[3.050353] (a1z_motion) StdoutLine: {'line': b'writing entry points to ../../build/a1z_motion/a1z_motion.egg-info/entry_points.txt\n'}
[3.050380] (a1z_motion) StdoutLine: {'line': b'writing requirements to ../../build/a1z_motion/a1z_motion.egg-info/requires.txt\n'}
[3.050406] (a1z_motion) StdoutLine: {'line': b'writing top-level names to ../../build/a1z_motion/a1z_motion.egg-info/top_level.txt\n'}
[3.050431] (a1z_motion) StdoutLine: {'line': b"writing manifest file '../../build/a1z_motion/a1z_motion.egg-info/SOURCES.txt'\n"}
[3.051362] (a1z_motion) StdoutLine: {'line': b"reading manifest file '../../build/a1z_motion/a1z_motion.egg-info/SOURCES.txt'\n"}
[3.051496] (a1z_motion) StdoutLine: {'line': b"writing manifest file '../../build/a1z_motion/a1z_motion.egg-info/SOURCES.txt'\n"}
[3.051565] (a1z_motion) StdoutLine: {'line': b'running build\n'}
[3.051594] (a1z_motion) StdoutLine: {'line': b'running build_py\n'}
[3.051620] (a1z_motion) StdoutLine: {'line': b'creating /workspace/A1Z/ros2_ws/build/a1z_motion/build\n'}
[3.051652] (a1z_motion) StdoutLine: {'line': b'creating /workspace/A1Z/ros2_ws/build/a1z_motion/build/lib\n'}
[3.051694] (a1z_motion) StdoutLine: {'line': b'creating /workspace/A1Z/ros2_ws/build/a1z_motion/build/lib/a1z_motion\n'}
[3.051721] (a1z_motion) StdoutLine: {'line': b'copying a1z_motion/config.py -> /workspace/A1Z/ros2_ws/build/a1z_motion/build/lib/a1z_motion\n'}
[3.051747] (a1z_motion) StdoutLine: {'line': b'copying a1z_motion/robot_state.py -> /workspace/A1Z/ros2_ws/build/a1z_motion/build/lib/a1z_motion\n'}
[3.051803] (a1z_motion) StdoutLine: {'line': b'copying a1z_motion/socket_client.py -> /workspace/A1Z/ros2_ws/build/a1z_motion/build/lib/a1z_motion\n'}
[3.051830] (a1z_motion) StdoutLine: {'line': b'copying a1z_motion/kinematics_bridge.py -> /workspace/A1Z/ros2_ws/build/a1z_motion/build/lib/a1z_motion\n'}
[3.051855] (a1z_motion) StdoutLine: {'line': b'copying a1z_motion/motion_executor.py -> /workspace/A1Z/ros2_ws/build/a1z_motion/build/lib/a1z_motion\n'}
[3.051881] (a1z_motion) StdoutLine: {'line': b'copying a1z_motion/transforms.py -> /workspace/A1Z/ros2_ws/build/a1z_motion/build/lib/a1z_motion\n'}
[3.051906] (a1z_motion) StdoutLine: {'line': b'copying a1z_motion/__init__.py -> /workspace/A1Z/ros2_ws/build/a1z_motion/build/lib/a1z_motion\n'}
[3.051930] (a1z_motion) StdoutLine: {'line': b'running install\n'}
[3.051957] (a1z_motion) StdoutLine: {'line': b'running install_lib\n'}
[3.052028] (a1z_motion) StdoutLine: {'line': b'creating /workspace/A1Z/ros2_ws/install/a1z_motion/lib/python3.10/site-packages/a1z_motion\n'}
[3.052077] (a1z_motion) StdoutLine: {'line': b'copying /workspace/A1Z/ros2_ws/build/a1z_motion/build/lib/a1z_motion/config.py -> /workspace/A1Z/ros2_ws/install/a1z_motion/lib/python3.10/site-packages/a1z_motion\n'}
[3.052180] (a1z_motion) StdoutLine: {'line': b'copying /workspace/A1Z/ros2_ws/build/a1z_motion/build/lib/a1z_motion/robot_state.py -> /workspace/A1Z/ros2_ws/install/a1z_motion/lib/python3.10/site-packages/a1z_motion\n'}
[3.052252] (a1z_motion) StdoutLine: {'line': b'copying /workspace/A1Z/ros2_ws/build/a1z_motion/build/lib/a1z_motion/socket_client.py -> /workspace/A1Z/ros2_ws/install/a1z_motion/lib/python3.10/site-packages/a1z_motion\n'}
[3.052278] (a1z_motion) StdoutLine: {'line': b'copying /workspace/A1Z/ros2_ws/build/a1z_motion/build/lib/a1z_motion/kinematics_bridge.py -> /workspace/A1Z/ros2_ws/install/a1z_motion/lib/python3.10/site-packages/a1z_motion\n'}
[3.052312] (a1z_motion) StdoutLine: {'line': b'copying /workspace/A1Z/ros2_ws/build/a1z_motion/build/lib/a1z_motion/motion_executor.py -> /workspace/A1Z/ros2_ws/install/a1z_motion/lib/python3.10/site-packages/a1z_motion\n'}
[3.052338] (a1z_motion) StdoutLine: {'line': b'copying /workspace/A1Z/ros2_ws/build/a1z_motion/build/lib/a1z_motion/transforms.py -> /workspace/A1Z/ros2_ws/install/a1z_motion/lib/python3.10/site-packages/a1z_motion\n'}
[3.052361] (a1z_motion) StdoutLine: {'line': b'copying /workspace/A1Z/ros2_ws/build/a1z_motion/build/lib/a1z_motion/__init__.py -> /workspace/A1Z/ros2_ws/install/a1z_motion/lib/python3.10/site-packages/a1z_motion\n'}
[3.052500] (a1z_motion) StdoutLine: {'line': b'byte-compiling /workspace/A1Z/ros2_ws/install/a1z_motion/lib/python3.10/site-packages/a1z_motion/config.py to config.cpython-310.pyc\n'}
[3.052844] (a1z_motion) StdoutLine: {'line': b'byte-compiling /workspace/A1Z/ros2_ws/install/a1z_motion/lib/python3.10/site-packages/a1z_motion/robot_state.py to robot_state.cpython-310.pyc\n'}
[3.053307] (a1z_motion) StdoutLine: {'line': b'byte-compiling /workspace/A1Z/ros2_ws/install/a1z_motion/lib/python3.10/site-packages/a1z_motion/socket_client.py to socket_client.cpython-310.pyc\n'}
[3.053484] (a1z_motion) StdoutLine: {'line': b'byte-compiling /workspace/A1Z/ros2_ws/install/a1z_motion/lib/python3.10/site-packages/a1z_motion/kinematics_bridge.py to kinematics_bridge.cpython-310.pyc\n'}
[3.053705] (a1z_motion) StdoutLine: {'line': b'byte-compiling /workspace/A1Z/ros2_ws/install/a1z_motion/lib/python3.10/site-packages/a1z_motion/motion_executor.py to motion_executor.cpython-310.pyc\n'}
[3.054396] (a1z_motion) StdoutLine: {'line': b'byte-compiling /workspace/A1Z/ros2_ws/install/a1z_motion/lib/python3.10/site-packages/a1z_motion/transforms.py to transforms.cpython-310.pyc\n'}
[3.054894] (a1z_motion) StdoutLine: {'line': b'byte-compiling /workspace/A1Z/ros2_ws/install/a1z_motion/lib/python3.10/site-packages/a1z_motion/__init__.py to __init__.cpython-310.pyc\n'}
[3.054961] (a1z_motion) StdoutLine: {'line': b'running install_data\n'}
[3.055046] (a1z_motion) StdoutLine: {'line': b'creating /workspace/A1Z/ros2_ws/install/a1z_motion/share/ament_index\n'}
[3.055078] (a1z_motion) StdoutLine: {'line': b'creating /workspace/A1Z/ros2_ws/install/a1z_motion/share/ament_index/resource_index\n'}
[3.055158] (a1z_motion) StdoutLine: {'line': b'creating /workspace/A1Z/ros2_ws/install/a1z_motion/share/ament_index/resource_index/packages\n'}
[3.055207] (a1z_motion) StdoutLine: {'line': b'copying resource/a1z_motion -> /workspace/A1Z/ros2_ws/install/a1z_motion/share/ament_index/resource_index/packages\n'}
[3.055232] (a1z_motion) StdoutLine: {'line': b'copying package.xml -> /workspace/A1Z/ros2_ws/install/a1z_motion/share/a1z_motion\n'}
[3.055257] (a1z_motion) StdoutLine: {'line': b'creating /workspace/A1Z/ros2_ws/install/a1z_motion/share/a1z_motion/launch\n'}
[3.055282] (a1z_motion) StdoutLine: {'line': b'copying launch/a1z_motion.launch.py -> /workspace/A1Z/ros2_ws/install/a1z_motion/share/a1z_motion/launch\n'}
[3.055309] (a1z_motion) StdoutLine: {'line': b'running install_egg_info\n'}
[3.056021] (a1z_motion) StdoutLine: {'line': b'Copying ../../build/a1z_motion/a1z_motion.egg-info to /workspace/A1Z/ros2_ws/install/a1z_motion/lib/python3.10/site-packages/a1z_motion-0.1.0-py3.10.egg-info\n'}
[3.056279] (a1z_motion) StdoutLine: {'line': b'running install_scripts\n'}
[3.066237] (a1z_motion) StdoutLine: {'line': b'Installing motion_executor script to /workspace/A1Z/ros2_ws/install/a1z_motion/lib/a1z_motion\n'}
[3.066371] (a1z_motion) StdoutLine: {'line': b'Installing robot_state script to /workspace/A1Z/ros2_ws/install/a1z_motion/lib/a1z_motion\n'}
[3.066400] (a1z_motion) StdoutLine: {'line': b"writing list of installed files to '/workspace/A1Z/ros2_ws/build/a1z_motion/install.log'\n"}
[3.079295] (a1z_motion) CommandEnded: {'returncode': 0}
[3.081938] (a1z_motion) JobEnded: {'identifier': 'a1z_motion', 'rc': 0}
[3.082092] (-) EventReactorShutdown: {}
