[0.122s] DEBUG:colcon:Command line arguments: ['/usr/bin/colcon', 'build']
[0.122s] DEBUG:colcon:Parsed command line arguments: Namespace(log_base=None, log_level=None, verb_name='build', build_base='build', install_base='install', merge_install=False, symlink_install=False, test_result_base=None, continue_on_error=False, executor='parallel', parallel_workers=24, event_handlers=None, ignore_user_meta=False, metas=['./colcon.meta'], base_paths=['.'], packages_ignore=None, packages_ignore_regex=None, paths=None, packages_up_to=None, packages_up_to_regex=None, packages_above=None, packages_above_and_dependencies=None, packages_above_depth=None, packages_select_by_dep=None, packages_skip_by_dep=None, packages_skip_up_to=None, packages_select_build_failed=False, packages_skip_build_finished=False, packages_select_test_failures=False, packages_skip_test_passed=False, packages_select=None, packages_skip=None, packages_select_regex=None, packages_skip_regex=None, packages_start=None, packages_end=None, cmake_args=None, cmake_target=None, cmake_target_skip_unavailable=False, cmake_clean_cache=False, cmake_clean_first=False, cmake_force_configure=False, ament_cmake_args=None, catkin_cmake_args=None, catkin_skip_building_tests=False, mixin_files=None, mixin=None, verb_parser=<colcon_mixin.mixin.mixin_argument.MixinArgumentDecorator object at 0x7caa7d841a50>, verb_extension=<colcon_core.verb.build.BuildVerb object at 0x7caa7d8415a0>, main=<bound method BuildVerb.main of <colcon_core.verb.build.BuildVerb object at 0x7caa7d8415a0>>, mixin_verb=('build',))
[0.201s] Level 1:colcon.colcon_core.package_discovery:discover_packages(colcon_meta) check parameters
[0.202s] INFO:colcon.colcon_metadata.package_discovery.colcon_meta:Using configuration from '/root/.colcon/metadata/default/Gazebo.meta'
[0.202s] INFO:colcon.colcon_metadata.package_discovery.colcon_meta:Using configuration from '/root/.colcon/metadata/default/fastdds.meta'
[0.202s] INFO:colcon.colcon_metadata.package_discovery.colcon_meta:Using configuration from '/root/.colcon/metadata/default/fastrtps.meta'
[0.202s] Level 1:colcon.colcon_core.package_discovery:discover_packages(recursive) check parameters
[0.202s] Level 1:colcon.colcon_core.package_discovery:discover_packages(ignore) check parameters
[0.202s] Level 1:colcon.colcon_core.package_discovery:discover_packages(path) check parameters
[0.202s] Level 1:colcon.colcon_core.package_discovery:discover_packages(colcon_meta) discover
[0.202s] Level 1:colcon.colcon_core.package_discovery:discover_packages(recursive) discover
[0.202s] INFO:colcon.colcon_core.package_discovery:Crawling recursively for packages in '/workspace/A1Z/ros2_ws'
[0.202s] Level 1:colcon.colcon_core.package_identification:_identify(.) by extensions ['ignore', 'ignore_ament_install']
[0.202s] Level 1:colcon.colcon_core.package_identification:_identify(.) by extension 'ignore'
[0.202s] Level 1:colcon.colcon_core.package_identification:_identify(.) by extension 'ignore_ament_install'
[0.202s] Level 1:colcon.colcon_core.package_identification:_identify(.) by extensions ['colcon_pkg']
[0.202s] Level 1:colcon.colcon_core.package_identification:_identify(.) by extension 'colcon_pkg'
[0.202s] Level 1:colcon.colcon_core.package_identification:_identify(.) by extensions ['colcon_meta']
[0.202s] Level 1:colcon.colcon_core.package_identification:_identify(.) by extension 'colcon_meta'
[0.202s] Level 1:colcon.colcon_core.package_identification:_identify(.) by extensions ['ros']
[0.202s] Level 1:colcon.colcon_core.package_identification:_identify(.) by extension 'ros'
[0.210s] Level 1:colcon.colcon_core.package_identification:_identify(.) by extensions ['cmake', 'python']
[0.210s] Level 1:colcon.colcon_core.package_identification:_identify(.) by extension 'cmake'
[0.210s] Level 1:colcon.colcon_core.package_identification:_identify(.) by extension 'python'
[0.210s] Level 1:colcon.colcon_core.package_identification:_identify(.) by extensions ['python_setup_py']
[0.210s] Level 1:colcon.colcon_core.package_identification:_identify(.) by extension 'python_setup_py'
[0.211s] Level 1:colcon.colcon_core.package_identification:_identify(build) by extensions ['ignore', 'ignore_ament_install']
[0.211s] Level 1:colcon.colcon_core.package_identification:_identify(build) by extension 'ignore'
[0.211s] Level 1:colcon.colcon_core.package_identification:_identify(build) ignored
[0.211s] Level 1:colcon.colcon_core.package_identification:_identify(install) by extensions ['ignore', 'ignore_ament_install']
[0.211s] Level 1:colcon.colcon_core.package_identification:_identify(install) by extension 'ignore'
[0.211s] Level 1:colcon.colcon_core.package_identification:_identify(install) ignored
[0.211s] Level 1:colcon.colcon_core.package_identification:_identify(log) by extensions ['ignore', 'ignore_ament_install']
[0.211s] Level 1:colcon.colcon_core.package_identification:_identify(log) by extension 'ignore'
[0.211s] Level 1:colcon.colcon_core.package_identification:_identify(log) ignored
[0.211s] Level 1:colcon.colcon_core.package_identification:_identify(src) by extensions ['ignore', 'ignore_ament_install']
[0.211s] Level 1:colcon.colcon_core.package_identification:_identify(src) by extension 'ignore'
[0.211s] Level 1:colcon.colcon_core.package_identification:_identify(src) by extension 'ignore_ament_install'
[0.211s] Level 1:colcon.colcon_core.package_identification:_identify(src) by extensions ['colcon_pkg']
[0.211s] Level 1:colcon.colcon_core.package_identification:_identify(src) by extension 'colcon_pkg'
[0.211s] Level 1:colcon.colcon_core.package_identification:_identify(src) by extensions ['colcon_meta']
[0.211s] Level 1:colcon.colcon_core.package_identification:_identify(src) by extension 'colcon_meta'
[0.211s] Level 1:colcon.colcon_core.package_identification:_identify(src) by extensions ['ros']
[0.211s] Level 1:colcon.colcon_core.package_identification:_identify(src) by extension 'ros'
[0.211s] Level 1:colcon.colcon_core.package_identification:_identify(src) by extensions ['cmake', 'python']
[0.211s] Level 1:colcon.colcon_core.package_identification:_identify(src) by extension 'cmake'
[0.211s] Level 1:colcon.colcon_core.package_identification:_identify(src) by extension 'python'
[0.211s] Level 1:colcon.colcon_core.package_identification:_identify(src) by extensions ['python_setup_py']
[0.211s] Level 1:colcon.colcon_core.package_identification:_identify(src) by extension 'python_setup_py'
[0.211s] Level 1:colcon.colcon_core.package_identification:_identify(src/a1z_motion) by extensions ['ignore', 'ignore_ament_install']
[0.211s] Level 1:colcon.colcon_core.package_identification:_identify(src/a1z_motion) by extension 'ignore'
[0.211s] Level 1:colcon.colcon_core.package_identification:_identify(src/a1z_motion) by extension 'ignore_ament_install'
[0.211s] Level 1:colcon.colcon_core.package_identification:_identify(src/a1z_motion) by extensions ['colcon_pkg']
[0.211s] Level 1:colcon.colcon_core.package_identification:_identify(src/a1z_motion) by extension 'colcon_pkg'
[0.211s] Level 1:colcon.colcon_core.package_identification:_identify(src/a1z_motion) by extensions ['colcon_meta']
[0.211s] Level 1:colcon.colcon_core.package_identification:_identify(src/a1z_motion) by extension 'colcon_meta'
[0.211s] Level 1:colcon.colcon_core.package_identification:_identify(src/a1z_motion) by extensions ['ros']
[0.211s] Level 1:colcon.colcon_core.package_identification:_identify(src/a1z_motion) by extension 'ros'
[0.213s] DEBUG:colcon.colcon_core.package_identification:Package 'src/a1z_motion' with type 'ros.ament_python' and name 'a1z_motion'
[0.213s] Level 1:colcon.colcon_core.package_identification:_identify(src/a1z_msgs) by extensions ['ignore', 'ignore_ament_install']
[0.213s] Level 1:colcon.colcon_core.package_identification:_identify(src/a1z_msgs) by extension 'ignore'
[0.213s] Level 1:colcon.colcon_core.package_identification:_identify(src/a1z_msgs) by extension 'ignore_ament_install'
[0.213s] Level 1:colcon.colcon_core.package_identification:_identify(src/a1z_msgs) by extensions ['colcon_pkg']
[0.213s] Level 1:colcon.colcon_core.package_identification:_identify(src/a1z_msgs) by extension 'colcon_pkg'
[0.213s] Level 1:colcon.colcon_core.package_identification:_identify(src/a1z_msgs) by extensions ['colcon_meta']
[0.213s] Level 1:colcon.colcon_core.package_identification:_identify(src/a1z_msgs) by extension 'colcon_meta'
[0.213s] Level 1:colcon.colcon_core.package_identification:_identify(src/a1z_msgs) by extensions ['ros']
[0.213s] Level 1:colcon.colcon_core.package_identification:_identify(src/a1z_msgs) by extension 'ros'
[0.213s] DEBUG:colcon.colcon_core.package_identification:Package 'src/a1z_msgs' with type 'ros.ament_cmake' and name 'a1z_msgs'
[0.213s] Level 1:colcon.colcon_core.package_discovery:discover_packages(recursive) using defaults
[0.213s] Level 1:colcon.colcon_core.package_discovery:discover_packages(ignore) discover
[0.213s] Level 1:colcon.colcon_core.package_discovery:discover_packages(ignore) using defaults
[0.213s] Level 1:colcon.colcon_core.package_discovery:discover_packages(path) discover
[0.213s] Level 1:colcon.colcon_core.package_discovery:discover_packages(path) using defaults
[0.228s] Level 5:colcon.colcon_core.verb:set package 'a1z_msgs' build argument 'cmake_args' from command line to 'None'
[0.228s] Level 5:colcon.colcon_core.verb:set package 'a1z_msgs' build argument 'cmake_target' from command line to 'None'
[0.228s] Level 5:colcon.colcon_core.verb:set package 'a1z_msgs' build argument 'cmake_target_skip_unavailable' from command line to 'False'
[0.228s] Level 5:colcon.colcon_core.verb:set package 'a1z_msgs' build argument 'cmake_clean_cache' from command line to 'False'
[0.228s] Level 5:colcon.colcon_core.verb:set package 'a1z_msgs' build argument 'cmake_clean_first' from command line to 'False'
[0.228s] Level 5:colcon.colcon_core.verb:set package 'a1z_msgs' build argument 'cmake_force_configure' from command line to 'False'
[0.228s] Level 5:colcon.colcon_core.verb:set package 'a1z_msgs' build argument 'ament_cmake_args' from command line to 'None'
[0.228s] Level 5:colcon.colcon_core.verb:set package 'a1z_msgs' build argument 'catkin_cmake_args' from command line to 'None'
[0.228s] Level 5:colcon.colcon_core.verb:set package 'a1z_msgs' build argument 'catkin_skip_building_tests' from command line to 'False'
[0.228s] DEBUG:colcon.colcon_core.verb:Building package 'a1z_msgs' with the following arguments: {'ament_cmake_args': None, 'build_base': '/workspace/A1Z/ros2_ws/build/a1z_msgs', 'catkin_cmake_args': None, 'catkin_skip_building_tests': False, 'cmake_args': None, 'cmake_clean_cache': False, 'cmake_clean_first': False, 'cmake_force_configure': False, 'cmake_target': None, 'cmake_target_skip_unavailable': False, 'install_base': '/workspace/A1Z/ros2_ws/install/a1z_msgs', 'merge_install': False, 'path': '/workspace/A1Z/ros2_ws/src/a1z_msgs', 'symlink_install': False, 'test_result_base': None}
[0.228s] Level 5:colcon.colcon_core.verb:set package 'a1z_motion' build argument 'cmake_args' from command line to 'None'
[0.228s] Level 5:colcon.colcon_core.verb:set package 'a1z_motion' build argument 'cmake_target' from command line to 'None'
[0.228s] Level 5:colcon.colcon_core.verb:set package 'a1z_motion' build argument 'cmake_target_skip_unavailable' from command line to 'False'
[0.228s] Level 5:colcon.colcon_core.verb:set package 'a1z_motion' build argument 'cmake_clean_cache' from command line to 'False'
[0.228s] Level 5:colcon.colcon_core.verb:set package 'a1z_motion' build argument 'cmake_clean_first' from command line to 'False'
[0.228s] Level 5:colcon.colcon_core.verb:set package 'a1z_motion' build argument 'cmake_force_configure' from command line to 'False'
[0.228s] Level 5:colcon.colcon_core.verb:set package 'a1z_motion' build argument 'ament_cmake_args' from command line to 'None'
[0.228s] Level 5:colcon.colcon_core.verb:set package 'a1z_motion' build argument 'catkin_cmake_args' from command line to 'None'
[0.228s] Level 5:colcon.colcon_core.verb:set package 'a1z_motion' build argument 'catkin_skip_building_tests' from command line to 'False'
[0.228s] DEBUG:colcon.colcon_core.verb:Building package 'a1z_motion' with the following arguments: {'ament_cmake_args': None, 'build_base': '/workspace/A1Z/ros2_ws/build/a1z_motion', 'catkin_cmake_args': None, 'catkin_skip_building_tests': False, 'cmake_args': None, 'cmake_clean_cache': False, 'cmake_clean_first': False, 'cmake_force_configure': False, 'cmake_target': None, 'cmake_target_skip_unavailable': False, 'install_base': '/workspace/A1Z/ros2_ws/install/a1z_motion', 'merge_install': False, 'path': '/workspace/A1Z/ros2_ws/src/a1z_motion', 'symlink_install': False, 'test_result_base': None}
[0.228s] INFO:colcon.colcon_core.executor:Executing jobs using 'parallel' executor
[0.229s] DEBUG:colcon.colcon_parallel_executor.executor.parallel:run_until_complete
[0.230s] INFO:colcon.colcon_ros.task.ament_cmake.build:Building ROS package in '/workspace/A1Z/ros2_ws/src/a1z_msgs' with build type 'ament_cmake'
[0.230s] INFO:colcon.colcon_cmake.task.cmake.build:Building CMake package in '/workspace/A1Z/ros2_ws/src/a1z_msgs'
[0.231s] INFO:colcon.colcon_core.plugin_system:Skipping extension 'colcon_core.shell.bat': Not used on non-Windows systems
[0.231s] INFO:colcon.colcon_core.shell:Skip shell extension 'powershell' for command environment: Not usable outside of PowerShell
[0.231s] DEBUG:colcon.colcon_core.shell:Skip shell extension 'dsv' for command environment
[0.236s] DEBUG:colcon.colcon_core.event_handler.log_command:Invoking command in '/workspace/A1Z/ros2_ws/build/a1z_msgs': CMAKE_PREFIX_PATH=/opt/ros/humble /usr/bin/cmake /workspace/A1Z/ros2_ws/src/a1z_msgs -DCMAKE_INSTALL_PREFIX=/workspace/A1Z/ros2_ws/install/a1z_msgs
[1.360s] DEBUG:colcon.colcon_core.event_handler.log_command:Invoked command in '/workspace/A1Z/ros2_ws/build/a1z_msgs' returned '0': CMAKE_PREFIX_PATH=/opt/ros/humble /usr/bin/cmake /workspace/A1Z/ros2_ws/src/a1z_msgs -DCMAKE_INSTALL_PREFIX=/workspace/A1Z/ros2_ws/install/a1z_msgs
[1.361s] DEBUG:colcon.colcon_core.event_handler.log_command:Invoking command in '/workspace/A1Z/ros2_ws/build/a1z_msgs': CMAKE_PREFIX_PATH=/opt/ros/humble /usr/bin/cmake --build /workspace/A1Z/ros2_ws/build/a1z_msgs -- -j24 -l24
[2.873s] DEBUG:colcon.colcon_core.event_handler.log_command:Invoked command in '/workspace/A1Z/ros2_ws/build/a1z_msgs' returned '0': CMAKE_PREFIX_PATH=/opt/ros/humble /usr/bin/cmake --build /workspace/A1Z/ros2_ws/build/a1z_msgs -- -j24 -l24
[2.880s] DEBUG:colcon.colcon_core.event_handler.log_command:Invoking command in '/workspace/A1Z/ros2_ws/build/a1z_msgs': CMAKE_PREFIX_PATH=/opt/ros/humble /usr/bin/cmake --install /workspace/A1Z/ros2_ws/build/a1z_msgs
[2.925s] Level 1:colcon.colcon_core.environment:create_environment_scripts_only(a1z_msgs)
[2.925s] DEBUG:colcon.colcon_core.event_handler.log_command:Invoked command in '/workspace/A1Z/ros2_ws/build/a1z_msgs' returned '0': CMAKE_PREFIX_PATH=/opt/ros/humble /usr/bin/cmake --install /workspace/A1Z/ros2_ws/build/a1z_msgs
[2.929s] Level 1:colcon.colcon_core.environment:checking '/workspace/A1Z/ros2_ws/install/a1z_msgs' for CMake module files
[2.929s] Level 1:colcon.colcon_core.environment:checking '/workspace/A1Z/ros2_ws/install/a1z_msgs' for CMake config files
[2.929s] Level 1:colcon.colcon_core.shell:create_environment_hook('a1z_msgs', 'cmake_prefix_path')
[2.929s] INFO:colcon.colcon_core.shell:Creating environment hook '/workspace/A1Z/ros2_ws/install/a1z_msgs/share/a1z_msgs/hook/cmake_prefix_path.ps1'
[2.930s] INFO:colcon.colcon_core.shell:Creating environment descriptor '/workspace/A1Z/ros2_ws/install/a1z_msgs/share/a1z_msgs/hook/cmake_prefix_path.dsv'
[2.930s] INFO:colcon.colcon_core.shell:Creating environment hook '/workspace/A1Z/ros2_ws/install/a1z_msgs/share/a1z_msgs/hook/cmake_prefix_path.sh'
[2.931s] Level 1:colcon.colcon_core.environment:checking '/workspace/A1Z/ros2_ws/install/a1z_msgs/lib'
[2.931s] Level 1:colcon.colcon_core.shell:create_environment_hook('a1z_msgs', 'ld_library_path_lib')
[2.931s] INFO:colcon.colcon_core.shell:Creating environment hook '/workspace/A1Z/ros2_ws/install/a1z_msgs/share/a1z_msgs/hook/ld_library_path_lib.ps1'
[2.932s] INFO:colcon.colcon_core.shell:Creating environment descriptor '/workspace/A1Z/ros2_ws/install/a1z_msgs/share/a1z_msgs/hook/ld_library_path_lib.dsv'
[2.932s] INFO:colcon.colcon_core.shell:Creating environment hook '/workspace/A1Z/ros2_ws/install/a1z_msgs/share/a1z_msgs/hook/ld_library_path_lib.sh'
[2.932s] Level 1:colcon.colcon_core.environment:checking '/workspace/A1Z/ros2_ws/install/a1z_msgs/bin'
[2.932s] Level 1:colcon.colcon_core.environment:checking '/workspace/A1Z/ros2_ws/install/a1z_msgs/lib/pkgconfig/a1z_msgs.pc'
[2.933s] Level 1:colcon.colcon_core.environment:checking '/workspace/A1Z/ros2_ws/install/a1z_msgs/lib/python3.10/site-packages'
[2.934s] Level 1:colcon.colcon_core.environment:checking '/workspace/A1Z/ros2_ws/install/a1z_msgs/bin'
[2.934s] INFO:colcon.colcon_core.shell:Creating package script '/workspace/A1Z/ros2_ws/install/a1z_msgs/share/a1z_msgs/package.ps1'
[2.934s] INFO:colcon.colcon_core.shell:Creating package descriptor '/workspace/A1Z/ros2_ws/install/a1z_msgs/share/a1z_msgs/package.dsv'
[2.935s] INFO:colcon.colcon_core.shell:Creating package script '/workspace/A1Z/ros2_ws/install/a1z_msgs/share/a1z_msgs/package.sh'
[2.935s] INFO:colcon.colcon_core.shell:Creating package script '/workspace/A1Z/ros2_ws/install/a1z_msgs/share/a1z_msgs/package.bash'
[2.936s] INFO:colcon.colcon_core.shell:Creating package script '/workspace/A1Z/ros2_ws/install/a1z_msgs/share/a1z_msgs/package.zsh'
[2.936s] Level 1:colcon.colcon_core.environment:create_file_with_runtime_dependencies(/workspace/A1Z/ros2_ws/install/a1z_msgs/share/colcon-core/packages/a1z_msgs)
[2.937s] Level 1:colcon.colcon_core.environment:create_environment_scripts_only(a1z_msgs)
[2.937s] Level 1:colcon.colcon_core.environment:checking '/workspace/A1Z/ros2_ws/install/a1z_msgs' for CMake module files
[2.937s] Level 1:colcon.colcon_core.environment:checking '/workspace/A1Z/ros2_ws/install/a1z_msgs' for CMake config files
[2.938s] Level 1:colcon.colcon_core.shell:create_environment_hook('a1z_msgs', 'cmake_prefix_path')
[2.938s] INFO:colcon.colcon_core.shell:Creating environment hook '/workspace/A1Z/ros2_ws/install/a1z_msgs/share/a1z_msgs/hook/cmake_prefix_path.ps1'
[2.938s] INFO:colcon.colcon_core.shell:Creating environment descriptor '/workspace/A1Z/ros2_ws/install/a1z_msgs/share/a1z_msgs/hook/cmake_prefix_path.dsv'
[2.938s] INFO:colcon.colcon_core.shell:Creating environment hook '/workspace/A1Z/ros2_ws/install/a1z_msgs/share/a1z_msgs/hook/cmake_prefix_path.sh'
[2.938s] Level 1:colcon.colcon_core.environment:checking '/workspace/A1Z/ros2_ws/install/a1z_msgs/lib'
[2.938s] Level 1:colcon.colcon_core.shell:create_environment_hook('a1z_msgs', 'ld_library_path_lib')
[2.939s] INFO:colcon.colcon_core.shell:Creating environment hook '/workspace/A1Z/ros2_ws/install/a1z_msgs/share/a1z_msgs/hook/ld_library_path_lib.ps1'
[2.939s] INFO:colcon.colcon_core.shell:Creating environment descriptor '/workspace/A1Z/ros2_ws/install/a1z_msgs/share/a1z_msgs/hook/ld_library_path_lib.dsv'
[2.939s] INFO:colcon.colcon_core.shell:Creating environment hook '/workspace/A1Z/ros2_ws/install/a1z_msgs/share/a1z_msgs/hook/ld_library_path_lib.sh'
[2.939s] Level 1:colcon.colcon_core.environment:checking '/workspace/A1Z/ros2_ws/install/a1z_msgs/bin'
[2.939s] Level 1:colcon.colcon_core.environment:checking '/workspace/A1Z/ros2_ws/install/a1z_msgs/lib/pkgconfig/a1z_msgs.pc'
[2.939s] Level 1:colcon.colcon_core.environment:checking '/workspace/A1Z/ros2_ws/install/a1z_msgs/lib/python3.10/site-packages'
[2.939s] Level 1:colcon.colcon_core.environment:checking '/workspace/A1Z/ros2_ws/install/a1z_msgs/bin'
[2.939s] INFO:colcon.colcon_core.shell:Creating package script '/workspace/A1Z/ros2_ws/install/a1z_msgs/share/a1z_msgs/package.ps1'
[2.940s] INFO:colcon.colcon_core.shell:Creating package descriptor '/workspace/A1Z/ros2_ws/install/a1z_msgs/share/a1z_msgs/package.dsv'
[2.940s] INFO:colcon.colcon_core.shell:Creating package script '/workspace/A1Z/ros2_ws/install/a1z_msgs/share/a1z_msgs/package.sh'
[2.940s] INFO:colcon.colcon_core.shell:Creating package script '/workspace/A1Z/ros2_ws/install/a1z_msgs/share/a1z_msgs/package.bash'
[2.940s] INFO:colcon.colcon_core.shell:Creating package script '/workspace/A1Z/ros2_ws/install/a1z_msgs/share/a1z_msgs/package.zsh'
[2.941s] Level 1:colcon.colcon_core.environment:create_file_with_runtime_dependencies(/workspace/A1Z/ros2_ws/install/a1z_msgs/share/colcon-core/packages/a1z_msgs)
[2.941s] INFO:colcon.colcon_ros.task.ament_python.build:Building ROS package in '/workspace/A1Z/ros2_ws/src/a1z_motion' with build type 'ament_python'
[2.941s] Level 1:colcon.colcon_core.shell:create_environment_hook('a1z_motion', 'ament_prefix_path')
[2.941s] INFO:colcon.colcon_core.shell:Creating environment hook '/workspace/A1Z/ros2_ws/install/a1z_motion/share/a1z_motion/hook/ament_prefix_path.ps1'
[2.942s] INFO:colcon.colcon_core.shell:Creating environment descriptor '/workspace/A1Z/ros2_ws/install/a1z_motion/share/a1z_motion/hook/ament_prefix_path.dsv'
[2.942s] INFO:colcon.colcon_core.shell:Creating environment hook '/workspace/A1Z/ros2_ws/install/a1z_motion/share/a1z_motion/hook/ament_prefix_path.sh'
[2.942s] INFO:colcon.colcon_core.shell:Skip shell extension 'powershell' for command environment: Not usable outside of PowerShell
[2.942s] DEBUG:colcon.colcon_core.shell:Skip shell extension 'dsv' for command environment
[3.037s] INFO:colcon.colcon_core.task.python.build:Building Python package in '/workspace/A1Z/ros2_ws/src/a1z_motion'
[3.037s] INFO:colcon.colcon_core.shell:Skip shell extension 'powershell' for command environment: Not usable outside of PowerShell
[3.037s] DEBUG:colcon.colcon_core.shell:Skip shell extension 'dsv' for command environment
[3.191s] DEBUG:colcon.colcon_core.event_handler.log_command:Invoking command in '/workspace/A1Z/ros2_ws/src/a1z_motion': AMENT_PREFIX_PATH=/workspace/A1Z/ros2_ws/install/a1z_msgs:${AMENT_PREFIX_PATH} CMAKE_PREFIX_PATH=/workspace/A1Z/ros2_ws/install/a1z_msgs LD_LIBRARY_PATH=/workspace/A1Z/ros2_ws/install/a1z_msgs/lib:${LD_LIBRARY_PATH} PYTHONPATH=/workspace/A1Z/ros2_ws/build/a1z_motion/prefix_override:/usr/lib/python3/dist-packages/colcon_core/task/python/colcon_distutils_commands:/workspace/A1Z/ros2_ws/install/a1z_motion/lib/python3.10/site-packages:/workspace/A1Z/ros2_ws/install/a1z_msgs/local/lib/python3.10/dist-packages:${PYTHONPATH} /usr/bin/python3 -W ignore:setup.py install is deprecated -W ignore:easy_install command is deprecated setup.py egg_info --egg-base ../../build/a1z_motion build --build-base /workspace/A1Z/ros2_ws/build/a1z_motion/build install --record /workspace/A1Z/ros2_ws/build/a1z_motion/install.log --single-version-externally-managed install_data
[3.308s] Level 1:colcon.colcon_core.environment:checking '/workspace/A1Z/ros2_ws/install/a1z_motion' for CMake module files
[3.308s] Level 1:colcon.colcon_core.environment:checking '/workspace/A1Z/ros2_ws/install/a1z_motion' for CMake config files
[3.309s] Level 1:colcon.colcon_core.environment:checking '/workspace/A1Z/ros2_ws/install/a1z_motion/lib'
[3.309s] Level 1:colcon.colcon_core.environment:checking '/workspace/A1Z/ros2_ws/install/a1z_motion/bin'
[3.309s] Level 1:colcon.colcon_core.environment:checking '/workspace/A1Z/ros2_ws/install/a1z_motion/lib/pkgconfig/a1z_motion.pc'
[3.309s] Level 1:colcon.colcon_core.environment:checking '/workspace/A1Z/ros2_ws/install/a1z_motion/lib/python3.10/site-packages'
[3.309s] Level 1:colcon.colcon_core.shell:create_environment_hook('a1z_motion', 'pythonpath')
[3.309s] INFO:colcon.colcon_core.shell:Creating environment hook '/workspace/A1Z/ros2_ws/install/a1z_motion/share/a1z_motion/hook/pythonpath.ps1'
[3.309s] DEBUG:colcon.colcon_core.event_handler.log_command:Invoked command in '/workspace/A1Z/ros2_ws/src/a1z_motion' returned '0': AMENT_PREFIX_PATH=/workspace/A1Z/ros2_ws/install/a1z_msgs:${AMENT_PREFIX_PATH} CMAKE_PREFIX_PATH=/workspace/A1Z/ros2_ws/install/a1z_msgs LD_LIBRARY_PATH=/workspace/A1Z/ros2_ws/install/a1z_msgs/lib:${LD_LIBRARY_PATH} PYTHONPATH=/workspace/A1Z/ros2_ws/build/a1z_motion/prefix_override:/usr/lib/python3/dist-packages/colcon_core/task/python/colcon_distutils_commands:/workspace/A1Z/ros2_ws/install/a1z_motion/lib/python3.10/site-packages:/workspace/A1Z/ros2_ws/install/a1z_msgs/local/lib/python3.10/dist-packages:${PYTHONPATH} /usr/bin/python3 -W ignore:setup.py install is deprecated -W ignore:easy_install command is deprecated setup.py egg_info --egg-base ../../build/a1z_motion build --build-base /workspace/A1Z/ros2_ws/build/a1z_motion/build install --record /workspace/A1Z/ros2_ws/build/a1z_motion/install.log --single-version-externally-managed install_data
[3.309s] INFO:colcon.colcon_core.shell:Creating environment descriptor '/workspace/A1Z/ros2_ws/install/a1z_motion/share/a1z_motion/hook/pythonpath.dsv'
[3.309s] INFO:colcon.colcon_core.shell:Creating environment hook '/workspace/A1Z/ros2_ws/install/a1z_motion/share/a1z_motion/hook/pythonpath.sh'
[3.310s] Level 1:colcon.colcon_core.environment:checking '/workspace/A1Z/ros2_ws/install/a1z_motion/bin'
[3.310s] Level 1:colcon.colcon_core.environment:create_environment_scripts_only(a1z_motion)
[3.310s] INFO:colcon.colcon_core.shell:Creating package script '/workspace/A1Z/ros2_ws/install/a1z_motion/share/a1z_motion/package.ps1'
[3.310s] INFO:colcon.colcon_core.shell:Creating package descriptor '/workspace/A1Z/ros2_ws/install/a1z_motion/share/a1z_motion/package.dsv'
[3.310s] INFO:colcon.colcon_core.shell:Creating package script '/workspace/A1Z/ros2_ws/install/a1z_motion/share/a1z_motion/package.sh'
[3.310s] INFO:colcon.colcon_core.shell:Creating package script '/workspace/A1Z/ros2_ws/install/a1z_motion/share/a1z_motion/package.bash'
[3.310s] INFO:colcon.colcon_core.shell:Creating package script '/workspace/A1Z/ros2_ws/install/a1z_motion/share/a1z_motion/package.zsh'
[3.311s] Level 1:colcon.colcon_core.environment:create_file_with_runtime_dependencies(/workspace/A1Z/ros2_ws/install/a1z_motion/share/colcon-core/packages/a1z_motion)
[3.311s] DEBUG:colcon.colcon_parallel_executor.executor.parallel:closing loop
[3.311s] DEBUG:colcon.colcon_parallel_executor.executor.parallel:loop closed
[3.311s] DEBUG:colcon.colcon_parallel_executor.executor.parallel:run_until_complete finished with '0'
[3.311s] DEBUG:colcon.colcon_core.event_reactor:joining thread
[3.317s] INFO:colcon.colcon_core.plugin_system:Skipping extension 'colcon_notification.desktop_notification.notify_send': Could not find 'notify-send'
[3.317s] INFO:colcon.colcon_core.plugin_system:Skipping extension 'colcon_notification.desktop_notification.terminal_notifier': Not used on non-Darwin systems
[3.317s] INFO:colcon.colcon_core.plugin_system:Skipping extension 'colcon_notification.desktop_notification.win32': Not used on non-Windows systems
[3.317s] INFO:colcon.colcon_notification.desktop_notification:Sending desktop notification using 'notify2'
[3.318s] DEBUG:colcon.colcon_notification.desktop_notification.notify2:Failed to initialize notify2: org.freedesktop.DBus.Error.NotSupported: Unable to autolaunch a dbus-daemon without a $DISPLAY for X11
[3.318s] DEBUG:colcon.colcon_core.event_reactor:joined thread
[3.318s] INFO:colcon.colcon_core.shell:Creating prefix script '/workspace/A1Z/ros2_ws/install/local_setup.ps1'
[3.318s] INFO:colcon.colcon_core.shell:Creating prefix util module '/workspace/A1Z/ros2_ws/install/_local_setup_util_ps1.py'
[3.319s] INFO:colcon.colcon_core.shell:Creating prefix chain script '/workspace/A1Z/ros2_ws/install/setup.ps1'
[3.319s] INFO:colcon.colcon_core.shell:Creating prefix script '/workspace/A1Z/ros2_ws/install/local_setup.sh'
[3.320s] INFO:colcon.colcon_core.shell:Creating prefix util module '/workspace/A1Z/ros2_ws/install/_local_setup_util_sh.py'
[3.320s] INFO:colcon.colcon_core.shell:Creating prefix chain script '/workspace/A1Z/ros2_ws/install/setup.sh'
[3.320s] INFO:colcon.colcon_core.shell:Creating prefix script '/workspace/A1Z/ros2_ws/install/local_setup.bash'
[3.321s] INFO:colcon.colcon_core.shell:Creating prefix chain script '/workspace/A1Z/ros2_ws/install/setup.bash'
[3.321s] INFO:colcon.colcon_core.shell:Creating prefix script '/workspace/A1Z/ros2_ws/install/local_setup.zsh'
[3.322s] INFO:colcon.colcon_core.shell:Creating prefix chain script '/workspace/A1Z/ros2_ws/install/setup.zsh'
