[0.000000] (-) TimerEvent: {}
[0.000324] (a1z_d405) JobQueued: {'identifier': 'a1z_d405', 'dependencies': OrderedDict()}
[0.000383] (a1z_msgs) JobQueued: {'identifier': 'a1z_msgs', 'dependencies': OrderedDict()}
[0.000396] (a1z_open_vocab) JobQueued: {'identifier': 'a1z_open_vocab', 'dependencies': OrderedDict()}
[0.000407] (a1z_motion) JobQueued: {'identifier': 'a1z_motion', 'dependencies': OrderedDict([('a1z_msgs', '/workspace/A1Z/ros2_ws/install/a1z_msgs')])}
[0.000419] (a1z_msgs) JobStarted: {'identifier': 'a1z_msgs'}
[0.003041] (a1z_d405) JobStarted: {'identifier': 'a1z_d405'}
[0.004786] (a1z_open_vocab) JobStarted: {'identifier': 'a1z_open_vocab'}
[0.006873] (a1z_msgs) JobProgress: {'identifier': 'a1z_msgs', 'progress': 'cmake'}
[0.007261] (a1z_msgs) JobProgress: {'identifier': 'a1z_msgs', 'progress': 'build'}
[0.007333] (a1z_msgs) Command: {'cmd': ['/usr/bin/cmake', '--build', '/workspace/A1Z/ros2_ws/build/a1z_msgs', '--', '-j24', '-l24'], 'cwd': '/workspace/A1Z/ros2_ws/build/a1z_msgs', 'env': OrderedDict([('A1Z_TCP_PORT', '18080'), ('A1Z_REPO_ROOT', '/workspace/A1Z'), ('HOSTNAME', 'th1rt3en-lab'), ('SHLVL', '1'), ('LD_LIBRARY_PATH', '/opt/ros/humble/lib/x86_64-linux-gnu:/opt/ros/humble/lib'), ('HOME', '/root'), ('OLDPWD', '/workspace/A1Z/ros2_ws'), ('ROS_PYTHON_VERSION', '3'), ('A1Z_SDK_DIR', '/workspace/A1Z/vendor/GALAXEA-A1Z'), ('ROS_DISTRO', 'humble'), ('_', '/usr/bin/colcon'), ('ROS_VERSION', '2'), ('TERM', 'xterm'), ('ROS_LOCALHOST_ONLY', '0'), ('PATH', '/opt/ros/humble/bin:/usr/local/sbin:/usr/local/bin:/usr/sbin:/usr/bin:/sbin:/bin'), ('A1Z_CONTROL_URDF', '/workspace/A1Z/build/robot_packages/A1Z_G1Z/urdf/A1Z_G1Z_control.urdf'), ('LANG', 'C.UTF-8'), ('AMENT_PREFIX_PATH', '/opt/ros/humble'), ('DEBIAN_FRONTEND', 'noninteractive'), ('PWD', '/workspace/A1Z/ros2_ws/build/a1z_msgs'), ('A1Z_TCP_HOST', '127.0.0.1'), ('LC_ALL', 'C.UTF-8'), ('PYTHONPATH', '/opt/ros/humble/lib/python3.10/site-packages:/opt/ros/humble/local/lib/python3.10/dist-packages'), ('COLCON', '1'), ('CMAKE_PREFIX_PATH', '/opt/ros/humble')]), 'shell': False}
[0.099821] (-) TimerEvent: {}
[0.101139] (a1z_msgs) StdoutLine: {'line': b'[  6%] Built target a1z_msgs__cpp\n'}
[0.101527] (a1z_msgs) StdoutLine: {'line': b'[  6%] Built target a1z_msgs__rs\n'}
[0.101638] (a1z_msgs) StdoutLine: {'line': b'[ 15%] Built target a1z_msgs__rosidl_generator_c\n'}
[0.101834] (a1z_msgs) StdoutLine: {'line': b'[ 15%] Built target ament_cmake_python_copy_a1z_msgs\n'}
[0.101865] (a1z_msgs) StdoutLine: {'line': b'[ 34%] Built target a1z_msgs__rosidl_typesupport_introspection_c\n'}
[0.101897] (a1z_msgs) StdoutLine: {'line': b'[ 34%] Built target a1z_msgs__rosidl_typesupport_introspection_cpp\n'}
[0.101929] (a1z_msgs) StdoutLine: {'line': b'[ 43%] Built target a1z_msgs__rosidl_typesupport_cpp\n'}
[0.101961] (a1z_msgs) StdoutLine: {'line': b'[ 53%] Built target a1z_msgs__rosidl_typesupport_c\n'}
[0.101992] (a1z_msgs) StdoutLine: {'line': b'[ 71%] Built target a1z_msgs__rosidl_typesupport_fastrtps_c\n'}
[0.102023] (a1z_msgs) StdoutLine: {'line': b'[ 71%] Built target a1z_msgs__rosidl_typesupport_fastrtps_cpp\n'}
[0.102053] (a1z_msgs) StdoutLine: {'line': b'[ 71%] Built target a1z_msgs\n'}
[0.102085] (a1z_msgs) StdoutLine: {'line': b'[ 75%] Built target a1z_msgs__py\n'}
[0.102116] (a1z_msgs) StdoutLine: {'line': b'[ 81%] Built target a1z_msgs__rosidl_generator_py\n'}
[0.102146] (a1z_msgs) StdoutLine: {'line': b'[ 96%] Built target a1z_msgs__rosidl_typesupport_c__pyext\n'}
[0.102180] (a1z_msgs) StdoutLine: {'line': b'[100%] Built target a1z_msgs__rosidl_typesupport_introspection_c__pyext\n'}
[0.102211] (a1z_msgs) StdoutLine: {'line': b'[100%] Built target a1z_msgs__rosidl_typesupport_fastrtps_c__pyext\n'}
[0.132211] (a1z_msgs) StdoutLine: {'line': b'running egg_info\n'}
[0.132441] (a1z_msgs) StdoutLine: {'line': b'writing a1z_msgs.egg-info/PKG-INFO\n'}
[0.132702] (a1z_msgs) StdoutLine: {'line': b'writing dependency_links to a1z_msgs.egg-info/dependency_links.txt\n'}
[0.132745] (a1z_msgs) StdoutLine: {'line': b'writing top-level names to a1z_msgs.egg-info/top_level.txt\n'}
[0.133494] (a1z_msgs) StdoutLine: {'line': b"reading manifest file 'a1z_msgs.egg-info/SOURCES.txt'\n"}
[0.133620] (a1z_msgs) StdoutLine: {'line': b"writing manifest file 'a1z_msgs.egg-info/SOURCES.txt'\n"}
[0.149026] (a1z_msgs) StdoutLine: {'line': b'[100%] Built target ament_cmake_python_build_a1z_msgs_egg\n'}
[0.200011] (-) TimerEvent: {}
[0.200914] (a1z_msgs) CommandEnded: {'returncode': 0}
[0.201210] (a1z_msgs) JobProgress: {'identifier': 'a1z_msgs', 'progress': 'install'}
[0.206488] (a1z_msgs) Command: {'cmd': ['/usr/bin/cmake', '--install', '/workspace/A1Z/ros2_ws/build/a1z_msgs'], 'cwd': '/workspace/A1Z/ros2_ws/build/a1z_msgs', 'env': OrderedDict([('A1Z_TCP_PORT', '18080'), ('A1Z_REPO_ROOT', '/workspace/A1Z'), ('HOSTNAME', 'th1rt3en-lab'), ('SHLVL', '1'), ('LD_LIBRARY_PATH', '/opt/ros/humble/lib/x86_64-linux-gnu:/opt/ros/humble/lib'), ('HOME', '/root'), ('OLDPWD', '/workspace/A1Z/ros2_ws'), ('ROS_PYTHON_VERSION', '3'), ('A1Z_SDK_DIR', '/workspace/A1Z/vendor/GALAXEA-A1Z'), ('ROS_DISTRO', 'humble'), ('_', '/usr/bin/colcon'), ('ROS_VERSION', '2'), ('TERM', 'xterm'), ('ROS_LOCALHOST_ONLY', '0'), ('PATH', '/opt/ros/humble/bin:/usr/local/sbin:/usr/local/bin:/usr/sbin:/usr/bin:/sbin:/bin'), ('A1Z_CONTROL_URDF', '/workspace/A1Z/build/robot_packages/A1Z_G1Z/urdf/A1Z_G1Z_control.urdf'), ('LANG', 'C.UTF-8'), ('AMENT_PREFIX_PATH', '/opt/ros/humble'), ('DEBIAN_FRONTEND', 'noninteractive'), ('PWD', '/workspace/A1Z/ros2_ws/build/a1z_msgs'), ('A1Z_TCP_HOST', '127.0.0.1'), ('LC_ALL', 'C.UTF-8'), ('PYTHONPATH', '/opt/ros/humble/lib/python3.10/site-packages:/opt/ros/humble/local/lib/python3.10/dist-packages'), ('COLCON', '1'), ('CMAKE_PREFIX_PATH', '/opt/ros/humble')]), 'shell': False}
[0.212187] (a1z_msgs) StdoutLine: {'line': b'-- Install configuration: ""\n'}
[0.212324] (a1z_msgs) StdoutLine: {'line': b'-- Up-to-date: /workspace/A1Z/ros2_ws/install/a1z_msgs/share/ament_index/resource_index/rosidl_interfaces/a1z_msgs\n'}
[0.212355] (a1z_msgs) StdoutLine: {'line': b'-- Up-to-date: /workspace/A1Z/ros2_ws/install/a1z_msgs/include/a1z_msgs/a1z_msgs\n'}
[0.212380] (a1z_msgs) StdoutLine: {'line': b'-- Up-to-date: /workspace/A1Z/ros2_ws/install/a1z_msgs/include/a1z_msgs/a1z_msgs/action\n'}
[0.212430] (a1z_msgs) StdoutLine: {'line': b'-- Up-to-date: /workspace/A1Z/ros2_ws/install/a1z_msgs/include/a1z_msgs/a1z_msgs/action/move_end_effector.h\n'}
[0.212478] (a1z_msgs) StdoutLine: {'line': b'-- Up-to-date: /workspace/A1Z/ros2_ws/install/a1z_msgs/include/a1z_msgs/a1z_msgs/action/detail\n'}
[0.212501] (a1z_msgs) StdoutLine: {'line': b'-- Up-to-date: /workspace/A1Z/ros2_ws/install/a1z_msgs/include/a1z_msgs/a1z_msgs/action/detail/move_end_effector__struct.h\n'}
[0.212523] (a1z_msgs) StdoutLine: {'line': b'-- Up-to-date: /workspace/A1Z/ros2_ws/install/a1z_msgs/include/a1z_msgs/a1z_msgs/action/detail/move_end_effector__functions.h\n'}
[0.212546] (a1z_msgs) StdoutLine: {'line': b'-- Up-to-date: /workspace/A1Z/ros2_ws/install/a1z_msgs/include/a1z_msgs/a1z_msgs/action/detail/move_end_effector__type_support.h\n'}
[0.212567] (a1z_msgs) StdoutLine: {'line': b'-- Up-to-date: /workspace/A1Z/ros2_ws/install/a1z_msgs/include/a1z_msgs/a1z_msgs/action/detail/move_end_effector__functions.c\n'}
[0.212602] (a1z_msgs) StdoutLine: {'line': b'-- Up-to-date: /workspace/A1Z/ros2_ws/install/a1z_msgs/include/a1z_msgs/a1z_msgs/msg\n'}
[0.212621] (a1z_msgs) StdoutLine: {'line': b'-- Up-to-date: /workspace/A1Z/ros2_ws/install/a1z_msgs/include/a1z_msgs/a1z_msgs/msg/rosidl_generator_c__visibility_control.h\n'}
[0.212648] (a1z_msgs) StdoutLine: {'line': b'-- Up-to-date: /workspace/A1Z/ros2_ws/install/a1z_msgs/share/a1z_msgs/environment/library_path.sh\n'}
[0.212667] (a1z_msgs) StdoutLine: {'line': b'-- Up-to-date: /workspace/A1Z/ros2_ws/install/a1z_msgs/share/a1z_msgs/environment/library_path.dsv\n'}
[0.212686] (a1z_msgs) StdoutLine: {'line': b'-- Up-to-date: /workspace/A1Z/ros2_ws/install/a1z_msgs/lib/liba1z_msgs__rosidl_generator_c.so\n'}
[0.212711] (a1z_msgs) StdoutLine: {'line': b'-- Up-to-date: /workspace/A1Z/ros2_ws/install/a1z_msgs/include/a1z_msgs/a1z_msgs\n'}
[0.212739] (a1z_msgs) StdoutLine: {'line': b'-- Up-to-date: /workspace/A1Z/ros2_ws/install/a1z_msgs/include/a1z_msgs/a1z_msgs/action\n'}
[0.212774] (a1z_msgs) StdoutLine: {'line': b'-- Up-to-date: /workspace/A1Z/ros2_ws/install/a1z_msgs/include/a1z_msgs/a1z_msgs/action/detail\n'}
[0.212804] (a1z_msgs) StdoutLine: {'line': b'-- Up-to-date: /workspace/A1Z/ros2_ws/install/a1z_msgs/include/a1z_msgs/a1z_msgs/action/detail/move_end_effector__rosidl_typesupport_fastrtps_c.h\n'}
[0.212865] (a1z_msgs) StdoutLine: {'line': b'-- Up-to-date: /workspace/A1Z/ros2_ws/install/a1z_msgs/include/a1z_msgs/a1z_msgs/msg\n'}
[0.212895] (a1z_msgs) StdoutLine: {'line': b'-- Up-to-date: /workspace/A1Z/ros2_ws/install/a1z_msgs/include/a1z_msgs/a1z_msgs/msg/rosidl_typesupport_fastrtps_c__visibility_control.h\n'}
[0.212925] (a1z_msgs) StdoutLine: {'line': b'-- Up-to-date: /workspace/A1Z/ros2_ws/install/a1z_msgs/lib/liba1z_msgs__rosidl_typesupport_fastrtps_c.so\n'}
[0.212962] (a1z_msgs) StdoutLine: {'line': b'-- Up-to-date: /workspace/A1Z/ros2_ws/install/a1z_msgs/include/a1z_msgs/a1z_msgs\n'}
[0.212983] (a1z_msgs) StdoutLine: {'line': b'-- Up-to-date: /workspace/A1Z/ros2_ws/install/a1z_msgs/include/a1z_msgs/a1z_msgs/action\n'}
[0.213015] (a1z_msgs) StdoutLine: {'line': b'-- Up-to-date: /workspace/A1Z/ros2_ws/install/a1z_msgs/include/a1z_msgs/a1z_msgs/action/detail\n'}
[0.213034] (a1z_msgs) StdoutLine: {'line': b'-- Up-to-date: /workspace/A1Z/ros2_ws/install/a1z_msgs/include/a1z_msgs/a1z_msgs/action/detail/move_end_effector__struct.hpp\n'}
[0.213053] (a1z_msgs) StdoutLine: {'line': b'-- Up-to-date: /workspace/A1Z/ros2_ws/install/a1z_msgs/include/a1z_msgs/a1z_msgs/action/detail/move_end_effector__builder.hpp\n'}
[0.213072] (a1z_msgs) StdoutLine: {'line': b'-- Up-to-date: /workspace/A1Z/ros2_ws/install/a1z_msgs/include/a1z_msgs/a1z_msgs/action/detail/move_end_effector__traits.hpp\n'}
[0.213099] (a1z_msgs) StdoutLine: {'line': b'-- Up-to-date: /workspace/A1Z/ros2_ws/install/a1z_msgs/include/a1z_msgs/a1z_msgs/action/detail/move_end_effector__type_support.hpp\n'}
[0.213125] (a1z_msgs) StdoutLine: {'line': b'-- Up-to-date: /workspace/A1Z/ros2_ws/install/a1z_msgs/include/a1z_msgs/a1z_msgs/action/move_end_effector.hpp\n'}
[0.213148] (a1z_msgs) StdoutLine: {'line': b'-- Up-to-date: /workspace/A1Z/ros2_ws/install/a1z_msgs/include/a1z_msgs/a1z_msgs/msg\n'}
[0.213183] (a1z_msgs) StdoutLine: {'line': b'-- Up-to-date: /workspace/A1Z/ros2_ws/install/a1z_msgs/include/a1z_msgs/a1z_msgs/msg/rosidl_generator_cpp__visibility_control.hpp\n'}
[0.213210] (a1z_msgs) StdoutLine: {'line': b'-- Up-to-date: /workspace/A1Z/ros2_ws/install/a1z_msgs/include/a1z_msgs/a1z_msgs\n'}
[0.213232] (a1z_msgs) StdoutLine: {'line': b'-- Up-to-date: /workspace/A1Z/ros2_ws/install/a1z_msgs/include/a1z_msgs/a1z_msgs/action\n'}
[0.213266] (a1z_msgs) StdoutLine: {'line': b'-- Up-to-date: /workspace/A1Z/ros2_ws/install/a1z_msgs/include/a1z_msgs/a1z_msgs/action/detail\n'}
[0.213288] (a1z_msgs) StdoutLine: {'line': b'-- Up-to-date: /workspace/A1Z/ros2_ws/install/a1z_msgs/include/a1z_msgs/a1z_msgs/action/detail/move_end_effector__rosidl_typesupport_fastrtps_cpp.hpp\n'}
[0.213316] (a1z_msgs) StdoutLine: {'line': b'-- Up-to-date: /workspace/A1Z/ros2_ws/install/a1z_msgs/include/a1z_msgs/a1z_msgs/action/detail/dds_fastrtps\n'}
[0.213336] (a1z_msgs) StdoutLine: {'line': b'-- Up-to-date: /workspace/A1Z/ros2_ws/install/a1z_msgs/include/a1z_msgs/a1z_msgs/msg\n'}
[0.213358] (a1z_msgs) StdoutLine: {'line': b'-- Up-to-date: /workspace/A1Z/ros2_ws/install/a1z_msgs/include/a1z_msgs/a1z_msgs/msg/rosidl_typesupport_fastrtps_cpp__visibility_control.h\n'}
[0.213389] (a1z_msgs) StdoutLine: {'line': b'-- Up-to-date: /workspace/A1Z/ros2_ws/install/a1z_msgs/lib/liba1z_msgs__rosidl_typesupport_fastrtps_cpp.so\n'}
[0.213411] (a1z_msgs) StdoutLine: {'line': b'-- Up-to-date: /workspace/A1Z/ros2_ws/install/a1z_msgs/include/a1z_msgs/a1z_msgs\n'}
[0.213431] (a1z_msgs) StdoutLine: {'line': b'-- Up-to-date: /workspace/A1Z/ros2_ws/install/a1z_msgs/include/a1z_msgs/a1z_msgs/action\n'}
[0.213450] (a1z_msgs) StdoutLine: {'line': b'-- Up-to-date: /workspace/A1Z/ros2_ws/install/a1z_msgs/include/a1z_msgs/a1z_msgs/action/detail\n'}
[0.213472] (a1z_msgs) StdoutLine: {'line': b'-- Up-to-date: /workspace/A1Z/ros2_ws/install/a1z_msgs/include/a1z_msgs/a1z_msgs/action/detail/move_end_effector__rosidl_typesupport_introspection_c.h\n'}
[0.213493] (a1z_msgs) StdoutLine: {'line': b'-- Up-to-date: /workspace/A1Z/ros2_ws/install/a1z_msgs/include/a1z_msgs/a1z_msgs/action/detail/move_end_effector__type_support.c\n'}
[0.213521] (a1z_msgs) StdoutLine: {'line': b'-- Up-to-date: /workspace/A1Z/ros2_ws/install/a1z_msgs/include/a1z_msgs/a1z_msgs/msg\n'}
[0.213542] (a1z_msgs) StdoutLine: {'line': b'-- Up-to-date: /workspace/A1Z/ros2_ws/install/a1z_msgs/include/a1z_msgs/a1z_msgs/msg/rosidl_typesupport_introspection_c__visibility_control.h\n'}
[0.213564] (a1z_msgs) StdoutLine: {'line': b'-- Up-to-date: /workspace/A1Z/ros2_ws/install/a1z_msgs/lib/liba1z_msgs__rosidl_typesupport_introspection_c.so\n'}
[0.213595] (a1z_msgs) StdoutLine: {'line': b'-- Up-to-date: /workspace/A1Z/ros2_ws/install/a1z_msgs/lib/liba1z_msgs__rosidl_typesupport_c.so\n'}
[0.213628] (a1z_msgs) StdoutLine: {'line': b'-- Up-to-date: /workspace/A1Z/ros2_ws/install/a1z_msgs/include/a1z_msgs/a1z_msgs\n'}
[0.213648] (a1z_msgs) StdoutLine: {'line': b'-- Up-to-date: /workspace/A1Z/ros2_ws/install/a1z_msgs/include/a1z_msgs/a1z_msgs/action\n'}
[0.213667] (a1z_msgs) StdoutLine: {'line': b'-- Up-to-date: /workspace/A1Z/ros2_ws/install/a1z_msgs/include/a1z_msgs/a1z_msgs/action/detail\n'}
[0.213685] (a1z_msgs) StdoutLine: {'line': b'-- Up-to-date: /workspace/A1Z/ros2_ws/install/a1z_msgs/include/a1z_msgs/a1z_msgs/action/detail/move_end_effector__rosidl_typesupport_introspection_cpp.hpp\n'}
[0.213706] (a1z_msgs) StdoutLine: {'line': b'-- Up-to-date: /workspace/A1Z/ros2_ws/install/a1z_msgs/include/a1z_msgs/a1z_msgs/action/detail/move_end_effector__type_support.cpp\n'}
[0.213733] (a1z_msgs) StdoutLine: {'line': b'-- Up-to-date: /workspace/A1Z/ros2_ws/install/a1z_msgs/lib/liba1z_msgs__rosidl_typesupport_introspection_cpp.so\n'}
[0.213817] (a1z_msgs) StdoutLine: {'line': b'-- Up-to-date: /workspace/A1Z/ros2_ws/install/a1z_msgs/lib/liba1z_msgs__rosidl_typesupport_cpp.so\n'}
[0.213887] (a1z_msgs) StdoutLine: {'line': b'-- Up-to-date: /workspace/A1Z/ros2_ws/install/a1z_msgs/share/a1z_msgs/environment/pythonpath.sh\n'}
[0.213923] (a1z_msgs) StdoutLine: {'line': b'-- Up-to-date: /workspace/A1Z/ros2_ws/install/a1z_msgs/share/a1z_msgs/environment/pythonpath.dsv\n'}
[0.213955] (a1z_msgs) StdoutLine: {'line': b'-- Up-to-date: /workspace/A1Z/ros2_ws/install/a1z_msgs/local/lib/python3.10/dist-packages/a1z_msgs-0.1.0-py3.10.egg-info\n'}
[0.213989] (a1z_msgs) StdoutLine: {'line': b'-- Installing: /workspace/A1Z/ros2_ws/install/a1z_msgs/local/lib/python3.10/dist-packages/a1z_msgs-0.1.0-py3.10.egg-info/PKG-INFO\n'}
[0.214075] (a1z_msgs) StdoutLine: {'line': b'-- Installing: /workspace/A1Z/ros2_ws/install/a1z_msgs/local/lib/python3.10/dist-packages/a1z_msgs-0.1.0-py3.10.egg-info/SOURCES.txt\n'}
[0.214161] (a1z_msgs) StdoutLine: {'line': b'-- Installing: /workspace/A1Z/ros2_ws/install/a1z_msgs/local/lib/python3.10/dist-packages/a1z_msgs-0.1.0-py3.10.egg-info/dependency_links.txt\n'}
[0.214221] (a1z_msgs) StdoutLine: {'line': b'-- Installing: /workspace/A1Z/ros2_ws/install/a1z_msgs/local/lib/python3.10/dist-packages/a1z_msgs-0.1.0-py3.10.egg-info/top_level.txt\n'}
[0.214307] (a1z_msgs) StdoutLine: {'line': b'-- Up-to-date: /workspace/A1Z/ros2_ws/install/a1z_msgs/local/lib/python3.10/dist-packages/a1z_msgs\n'}
[0.214340] (a1z_msgs) StdoutLine: {'line': b'-- Up-to-date: /workspace/A1Z/ros2_ws/install/a1z_msgs/local/lib/python3.10/dist-packages/a1z_msgs/action\n'}
[0.214374] (a1z_msgs) StdoutLine: {'line': b'-- Up-to-date: /workspace/A1Z/ros2_ws/install/a1z_msgs/local/lib/python3.10/dist-packages/a1z_msgs/action/_move_end_effector_s.c\n'}
[0.214417] (a1z_msgs) StdoutLine: {'line': b'-- Up-to-date: /workspace/A1Z/ros2_ws/install/a1z_msgs/local/lib/python3.10/dist-packages/a1z_msgs/action/_move_end_effector.py\n'}
[0.214440] (a1z_msgs) StdoutLine: {'line': b'-- Up-to-date: /workspace/A1Z/ros2_ws/install/a1z_msgs/local/lib/python3.10/dist-packages/a1z_msgs/action/__init__.py\n'}
[0.214490] (a1z_msgs) StdoutLine: {'line': b'-- Up-to-date: /workspace/A1Z/ros2_ws/install/a1z_msgs/local/lib/python3.10/dist-packages/a1z_msgs/liba1z_msgs__rosidl_generator_py.so\n'}
[0.214518] (a1z_msgs) StdoutLine: {'line': b'-- Up-to-date: /workspace/A1Z/ros2_ws/install/a1z_msgs/local/lib/python3.10/dist-packages/a1z_msgs/a1z_msgs_s__rosidl_typesupport_introspection_c.cpython-310-x86_64-linux-gnu.so\n'}
[0.214548] (a1z_msgs) StdoutLine: {'line': b'-- Up-to-date: /workspace/A1Z/ros2_ws/install/a1z_msgs/local/lib/python3.10/dist-packages/a1z_msgs/_a1z_msgs_s.ep.rosidl_typesupport_c.c\n'}
[0.214569] (a1z_msgs) StdoutLine: {'line': b'-- Up-to-date: /workspace/A1Z/ros2_ws/install/a1z_msgs/local/lib/python3.10/dist-packages/a1z_msgs/a1z_msgs_s__rosidl_typesupport_fastrtps_c.cpython-310-x86_64-linux-gnu.so\n'}
[0.214591] (a1z_msgs) StdoutLine: {'line': b'-- Up-to-date: /workspace/A1Z/ros2_ws/install/a1z_msgs/local/lib/python3.10/dist-packages/a1z_msgs/_a1z_msgs_s.ep.rosidl_typesupport_introspection_c.c\n'}
[0.214611] (a1z_msgs) StdoutLine: {'line': b'-- Up-to-date: /workspace/A1Z/ros2_ws/install/a1z_msgs/local/lib/python3.10/dist-packages/a1z_msgs/a1z_msgs_s__rosidl_typesupport_c.cpython-310-x86_64-linux-gnu.so\n'}
[0.214631] (a1z_msgs) StdoutLine: {'line': b'-- Up-to-date: /workspace/A1Z/ros2_ws/install/a1z_msgs/local/lib/python3.10/dist-packages/a1z_msgs/_a1z_msgs_s.ep.rosidl_typesupport_fastrtps_c.c\n'}
[0.214650] (a1z_msgs) StdoutLine: {'line': b'-- Up-to-date: /workspace/A1Z/ros2_ws/install/a1z_msgs/local/lib/python3.10/dist-packages/a1z_msgs/__init__.py\n'}
[0.232261] (a1z_msgs) StdoutLine: {'line': b"Listing '/workspace/A1Z/ros2_ws/install/a1z_msgs/local/lib/python3.10/dist-packages/a1z_msgs'...\n"}
[0.232393] (a1z_msgs) StdoutLine: {'line': b"Listing '/workspace/A1Z/ros2_ws/install/a1z_msgs/local/lib/python3.10/dist-packages/a1z_msgs/action'...\n"}
[0.234971] (a1z_msgs) StdoutLine: {'line': b'-- Up-to-date: /workspace/A1Z/ros2_ws/install/a1z_msgs/local/lib/python3.10/dist-packages/a1z_msgs/a1z_msgs_s__rosidl_typesupport_fastrtps_c.cpython-310-x86_64-linux-gnu.so\n'}
[0.235093] (a1z_msgs) StdoutLine: {'line': b'-- Up-to-date: /workspace/A1Z/ros2_ws/install/a1z_msgs/local/lib/python3.10/dist-packages/a1z_msgs/a1z_msgs_s__rosidl_typesupport_introspection_c.cpython-310-x86_64-linux-gnu.so\n'}
[0.235250] (a1z_msgs) StdoutLine: {'line': b'-- Up-to-date: /workspace/A1Z/ros2_ws/install/a1z_msgs/local/lib/python3.10/dist-packages/a1z_msgs/a1z_msgs_s__rosidl_typesupport_c.cpython-310-x86_64-linux-gnu.so\n'}
[0.235364] (a1z_msgs) StdoutLine: {'line': b'-- Up-to-date: /workspace/A1Z/ros2_ws/install/a1z_msgs/lib/liba1z_msgs__rosidl_generator_py.so\n'}
[0.235448] (a1z_msgs) StdoutLine: {'line': b'-- Up-to-date: /workspace/A1Z/ros2_ws/install/a1z_msgs/share/ament_index/resource_index/rust_packages/a1z_msgs\n'}
[0.235485] (a1z_msgs) StdoutLine: {'line': b'-- Up-to-date: /workspace/A1Z/ros2_ws/install/a1z_msgs/share/a1z_msgs/rust\n'}
[0.235536] (a1z_msgs) StdoutLine: {'line': b'-- Up-to-date: /workspace/A1Z/ros2_ws/install/a1z_msgs/share/a1z_msgs/rust/src\n'}
[0.235595] (a1z_msgs) StdoutLine: {'line': b'-- Up-to-date: /workspace/A1Z/ros2_ws/install/a1z_msgs/share/a1z_msgs/rust/src/action\n'}
[0.235624] (a1z_msgs) StdoutLine: {'line': b'-- Up-to-date: /workspace/A1Z/ros2_ws/install/a1z_msgs/share/a1z_msgs/rust/src/action/rmw.rs\n'}
[0.235650] (a1z_msgs) StdoutLine: {'line': b'-- Up-to-date: /workspace/A1Z/ros2_ws/install/a1z_msgs/share/a1z_msgs/rust/src/lib.rs\n'}
[0.235673] (a1z_msgs) StdoutLine: {'line': b'-- Up-to-date: /workspace/A1Z/ros2_ws/install/a1z_msgs/share/a1z_msgs/rust/src/action.rs\n'}
[0.235708] (a1z_msgs) StdoutLine: {'line': b'-- Up-to-date: /workspace/A1Z/ros2_ws/install/a1z_msgs/share/a1z_msgs/rust/Cargo.toml\n'}
[0.235730] (a1z_msgs) StdoutLine: {'line': b'-- Up-to-date: /workspace/A1Z/ros2_ws/install/a1z_msgs/share/a1z_msgs/rust/build.rs\n'}
[0.235761] (a1z_msgs) StdoutLine: {'line': b'-- Up-to-date: /workspace/A1Z/ros2_ws/install/a1z_msgs/share/a1z_msgs/action/MoveEndEffector.idl\n'}
[0.235788] (a1z_msgs) StdoutLine: {'line': b'-- Up-to-date: /workspace/A1Z/ros2_ws/install/a1z_msgs/share/a1z_msgs/action/MoveEndEffector.action\n'}
[0.235814] (a1z_msgs) StdoutLine: {'line': b'-- Up-to-date: /workspace/A1Z/ros2_ws/install/a1z_msgs/share/ament_index/resource_index/package_run_dependencies/a1z_msgs\n'}
[0.235847] (a1z_msgs) StdoutLine: {'line': b'-- Up-to-date: /workspace/A1Z/ros2_ws/install/a1z_msgs/share/ament_index/resource_index/parent_prefix_path/a1z_msgs\n'}
[0.235873] (a1z_msgs) StdoutLine: {'line': b'-- Up-to-date: /workspace/A1Z/ros2_ws/install/a1z_msgs/share/a1z_msgs/environment/ament_prefix_path.sh\n'}
[0.235895] (a1z_msgs) StdoutLine: {'line': b'-- Up-to-date: /workspace/A1Z/ros2_ws/install/a1z_msgs/share/a1z_msgs/environment/ament_prefix_path.dsv\n'}
[0.235926] (a1z_msgs) StdoutLine: {'line': b'-- Up-to-date: /workspace/A1Z/ros2_ws/install/a1z_msgs/share/a1z_msgs/environment/path.sh\n'}
[0.235949] (a1z_msgs) StdoutLine: {'line': b'-- Up-to-date: /workspace/A1Z/ros2_ws/install/a1z_msgs/share/a1z_msgs/environment/path.dsv\n'}
[0.235978] (a1z_msgs) StdoutLine: {'line': b'-- Up-to-date: /workspace/A1Z/ros2_ws/install/a1z_msgs/share/a1z_msgs/local_setup.bash\n'}
[0.235997] (a1z_msgs) StdoutLine: {'line': b'-- Up-to-date: /workspace/A1Z/ros2_ws/install/a1z_msgs/share/a1z_msgs/local_setup.sh\n'}
[0.236021] (a1z_msgs) StdoutLine: {'line': b'-- Up-to-date: /workspace/A1Z/ros2_ws/install/a1z_msgs/share/a1z_msgs/local_setup.zsh\n'}
[0.236042] (a1z_msgs) StdoutLine: {'line': b'-- Up-to-date: /workspace/A1Z/ros2_ws/install/a1z_msgs/share/a1z_msgs/local_setup.dsv\n'}
[0.236061] (a1z_msgs) StdoutLine: {'line': b'-- Installing: /workspace/A1Z/ros2_ws/install/a1z_msgs/share/a1z_msgs/package.dsv\n'}
[0.236092] (a1z_msgs) StdoutLine: {'line': b'-- Up-to-date: /workspace/A1Z/ros2_ws/install/a1z_msgs/share/ament_index/resource_index/packages/a1z_msgs\n'}
[0.236136] (a1z_msgs) StdoutLine: {'line': b'-- Up-to-date: /workspace/A1Z/ros2_ws/install/a1z_msgs/share/a1z_msgs/cmake/export_a1z_msgs__rosidl_generator_cExport.cmake\n'}
[0.236172] (a1z_msgs) StdoutLine: {'line': b'-- Up-to-date: /workspace/A1Z/ros2_ws/install/a1z_msgs/share/a1z_msgs/cmake/export_a1z_msgs__rosidl_generator_cExport-noconfig.cmake\n'}
[0.236222] (a1z_msgs) StdoutLine: {'line': b'-- Up-to-date: /workspace/A1Z/ros2_ws/install/a1z_msgs/share/a1z_msgs/cmake/export_a1z_msgs__rosidl_typesupport_fastrtps_cExport.cmake\n'}
[0.236253] (a1z_msgs) StdoutLine: {'line': b'-- Up-to-date: /workspace/A1Z/ros2_ws/install/a1z_msgs/share/a1z_msgs/cmake/export_a1z_msgs__rosidl_typesupport_fastrtps_cExport-noconfig.cmake\n'}
[0.236295] (a1z_msgs) StdoutLine: {'line': b'-- Up-to-date: /workspace/A1Z/ros2_ws/install/a1z_msgs/share/a1z_msgs/cmake/export_a1z_msgs__rosidl_generator_cppExport.cmake\n'}
[0.236340] (a1z_msgs) StdoutLine: {'line': b'-- Up-to-date: /workspace/A1Z/ros2_ws/install/a1z_msgs/share/a1z_msgs/cmake/export_a1z_msgs__rosidl_typesupport_fastrtps_cppExport.cmake\n'}
[0.236368] (a1z_msgs) StdoutLine: {'line': b'-- Up-to-date: /workspace/A1Z/ros2_ws/install/a1z_msgs/share/a1z_msgs/cmake/export_a1z_msgs__rosidl_typesupport_fastrtps_cppExport-noconfig.cmake\n'}
[0.236412] (a1z_msgs) StdoutLine: {'line': b'-- Up-to-date: /workspace/A1Z/ros2_ws/install/a1z_msgs/share/a1z_msgs/cmake/a1z_msgs__rosidl_typesupport_introspection_cExport.cmake\n'}
[0.236442] (a1z_msgs) StdoutLine: {'line': b'-- Up-to-date: /workspace/A1Z/ros2_ws/install/a1z_msgs/share/a1z_msgs/cmake/a1z_msgs__rosidl_typesupport_introspection_cExport-noconfig.cmake\n'}
[0.236481] (a1z_msgs) StdoutLine: {'line': b'-- Up-to-date: /workspace/A1Z/ros2_ws/install/a1z_msgs/share/a1z_msgs/cmake/a1z_msgs__rosidl_typesupport_cExport.cmake\n'}
[0.236508] (a1z_msgs) StdoutLine: {'line': b'-- Up-to-date: /workspace/A1Z/ros2_ws/install/a1z_msgs/share/a1z_msgs/cmake/a1z_msgs__rosidl_typesupport_cExport-noconfig.cmake\n'}
[0.236550] (a1z_msgs) StdoutLine: {'line': b'-- Up-to-date: /workspace/A1Z/ros2_ws/install/a1z_msgs/share/a1z_msgs/cmake/a1z_msgs__rosidl_typesupport_introspection_cppExport.cmake\n'}
[0.236580] (a1z_msgs) StdoutLine: {'line': b'-- Up-to-date: /workspace/A1Z/ros2_ws/install/a1z_msgs/share/a1z_msgs/cmake/a1z_msgs__rosidl_typesupport_introspection_cppExport-noconfig.cmake\n'}
[0.236618] (a1z_msgs) StdoutLine: {'line': b'-- Up-to-date: /workspace/A1Z/ros2_ws/install/a1z_msgs/share/a1z_msgs/cmake/a1z_msgs__rosidl_typesupport_cppExport.cmake\n'}
[0.236643] (a1z_msgs) StdoutLine: {'line': b'-- Up-to-date: /workspace/A1Z/ros2_ws/install/a1z_msgs/share/a1z_msgs/cmake/a1z_msgs__rosidl_typesupport_cppExport-noconfig.cmake\n'}
[0.236686] (a1z_msgs) StdoutLine: {'line': b'-- Up-to-date: /workspace/A1Z/ros2_ws/install/a1z_msgs/share/a1z_msgs/cmake/export_a1z_msgs__rosidl_generator_pyExport.cmake\n'}
[0.236716] (a1z_msgs) StdoutLine: {'line': b'-- Up-to-date: /workspace/A1Z/ros2_ws/install/a1z_msgs/share/a1z_msgs/cmake/export_a1z_msgs__rosidl_generator_pyExport-noconfig.cmake\n'}
[0.236746] (a1z_msgs) StdoutLine: {'line': b'-- Up-to-date: /workspace/A1Z/ros2_ws/install/a1z_msgs/share/a1z_msgs/cmake/rosidl_cmake-extras.cmake\n'}
[0.236774] (a1z_msgs) StdoutLine: {'line': b'-- Up-to-date: /workspace/A1Z/ros2_ws/install/a1z_msgs/share/a1z_msgs/cmake/ament_cmake_export_dependencies-extras.cmake\n'}
[0.236802] (a1z_msgs) StdoutLine: {'line': b'-- Up-to-date: /workspace/A1Z/ros2_ws/install/a1z_msgs/share/a1z_msgs/cmake/ament_cmake_export_include_directories-extras.cmake\n'}
[0.236834] (a1z_msgs) StdoutLine: {'line': b'-- Up-to-date: /workspace/A1Z/ros2_ws/install/a1z_msgs/share/a1z_msgs/cmake/ament_cmake_export_libraries-extras.cmake\n'}
[0.236861] (a1z_msgs) StdoutLine: {'line': b'-- Up-to-date: /workspace/A1Z/ros2_ws/install/a1z_msgs/share/a1z_msgs/cmake/ament_cmake_export_targets-extras.cmake\n'}
[0.236889] (a1z_msgs) StdoutLine: {'line': b'-- Up-to-date: /workspace/A1Z/ros2_ws/install/a1z_msgs/share/a1z_msgs/cmake/rosidl_cmake_export_typesupport_targets-extras.cmake\n'}
[0.236910] (a1z_msgs) StdoutLine: {'line': b'-- Up-to-date: /workspace/A1Z/ros2_ws/install/a1z_msgs/share/a1z_msgs/cmake/rosidl_cmake_export_typesupport_libraries-extras.cmake\n'}
[0.236946] (a1z_msgs) StdoutLine: {'line': b'-- Up-to-date: /workspace/A1Z/ros2_ws/install/a1z_msgs/share/a1z_msgs/cmake/a1z_msgsConfig.cmake\n'}
[0.236968] (a1z_msgs) StdoutLine: {'line': b'-- Up-to-date: /workspace/A1Z/ros2_ws/install/a1z_msgs/share/a1z_msgs/cmake/a1z_msgsConfig-version.cmake\n'}
[0.236988] (a1z_msgs) StdoutLine: {'line': b'-- Up-to-date: /workspace/A1Z/ros2_ws/install/a1z_msgs/share/a1z_msgs/package.xml\n'}
[0.238818] (a1z_msgs) CommandEnded: {'returncode': 0}
[0.249252] (a1z_msgs) JobEnded: {'identifier': 'a1z_msgs', 'rc': 0}
[0.249820] (a1z_motion) JobStarted: {'identifier': 'a1z_motion'}
[0.300070] (-) TimerEvent: {}
[0.345026] (a1z_d405) Command: {'cmd': ['/usr/bin/python3', '-W', 'ignore:setup.py install is deprecated', '-W', 'ignore:easy_install command is deprecated', 'setup.py', 'egg_info', '--egg-base', '../../build/a1z_d405', 'build', '--build-base', '/workspace/A1Z/ros2_ws/build/a1z_d405/build', 'install', '--record', '/workspace/A1Z/ros2_ws/build/a1z_d405/install.log', '--single-version-externally-managed', 'install_data'], 'cwd': '/workspace/A1Z/ros2_ws/src/a1z_d405', 'env': {'A1Z_TCP_PORT': '18080', 'A1Z_REPO_ROOT': '/workspace/A1Z', 'HOSTNAME': 'th1rt3en-lab', 'SHLVL': '1', 'LD_LIBRARY_PATH': '/opt/ros/humble/lib/x86_64-linux-gnu:/opt/ros/humble/lib', 'HOME': '/root', 'OLDPWD': '/workspace/A1Z/ros2_ws', 'ROS_PYTHON_VERSION': '3', 'A1Z_SDK_DIR': '/workspace/A1Z/vendor/GALAXEA-A1Z', 'ROS_DISTRO': 'humble', '_': '/usr/bin/colcon', 'ROS_VERSION': '2', 'TERM': 'xterm', 'ROS_LOCALHOST_ONLY': '0', 'PATH': '/opt/ros/humble/bin:/usr/local/sbin:/usr/local/bin:/usr/sbin:/usr/bin:/sbin:/bin', 'A1Z_CONTROL_URDF': '/workspace/A1Z/build/robot_packages/A1Z_G1Z/urdf/A1Z_G1Z_control.urdf', 'LANG': 'C.UTF-8', 'AMENT_PREFIX_PATH': '/opt/ros/humble', 'DEBIAN_FRONTEND': 'noninteractive', 'PWD': '/workspace/A1Z/ros2_ws/build/a1z_d405', 'A1Z_TCP_HOST': '127.0.0.1', 'LC_ALL': 'C.UTF-8', 'PYTHONPATH': '/workspace/A1Z/ros2_ws/build/a1z_d405/prefix_override:/usr/lib/python3/dist-packages/colcon_core/task/python/colcon_distutils_commands:/workspace/A1Z/ros2_ws/install/a1z_d405/lib/python3.10/site-packages:/opt/ros/humble/lib/python3.10/site-packages:/opt/ros/humble/local/lib/python3.10/dist-packages', 'COLCON': '1'}, 'shell': False}
[0.346304] (a1z_open_vocab) Command: {'cmd': ['/usr/bin/python3', '-W', 'ignore:setup.py install is deprecated', '-W', 'ignore:easy_install command is deprecated', 'setup.py', 'egg_info', '--egg-base', '../../build/a1z_open_vocab', 'build', '--build-base', '/workspace/A1Z/ros2_ws/build/a1z_open_vocab/build', 'install', '--record', '/workspace/A1Z/ros2_ws/build/a1z_open_vocab/install.log', '--single-version-externally-managed', 'install_data'], 'cwd': '/workspace/A1Z/ros2_ws/src/a1z_open_vocab', 'env': {'A1Z_TCP_PORT': '18080', 'A1Z_REPO_ROOT': '/workspace/A1Z', 'HOSTNAME': 'th1rt3en-lab', 'SHLVL': '1', 'LD_LIBRARY_PATH': '/opt/ros/humble/lib/x86_64-linux-gnu:/opt/ros/humble/lib', 'HOME': '/root', 'OLDPWD': '/workspace/A1Z/ros2_ws', 'ROS_PYTHON_VERSION': '3', 'A1Z_SDK_DIR': '/workspace/A1Z/vendor/GALAXEA-A1Z', 'ROS_DISTRO': 'humble', '_': '/usr/bin/colcon', 'ROS_VERSION': '2', 'TERM': 'xterm', 'ROS_LOCALHOST_ONLY': '0', 'PATH': '/opt/ros/humble/bin:/usr/local/sbin:/usr/local/bin:/usr/sbin:/usr/bin:/sbin:/bin', 'A1Z_CONTROL_URDF': '/workspace/A1Z/build/robot_packages/A1Z_G1Z/urdf/A1Z_G1Z_control.urdf', 'LANG': 'C.UTF-8', 'AMENT_PREFIX_PATH': '/opt/ros/humble', 'DEBIAN_FRONTEND': 'noninteractive', 'PWD': '/workspace/A1Z/ros2_ws/build/a1z_open_vocab', 'A1Z_TCP_HOST': '127.0.0.1', 'LC_ALL': 'C.UTF-8', 'PYTHONPATH': '/workspace/A1Z/ros2_ws/build/a1z_open_vocab/prefix_override:/usr/lib/python3/dist-packages/colcon_core/task/python/colcon_distutils_commands:/workspace/A1Z/ros2_ws/install/a1z_open_vocab/lib/python3.10/site-packages:/opt/ros/humble/lib/python3.10/site-packages:/opt/ros/humble/local/lib/python3.10/dist-packages', 'COLCON': '1'}, 'shell': False}
[0.400165] (-) TimerEvent: {}
[0.425671] (a1z_open_vocab) StdoutLine: {'line': b'running egg_info\n'}
[0.425841] (a1z_d405) StdoutLine: {'line': b'running egg_info\n'}
[0.426067] (a1z_open_vocab) StdoutLine: {'line': b'writing ../../build/a1z_open_vocab/a1z_open_vocab.egg-info/PKG-INFO\n'}
[0.426112] (a1z_open_vocab) StdoutLine: {'line': b'writing dependency_links to ../../build/a1z_open_vocab/a1z_open_vocab.egg-info/dependency_links.txt\n'}
[0.426254] (a1z_d405) StdoutLine: {'line': b'writing ../../build/a1z_d405/a1z_d405.egg-info/PKG-INFO\n'}
[0.426306] (a1z_d405) StdoutLine: {'line': b'writing dependency_links to ../../build/a1z_d405/a1z_d405.egg-info/dependency_links.txt\n'}
[0.426337] (a1z_d405) StdoutLine: {'line': b'writing entry points to ../../build/a1z_d405/a1z_d405.egg-info/entry_points.txt\n'}
[0.426366] (a1z_open_vocab) StdoutLine: {'line': b'writing entry points to ../../build/a1z_open_vocab/a1z_open_vocab.egg-info/entry_points.txt\n'}
[0.426396] (a1z_d405) StdoutLine: {'line': b'writing requirements to ../../build/a1z_d405/a1z_d405.egg-info/requires.txt\n'}
[0.426424] (a1z_d405) StdoutLine: {'line': b'writing top-level names to ../../build/a1z_d405/a1z_d405.egg-info/top_level.txt\n'}
[0.426451] (a1z_open_vocab) StdoutLine: {'line': b'writing requirements to ../../build/a1z_open_vocab/a1z_open_vocab.egg-info/requires.txt\n'}
[0.426479] (a1z_open_vocab) StdoutLine: {'line': b'writing top-level names to ../../build/a1z_open_vocab/a1z_open_vocab.egg-info/top_level.txt\n'}
[0.426960] (a1z_open_vocab) StdoutLine: {'line': b"reading manifest file '../../build/a1z_open_vocab/a1z_open_vocab.egg-info/SOURCES.txt'\n"}
[0.427032] (a1z_d405) StdoutLine: {'line': b"reading manifest file '../../build/a1z_d405/a1z_d405.egg-info/SOURCES.txt'\n"}
[0.427124] (a1z_open_vocab) StdoutLine: {'line': b"writing manifest file '../../build/a1z_open_vocab/a1z_open_vocab.egg-info/SOURCES.txt'\n"}
[0.427167] (a1z_open_vocab) StdoutLine: {'line': b'running build\n'}
[0.427207] (a1z_open_vocab) StdoutLine: {'line': b'running build_py\n'}
[0.427247] (a1z_d405) StdoutLine: {'line': b"writing manifest file '../../build/a1z_d405/a1z_d405.egg-info/SOURCES.txt'\n"}
[0.427294] (a1z_d405) StdoutLine: {'line': b'running build\n'}
[0.427324] (a1z_d405) StdoutLine: {'line': b'running build_py\n'}
[0.427537] (a1z_open_vocab) StdoutLine: {'line': b'running install\n'}
[0.427578] (a1z_open_vocab) StdoutLine: {'line': b'running install_lib\n'}
[0.427607] (a1z_d405) StdoutLine: {'line': b'running install\n'}
[0.427636] (a1z_d405) StdoutLine: {'line': b'running install_lib\n'}
[0.428022] (a1z_open_vocab) StdoutLine: {'line': b'running install_data\n'}
[0.428054] (a1z_open_vocab) StdoutLine: {'line': b'running install_egg_info\n'}
[0.428660] (a1z_d405) StdoutLine: {'line': b'running install_data\n'}
[0.428692] (a1z_d405) StdoutLine: {'line': b'running install_egg_info\n'}
[0.429309] (a1z_open_vocab) StdoutLine: {'line': b"removing '/workspace/A1Z/ros2_ws/install/a1z_open_vocab/lib/python3.10/site-packages/a1z_open_vocab-0.1.0-py3.10.egg-info' (and everything under it)\n"}
[0.429362] (a1z_d405) StdoutLine: {'line': b"removing '/workspace/A1Z/ros2_ws/install/a1z_d405/lib/python3.10/site-packages/a1z_d405-0.1.0-py3.10.egg-info' (and everything under it)\n"}
[0.429405] (a1z_open_vocab) StdoutLine: {'line': b'Copying ../../build/a1z_open_vocab/a1z_open_vocab.egg-info to /workspace/A1Z/ros2_ws/install/a1z_open_vocab/lib/python3.10/site-packages/a1z_open_vocab-0.1.0-py3.10.egg-info\n'}
[0.429503] (a1z_d405) StdoutLine: {'line': b'Copying ../../build/a1z_d405/a1z_d405.egg-info to /workspace/A1Z/ros2_ws/install/a1z_d405/lib/python3.10/site-packages/a1z_d405-0.1.0-py3.10.egg-info\n'}
[0.429689] (a1z_open_vocab) StdoutLine: {'line': b'running install_scripts\n'}
[0.429781] (a1z_d405) StdoutLine: {'line': b'running install_scripts\n'}
[0.438908] (a1z_d405) StdoutLine: {'line': b'Installing d405_bridge script to /workspace/A1Z/ros2_ws/install/a1z_d405/lib/a1z_d405\n'}
[0.439062] (a1z_open_vocab) StdoutLine: {'line': b'Installing vision_request script to /workspace/A1Z/ros2_ws/install/a1z_open_vocab/lib/a1z_open_vocab\n'}
[0.439141] (a1z_open_vocab) StdoutLine: {'line': b"writing list of installed files to '/workspace/A1Z/ros2_ws/build/a1z_open_vocab/install.log'\n"}
[0.439179] (a1z_d405) StdoutLine: {'line': b"writing list of installed files to '/workspace/A1Z/ros2_ws/build/a1z_d405/install.log'\n"}
[0.454009] (a1z_open_vocab) CommandEnded: {'returncode': 0}
[0.457571] (a1z_open_vocab) JobEnded: {'identifier': 'a1z_open_vocab', 'rc': 0}
[0.457931] (a1z_d405) CommandEnded: {'returncode': 0}
[0.460450] (a1z_d405) JobEnded: {'identifier': 'a1z_d405', 'rc': 0}
[0.472968] (a1z_motion) Command: {'cmd': ['/usr/bin/python3', '-W', 'ignore:setup.py install is deprecated', '-W', 'ignore:easy_install command is deprecated', 'setup.py', 'egg_info', '--egg-base', '../../build/a1z_motion', 'build', '--build-base', '/workspace/A1Z/ros2_ws/build/a1z_motion/build', 'install', '--record', '/workspace/A1Z/ros2_ws/build/a1z_motion/install.log', '--single-version-externally-managed', 'install_data'], 'cwd': '/workspace/A1Z/ros2_ws/src/a1z_motion', 'env': {'A1Z_TCP_PORT': '18080', 'A1Z_REPO_ROOT': '/workspace/A1Z', 'HOSTNAME': 'th1rt3en-lab', 'SHLVL': '1', 'LD_LIBRARY_PATH': '/workspace/A1Z/ros2_ws/install/a1z_msgs/lib:/opt/ros/humble/lib/x86_64-linux-gnu:/opt/ros/humble/lib', 'HOME': '/root', 'OLDPWD': '/workspace/A1Z/ros2_ws', 'ROS_PYTHON_VERSION': '3', 'A1Z_SDK_DIR': '/workspace/A1Z/vendor/GALAXEA-A1Z', 'ROS_DISTRO': 'humble', '_': '/usr/bin/colcon', 'ROS_VERSION': '2', 'TERM': 'xterm', 'ROS_LOCALHOST_ONLY': '0', 'PATH': '/opt/ros/humble/bin:/usr/local/sbin:/usr/local/bin:/usr/sbin:/usr/bin:/sbin:/bin', 'A1Z_CONTROL_URDF': '/workspace/A1Z/build/robot_packages/A1Z_G1Z/urdf/A1Z_G1Z_control.urdf', 'LANG': 'C.UTF-8', 'AMENT_PREFIX_PATH': '/workspace/A1Z/ros2_ws/install/a1z_msgs:/opt/ros/humble', 'DEBIAN_FRONTEND': 'noninteractive', 'PWD': '/workspace/A1Z/ros2_ws/build/a1z_motion', 'A1Z_TCP_HOST': '127.0.0.1', 'LC_ALL': 'C.UTF-8', 'PYTHONPATH': '/workspace/A1Z/ros2_ws/build/a1z_motion/prefix_override:/usr/lib/python3/dist-packages/colcon_core/task/python/colcon_distutils_commands:/workspace/A1Z/ros2_ws/install/a1z_motion/lib/python3.10/site-packages:/workspace/A1Z/ros2_ws/install/a1z_msgs/local/lib/python3.10/dist-packages:/opt/ros/humble/lib/python3.10/site-packages:/opt/ros/humble/local/lib/python3.10/dist-packages', 'COLCON': '1', 'CMAKE_PREFIX_PATH': '/workspace/A1Z/ros2_ws/install/a1z_msgs'}, 'shell': False}
[0.500202] (-) TimerEvent: {}
[0.557499] (a1z_motion) StdoutLine: {'line': b'running egg_info\n'}
[0.557727] (a1z_motion) StdoutLine: {'line': b'writing ../../build/a1z_motion/a1z_motion.egg-info/PKG-INFO\n'}
[0.557881] (a1z_motion) StdoutLine: {'line': b'writing dependency_links to ../../build/a1z_motion/a1z_motion.egg-info/dependency_links.txt\n'}
[0.557935] (a1z_motion) StdoutLine: {'line': b'writing entry points to ../../build/a1z_motion/a1z_motion.egg-info/entry_points.txt\n'}
[0.557976] (a1z_motion) StdoutLine: {'line': b'writing requirements to ../../build/a1z_motion/a1z_motion.egg-info/requires.txt\n'}
[0.558013] (a1z_motion) StdoutLine: {'line': b'writing top-level names to ../../build/a1z_motion/a1z_motion.egg-info/top_level.txt\n'}
[0.558952] (a1z_motion) StdoutLine: {'line': b"reading manifest file '../../build/a1z_motion/a1z_motion.egg-info/SOURCES.txt'\n"}
[0.559089] (a1z_motion) StdoutLine: {'line': b"writing manifest file '../../build/a1z_motion/a1z_motion.egg-info/SOURCES.txt'\n"}
[0.559129] (a1z_motion) StdoutLine: {'line': b'running build\n'}
[0.559164] (a1z_motion) StdoutLine: {'line': b'running build_py\n'}
[0.559328] (a1z_motion) StdoutLine: {'line': b'running install\n'}
[0.559373] (a1z_motion) StdoutLine: {'line': b'running install_lib\n'}
[0.560420] (a1z_motion) StdoutLine: {'line': b'running install_data\n'}
[0.560733] (a1z_motion) StdoutLine: {'line': b'running install_egg_info\n'}
[0.561240] (a1z_motion) StdoutLine: {'line': b"removing '/workspace/A1Z/ros2_ws/install/a1z_motion/lib/python3.10/site-packages/a1z_motion-0.1.0-py3.10.egg-info' (and everything under it)\n"}
[0.561516] (a1z_motion) StdoutLine: {'line': b'Copying ../../build/a1z_motion/a1z_motion.egg-info to /workspace/A1Z/ros2_ws/install/a1z_motion/lib/python3.10/site-packages/a1z_motion-0.1.0-py3.10.egg-info\n'}
[0.561921] (a1z_motion) StdoutLine: {'line': b'running install_scripts\n'}
[0.570956] (a1z_motion) StdoutLine: {'line': b'Installing motion_executor script to /workspace/A1Z/ros2_ws/install/a1z_motion/lib/a1z_motion\n'}
[0.571087] (a1z_motion) StdoutLine: {'line': b'Installing robot_state script to /workspace/A1Z/ros2_ws/install/a1z_motion/lib/a1z_motion\n'}
[0.571364] (a1z_motion) StdoutLine: {'line': b"writing list of installed files to '/workspace/A1Z/ros2_ws/build/a1z_motion/install.log'\n"}
[0.582829] (a1z_motion) CommandEnded: {'returncode': 0}
[0.585900] (a1z_motion) JobEnded: {'identifier': 'a1z_motion', 'rc': 0}
[0.586227] (-) EventReactorShutdown: {}
