[0.000000] (-) TimerEvent: {}
[0.000292] (a1z_d405) JobQueued: {'identifier': 'a1z_d405', 'dependencies': OrderedDict()}
[0.000341] (a1z_msgs) JobQueued: {'identifier': 'a1z_msgs', 'dependencies': OrderedDict()}
[0.000471] (a1z_motion) JobQueued: {'identifier': 'a1z_motion', 'dependencies': OrderedDict([('a1z_msgs', '/workspace/A1Z/ros2_ws/install/a1z_msgs')])}
[0.000601] (a1z_msgs) JobStarted: {'identifier': 'a1z_msgs'}
[0.003476] (a1z_d405) JobStarted: {'identifier': 'a1z_d405'}
[0.006720] (a1z_msgs) JobProgress: {'identifier': 'a1z_msgs', 'progress': 'cmake'}
[0.006976] (a1z_msgs) JobProgress: {'identifier': 'a1z_msgs', 'progress': 'build'}
[0.007274] (a1z_msgs) Command: {'cmd': ['/usr/bin/cmake', '--build', '/workspace/A1Z/ros2_ws/build/a1z_msgs', '--', '-j24', '-l24'], 'cwd': '/workspace/A1Z/ros2_ws/build/a1z_msgs', 'env': OrderedDict([('HOSTNAME', 'th1rt3en-lab'), ('SHLVL', '1'), ('LD_LIBRARY_PATH', '/opt/ros/humble/lib/x86_64-linux-gnu:/opt/ros/humble/lib'), ('HOME', '/root'), ('OLDPWD', '/workspace/A1Z/ros2_ws'), ('ROS_PYTHON_VERSION', '3'), ('ROS_DISTRO', 'humble'), ('_', '/usr/bin/colcon'), ('ROS_VERSION', '2'), ('ROS_LOCALHOST_ONLY', '0'), ('PATH', '/opt/ros/humble/bin:/usr/local/sbin:/usr/local/bin:/usr/sbin:/usr/bin:/sbin:/bin'), ('LANG', 'C.UTF-8'), ('AMENT_PREFIX_PATH', '/opt/ros/humble'), ('DEBIAN_FRONTEND', 'noninteractive'), ('PWD', '/workspace/A1Z/ros2_ws/build/a1z_msgs'), ('LC_ALL', 'C.UTF-8'), ('PYTHONPATH', '/opt/ros/humble/lib/python3.10/site-packages:/opt/ros/humble/local/lib/python3.10/dist-packages'), ('COLCON', '1'), ('CMAKE_PREFIX_PATH', '/opt/ros/humble')]), 'shell': False}
[0.100021] (-) TimerEvent: {}
[0.138449] (a1z_msgs) StdoutLine: {'line': b'[  3%] Built target a1z_msgs__cpp\n'}
[0.138576] (a1z_msgs) StdoutLine: {'line': b'[  6%] Built target a1z_msgs__rs\n'}
[0.138617] (a1z_msgs) StdoutLine: {'line': b'[ 15%] Built target a1z_msgs__rosidl_generator_c\n'}
[0.138656] (a1z_msgs) StdoutLine: {'line': b'[ 15%] Built target ament_cmake_python_copy_a1z_msgs\n'}
[0.138690] (a1z_msgs) StdoutLine: {'line': b'[ 25%] Built target a1z_msgs__rosidl_typesupport_introspection_cpp\n'}
[0.138722] (a1z_msgs) StdoutLine: {'line': b'[ 34%] Built target a1z_msgs__rosidl_typesupport_fastrtps_cpp\n'}
[0.138752] (a1z_msgs) StdoutLine: {'line': b'[ 43%] Built target a1z_msgs__rosidl_typesupport_introspection_c\n'}
[0.138784] (a1z_msgs) StdoutLine: {'line': b'[ 53%] Built target a1z_msgs__rosidl_typesupport_c\n'}
[0.138814] (a1z_msgs) StdoutLine: {'line': b'[ 62%] Built target a1z_msgs__rosidl_typesupport_cpp\n'}
[0.138898] (a1z_msgs) StdoutLine: {'line': b'[ 71%] Built target a1z_msgs__rosidl_typesupport_fastrtps_c\n'}
[0.138927] (a1z_msgs) StdoutLine: {'line': b'[ 71%] Built target a1z_msgs\n'}
[0.139145] (a1z_msgs) StdoutLine: {'line': b'[ 75%] Built target a1z_msgs__py\n'}
[0.139188] (a1z_msgs) StdoutLine: {'line': b'[ 81%] Built target a1z_msgs__rosidl_generator_py\n'}
[0.139219] (a1z_msgs) StdoutLine: {'line': b'[ 87%] Built target a1z_msgs__rosidl_typesupport_introspection_c__pyext\n'}
[0.140926] (a1z_msgs) StdoutLine: {'line': b'[100%] Built target a1z_msgs__rosidl_typesupport_c__pyext\n'}
[0.141122] (a1z_msgs) StdoutLine: {'line': b'[100%] Built target a1z_msgs__rosidl_typesupport_fastrtps_c__pyext\n'}
[0.159851] (a1z_msgs) StdoutLine: {'line': b'running egg_info\n'}
[0.160328] (a1z_msgs) StdoutLine: {'line': b'writing a1z_msgs.egg-info/PKG-INFO\n'}
[0.160421] (a1z_msgs) StdoutLine: {'line': b'writing dependency_links to a1z_msgs.egg-info/dependency_links.txt\n'}
[0.160460] (a1z_msgs) StdoutLine: {'line': b'writing top-level names to a1z_msgs.egg-info/top_level.txt\n'}
[0.161016] (a1z_msgs) StdoutLine: {'line': b"reading manifest file 'a1z_msgs.egg-info/SOURCES.txt'\n"}
[0.161218] (a1z_msgs) StdoutLine: {'line': b"writing manifest file 'a1z_msgs.egg-info/SOURCES.txt'\n"}
[0.184303] (a1z_msgs) StdoutLine: {'line': b'[100%] Built target ament_cmake_python_build_a1z_msgs_egg\n'}
[0.201349] (-) TimerEvent: {}
[0.240215] (a1z_msgs) CommandEnded: {'returncode': 0}
[0.240892] (a1z_msgs) JobProgress: {'identifier': 'a1z_msgs', 'progress': 'install'}
[0.253938] (a1z_msgs) Command: {'cmd': ['/usr/bin/cmake', '--install', '/workspace/A1Z/ros2_ws/build/a1z_msgs'], 'cwd': '/workspace/A1Z/ros2_ws/build/a1z_msgs', 'env': OrderedDict([('HOSTNAME', 'th1rt3en-lab'), ('SHLVL', '1'), ('LD_LIBRARY_PATH', '/opt/ros/humble/lib/x86_64-linux-gnu:/opt/ros/humble/lib'), ('HOME', '/root'), ('OLDPWD', '/workspace/A1Z/ros2_ws'), ('ROS_PYTHON_VERSION', '3'), ('ROS_DISTRO', 'humble'), ('_', '/usr/bin/colcon'), ('ROS_VERSION', '2'), ('ROS_LOCALHOST_ONLY', '0'), ('PATH', '/opt/ros/humble/bin:/usr/local/sbin:/usr/local/bin:/usr/sbin:/usr/bin:/sbin:/bin'), ('LANG', 'C.UTF-8'), ('AMENT_PREFIX_PATH', '/opt/ros/humble'), ('DEBIAN_FRONTEND', 'noninteractive'), ('PWD', '/workspace/A1Z/ros2_ws/build/a1z_msgs'), ('LC_ALL', 'C.UTF-8'), ('PYTHONPATH', '/opt/ros/humble/lib/python3.10/site-packages:/opt/ros/humble/local/lib/python3.10/dist-packages'), ('COLCON', '1'), ('CMAKE_PREFIX_PATH', '/opt/ros/humble')]), 'shell': False}
[0.259722] (a1z_msgs) StdoutLine: {'line': b'-- Install configuration: ""\n'}
[0.259943] (a1z_msgs) StdoutLine: {'line': b'-- Up-to-date: /workspace/A1Z/ros2_ws/install/a1z_msgs/share/ament_index/resource_index/rosidl_interfaces/a1z_msgs\n'}
[0.260100] (a1z_msgs) StdoutLine: {'line': b'-- Up-to-date: /workspace/A1Z/ros2_ws/install/a1z_msgs/include/a1z_msgs/a1z_msgs\n'}
[0.260142] (a1z_msgs) StdoutLine: {'line': b'-- Up-to-date: /workspace/A1Z/ros2_ws/install/a1z_msgs/include/a1z_msgs/a1z_msgs/action\n'}
[0.260427] (a1z_msgs) StdoutLine: {'line': b'-- Up-to-date: /workspace/A1Z/ros2_ws/install/a1z_msgs/include/a1z_msgs/a1z_msgs/action/move_end_effector.h\n'}
[0.260641] (a1z_msgs) StdoutLine: {'line': b'-- Up-to-date: /workspace/A1Z/ros2_ws/install/a1z_msgs/include/a1z_msgs/a1z_msgs/action/detail\n'}
[0.260763] (a1z_msgs) StdoutLine: {'line': b'-- Up-to-date: /workspace/A1Z/ros2_ws/install/a1z_msgs/include/a1z_msgs/a1z_msgs/action/detail/move_end_effector__struct.h\n'}
[0.260868] (a1z_msgs) StdoutLine: {'line': b'-- Up-to-date: /workspace/A1Z/ros2_ws/install/a1z_msgs/include/a1z_msgs/a1z_msgs/action/detail/move_end_effector__functions.h\n'}
[0.260915] (a1z_msgs) StdoutLine: {'line': b'-- Up-to-date: /workspace/A1Z/ros2_ws/install/a1z_msgs/include/a1z_msgs/a1z_msgs/action/detail/move_end_effector__type_support.h\n'}
[0.260945] (a1z_msgs) StdoutLine: {'line': b'-- Up-to-date: /workspace/A1Z/ros2_ws/install/a1z_msgs/include/a1z_msgs/a1z_msgs/action/detail/move_end_effector__functions.c\n'}
[0.260992] (a1z_msgs) StdoutLine: {'line': b'-- Up-to-date: /workspace/A1Z/ros2_ws/install/a1z_msgs/include/a1z_msgs/a1z_msgs/msg\n'}
[0.261066] (a1z_msgs) StdoutLine: {'line': b'-- Up-to-date: /workspace/A1Z/ros2_ws/install/a1z_msgs/include/a1z_msgs/a1z_msgs/msg/rosidl_generator_c__visibility_control.h\n'}
[0.261109] (a1z_msgs) StdoutLine: {'line': b'-- Up-to-date: /workspace/A1Z/ros2_ws/install/a1z_msgs/share/a1z_msgs/environment/library_path.sh\n'}
[0.261152] (a1z_msgs) StdoutLine: {'line': b'-- Up-to-date: /workspace/A1Z/ros2_ws/install/a1z_msgs/share/a1z_msgs/environment/library_path.dsv\n'}
[0.261187] (a1z_msgs) StdoutLine: {'line': b'-- Up-to-date: /workspace/A1Z/ros2_ws/install/a1z_msgs/lib/liba1z_msgs__rosidl_generator_c.so\n'}
[0.261244] (a1z_msgs) StdoutLine: {'line': b'-- Up-to-date: /workspace/A1Z/ros2_ws/install/a1z_msgs/include/a1z_msgs/a1z_msgs\n'}
[0.261273] (a1z_msgs) StdoutLine: {'line': b'-- Up-to-date: /workspace/A1Z/ros2_ws/install/a1z_msgs/include/a1z_msgs/a1z_msgs/action\n'}
[0.261413] (a1z_msgs) StdoutLine: {'line': b'-- Up-to-date: /workspace/A1Z/ros2_ws/install/a1z_msgs/include/a1z_msgs/a1z_msgs/action/detail\n'}
[0.261457] (a1z_msgs) StdoutLine: {'line': b'-- Up-to-date: /workspace/A1Z/ros2_ws/install/a1z_msgs/include/a1z_msgs/a1z_msgs/action/detail/move_end_effector__rosidl_typesupport_fastrtps_c.h\n'}
[0.261488] (a1z_msgs) StdoutLine: {'line': b'-- Up-to-date: /workspace/A1Z/ros2_ws/install/a1z_msgs/include/a1z_msgs/a1z_msgs/msg\n'}
[0.261525] (a1z_msgs) StdoutLine: {'line': b'-- Up-to-date: /workspace/A1Z/ros2_ws/install/a1z_msgs/include/a1z_msgs/a1z_msgs/msg/rosidl_typesupport_fastrtps_c__visibility_control.h\n'}
[0.261557] (a1z_msgs) StdoutLine: {'line': b'-- Up-to-date: /workspace/A1Z/ros2_ws/install/a1z_msgs/lib/liba1z_msgs__rosidl_typesupport_fastrtps_c.so\n'}
[0.261585] (a1z_msgs) StdoutLine: {'line': b'-- Up-to-date: /workspace/A1Z/ros2_ws/install/a1z_msgs/include/a1z_msgs/a1z_msgs\n'}
[0.261613] (a1z_msgs) StdoutLine: {'line': b'-- Up-to-date: /workspace/A1Z/ros2_ws/install/a1z_msgs/include/a1z_msgs/a1z_msgs/action\n'}
[0.261643] (a1z_msgs) StdoutLine: {'line': b'-- Up-to-date: /workspace/A1Z/ros2_ws/install/a1z_msgs/include/a1z_msgs/a1z_msgs/action/detail\n'}
[0.261671] (a1z_msgs) StdoutLine: {'line': b'-- Up-to-date: /workspace/A1Z/ros2_ws/install/a1z_msgs/include/a1z_msgs/a1z_msgs/action/detail/move_end_effector__struct.hpp\n'}
[0.261699] (a1z_msgs) StdoutLine: {'line': b'-- Up-to-date: /workspace/A1Z/ros2_ws/install/a1z_msgs/include/a1z_msgs/a1z_msgs/action/detail/move_end_effector__builder.hpp\n'}
[0.261726] (a1z_msgs) StdoutLine: {'line': b'-- Up-to-date: /workspace/A1Z/ros2_ws/install/a1z_msgs/include/a1z_msgs/a1z_msgs/action/detail/move_end_effector__traits.hpp\n'}
[0.261754] (a1z_msgs) StdoutLine: {'line': b'-- Up-to-date: /workspace/A1Z/ros2_ws/install/a1z_msgs/include/a1z_msgs/a1z_msgs/action/detail/move_end_effector__type_support.hpp\n'}
[0.261788] (a1z_msgs) StdoutLine: {'line': b'-- Up-to-date: /workspace/A1Z/ros2_ws/install/a1z_msgs/include/a1z_msgs/a1z_msgs/action/move_end_effector.hpp\n'}
[0.261816] (a1z_msgs) StdoutLine: {'line': b'-- Up-to-date: /workspace/A1Z/ros2_ws/install/a1z_msgs/include/a1z_msgs/a1z_msgs/msg\n'}
[0.261843] (a1z_msgs) StdoutLine: {'line': b'-- Up-to-date: /workspace/A1Z/ros2_ws/install/a1z_msgs/include/a1z_msgs/a1z_msgs/msg/rosidl_generator_cpp__visibility_control.hpp\n'}
[0.261870] (a1z_msgs) StdoutLine: {'line': b'-- Up-to-date: /workspace/A1Z/ros2_ws/install/a1z_msgs/include/a1z_msgs/a1z_msgs\n'}
[0.261898] (a1z_msgs) StdoutLine: {'line': b'-- Up-to-date: /workspace/A1Z/ros2_ws/install/a1z_msgs/include/a1z_msgs/a1z_msgs/action\n'}
[0.262052] (a1z_msgs) StdoutLine: {'line': b'-- Up-to-date: /workspace/A1Z/ros2_ws/install/a1z_msgs/include/a1z_msgs/a1z_msgs/action/detail\n'}
[0.262081] (a1z_msgs) StdoutLine: {'line': b'-- Up-to-date: /workspace/A1Z/ros2_ws/install/a1z_msgs/include/a1z_msgs/a1z_msgs/action/detail/move_end_effector__rosidl_typesupport_fastrtps_cpp.hpp\n'}
[0.262112] (a1z_msgs) StdoutLine: {'line': b'-- Up-to-date: /workspace/A1Z/ros2_ws/install/a1z_msgs/include/a1z_msgs/a1z_msgs/action/detail/dds_fastrtps\n'}
[0.262141] (a1z_msgs) StdoutLine: {'line': b'-- Up-to-date: /workspace/A1Z/ros2_ws/install/a1z_msgs/include/a1z_msgs/a1z_msgs/msg\n'}
[0.262172] (a1z_msgs) StdoutLine: {'line': b'-- Up-to-date: /workspace/A1Z/ros2_ws/install/a1z_msgs/include/a1z_msgs/a1z_msgs/msg/rosidl_typesupport_fastrtps_cpp__visibility_control.h\n'}
[0.262204] (a1z_msgs) StdoutLine: {'line': b'-- Up-to-date: /workspace/A1Z/ros2_ws/install/a1z_msgs/lib/liba1z_msgs__rosidl_typesupport_fastrtps_cpp.so\n'}
[0.262236] (a1z_msgs) StdoutLine: {'line': b'-- Up-to-date: /workspace/A1Z/ros2_ws/install/a1z_msgs/include/a1z_msgs/a1z_msgs\n'}
[0.262266] (a1z_msgs) StdoutLine: {'line': b'-- Up-to-date: /workspace/A1Z/ros2_ws/install/a1z_msgs/include/a1z_msgs/a1z_msgs/action\n'}
[0.262294] (a1z_msgs) StdoutLine: {'line': b'-- Up-to-date: /workspace/A1Z/ros2_ws/install/a1z_msgs/include/a1z_msgs/a1z_msgs/action/detail\n'}
[0.262323] (a1z_msgs) StdoutLine: {'line': b'-- Up-to-date: /workspace/A1Z/ros2_ws/install/a1z_msgs/include/a1z_msgs/a1z_msgs/action/detail/move_end_effector__rosidl_typesupport_introspection_c.h\n'}
[0.262350] (a1z_msgs) StdoutLine: {'line': b'-- Up-to-date: /workspace/A1Z/ros2_ws/install/a1z_msgs/include/a1z_msgs/a1z_msgs/action/detail/move_end_effector__type_support.c\n'}
[0.262383] (a1z_msgs) StdoutLine: {'line': b'-- Up-to-date: /workspace/A1Z/ros2_ws/install/a1z_msgs/include/a1z_msgs/a1z_msgs/msg\n'}
[0.262412] (a1z_msgs) StdoutLine: {'line': b'-- Up-to-date: /workspace/A1Z/ros2_ws/install/a1z_msgs/include/a1z_msgs/a1z_msgs/msg/rosidl_typesupport_introspection_c__visibility_control.h\n'}
[0.262445] (a1z_msgs) StdoutLine: {'line': b'-- Up-to-date: /workspace/A1Z/ros2_ws/install/a1z_msgs/lib/liba1z_msgs__rosidl_typesupport_introspection_c.so\n'}
[0.262475] (a1z_msgs) StdoutLine: {'line': b'-- Up-to-date: /workspace/A1Z/ros2_ws/install/a1z_msgs/lib/liba1z_msgs__rosidl_typesupport_c.so\n'}
[0.262502] (a1z_msgs) StdoutLine: {'line': b'-- Up-to-date: /workspace/A1Z/ros2_ws/install/a1z_msgs/include/a1z_msgs/a1z_msgs\n'}
[0.262530] (a1z_msgs) StdoutLine: {'line': b'-- Up-to-date: /workspace/A1Z/ros2_ws/install/a1z_msgs/include/a1z_msgs/a1z_msgs/action\n'}
[0.262558] (a1z_msgs) StdoutLine: {'line': b'-- Up-to-date: /workspace/A1Z/ros2_ws/install/a1z_msgs/include/a1z_msgs/a1z_msgs/action/detail\n'}
[0.262593] (a1z_msgs) StdoutLine: {'line': b'-- Up-to-date: /workspace/A1Z/ros2_ws/install/a1z_msgs/include/a1z_msgs/a1z_msgs/action/detail/move_end_effector__rosidl_typesupport_introspection_cpp.hpp\n'}
[0.262622] (a1z_msgs) StdoutLine: {'line': b'-- Up-to-date: /workspace/A1Z/ros2_ws/install/a1z_msgs/include/a1z_msgs/a1z_msgs/action/detail/move_end_effector__type_support.cpp\n'}
[0.262655] (a1z_msgs) StdoutLine: {'line': b'-- Up-to-date: /workspace/A1Z/ros2_ws/install/a1z_msgs/lib/liba1z_msgs__rosidl_typesupport_introspection_cpp.so\n'}
[0.262686] (a1z_msgs) StdoutLine: {'line': b'-- Up-to-date: /workspace/A1Z/ros2_ws/install/a1z_msgs/lib/liba1z_msgs__rosidl_typesupport_cpp.so\n'}
[0.262713] (a1z_msgs) StdoutLine: {'line': b'-- Up-to-date: /workspace/A1Z/ros2_ws/install/a1z_msgs/share/a1z_msgs/environment/pythonpath.sh\n'}
[0.262742] (a1z_msgs) StdoutLine: {'line': b'-- Up-to-date: /workspace/A1Z/ros2_ws/install/a1z_msgs/share/a1z_msgs/environment/pythonpath.dsv\n'}
[0.262771] (a1z_msgs) StdoutLine: {'line': b'-- Up-to-date: /workspace/A1Z/ros2_ws/install/a1z_msgs/local/lib/python3.10/dist-packages/a1z_msgs-0.1.0-py3.10.egg-info\n'}
[0.262799] (a1z_msgs) StdoutLine: {'line': b'-- Installing: /workspace/A1Z/ros2_ws/install/a1z_msgs/local/lib/python3.10/dist-packages/a1z_msgs-0.1.0-py3.10.egg-info/PKG-INFO\n'}
[0.262835] (a1z_msgs) StdoutLine: {'line': b'-- Installing: /workspace/A1Z/ros2_ws/install/a1z_msgs/local/lib/python3.10/dist-packages/a1z_msgs-0.1.0-py3.10.egg-info/SOURCES.txt\n'}
[0.262866] (a1z_msgs) StdoutLine: {'line': b'-- Installing: /workspace/A1Z/ros2_ws/install/a1z_msgs/local/lib/python3.10/dist-packages/a1z_msgs-0.1.0-py3.10.egg-info/dependency_links.txt\n'}
[0.262895] (a1z_msgs) StdoutLine: {'line': b'-- Installing: /workspace/A1Z/ros2_ws/install/a1z_msgs/local/lib/python3.10/dist-packages/a1z_msgs-0.1.0-py3.10.egg-info/top_level.txt\n'}
[0.262923] (a1z_msgs) StdoutLine: {'line': b'-- Up-to-date: /workspace/A1Z/ros2_ws/install/a1z_msgs/local/lib/python3.10/dist-packages/a1z_msgs\n'}
[0.262951] (a1z_msgs) StdoutLine: {'line': b'-- Up-to-date: /workspace/A1Z/ros2_ws/install/a1z_msgs/local/lib/python3.10/dist-packages/a1z_msgs/action\n'}
[0.262979] (a1z_msgs) StdoutLine: {'line': b'-- Up-to-date: /workspace/A1Z/ros2_ws/install/a1z_msgs/local/lib/python3.10/dist-packages/a1z_msgs/action/_move_end_effector_s.c\n'}
[0.263011] (a1z_msgs) StdoutLine: {'line': b'-- Up-to-date: /workspace/A1Z/ros2_ws/install/a1z_msgs/local/lib/python3.10/dist-packages/a1z_msgs/action/_move_end_effector.py\n'}
[0.263043] (a1z_msgs) StdoutLine: {'line': b'-- Up-to-date: /workspace/A1Z/ros2_ws/install/a1z_msgs/local/lib/python3.10/dist-packages/a1z_msgs/action/__init__.py\n'}
[0.263073] (a1z_msgs) StdoutLine: {'line': b'-- Up-to-date: /workspace/A1Z/ros2_ws/install/a1z_msgs/local/lib/python3.10/dist-packages/a1z_msgs/liba1z_msgs__rosidl_generator_py.so\n'}
[0.263103] (a1z_msgs) StdoutLine: {'line': b'-- Up-to-date: /workspace/A1Z/ros2_ws/install/a1z_msgs/local/lib/python3.10/dist-packages/a1z_msgs/a1z_msgs_s__rosidl_typesupport_introspection_c.cpython-310-x86_64-linux-gnu.so\n'}
[0.263136] (a1z_msgs) StdoutLine: {'line': b'-- Up-to-date: /workspace/A1Z/ros2_ws/install/a1z_msgs/local/lib/python3.10/dist-packages/a1z_msgs/_a1z_msgs_s.ep.rosidl_typesupport_c.c\n'}
[0.263170] (a1z_msgs) StdoutLine: {'line': b'-- Up-to-date: /workspace/A1Z/ros2_ws/install/a1z_msgs/local/lib/python3.10/dist-packages/a1z_msgs/a1z_msgs_s__rosidl_typesupport_fastrtps_c.cpython-310-x86_64-linux-gnu.so\n'}
[0.263201] (a1z_msgs) StdoutLine: {'line': b'-- Up-to-date: /workspace/A1Z/ros2_ws/install/a1z_msgs/local/lib/python3.10/dist-packages/a1z_msgs/_a1z_msgs_s.ep.rosidl_typesupport_introspection_c.c\n'}
[0.263233] (a1z_msgs) StdoutLine: {'line': b'-- Up-to-date: /workspace/A1Z/ros2_ws/install/a1z_msgs/local/lib/python3.10/dist-packages/a1z_msgs/a1z_msgs_s__rosidl_typesupport_c.cpython-310-x86_64-linux-gnu.so\n'}
[0.263264] (a1z_msgs) StdoutLine: {'line': b'-- Up-to-date: /workspace/A1Z/ros2_ws/install/a1z_msgs/local/lib/python3.10/dist-packages/a1z_msgs/_a1z_msgs_s.ep.rosidl_typesupport_fastrtps_c.c\n'}
[0.263293] (a1z_msgs) StdoutLine: {'line': b'-- Up-to-date: /workspace/A1Z/ros2_ws/install/a1z_msgs/local/lib/python3.10/dist-packages/a1z_msgs/__init__.py\n'}
[0.285529] (a1z_msgs) StdoutLine: {'line': b"Listing '/workspace/A1Z/ros2_ws/install/a1z_msgs/local/lib/python3.10/dist-packages/a1z_msgs'...\n"}
[0.285698] (a1z_msgs) StdoutLine: {'line': b"Listing '/workspace/A1Z/ros2_ws/install/a1z_msgs/local/lib/python3.10/dist-packages/a1z_msgs/action'...\n"}
[0.288562] (a1z_msgs) StdoutLine: {'line': b'-- Up-to-date: /workspace/A1Z/ros2_ws/install/a1z_msgs/local/lib/python3.10/dist-packages/a1z_msgs/a1z_msgs_s__rosidl_typesupport_fastrtps_c.cpython-310-x86_64-linux-gnu.so\n'}
[0.288773] (a1z_msgs) StdoutLine: {'line': b'-- Up-to-date: /workspace/A1Z/ros2_ws/install/a1z_msgs/local/lib/python3.10/dist-packages/a1z_msgs/a1z_msgs_s__rosidl_typesupport_introspection_c.cpython-310-x86_64-linux-gnu.so\n'}
[0.288813] (a1z_msgs) StdoutLine: {'line': b'-- Up-to-date: /workspace/A1Z/ros2_ws/install/a1z_msgs/local/lib/python3.10/dist-packages/a1z_msgs/a1z_msgs_s__rosidl_typesupport_c.cpython-310-x86_64-linux-gnu.so\n'}
[0.289502] (a1z_msgs) StdoutLine: {'line': b'-- Up-to-date: /workspace/A1Z/ros2_ws/install/a1z_msgs/lib/liba1z_msgs__rosidl_generator_py.so\n'}
[0.289630] (a1z_msgs) StdoutLine: {'line': b'-- Up-to-date: /workspace/A1Z/ros2_ws/install/a1z_msgs/share/ament_index/resource_index/rust_packages/a1z_msgs\n'}
[0.289713] (a1z_msgs) StdoutLine: {'line': b'-- Up-to-date: /workspace/A1Z/ros2_ws/install/a1z_msgs/share/a1z_msgs/rust\n'}
[0.289770] (a1z_msgs) StdoutLine: {'line': b'-- Up-to-date: /workspace/A1Z/ros2_ws/install/a1z_msgs/share/a1z_msgs/rust/src\n'}
[0.289857] (a1z_msgs) StdoutLine: {'line': b'-- Up-to-date: /workspace/A1Z/ros2_ws/install/a1z_msgs/share/a1z_msgs/rust/src/action\n'}
[0.289944] (a1z_msgs) StdoutLine: {'line': b'-- Up-to-date: /workspace/A1Z/ros2_ws/install/a1z_msgs/share/a1z_msgs/rust/src/action/rmw.rs\n'}
[0.290015] (a1z_msgs) StdoutLine: {'line': b'-- Up-to-date: /workspace/A1Z/ros2_ws/install/a1z_msgs/share/a1z_msgs/rust/src/lib.rs\n'}
[0.290085] (a1z_msgs) StdoutLine: {'line': b'-- Up-to-date: /workspace/A1Z/ros2_ws/install/a1z_msgs/share/a1z_msgs/rust/src/action.rs\n'}
[0.290200] (a1z_msgs) StdoutLine: {'line': b'-- Up-to-date: /workspace/A1Z/ros2_ws/install/a1z_msgs/share/a1z_msgs/rust/Cargo.toml\n'}
[0.290346] (a1z_msgs) StdoutLine: {'line': b'-- Up-to-date: /workspace/A1Z/ros2_ws/install/a1z_msgs/share/a1z_msgs/rust/build.rs\n'}
[0.290376] (a1z_msgs) StdoutLine: {'line': b'-- Up-to-date: /workspace/A1Z/ros2_ws/install/a1z_msgs/share/a1z_msgs/action/MoveEndEffector.idl\n'}
[0.290404] (a1z_msgs) StdoutLine: {'line': b'-- Up-to-date: /workspace/A1Z/ros2_ws/install/a1z_msgs/share/a1z_msgs/action/MoveEndEffector.action\n'}
[0.290432] (a1z_msgs) StdoutLine: {'line': b'-- Up-to-date: /workspace/A1Z/ros2_ws/install/a1z_msgs/share/ament_index/resource_index/package_run_dependencies/a1z_msgs\n'}
[0.290460] (a1z_msgs) StdoutLine: {'line': b'-- Up-to-date: /workspace/A1Z/ros2_ws/install/a1z_msgs/share/ament_index/resource_index/parent_prefix_path/a1z_msgs\n'}
[0.290488] (a1z_msgs) StdoutLine: {'line': b'-- Up-to-date: /workspace/A1Z/ros2_ws/install/a1z_msgs/share/a1z_msgs/environment/ament_prefix_path.sh\n'}
[0.290519] (a1z_msgs) StdoutLine: {'line': b'-- Up-to-date: /workspace/A1Z/ros2_ws/install/a1z_msgs/share/a1z_msgs/environment/ament_prefix_path.dsv\n'}
[0.290546] (a1z_msgs) StdoutLine: {'line': b'-- Up-to-date: /workspace/A1Z/ros2_ws/install/a1z_msgs/share/a1z_msgs/environment/path.sh\n'}
[0.290574] (a1z_msgs) StdoutLine: {'line': b'-- Up-to-date: /workspace/A1Z/ros2_ws/install/a1z_msgs/share/a1z_msgs/environment/path.dsv\n'}
[0.290603] (a1z_msgs) StdoutLine: {'line': b'-- Up-to-date: /workspace/A1Z/ros2_ws/install/a1z_msgs/share/a1z_msgs/local_setup.bash\n'}
[0.290633] (a1z_msgs) StdoutLine: {'line': b'-- Up-to-date: /workspace/A1Z/ros2_ws/install/a1z_msgs/share/a1z_msgs/local_setup.sh\n'}
[0.290663] (a1z_msgs) StdoutLine: {'line': b'-- Up-to-date: /workspace/A1Z/ros2_ws/install/a1z_msgs/share/a1z_msgs/local_setup.zsh\n'}
[0.290690] (a1z_msgs) StdoutLine: {'line': b'-- Up-to-date: /workspace/A1Z/ros2_ws/install/a1z_msgs/share/a1z_msgs/local_setup.dsv\n'}
[0.290717] (a1z_msgs) StdoutLine: {'line': b'-- Installing: /workspace/A1Z/ros2_ws/install/a1z_msgs/share/a1z_msgs/package.dsv\n'}
[0.290745] (a1z_msgs) StdoutLine: {'line': b'-- Up-to-date: /workspace/A1Z/ros2_ws/install/a1z_msgs/share/ament_index/resource_index/packages/a1z_msgs\n'}
[0.290772] (a1z_msgs) StdoutLine: {'line': b'-- Up-to-date: /workspace/A1Z/ros2_ws/install/a1z_msgs/share/a1z_msgs/cmake/export_a1z_msgs__rosidl_generator_cExport.cmake\n'}
[0.290800] (a1z_msgs) StdoutLine: {'line': b'-- Up-to-date: /workspace/A1Z/ros2_ws/install/a1z_msgs/share/a1z_msgs/cmake/export_a1z_msgs__rosidl_generator_cExport-noconfig.cmake\n'}
[0.290828] (a1z_msgs) StdoutLine: {'line': b'-- Up-to-date: /workspace/A1Z/ros2_ws/install/a1z_msgs/share/a1z_msgs/cmake/export_a1z_msgs__rosidl_typesupport_fastrtps_cExport.cmake\n'}
[0.290855] (a1z_msgs) StdoutLine: {'line': b'-- Up-to-date: /workspace/A1Z/ros2_ws/install/a1z_msgs/share/a1z_msgs/cmake/export_a1z_msgs__rosidl_typesupport_fastrtps_cExport-noconfig.cmake\n'}
[0.290885] (a1z_msgs) StdoutLine: {'line': b'-- Up-to-date: /workspace/A1Z/ros2_ws/install/a1z_msgs/share/a1z_msgs/cmake/export_a1z_msgs__rosidl_generator_cppExport.cmake\n'}
[0.290913] (a1z_msgs) StdoutLine: {'line': b'-- Up-to-date: /workspace/A1Z/ros2_ws/install/a1z_msgs/share/a1z_msgs/cmake/export_a1z_msgs__rosidl_typesupport_fastrtps_cppExport.cmake\n'}
[0.290942] (a1z_msgs) StdoutLine: {'line': b'-- Up-to-date: /workspace/A1Z/ros2_ws/install/a1z_msgs/share/a1z_msgs/cmake/export_a1z_msgs__rosidl_typesupport_fastrtps_cppExport-noconfig.cmake\n'}
[0.290970] (a1z_msgs) StdoutLine: {'line': b'-- Up-to-date: /workspace/A1Z/ros2_ws/install/a1z_msgs/share/a1z_msgs/cmake/a1z_msgs__rosidl_typesupport_introspection_cExport.cmake\n'}
[0.290997] (a1z_msgs) StdoutLine: {'line': b'-- Up-to-date: /workspace/A1Z/ros2_ws/install/a1z_msgs/share/a1z_msgs/cmake/a1z_msgs__rosidl_typesupport_introspection_cExport-noconfig.cmake\n'}
[0.291024] (a1z_msgs) StdoutLine: {'line': b'-- Up-to-date: /workspace/A1Z/ros2_ws/install/a1z_msgs/share/a1z_msgs/cmake/a1z_msgs__rosidl_typesupport_cExport.cmake\n'}
[0.291053] (a1z_msgs) StdoutLine: {'line': b'-- Up-to-date: /workspace/A1Z/ros2_ws/install/a1z_msgs/share/a1z_msgs/cmake/a1z_msgs__rosidl_typesupport_cExport-noconfig.cmake\n'}
[0.291081] (a1z_msgs) StdoutLine: {'line': b'-- Up-to-date: /workspace/A1Z/ros2_ws/install/a1z_msgs/share/a1z_msgs/cmake/a1z_msgs__rosidl_typesupport_introspection_cppExport.cmake\n'}
[0.291108] (a1z_msgs) StdoutLine: {'line': b'-- Up-to-date: /workspace/A1Z/ros2_ws/install/a1z_msgs/share/a1z_msgs/cmake/a1z_msgs__rosidl_typesupport_introspection_cppExport-noconfig.cmake\n'}
[0.291135] (a1z_msgs) StdoutLine: {'line': b'-- Up-to-date: /workspace/A1Z/ros2_ws/install/a1z_msgs/share/a1z_msgs/cmake/a1z_msgs__rosidl_typesupport_cppExport.cmake\n'}
[0.291165] (a1z_msgs) StdoutLine: {'line': b'-- Up-to-date: /workspace/A1Z/ros2_ws/install/a1z_msgs/share/a1z_msgs/cmake/a1z_msgs__rosidl_typesupport_cppExport-noconfig.cmake\n'}
[0.291192] (a1z_msgs) StdoutLine: {'line': b'-- Up-to-date: /workspace/A1Z/ros2_ws/install/a1z_msgs/share/a1z_msgs/cmake/export_a1z_msgs__rosidl_generator_pyExport.cmake\n'}
[0.291223] (a1z_msgs) StdoutLine: {'line': b'-- Up-to-date: /workspace/A1Z/ros2_ws/install/a1z_msgs/share/a1z_msgs/cmake/export_a1z_msgs__rosidl_generator_pyExport-noconfig.cmake\n'}
[0.291250] (a1z_msgs) StdoutLine: {'line': b'-- Up-to-date: /workspace/A1Z/ros2_ws/install/a1z_msgs/share/a1z_msgs/cmake/rosidl_cmake-extras.cmake\n'}
[0.291278] (a1z_msgs) StdoutLine: {'line': b'-- Up-to-date: /workspace/A1Z/ros2_ws/install/a1z_msgs/share/a1z_msgs/cmake/ament_cmake_export_dependencies-extras.cmake\n'}
[0.291304] (a1z_msgs) StdoutLine: {'line': b'-- Up-to-date: /workspace/A1Z/ros2_ws/install/a1z_msgs/share/a1z_msgs/cmake/ament_cmake_export_include_directories-extras.cmake\n'}
[0.291332] (a1z_msgs) StdoutLine: {'line': b'-- Up-to-date: /workspace/A1Z/ros2_ws/install/a1z_msgs/share/a1z_msgs/cmake/ament_cmake_export_libraries-extras.cmake\n'}
[0.291359] (a1z_msgs) StdoutLine: {'line': b'-- Up-to-date: /workspace/A1Z/ros2_ws/install/a1z_msgs/share/a1z_msgs/cmake/ament_cmake_export_targets-extras.cmake\n'}
[0.291388] (a1z_msgs) StdoutLine: {'line': b'-- Up-to-date: /workspace/A1Z/ros2_ws/install/a1z_msgs/share/a1z_msgs/cmake/rosidl_cmake_export_typesupport_targets-extras.cmake\n'}
[0.291415] (a1z_msgs) StdoutLine: {'line': b'-- Up-to-date: /workspace/A1Z/ros2_ws/install/a1z_msgs/share/a1z_msgs/cmake/rosidl_cmake_export_typesupport_libraries-extras.cmake\n'}
[0.291443] (a1z_msgs) StdoutLine: {'line': b'-- Up-to-date: /workspace/A1Z/ros2_ws/install/a1z_msgs/share/a1z_msgs/cmake/a1z_msgsConfig.cmake\n'}
[0.291470] (a1z_msgs) StdoutLine: {'line': b'-- Up-to-date: /workspace/A1Z/ros2_ws/install/a1z_msgs/share/a1z_msgs/cmake/a1z_msgsConfig-version.cmake\n'}
[0.291499] (a1z_msgs) StdoutLine: {'line': b'-- Up-to-date: /workspace/A1Z/ros2_ws/install/a1z_msgs/share/a1z_msgs/package.xml\n'}
[0.295798] (a1z_msgs) CommandEnded: {'returncode': 0}
[0.301413] (a1z_msgs) JobEnded: {'identifier': 'a1z_msgs', 'rc': 0}
[0.302003] (-) TimerEvent: {}
[0.302027] (a1z_motion) JobStarted: {'identifier': 'a1z_motion'}
[0.305282] (a1z_d405) Command: {'cmd': ['/usr/bin/python3', '-W', 'ignore:setup.py install is deprecated', '-W', 'ignore:easy_install command is deprecated', 'setup.py', 'egg_info', '--egg-base', '../../build/a1z_d405', 'build', '--build-base', '/workspace/A1Z/ros2_ws/build/a1z_d405/build', 'install', '--record', '/workspace/A1Z/ros2_ws/build/a1z_d405/install.log', '--single-version-externally-managed', 'install_data'], 'cwd': '/workspace/A1Z/ros2_ws/src/a1z_d405', 'env': {'HOSTNAME': 'th1rt3en-lab', 'SHLVL': '1', 'LD_LIBRARY_PATH': '/opt/ros/humble/lib/x86_64-linux-gnu:/opt/ros/humble/lib', 'HOME': '/root', 'OLDPWD': '/workspace/A1Z/ros2_ws', 'ROS_PYTHON_VERSION': '3', 'ROS_DISTRO': 'humble', '_': '/usr/bin/colcon', 'ROS_VERSION': '2', 'ROS_LOCALHOST_ONLY': '0', 'PATH': '/opt/ros/humble/bin:/usr/local/sbin:/usr/local/bin:/usr/sbin:/usr/bin:/sbin:/bin', 'LANG': 'C.UTF-8', 'AMENT_PREFIX_PATH': '/opt/ros/humble', 'DEBIAN_FRONTEND': 'noninteractive', 'PWD': '/workspace/A1Z/ros2_ws/build/a1z_d405', 'LC_ALL': 'C.UTF-8', 'PYTHONPATH': '/workspace/A1Z/ros2_ws/build/a1z_d405/prefix_override:/usr/lib/python3/dist-packages/colcon_core/task/python/colcon_distutils_commands:/workspace/A1Z/ros2_ws/install/a1z_d405/lib/python3.10/site-packages:/opt/ros/humble/lib/python3.10/site-packages:/opt/ros/humble/local/lib/python3.10/dist-packages', 'COLCON': '1'}, 'shell': False}
[0.402110] (-) TimerEvent: {}
[0.403338] (a1z_d405) StdoutLine: {'line': b'running egg_info\n'}
[0.403486] (a1z_d405) StdoutLine: {'line': b'writing ../../build/a1z_d405/a1z_d405.egg-info/PKG-INFO\n'}
[0.403525] (a1z_d405) StdoutLine: {'line': b'writing dependency_links to ../../build/a1z_d405/a1z_d405.egg-info/dependency_links.txt\n'}
[0.403558] (a1z_d405) StdoutLine: {'line': b'writing entry points to ../../build/a1z_d405/a1z_d405.egg-info/entry_points.txt\n'}
[0.403590] (a1z_d405) StdoutLine: {'line': b'writing requirements to ../../build/a1z_d405/a1z_d405.egg-info/requires.txt\n'}
[0.403622] (a1z_d405) StdoutLine: {'line': b'writing top-level names to ../../build/a1z_d405/a1z_d405.egg-info/top_level.txt\n'}
[0.403660] (a1z_d405) StdoutLine: {'line': b"reading manifest file '../../build/a1z_d405/a1z_d405.egg-info/SOURCES.txt'\n"}
[0.403689] (a1z_d405) StdoutLine: {'line': b"writing manifest file '../../build/a1z_d405/a1z_d405.egg-info/SOURCES.txt'\n"}
[0.403718] (a1z_d405) StdoutLine: {'line': b'running build\n'}
[0.403747] (a1z_d405) StdoutLine: {'line': b'running build_py\n'}
[0.403775] (a1z_d405) StdoutLine: {'line': b'running install\n'}
[0.403804] (a1z_d405) StdoutLine: {'line': b'running install_lib\n'}
[0.403833] (a1z_d405) StdoutLine: {'line': b'running install_data\n'}
[0.403861] (a1z_d405) StdoutLine: {'line': b'running install_egg_info\n'}
[0.403890] (a1z_d405) StdoutLine: {'line': b"removing '/workspace/A1Z/ros2_ws/install/a1z_d405/lib/python3.10/site-packages/a1z_d405-0.1.0-py3.10.egg-info' (and everything under it)\n"}
[0.403918] (a1z_d405) StdoutLine: {'line': b'Copying ../../build/a1z_d405/a1z_d405.egg-info to /workspace/A1Z/ros2_ws/install/a1z_d405/lib/python3.10/site-packages/a1z_d405-0.1.0-py3.10.egg-info\n'}
[0.403947] (a1z_d405) StdoutLine: {'line': b'running install_scripts\n'}
[0.406088] (a1z_d405) StdoutLine: {'line': b'Installing d405_bridge script to /workspace/A1Z/ros2_ws/install/a1z_d405/lib/a1z_d405\n'}
[0.406219] (a1z_d405) StdoutLine: {'line': b"writing list of installed files to '/workspace/A1Z/ros2_ws/build/a1z_d405/install.log'\n"}
[0.417518] (a1z_d405) CommandEnded: {'returncode': 0}
[0.420265] (a1z_d405) JobEnded: {'identifier': 'a1z_d405', 'rc': 0}
[0.502200] (-) TimerEvent: {}
[0.529184] (a1z_motion) Command: {'cmd': ['/usr/bin/python3', '-W', 'ignore:setup.py install is deprecated', '-W', 'ignore:easy_install command is deprecated', 'setup.py', 'egg_info', '--egg-base', '../../build/a1z_motion', 'build', '--build-base', '/workspace/A1Z/ros2_ws/build/a1z_motion/build', 'install', '--record', '/workspace/A1Z/ros2_ws/build/a1z_motion/install.log', '--single-version-externally-managed', 'install_data'], 'cwd': '/workspace/A1Z/ros2_ws/src/a1z_motion', 'env': {'HOSTNAME': 'th1rt3en-lab', 'SHLVL': '1', 'LD_LIBRARY_PATH': '/workspace/A1Z/ros2_ws/install/a1z_msgs/lib:/opt/ros/humble/lib/x86_64-linux-gnu:/opt/ros/humble/lib', 'HOME': '/root', 'OLDPWD': '/workspace/A1Z/ros2_ws', 'ROS_PYTHON_VERSION': '3', 'ROS_DISTRO': 'humble', '_': '/usr/bin/colcon', 'ROS_VERSION': '2', 'ROS_LOCALHOST_ONLY': '0', 'PATH': '/opt/ros/humble/bin:/usr/local/sbin:/usr/local/bin:/usr/sbin:/usr/bin:/sbin:/bin', 'LANG': 'C.UTF-8', 'AMENT_PREFIX_PATH': '/workspace/A1Z/ros2_ws/install/a1z_msgs:/opt/ros/humble', 'DEBIAN_FRONTEND': 'noninteractive', 'PWD': '/workspace/A1Z/ros2_ws/build/a1z_motion', 'LC_ALL': 'C.UTF-8', 'PYTHONPATH': '/workspace/A1Z/ros2_ws/build/a1z_motion/prefix_override:/usr/lib/python3/dist-packages/colcon_core/task/python/colcon_distutils_commands:/workspace/A1Z/ros2_ws/install/a1z_motion/lib/python3.10/site-packages:/workspace/A1Z/ros2_ws/install/a1z_msgs/local/lib/python3.10/dist-packages:/opt/ros/humble/lib/python3.10/site-packages:/opt/ros/humble/local/lib/python3.10/dist-packages', 'COLCON': '1', 'CMAKE_PREFIX_PATH': '/workspace/A1Z/ros2_ws/install/a1z_msgs'}, 'shell': False}
[0.602433] (-) TimerEvent: {}
[0.617190] (a1z_motion) StdoutLine: {'line': b'running egg_info\n'}
[0.618240] (a1z_motion) StdoutLine: {'line': b'writing ../../build/a1z_motion/a1z_motion.egg-info/PKG-INFO\n'}
[0.618299] (a1z_motion) StdoutLine: {'line': b'writing dependency_links to ../../build/a1z_motion/a1z_motion.egg-info/dependency_links.txt\n'}
[0.618333] (a1z_motion) StdoutLine: {'line': b'writing entry points to ../../build/a1z_motion/a1z_motion.egg-info/entry_points.txt\n'}
[0.618363] (a1z_motion) StdoutLine: {'line': b'writing requirements to ../../build/a1z_motion/a1z_motion.egg-info/requires.txt\n'}
[0.618393] (a1z_motion) StdoutLine: {'line': b'writing top-level names to ../../build/a1z_motion/a1z_motion.egg-info/top_level.txt\n'}
[0.618422] (a1z_motion) StdoutLine: {'line': b"reading manifest file '../../build/a1z_motion/a1z_motion.egg-info/SOURCES.txt'\n"}
[0.618626] (a1z_motion) StdoutLine: {'line': b"writing manifest file '../../build/a1z_motion/a1z_motion.egg-info/SOURCES.txt'\n"}
[0.618656] (a1z_motion) StdoutLine: {'line': b'running build\n'}
[0.618773] (a1z_motion) StdoutLine: {'line': b'running build_py\n'}
[0.618818] (a1z_motion) StdoutLine: {'line': b'running install\n'}
[0.618852] (a1z_motion) StdoutLine: {'line': b'running install_lib\n'}
[0.619801] (a1z_motion) StdoutLine: {'line': b'running install_data\n'}
[0.619836] (a1z_motion) StdoutLine: {'line': b'running install_egg_info\n'}
[0.620519] (a1z_motion) StdoutLine: {'line': b"removing '/workspace/A1Z/ros2_ws/install/a1z_motion/lib/python3.10/site-packages/a1z_motion-0.1.0-py3.10.egg-info' (and everything under it)\n"}
[0.620639] (a1z_motion) StdoutLine: {'line': b'Copying ../../build/a1z_motion/a1z_motion.egg-info to /workspace/A1Z/ros2_ws/install/a1z_motion/lib/python3.10/site-packages/a1z_motion-0.1.0-py3.10.egg-info\n'}
[0.620911] (a1z_motion) StdoutLine: {'line': b'running install_scripts\n'}
[0.630221] (a1z_motion) StdoutLine: {'line': b'Installing motion_executor script to /workspace/A1Z/ros2_ws/install/a1z_motion/lib/a1z_motion\n'}
[0.630333] (a1z_motion) StdoutLine: {'line': b'Installing robot_state script to /workspace/A1Z/ros2_ws/install/a1z_motion/lib/a1z_motion\n'}
[0.630430] (a1z_motion) StdoutLine: {'line': b"writing list of installed files to '/workspace/A1Z/ros2_ws/build/a1z_motion/install.log'\n"}
[0.642205] (a1z_motion) CommandEnded: {'returncode': 0}
[0.645727] (a1z_motion) JobEnded: {'identifier': 'a1z_motion', 'rc': 0}
[0.646043] (-) EventReactorShutdown: {}
